#
# There is insufficient memory for the Java Runtime Environment to continue.
# Native memory allocation (malloc) failed to allocate 32744 bytes. Error detail: Chunk::new
# Possible reasons:
#   The system is out of physical RAM or swap space
#   This process is running with CompressedOops enabled, and the Java Heap may be blocking the growth of the native heap
# Possible solutions:
#   Reduce memory load on the system
#   Increase physical memory or swap space
#   Check if swap backing store is full
#   Decrease Java heap size (-Xmx/-Xms)
#   Decrease number of Java threads
#   Decrease Java thread stack sizes (-Xss)
#   Set larger code cache with -XX:ReservedCodeCacheSize=
#   JVM is running with Unscaled Compressed Oops mode in which the Java heap is
#     placed in the first 4GB address space. The Java Heap base address is the
#     maximum limit for the native heap growth. Please use -XX:HeapBaseMinAddress
#     to set the Java Heap base and to place the Java Heap above 4GB virtual address.
# This output file may be truncated or incomplete.
#
#  Out of Memory Error (arena.cpp:168), pid=69304, tid=26836
#
# JRE version: OpenJDK Runtime Environment Temurin-21.0.12.1+1 (21.0.12.1+1) (build 21.0.12.1+1-LTS)
# Java VM: OpenJDK 64-Bit Server VM Temurin-21.0.12.1+1 (21.0.12.1+1-LTS, mixed mode, sharing, tiered, compressed oops, compressed class ptrs, g1 gc, windows-amd64)
# No core dump will be written. Minidumps are not enabled by default on client versions of Windows
#

---------------  S U M M A R Y ------------

Command Line: --add-opens=java.base/java.util=ALL-UNNAMED --add-opens=java.base/java.lang=ALL-UNNAMED --add-opens=java.base/java.lang.invoke=ALL-UNNAMED --add-opens=java.prefs/java.util.prefs=ALL-UNNAMED --add-exports=jdk.compiler/com.sun.tools.javac.api=ALL-UNNAMED --add-exports=jdk.compiler/com.sun.tools.javac.util=ALL-UNNAMED --add-opens=java.base/java.nio.charset=ALL-UNNAMED --add-opens=java.base/java.net=ALL-UNNAMED --add-opens=java.base/java.util.concurrent.atomic=ALL-UNNAMED -XX:MaxMetaspaceSize=384m -XX:+HeapDumpOnOutOfMemoryError -Xms256m -Xmx512m -Dfile.encoding=utf8 -Duser.country=US -Duser.language=en -Duser.variant -javaagent:C:\Users\Dawit.DAWITA\.gradle\wrapper\dists\gradle-8.9-bin\90cnw93cvbtalezasaz0blq0a\gradle-8.9\lib\agents\gradle-instrumentation-agent-8.9.jar org.gradle.launcher.daemon.bootstrap.GradleDaemon 8.9

Host: Intel(R) Core(TM) i7-8565U CPU @ 1.80GHz, 8 cores, 31G,  Windows 11 , 64 bit Build 26100 (10.0.26100.9549)
Time: Wed Oct  7 16:52:58 2026 E. Africa Standard Time elapsed time: 14380.003785 seconds (0d 3h 59m 40s)

---------------  T H R E A D  ---------------

Current thread (0x000001ede6adafa0):  JavaThread "C2 CompilerThread0" daemon [_thread_in_native, id=26836, stack(0x0000007d10200000,0x0000007d10300000) (1024K)]


Current CompileTask:
C2:14380003 5415       4       java.util.ArrayList$ArrayListSpliterator::forEachRemaining (127 bytes)

Stack: [0x0000007d10200000,0x0000007d10300000]
Native frames: (J=compiled Java code, j=interpreted, Vv=VM code, C=native code)
V  [jvm.dll+0x6d83e9]
V  [jvm.dll+0x8b5736]
V  [jvm.dll+0x8b7cee]
V  [jvm.dll+0x8b83d3]
V  [jvm.dll+0x284596]
V  [jvm.dll+0xc685d]
V  [jvm.dll+0xc6da1]
V  [jvm.dll+0xc6985]
V  [jvm.dll+0x6b33cc]
V  [jvm.dll+0x254339]
V  [jvm.dll+0x6fdc47]
V  [jvm.dll+0x24baa7]
V  [jvm.dll+0x1cb4ae]
V  [jvm.dll+0x25baad]
V  [jvm.dll+0x25a03a]
V  [jvm.dll+0x3f8aae]
V  [jvm.dll+0x8600cd]
V  [jvm.dll+0x6d6c1d]
C  [ucrtbase.dll+0x2cd30]
C  [KERNEL32.DLL+0x2cdf7]
C  [ntdll.dll+0x7ee4c]


---------------  P R O C E S S  ---------------

Threads class SMR info:
_java_thread_list=0x000001ed8171a7b0, length=35, elements={
0x000001edcece8e10, 0x000001ede6ad33e0, 0x000001ede6ad4b60, 0x000001ede6ad82f0,
0x000001ede6ad8d50, 0x000001ede6ad97b0, 0x000001ede6ada210, 0x000001ede6adafa0,
0x000001ede6ade840, 0x000001ede6d0be40, 0x000001ede6d60c60, 0x000001ed80b211b0,
0x000001ed81470b90, 0x000001ed81286c80, 0x000001ed809f30c0, 0x000001ed8082fcb0,
0x000001ed812d7af0, 0x000001ed808787a0, 0x000001ed814ac770, 0x000001ed814ad490,
0x000001ed814aba50, 0x000001ed814aa010, 0x000001ed814ac0e0, 0x000001ed814aa6a0,
0x000001ed814ab3c0, 0x000001ed833c3a90, 0x000001ed833c2050, 0x000001ed833c4e40,
0x000001ed833c54d0, 0x000001ed833c5b60, 0x000001ed833c26e0, 0x000001ed833c2d70,
0x000001ed833c3400, 0x000001ed833c6f10, 0x000001ed833c75a0
}

Java Threads: ( => current thread )
  0x000001edcece8e10 JavaThread "main"                              [_thread_blocked, id=47184, stack(0x0000007d0f300000,0x0000007d0f400000) (1024K)]
  0x000001ede6ad33e0 JavaThread "Reference Handler"          daemon [_thread_blocked, id=52212, stack(0x0000007d0fc00000,0x0000007d0fd00000) (1024K)]
  0x000001ede6ad4b60 JavaThread "Finalizer"                  daemon [_thread_blocked, id=29208, stack(0x0000007d0fd00000,0x0000007d0fe00000) (1024K)]
  0x000001ede6ad82f0 JavaThread "Signal Dispatcher"          daemon [_thread_blocked, id=71196, stack(0x0000007d0fe00000,0x0000007d0ff00000) (1024K)]
  0x000001ede6ad8d50 JavaThread "Attach Listener"            daemon [_thread_blocked, id=71332, stack(0x0000007d0ff00000,0x0000007d10000000) (1024K)]
  0x000001ede6ad97b0 JavaThread "Service Thread"             daemon [_thread_blocked, id=72940, stack(0x0000007d10000000,0x0000007d10100000) (1024K)]
  0x000001ede6ada210 JavaThread "Monitor Deflation Thread"   daemon [_thread_blocked, id=4428, stack(0x0000007d10100000,0x0000007d10200000) (1024K)]
=>0x000001ede6adafa0 JavaThread "C2 CompilerThread0"         daemon [_thread_in_native, id=26836, stack(0x0000007d10200000,0x0000007d10300000) (1024K)]
  0x000001ede6ade840 JavaThread "C1 CompilerThread0"         daemon [_thread_blocked, id=43880, stack(0x0000007d10300000,0x0000007d10400000) (1024K)]
  0x000001ede6d0be40 JavaThread "Common-Cleaner"             daemon [_thread_blocked, id=64892, stack(0x0000007d10400000,0x0000007d10500000) (1024K)]
  0x000001ede6d60c60 JavaThread "Notification Thread"        daemon [_thread_blocked, id=70240, stack(0x0000007d10500000,0x0000007d10600000) (1024K)]
  0x000001ed80b211b0 JavaThread "Daemon health stats"               [_thread_in_Java, id=19524, stack(0x0000007d0f400000,0x0000007d0f500000) (1024K)]
  0x000001ed81470b90 JavaThread "Incoming local TCP Connector on port 57913"        [_thread_in_native, id=73292, stack(0x0000007d10c00000,0x0000007d10d00000) (1024K)]
  0x000001ed81286c80 JavaThread "Daemon periodic checks"            [_thread_in_native, id=53748, stack(0x0000007d10d00000,0x0000007d10e00000) (1024K)]
  0x000001ed809f30c0 JavaThread "Daemon"                            [_thread_blocked, id=76004, stack(0x0000007d10e00000,0x0000007d10f00000) (1024K)]
  0x000001ed8082fcb0 JavaThread "Handler for socket connection from /127.0.0.1:57913 to /127.0.0.1:56604"        [_thread_in_native, id=76868, stack(0x0000007d10f00000,0x0000007d11000000) (1024K)]
  0x000001ed812d7af0 JavaThread "Cancel handler"                    [_thread_blocked, id=28760, stack(0x0000007d11200000,0x0000007d11300000) (1024K)]
  0x000001ed808787a0 JavaThread "Daemon worker"                     [_thread_in_Java, id=70036, stack(0x0000007d11300000,0x0000007d11400000) (1024K)]
  0x000001ed814ac770 JavaThread "Asynchronous log dispatcher for DefaultDaemonConnection: socket connection from /127.0.0.1:57913 to /127.0.0.1:56604"        [_thread_blocked, id=74284, stack(0x0000007d11400000,0x0000007d11500000) (1024K)]
  0x000001ed814ad490 JavaThread "Stdin handler"                     [_thread_blocked, id=71848, stack(0x0000007d11500000,0x0000007d11600000) (1024K)]
  0x000001ed814aba50 JavaThread "Daemon client event forwarder"        [_thread_blocked, id=13840, stack(0x0000007d11600000,0x0000007d11700000) (1024K)]
  0x000001ed814aa010 JavaThread "Cache worker for journal cache (C:\Users\Dawit.DAWITA\.gradle\caches\journal-1)"        [_thread_blocked, id=36804, stack(0x0000007d11700000,0x0000007d11800000) (1024K)]
  0x000001ed814ac0e0 JavaThread "File lock request listener"        [_thread_in_native, id=9608, stack(0x0000007d11800000,0x0000007d11900000) (1024K)]
  0x000001ed814aa6a0 JavaThread "Cache worker for file hash cache (C:\Users\Dawit.DAWITA\.gradle\caches\8.9\fileHashes)"        [_thread_blocked, id=37012, stack(0x0000007d11a00000,0x0000007d11b00000) (1024K)]
  0x000001ed814ab3c0 JavaThread "Cache worker for file hash cache (C:\Users\Dawit.DAWITA\Documents\AfroLife_Agency_improved\afrolife\node_modules\@capacitor\android\capacitor\.gradle\8.9\fileHashes)"        [_thread_blocked, id=13180, stack(0x0000007d10b00000,0x0000007d10c00000) (1024K)]
  0x000001ed833c3a90 JavaThread "Cache worker for Build Output Cleanup Cache (C:\Users\Dawit.DAWITA\Documents\AfroLife_Agency_improved\afrolife\node_modules\@capacitor\android\capacitor\.gradle\buildOutputCleanup)"        [_thread_blocked, id=28332, stack(0x0000007d11b00000,0x0000007d11c00000) (1024K)]
  0x000001ed833c2050 JavaThread "File watcher server"        daemon [_thread_in_native, id=14904, stack(0x0000007d11c00000,0x0000007d11d00000) (1024K)]
  0x000001ed833c4e40 JavaThread "File watcher consumer"      daemon [_thread_blocked, id=78784, stack(0x0000007d11d00000,0x0000007d11e00000) (1024K)]
  0x000001ed833c54d0 JavaThread "Cache worker for checksums cache (C:\Users\Dawit.DAWITA\Documents\AfroLife_Agency_improved\afrolife\node_modules\@capacitor\android\capacitor\.gradle\8.9\checksums)"        [_thread_blocked, id=78660, stack(0x0000007d11e00000,0x0000007d11f00000) (1024K)]
  0x000001ed833c5b60 JavaThread "Cache worker for file content cache (C:\Users\Dawit.DAWITA\.gradle\caches\8.9\fileContent)"        [_thread_blocked, id=78412, stack(0x0000007d11f00000,0x0000007d12000000) (1024K)]
  0x000001ed833c26e0 JavaThread "Cache worker for cache directory md-rule (C:\Users\Dawit.DAWITA\.gradle\caches\8.9\md-rule)"        [_thread_blocked, id=78320, stack(0x0000007d12200000,0x0000007d12300000) (1024K)]
  0x000001ed833c2d70 JavaThread "Cache worker for cache directory md-supplier (C:\Users\Dawit.DAWITA\.gradle\caches\8.9\md-supplier)"        [_thread_blocked, id=40132, stack(0x0000007d12300000,0x0000007d12400000) (1024K)]
  0x000001ed833c3400 JavaThread "jar transforms"                    [_thread_blocked, id=103000, stack(0x0000007d12000000,0x0000007d12100000) (1024K)]
  0x000001ed833c6f10 JavaThread "File lock release action executor Thread 5"        [_thread_blocked, id=90836, stack(0x0000007d11900000,0x0000007d11a00000) (1024K)]
  0x000001ed833c75a0 JavaThread "jar transforms Thread 2"           [_thread_blocked, id=19136, stack(0x0000007d12100000,0x0000007d12200000) (1024K)]
Total: 35

Other Threads:
  0x000001ede6ab42c0 VMThread "VM Thread"                           [id=10936, stack(0x0000007d0fb00000,0x0000007d0fc00000) (1024K)]
  0x000001ede6aa7380 WatcherThread "VM Periodic Task Thread"        [id=13192, stack(0x0000007d0fa00000,0x0000007d0fb00000) (1024K)]
  0x000001edd1149080 WorkerThread "GC Thread#0"                     [id=34348, stack(0x0000007d0f500000,0x0000007d0f600000) (1024K)]
  0x000001ede6c558e0 WorkerThread "GC Thread#1"                     [id=30780, stack(0x0000007d10600000,0x0000007d10700000) (1024K)]
  0x000001ed80202680 WorkerThread "GC Thread#2"                     [id=2216, stack(0x0000007d10700000,0x0000007d10800000) (1024K)]
  0x000001ed80202a30 WorkerThread "GC Thread#3"                     [id=57472, stack(0x0000007d10800000,0x0000007d10900000) (1024K)]
  0x000001ede6b89ce0 WorkerThread "GC Thread#4"                     [id=56536, stack(0x0000007d10900000,0x0000007d10a00000) (1024K)]
  0x000001ede6b8a090 WorkerThread "GC Thread#5"                     [id=70216, stack(0x0000007d10a00000,0x0000007d10b00000) (1024K)]
  0x000001ed80e9a610 WorkerThread "GC Thread#6"                     [id=70728, stack(0x0000007d11000000,0x0000007d11100000) (1024K)]
  0x000001ed80e9b880 WorkerThread "GC Thread#7"                     [id=77560, stack(0x0000007d11100000,0x0000007d11200000) (1024K)]
  0x000001edd114df80 ConcurrentGCThread "G1 Main Marker"            [id=65780, stack(0x0000007d0f600000,0x0000007d0f700000) (1024K)]
  0x000001edd114f9b0 WorkerThread "G1 Conc#0"                       [id=76552, stack(0x0000007d0f700000,0x0000007d0f800000) (1024K)]
  0x000001ed83b13d60 WorkerThread "G1 Conc#1"                       [id=69120, stack(0x0000007d0f200000,0x0000007d0f300000) (1024K)]
  0x000001ede69721d0 ConcurrentGCThread "G1 Refine#0"               [id=65220, stack(0x0000007d0f800000,0x0000007d0f900000) (1024K)]
  0x000001ede6972b60 ConcurrentGCThread "G1 Service"                [id=65844, stack(0x0000007d0f900000,0x0000007d0fa00000) (1024K)]
Total: 15

Threads with active compile tasks:
C2 CompilerThread0  14380200 5415       4       java.util.ArrayList$ArrayListSpliterator::forEachRemaining (127 bytes)
Total: 1

VM state: not at safepoint (normal execution)

VM Mutex/Monitor currently owned by a thread: None

Heap address: 0x00000000e0000000, size: 512 MB, Compressed Oops mode: 32-bit

CDS archive(s) mapped at: [0x000001ede7000000-0x000001ede7ba0000-0x000001ede7ba0000), size 12189696, SharedBaseAddress: 0x000001ede7000000, ArchiveRelocationMode: 1.
Compressed class space mapped at: 0x000001ede8000000-0x000001edfc000000, reserved size: 335544320
Narrow klass base: 0x000001ede7000000, Narrow klass shift: 0, Narrow klass range: 0x100000000

GC Precious Log:
 CardTable entry size: 512
 Card Set container configuration: InlinePtr #cards 5 size 8 Array Of Cards #cards 12 size 40 Howl #buckets 4 coarsen threshold 1843 Howl Bitmap #cards 512 size 80 coarsen threshold 460 Card regions per heap region 1 cards per card region 2048
 CPUs: 8 total, 8 available
 Memory: 32615M
 Large Page Support: Disabled
 NUMA Support: Disabled
 Compressed Oops: Enabled (32-bit)
 Heap Region Size: 1M
 Heap Min Capacity: 256M
 Heap Initial Capacity: 256M
 Heap Max Capacity: 512M
 Pre-touch: Disabled
 Parallel Workers: 8
 Concurrent Workers: 2
 Concurrent Refinement Workers: 8
 Periodic GC: Disabled

Heap:
 garbage-first heap   total 262144K, used 63275K [0x00000000e0000000, 0x0000000100000000)
  region size 1024K, 40 young (40960K), 7 survivors (7168K)
 Metaspace       used 35499K, committed 36800K, reserved 393216K
  class space    used 5090K, committed 5696K, reserved 327680K

Heap Regions: E=young(eden), S=young(survivor), O=old, HS=humongous(starts), HC=humongous(continues), CS=collection set, F=free, TAMS=top-at-mark-start, PB=parsable bottom
|   0|0x00000000e0000000, 0x00000000e0100000, 0x00000000e0100000|100%|HS|  |TAMS 0x00000000e0000000| PB 0x00000000e0000000| Complete 
|   1|0x00000000e0100000, 0x00000000e0200000, 0x00000000e0200000|100%|HC|  |TAMS 0x00000000e0100000| PB 0x00000000e0100000| Complete 
|   2|0x00000000e0200000, 0x00000000e0300000, 0x00000000e0300000|100%|HC|  |TAMS 0x00000000e0200000| PB 0x00000000e0200000| Complete 
|   3|0x00000000e0300000, 0x00000000e0400000, 0x00000000e0400000|100%|HC|  |TAMS 0x00000000e0300000| PB 0x00000000e0300000| Complete 
|   4|0x00000000e0400000, 0x00000000e0500000, 0x00000000e0500000|100%| O|  |TAMS 0x00000000e0400000| PB 0x00000000e0400000| Untracked 
|   5|0x00000000e0500000, 0x00000000e0600000, 0x00000000e0600000|100%| O|  |TAMS 0x00000000e0500000| PB 0x00000000e0500000| Untracked 
|   6|0x00000000e0600000, 0x00000000e0700000, 0x00000000e0700000|100%| O|  |TAMS 0x00000000e0600000| PB 0x00000000e0600000| Untracked 
|   7|0x00000000e0700000, 0x00000000e0700000, 0x00000000e0800000|  0%| F|  |TAMS 0x00000000e0700000| PB 0x00000000e0700000| Untracked 
|   8|0x00000000e0800000, 0x00000000e0900000, 0x00000000e0900000|100%| O|  |TAMS 0x00000000e0800000| PB 0x00000000e0800000| Untracked 
|   9|0x00000000e0900000, 0x00000000e0a00000, 0x00000000e0a00000|100%| O|  |TAMS 0x00000000e0900000| PB 0x00000000e0900000| Untracked 
|  10|0x00000000e0a00000, 0x00000000e0b00000, 0x00000000e0b00000|100%| O|  |TAMS 0x00000000e0a00000| PB 0x00000000e0a00000| Untracked 
|  11|0x00000000e0b00000, 0x00000000e0c00000, 0x00000000e0c00000|100%|HS|  |TAMS 0x00000000e0b00000| PB 0x00000000e0b00000| Complete 
|  12|0x00000000e0c00000, 0x00000000e0d00000, 0x00000000e0d00000|100%| O|  |TAMS 0x00000000e0c00000| PB 0x00000000e0c00000| Untracked 
|  13|0x00000000e0d00000, 0x00000000e0e00000, 0x00000000e0e00000|100%| O|  |TAMS 0x00000000e0d00000| PB 0x00000000e0d00000| Untracked 
|  14|0x00000000e0e00000, 0x00000000e0f00000, 0x00000000e0f00000|100%| O|  |TAMS 0x00000000e0e00000| PB 0x00000000e0e00000| Untracked 
|  15|0x00000000e0f00000, 0x00000000e1000000, 0x00000000e1000000|100%| O|  |TAMS 0x00000000e0f00000| PB 0x00000000e0f00000| Untracked 
|  16|0x00000000e1000000, 0x00000000e1100000, 0x00000000e1100000|100%| O|  |TAMS 0x00000000e1000000| PB 0x00000000e1000000| Untracked 
|  17|0x00000000e1100000, 0x00000000e1200000, 0x00000000e1200000|100%| O|  |TAMS 0x00000000e1100000| PB 0x00000000e1100000| Untracked 
|  18|0x00000000e1200000, 0x00000000e1300000, 0x00000000e1300000|100%| O|  |TAMS 0x00000000e1200000| PB 0x00000000e1200000| Untracked 
|  19|0x00000000e1300000, 0x00000000e1400000, 0x00000000e1400000|100%| O|Cm|TAMS 0x00000000e1300000| PB 0x00000000e1300000| Complete 
|  20|0x00000000e1400000, 0x00000000e1500000, 0x00000000e1500000|100%| O|  |TAMS 0x00000000e1400000| PB 0x00000000e1400000| Untracked 
|  21|0x00000000e1500000, 0x00000000e1600000, 0x00000000e1600000|100%| O|  |TAMS 0x00000000e1500000| PB 0x00000000e1500000| Untracked 
|  22|0x00000000e1600000, 0x00000000e1700000, 0x00000000e1700000|100%| O|  |TAMS 0x00000000e1600000| PB 0x00000000e1600000| Untracked 
|  23|0x00000000e1700000, 0x00000000e1800000, 0x00000000e1800000|100%| O|  |TAMS 0x00000000e1700000| PB 0x00000000e1700000| Untracked 
|  24|0x00000000e1800000, 0x00000000e1900000, 0x00000000e1900000|100%| O|  |TAMS 0x00000000e1800000| PB 0x00000000e1800000| Untracked 
|  25|0x00000000e1900000, 0x00000000e197d690, 0x00000000e1a00000| 48%| O|  |TAMS 0x00000000e1900000| PB 0x00000000e1900000| Untracked 
|  26|0x00000000e1a00000, 0x00000000e1a00000, 0x00000000e1b00000|  0%| F|  |TAMS 0x00000000e1a00000| PB 0x00000000e1a00000| Untracked 
|  27|0x00000000e1b00000, 0x00000000e1b00000, 0x00000000e1c00000|  0%| F|  |TAMS 0x00000000e1b00000| PB 0x00000000e1b00000| Untracked 
|  28|0x00000000e1c00000, 0x00000000e1c00000, 0x00000000e1d00000|  0%| F|  |TAMS 0x00000000e1c00000| PB 0x00000000e1c00000| Untracked 
|  29|0x00000000e1d00000, 0x00000000e1d00000, 0x00000000e1e00000|  0%| F|  |TAMS 0x00000000e1d00000| PB 0x00000000e1d00000| Untracked 
|  30|0x00000000e1e00000, 0x00000000e1e00000, 0x00000000e1f00000|  0%| F|  |TAMS 0x00000000e1e00000| PB 0x00000000e1e00000| Untracked 
|  31|0x00000000e1f00000, 0x00000000e1f00000, 0x00000000e2000000|  0%| F|  |TAMS 0x00000000e1f00000| PB 0x00000000e1f00000| Untracked 
|  32|0x00000000e2000000, 0x00000000e2000000, 0x00000000e2100000|  0%| F|  |TAMS 0x00000000e2000000| PB 0x00000000e2000000| Untracked 
|  33|0x00000000e2100000, 0x00000000e2100000, 0x00000000e2200000|  0%| F|  |TAMS 0x00000000e2100000| PB 0x00000000e2100000| Untracked 
|  34|0x00000000e2200000, 0x00000000e2200000, 0x00000000e2300000|  0%| F|  |TAMS 0x00000000e2200000| PB 0x00000000e2200000| Untracked 
|  35|0x00000000e2300000, 0x00000000e2300000, 0x00000000e2400000|  0%| F|  |TAMS 0x00000000e2300000| PB 0x00000000e2300000| Untracked 
|  36|0x00000000e2400000, 0x00000000e2400000, 0x00000000e2500000|  0%| F|  |TAMS 0x00000000e2400000| PB 0x00000000e2400000| Untracked 
|  37|0x00000000e2500000, 0x00000000e2500000, 0x00000000e2600000|  0%| F|  |TAMS 0x00000000e2500000| PB 0x00000000e2500000| Untracked 
|  38|0x00000000e2600000, 0x00000000e2600000, 0x00000000e2700000|  0%| F|  |TAMS 0x00000000e2600000| PB 0x00000000e2600000| Untracked 
|  39|0x00000000e2700000, 0x00000000e2700000, 0x00000000e2800000|  0%| F|  |TAMS 0x00000000e2700000| PB 0x00000000e2700000| Untracked 
|  40|0x00000000e2800000, 0x00000000e2800000, 0x00000000e2900000|  0%| F|  |TAMS 0x00000000e2800000| PB 0x00000000e2800000| Untracked 
|  41|0x00000000e2900000, 0x00000000e2900000, 0x00000000e2a00000|  0%| F|  |TAMS 0x00000000e2900000| PB 0x00000000e2900000| Untracked 
|  42|0x00000000e2a00000, 0x00000000e2a00000, 0x00000000e2b00000|  0%| F|  |TAMS 0x00000000e2a00000| PB 0x00000000e2a00000| Untracked 
|  43|0x00000000e2b00000, 0x00000000e2b00000, 0x00000000e2c00000|  0%| F|  |TAMS 0x00000000e2b00000| PB 0x00000000e2b00000| Untracked 
|  44|0x00000000e2c00000, 0x00000000e2c00000, 0x00000000e2d00000|  0%| F|  |TAMS 0x00000000e2c00000| PB 0x00000000e2c00000| Untracked 
|  45|0x00000000e2d00000, 0x00000000e2d00000, 0x00000000e2e00000|  0%| F|  |TAMS 0x00000000e2d00000| PB 0x00000000e2d00000| Untracked 
|  46|0x00000000e2e00000, 0x00000000e2e00000, 0x00000000e2f00000|  0%| F|  |TAMS 0x00000000e2e00000| PB 0x00000000e2e00000| Untracked 
|  47|0x00000000e2f00000, 0x00000000e2f00000, 0x00000000e3000000|  0%| F|  |TAMS 0x00000000e2f00000| PB 0x00000000e2f00000| Untracked 
|  48|0x00000000e3000000, 0x00000000e3000000, 0x00000000e3100000|  0%| F|  |TAMS 0x00000000e3000000| PB 0x00000000e3000000| Untracked 
|  49|0x00000000e3100000, 0x00000000e3100000, 0x00000000e3200000|  0%| F|  |TAMS 0x00000000e3100000| PB 0x00000000e3100000| Untracked 
|  50|0x00000000e3200000, 0x00000000e3200000, 0x00000000e3300000|  0%| F|  |TAMS 0x00000000e3200000| PB 0x00000000e3200000| Untracked 
|  51|0x00000000e3300000, 0x00000000e3300000, 0x00000000e3400000|  0%| F|  |TAMS 0x00000000e3300000| PB 0x00000000e3300000| Untracked 
|  52|0x00000000e3400000, 0x00000000e3400000, 0x00000000e3500000|  0%| F|  |TAMS 0x00000000e3400000| PB 0x00000000e3400000| Untracked 
|  53|0x00000000e3500000, 0x00000000e3500000, 0x00000000e3600000|  0%| F|  |TAMS 0x00000000e3500000| PB 0x00000000e3500000| Untracked 
|  54|0x00000000e3600000, 0x00000000e3600000, 0x00000000e3700000|  0%| F|  |TAMS 0x00000000e3600000| PB 0x00000000e3600000| Untracked 
|  55|0x00000000e3700000, 0x00000000e3700000, 0x00000000e3800000|  0%| F|  |TAMS 0x00000000e3700000| PB 0x00000000e3700000| Untracked 
|  56|0x00000000e3800000, 0x00000000e3800000, 0x00000000e3900000|  0%| F|  |TAMS 0x00000000e3800000| PB 0x00000000e3800000| Untracked 
|  57|0x00000000e3900000, 0x00000000e3900000, 0x00000000e3a00000|  0%| F|  |TAMS 0x00000000e3900000| PB 0x00000000e3900000| Untracked 
|  58|0x00000000e3a00000, 0x00000000e3a00000, 0x00000000e3b00000|  0%| F|  |TAMS 0x00000000e3a00000| PB 0x00000000e3a00000| Untracked 
|  59|0x00000000e3b00000, 0x00000000e3b00000, 0x00000000e3c00000|  0%| F|  |TAMS 0x00000000e3b00000| PB 0x00000000e3b00000| Untracked 
|  60|0x00000000e3c00000, 0x00000000e3c00000, 0x00000000e3d00000|  0%| F|  |TAMS 0x00000000e3c00000| PB 0x00000000e3c00000| Untracked 
|  61|0x00000000e3d00000, 0x00000000e3d00000, 0x00000000e3e00000|  0%| F|  |TAMS 0x00000000e3d00000| PB 0x00000000e3d00000| Untracked 
|  62|0x00000000e3e00000, 0x00000000e3e00000, 0x00000000e3f00000|  0%| F|  |TAMS 0x00000000e3e00000| PB 0x00000000e3e00000| Untracked 
|  63|0x00000000e3f00000, 0x00000000e3f00000, 0x00000000e4000000|  0%| F|  |TAMS 0x00000000e3f00000| PB 0x00000000e3f00000| Untracked 
|  64|0x00000000e4000000, 0x00000000e4000000, 0x00000000e4100000|  0%| F|  |TAMS 0x00000000e4000000| PB 0x00000000e4000000| Untracked 
|  65|0x00000000e4100000, 0x00000000e4100000, 0x00000000e4200000|  0%| F|  |TAMS 0x00000000e4100000| PB 0x00000000e4100000| Untracked 
|  66|0x00000000e4200000, 0x00000000e4200000, 0x00000000e4300000|  0%| F|  |TAMS 0x00000000e4200000| PB 0x00000000e4200000| Untracked 
|  67|0x00000000e4300000, 0x00000000e4300000, 0x00000000e4400000|  0%| F|  |TAMS 0x00000000e4300000| PB 0x00000000e4300000| Untracked 
|  68|0x00000000e4400000, 0x00000000e4400000, 0x00000000e4500000|  0%| F|  |TAMS 0x00000000e4400000| PB 0x00000000e4400000| Untracked 
|  69|0x00000000e4500000, 0x00000000e4500000, 0x00000000e4600000|  0%| F|  |TAMS 0x00000000e4500000| PB 0x00000000e4500000| Untracked 
|  70|0x00000000e4600000, 0x00000000e4600000, 0x00000000e4700000|  0%| F|  |TAMS 0x00000000e4600000| PB 0x00000000e4600000| Untracked 
|  71|0x00000000e4700000, 0x00000000e4700000, 0x00000000e4800000|  0%| F|  |TAMS 0x00000000e4700000| PB 0x00000000e4700000| Untracked 
|  72|0x00000000e4800000, 0x00000000e4800000, 0x00000000e4900000|  0%| F|  |TAMS 0x00000000e4800000| PB 0x00000000e4800000| Untracked 
|  73|0x00000000e4900000, 0x00000000e4900000, 0x00000000e4a00000|  0%| F|  |TAMS 0x00000000e4900000| PB 0x00000000e4900000| Untracked 
|  74|0x00000000e4a00000, 0x00000000e4a00000, 0x00000000e4b00000|  0%| F|  |TAMS 0x00000000e4a00000| PB 0x00000000e4a00000| Untracked 
|  75|0x00000000e4b00000, 0x00000000e4b00000, 0x00000000e4c00000|  0%| F|  |TAMS 0x00000000e4b00000| PB 0x00000000e4b00000| Untracked 
|  76|0x00000000e4c00000, 0x00000000e4c00000, 0x00000000e4d00000|  0%| F|  |TAMS 0x00000000e4c00000| PB 0x00000000e4c00000| Untracked 
|  77|0x00000000e4d00000, 0x00000000e4d00000, 0x00000000e4e00000|  0%| F|  |TAMS 0x00000000e4d00000| PB 0x00000000e4d00000| Untracked 
|  78|0x00000000e4e00000, 0x00000000e4e00000, 0x00000000e4f00000|  0%| F|  |TAMS 0x00000000e4e00000| PB 0x00000000e4e00000| Untracked 
|  79|0x00000000e4f00000, 0x00000000e4f00000, 0x00000000e5000000|  0%| F|  |TAMS 0x00000000e4f00000| PB 0x00000000e4f00000| Untracked 
|  80|0x00000000e5000000, 0x00000000e5000000, 0x00000000e5100000|  0%| F|  |TAMS 0x00000000e5000000| PB 0x00000000e5000000| Untracked 
|  81|0x00000000e5100000, 0x00000000e5100000, 0x00000000e5200000|  0%| F|  |TAMS 0x00000000e5100000| PB 0x00000000e5100000| Untracked 
|  82|0x00000000e5200000, 0x00000000e5200000, 0x00000000e5300000|  0%| F|  |TAMS 0x00000000e5200000| PB 0x00000000e5200000| Untracked 
|  83|0x00000000e5300000, 0x00000000e5300000, 0x00000000e5400000|  0%| F|  |TAMS 0x00000000e5300000| PB 0x00000000e5300000| Untracked 
|  84|0x00000000e5400000, 0x00000000e5400000, 0x00000000e5500000|  0%| F|  |TAMS 0x00000000e5400000| PB 0x00000000e5400000| Untracked 
|  85|0x00000000e5500000, 0x00000000e5500000, 0x00000000e5600000|  0%| F|  |TAMS 0x00000000e5500000| PB 0x00000000e5500000| Untracked 
|  86|0x00000000e5600000, 0x00000000e5600000, 0x00000000e5700000|  0%| F|  |TAMS 0x00000000e5600000| PB 0x00000000e5600000| Untracked 
|  87|0x00000000e5700000, 0x00000000e5700000, 0x00000000e5800000|  0%| F|  |TAMS 0x00000000e5700000| PB 0x00000000e5700000| Untracked 
|  88|0x00000000e5800000, 0x00000000e5800000, 0x00000000e5900000|  0%| F|  |TAMS 0x00000000e5800000| PB 0x00000000e5800000| Untracked 
|  89|0x00000000e5900000, 0x00000000e5900000, 0x00000000e5a00000|  0%| F|  |TAMS 0x00000000e5900000| PB 0x00000000e5900000| Untracked 
|  90|0x00000000e5a00000, 0x00000000e5a00000, 0x00000000e5b00000|  0%| F|  |TAMS 0x00000000e5a00000| PB 0x00000000e5a00000| Untracked 
|  91|0x00000000e5b00000, 0x00000000e5b00000, 0x00000000e5c00000|  0%| F|  |TAMS 0x00000000e5b00000| PB 0x00000000e5b00000| Untracked 
|  92|0x00000000e5c00000, 0x00000000e5c00000, 0x00000000e5d00000|  0%| F|  |TAMS 0x00000000e5c00000| PB 0x00000000e5c00000| Untracked 
|  93|0x00000000e5d00000, 0x00000000e5d00000, 0x00000000e5e00000|  0%| F|  |TAMS 0x00000000e5d00000| PB 0x00000000e5d00000| Untracked 
|  94|0x00000000e5e00000, 0x00000000e5e00000, 0x00000000e5f00000|  0%| F|  |TAMS 0x00000000e5e00000| PB 0x00000000e5e00000| Untracked 
|  95|0x00000000e5f00000, 0x00000000e5f00000, 0x00000000e6000000|  0%| F|  |TAMS 0x00000000e5f00000| PB 0x00000000e5f00000| Untracked 
|  96|0x00000000e6000000, 0x00000000e6000000, 0x00000000e6100000|  0%| F|  |TAMS 0x00000000e6000000| PB 0x00000000e6000000| Untracked 
|  97|0x00000000e6100000, 0x00000000e6100000, 0x00000000e6200000|  0%| F|  |TAMS 0x00000000e6100000| PB 0x00000000e6100000| Untracked 
|  98|0x00000000e6200000, 0x00000000e6200000, 0x00000000e6300000|  0%| F|  |TAMS 0x00000000e6200000| PB 0x00000000e6200000| Untracked 
|  99|0x00000000e6300000, 0x00000000e6300000, 0x00000000e6400000|  0%| F|  |TAMS 0x00000000e6300000| PB 0x00000000e6300000| Untracked 
| 100|0x00000000e6400000, 0x00000000e6400000, 0x00000000e6500000|  0%| F|  |TAMS 0x00000000e6400000| PB 0x00000000e6400000| Untracked 
| 101|0x00000000e6500000, 0x00000000e654d8c8, 0x00000000e6600000| 30%| S|CS|TAMS 0x00000000e6500000| PB 0x00000000e6500000| Complete 
| 102|0x00000000e6600000, 0x00000000e6700000, 0x00000000e6700000|100%| S|CS|TAMS 0x00000000e6600000| PB 0x00000000e6600000| Complete 
| 103|0x00000000e6700000, 0x00000000e6800000, 0x00000000e6800000|100%| S|CS|TAMS 0x00000000e6700000| PB 0x00000000e6700000| Complete 
| 104|0x00000000e6800000, 0x00000000e6900000, 0x00000000e6900000|100%| S|CS|TAMS 0x00000000e6800000| PB 0x00000000e6800000| Complete 
| 105|0x00000000e6900000, 0x00000000e6a00000, 0x00000000e6a00000|100%| S|CS|TAMS 0x00000000e6900000| PB 0x00000000e6900000| Complete 
| 106|0x00000000e6a00000, 0x00000000e6b00000, 0x00000000e6b00000|100%| S|CS|TAMS 0x00000000e6a00000| PB 0x00000000e6a00000| Complete 
| 107|0x00000000e6b00000, 0x00000000e6c00000, 0x00000000e6c00000|100%| S|CS|TAMS 0x00000000e6b00000| PB 0x00000000e6b00000| Complete 
| 108|0x00000000e6c00000, 0x00000000e6c00000, 0x00000000e6d00000|  0%| F|  |TAMS 0x00000000e6c00000| PB 0x00000000e6c00000| Untracked 
| 109|0x00000000e6d00000, 0x00000000e6d00000, 0x00000000e6e00000|  0%| F|  |TAMS 0x00000000e6d00000| PB 0x00000000e6d00000| Untracked 
| 110|0x00000000e6e00000, 0x00000000e6e00000, 0x00000000e6f00000|  0%| F|  |TAMS 0x00000000e6e00000| PB 0x00000000e6e00000| Untracked 
| 111|0x00000000e6f00000, 0x00000000e6f00000, 0x00000000e7000000|  0%| F|  |TAMS 0x00000000e6f00000| PB 0x00000000e6f00000| Untracked 
| 112|0x00000000e7000000, 0x00000000e7000000, 0x00000000e7100000|  0%| F|  |TAMS 0x00000000e7000000| PB 0x00000000e7000000| Untracked 
| 113|0x00000000e7100000, 0x00000000e7100000, 0x00000000e7200000|  0%| F|  |TAMS 0x00000000e7100000| PB 0x00000000e7100000| Untracked 
| 114|0x00000000e7200000, 0x00000000e7200000, 0x00000000e7300000|  0%| F|  |TAMS 0x00000000e7200000| PB 0x00000000e7200000| Untracked 
| 115|0x00000000e7300000, 0x00000000e7300000, 0x00000000e7400000|  0%| F|  |TAMS 0x00000000e7300000| PB 0x00000000e7300000| Untracked 
| 116|0x00000000e7400000, 0x00000000e7400000, 0x00000000e7500000|  0%| F|  |TAMS 0x00000000e7400000| PB 0x00000000e7400000| Untracked 
| 117|0x00000000e7500000, 0x00000000e7500000, 0x00000000e7600000|  0%| F|  |TAMS 0x00000000e7500000| PB 0x00000000e7500000| Untracked 
| 118|0x00000000e7600000, 0x00000000e7600000, 0x00000000e7700000|  0%| F|  |TAMS 0x00000000e7600000| PB 0x00000000e7600000| Untracked 
| 119|0x00000000e7700000, 0x00000000e7700000, 0x00000000e7800000|  0%| F|  |TAMS 0x00000000e7700000| PB 0x00000000e7700000| Untracked 
| 120|0x00000000e7800000, 0x00000000e7800000, 0x00000000e7900000|  0%| F|  |TAMS 0x00000000e7800000| PB 0x00000000e7800000| Untracked 
| 121|0x00000000e7900000, 0x00000000e7900000, 0x00000000e7a00000|  0%| F|  |TAMS 0x00000000e7900000| PB 0x00000000e7900000| Untracked 
| 122|0x00000000e7a00000, 0x00000000e7a00000, 0x00000000e7b00000|  0%| F|  |TAMS 0x00000000e7a00000| PB 0x00000000e7a00000| Untracked 
| 123|0x00000000e7b00000, 0x00000000e7b00000, 0x00000000e7c00000|  0%| F|  |TAMS 0x00000000e7b00000| PB 0x00000000e7b00000| Untracked 
| 124|0x00000000e7c00000, 0x00000000e7c00000, 0x00000000e7d00000|  0%| F|  |TAMS 0x00000000e7c00000| PB 0x00000000e7c00000| Untracked 
| 125|0x00000000e7d00000, 0x00000000e7d00000, 0x00000000e7e00000|  0%| F|  |TAMS 0x00000000e7d00000| PB 0x00000000e7d00000| Untracked 
| 126|0x00000000e7e00000, 0x00000000e7e00000, 0x00000000e7f00000|  0%| F|  |TAMS 0x00000000e7e00000| PB 0x00000000e7e00000| Untracked 
| 127|0x00000000e7f00000, 0x00000000e7f00000, 0x00000000e8000000|  0%| F|  |TAMS 0x00000000e7f00000| PB 0x00000000e7f00000| Untracked 
| 128|0x00000000e8000000, 0x00000000e8000000, 0x00000000e8100000|  0%| F|  |TAMS 0x00000000e8000000| PB 0x00000000e8000000| Untracked 
| 129|0x00000000e8100000, 0x00000000e8100000, 0x00000000e8200000|  0%| F|  |TAMS 0x00000000e8100000| PB 0x00000000e8100000| Untracked 
| 130|0x00000000e8200000, 0x00000000e8200000, 0x00000000e8300000|  0%| F|  |TAMS 0x00000000e8200000| PB 0x00000000e8200000| Untracked 
| 131|0x00000000e8300000, 0x00000000e8300000, 0x00000000e8400000|  0%| F|  |TAMS 0x00000000e8300000| PB 0x00000000e8300000| Untracked 
| 132|0x00000000e8400000, 0x00000000e8400000, 0x00000000e8500000|  0%| F|  |TAMS 0x00000000e8400000| PB 0x00000000e8400000| Untracked 
| 133|0x00000000e8500000, 0x00000000e8500000, 0x00000000e8600000|  0%| F|  |TAMS 0x00000000e8500000| PB 0x00000000e8500000| Untracked 
| 134|0x00000000e8600000, 0x00000000e8600000, 0x00000000e8700000|  0%| F|  |TAMS 0x00000000e8600000| PB 0x00000000e8600000| Untracked 
| 135|0x00000000e8700000, 0x00000000e8700000, 0x00000000e8800000|  0%| F|  |TAMS 0x00000000e8700000| PB 0x00000000e8700000| Untracked 
| 136|0x00000000e8800000, 0x00000000e8800000, 0x00000000e8900000|  0%| F|  |TAMS 0x00000000e8800000| PB 0x00000000e8800000| Untracked 
| 137|0x00000000e8900000, 0x00000000e8900000, 0x00000000e8a00000|  0%| F|  |TAMS 0x00000000e8900000| PB 0x00000000e8900000| Untracked 
| 138|0x00000000e8a00000, 0x00000000e8a00000, 0x00000000e8b00000|  0%| F|  |TAMS 0x00000000e8a00000| PB 0x00000000e8a00000| Untracked 
| 139|0x00000000e8b00000, 0x00000000e8b00000, 0x00000000e8c00000|  0%| F|  |TAMS 0x00000000e8b00000| PB 0x00000000e8b00000| Untracked 
| 140|0x00000000e8c00000, 0x00000000e8c00000, 0x00000000e8d00000|  0%| F|  |TAMS 0x00000000e8c00000| PB 0x00000000e8c00000| Untracked 
| 141|0x00000000e8d00000, 0x00000000e8d00000, 0x00000000e8e00000|  0%| F|  |TAMS 0x00000000e8d00000| PB 0x00000000e8d00000| Untracked 
| 142|0x00000000e8e00000, 0x00000000e8e00000, 0x00000000e8f00000|  0%| F|  |TAMS 0x00000000e8e00000| PB 0x00000000e8e00000| Untracked 
| 143|0x00000000e8f00000, 0x00000000e8f00000, 0x00000000e9000000|  0%| F|  |TAMS 0x00000000e8f00000| PB 0x00000000e8f00000| Untracked 
| 144|0x00000000e9000000, 0x00000000e9000000, 0x00000000e9100000|  0%| F|  |TAMS 0x00000000e9000000| PB 0x00000000e9000000| Untracked 
| 145|0x00000000e9100000, 0x00000000e9100000, 0x00000000e9200000|  0%| F|  |TAMS 0x00000000e9100000| PB 0x00000000e9100000| Untracked 
| 146|0x00000000e9200000, 0x00000000e9200000, 0x00000000e9300000|  0%| F|  |TAMS 0x00000000e9200000| PB 0x00000000e9200000| Untracked 
| 147|0x00000000e9300000, 0x00000000e9300000, 0x00000000e9400000|  0%| F|  |TAMS 0x00000000e9300000| PB 0x00000000e9300000| Untracked 
| 148|0x00000000e9400000, 0x00000000e9400000, 0x00000000e9500000|  0%| F|  |TAMS 0x00000000e9400000| PB 0x00000000e9400000| Untracked 
| 149|0x00000000e9500000, 0x00000000e9500000, 0x00000000e9600000|  0%| F|  |TAMS 0x00000000e9500000| PB 0x00000000e9500000| Untracked 
| 150|0x00000000e9600000, 0x00000000e9600000, 0x00000000e9700000|  0%| F|  |TAMS 0x00000000e9600000| PB 0x00000000e9600000| Untracked 
| 151|0x00000000e9700000, 0x00000000e9700000, 0x00000000e9800000|  0%| F|  |TAMS 0x00000000e9700000| PB 0x00000000e9700000| Untracked 
| 152|0x00000000e9800000, 0x00000000e9800000, 0x00000000e9900000|  0%| F|  |TAMS 0x00000000e9800000| PB 0x00000000e9800000| Untracked 
| 153|0x00000000e9900000, 0x00000000e9900000, 0x00000000e9a00000|  0%| F|  |TAMS 0x00000000e9900000| PB 0x00000000e9900000| Untracked 
| 154|0x00000000e9a00000, 0x00000000e9a00000, 0x00000000e9b00000|  0%| F|  |TAMS 0x00000000e9a00000| PB 0x00000000e9a00000| Untracked 
| 155|0x00000000e9b00000, 0x00000000e9b00000, 0x00000000e9c00000|  0%| F|  |TAMS 0x00000000e9b00000| PB 0x00000000e9b00000| Untracked 
| 156|0x00000000e9c00000, 0x00000000e9c00000, 0x00000000e9d00000|  0%| F|  |TAMS 0x00000000e9c00000| PB 0x00000000e9c00000| Untracked 
| 157|0x00000000e9d00000, 0x00000000e9d00000, 0x00000000e9e00000|  0%| F|  |TAMS 0x00000000e9d00000| PB 0x00000000e9d00000| Untracked 
| 158|0x00000000e9e00000, 0x00000000e9e00000, 0x00000000e9f00000|  0%| F|  |TAMS 0x00000000e9e00000| PB 0x00000000e9e00000| Untracked 
| 159|0x00000000e9f00000, 0x00000000e9f00000, 0x00000000ea000000|  0%| F|  |TAMS 0x00000000e9f00000| PB 0x00000000e9f00000| Untracked 
| 160|0x00000000ea000000, 0x00000000ea000000, 0x00000000ea100000|  0%| F|  |TAMS 0x00000000ea000000| PB 0x00000000ea000000| Untracked 
| 161|0x00000000ea100000, 0x00000000ea100000, 0x00000000ea200000|  0%| F|  |TAMS 0x00000000ea100000| PB 0x00000000ea100000| Untracked 
| 162|0x00000000ea200000, 0x00000000ea200000, 0x00000000ea300000|  0%| F|  |TAMS 0x00000000ea200000| PB 0x00000000ea200000| Untracked 
| 163|0x00000000ea300000, 0x00000000ea300000, 0x00000000ea400000|  0%| F|  |TAMS 0x00000000ea300000| PB 0x00000000ea300000| Untracked 
| 164|0x00000000ea400000, 0x00000000ea400000, 0x00000000ea500000|  0%| F|  |TAMS 0x00000000ea400000| PB 0x00000000ea400000| Untracked 
| 165|0x00000000ea500000, 0x00000000ea500000, 0x00000000ea600000|  0%| F|  |TAMS 0x00000000ea500000| PB 0x00000000ea500000| Untracked 
| 166|0x00000000ea600000, 0x00000000ea600000, 0x00000000ea700000|  0%| F|  |TAMS 0x00000000ea600000| PB 0x00000000ea600000| Untracked 
| 167|0x00000000ea700000, 0x00000000ea700000, 0x00000000ea800000|  0%| F|  |TAMS 0x00000000ea700000| PB 0x00000000ea700000| Untracked 
| 168|0x00000000ea800000, 0x00000000ea800000, 0x00000000ea900000|  0%| F|  |TAMS 0x00000000ea800000| PB 0x00000000ea800000| Untracked 
| 169|0x00000000ea900000, 0x00000000ea900000, 0x00000000eaa00000|  0%| F|  |TAMS 0x00000000ea900000| PB 0x00000000ea900000| Untracked 
| 170|0x00000000eaa00000, 0x00000000eaa00000, 0x00000000eab00000|  0%| F|  |TAMS 0x00000000eaa00000| PB 0x00000000eaa00000| Untracked 
| 171|0x00000000eab00000, 0x00000000eab00000, 0x00000000eac00000|  0%| F|  |TAMS 0x00000000eab00000| PB 0x00000000eab00000| Untracked 
| 172|0x00000000eac00000, 0x00000000eac00000, 0x00000000ead00000|  0%| F|  |TAMS 0x00000000eac00000| PB 0x00000000eac00000| Untracked 
| 173|0x00000000ead00000, 0x00000000ead00000, 0x00000000eae00000|  0%| F|  |TAMS 0x00000000ead00000| PB 0x00000000ead00000| Untracked 
| 174|0x00000000eae00000, 0x00000000eae00000, 0x00000000eaf00000|  0%| F|  |TAMS 0x00000000eae00000| PB 0x00000000eae00000| Untracked 
| 175|0x00000000eaf00000, 0x00000000eaf00000, 0x00000000eb000000|  0%| F|  |TAMS 0x00000000eaf00000| PB 0x00000000eaf00000| Untracked 
| 176|0x00000000eb000000, 0x00000000eb000000, 0x00000000eb100000|  0%| F|  |TAMS 0x00000000eb000000| PB 0x00000000eb000000| Untracked 
| 177|0x00000000eb100000, 0x00000000eb100000, 0x00000000eb200000|  0%| F|  |TAMS 0x00000000eb100000| PB 0x00000000eb100000| Untracked 
| 178|0x00000000eb200000, 0x00000000eb200000, 0x00000000eb300000|  0%| F|  |TAMS 0x00000000eb200000| PB 0x00000000eb200000| Untracked 
| 179|0x00000000eb300000, 0x00000000eb300000, 0x00000000eb400000|  0%| F|  |TAMS 0x00000000eb300000| PB 0x00000000eb300000| Untracked 
| 180|0x00000000eb400000, 0x00000000eb400000, 0x00000000eb500000|  0%| F|  |TAMS 0x00000000eb400000| PB 0x00000000eb400000| Untracked 
| 181|0x00000000eb500000, 0x00000000eb500000, 0x00000000eb600000|  0%| F|  |TAMS 0x00000000eb500000| PB 0x00000000eb500000| Untracked 
| 182|0x00000000eb600000, 0x00000000eb600000, 0x00000000eb700000|  0%| F|  |TAMS 0x00000000eb600000| PB 0x00000000eb600000| Untracked 
| 183|0x00000000eb700000, 0x00000000eb700000, 0x00000000eb800000|  0%| F|  |TAMS 0x00000000eb700000| PB 0x00000000eb700000| Untracked 
| 184|0x00000000eb800000, 0x00000000eb800000, 0x00000000eb900000|  0%| F|  |TAMS 0x00000000eb800000| PB 0x00000000eb800000| Untracked 
| 185|0x00000000eb900000, 0x00000000eb900000, 0x00000000eba00000|  0%| F|  |TAMS 0x00000000eb900000| PB 0x00000000eb900000| Untracked 
| 186|0x00000000eba00000, 0x00000000eba00000, 0x00000000ebb00000|  0%| F|  |TAMS 0x00000000eba00000| PB 0x00000000eba00000| Untracked 
| 187|0x00000000ebb00000, 0x00000000ebb00000, 0x00000000ebc00000|  0%| F|  |TAMS 0x00000000ebb00000| PB 0x00000000ebb00000| Untracked 
| 188|0x00000000ebc00000, 0x00000000ebc00000, 0x00000000ebd00000|  0%| F|  |TAMS 0x00000000ebc00000| PB 0x00000000ebc00000| Untracked 
| 189|0x00000000ebd00000, 0x00000000ebd00000, 0x00000000ebe00000|  0%| F|  |TAMS 0x00000000ebd00000| PB 0x00000000ebd00000| Untracked 
| 190|0x00000000ebe00000, 0x00000000ebe00000, 0x00000000ebf00000|  0%| F|  |TAMS 0x00000000ebe00000| PB 0x00000000ebe00000| Untracked 
| 191|0x00000000ebf00000, 0x00000000ebf00000, 0x00000000ec000000|  0%| F|  |TAMS 0x00000000ebf00000| PB 0x00000000ebf00000| Untracked 
| 192|0x00000000ec000000, 0x00000000ec000000, 0x00000000ec100000|  0%| F|  |TAMS 0x00000000ec000000| PB 0x00000000ec000000| Untracked 
| 193|0x00000000ec100000, 0x00000000ec100000, 0x00000000ec200000|  0%| F|  |TAMS 0x00000000ec100000| PB 0x00000000ec100000| Untracked 
| 194|0x00000000ec200000, 0x00000000ec200000, 0x00000000ec300000|  0%| F|  |TAMS 0x00000000ec200000| PB 0x00000000ec200000| Untracked 
| 195|0x00000000ec300000, 0x00000000ec300000, 0x00000000ec400000|  0%| F|  |TAMS 0x00000000ec300000| PB 0x00000000ec300000| Untracked 
| 196|0x00000000ec400000, 0x00000000ec400000, 0x00000000ec500000|  0%| F|  |TAMS 0x00000000ec400000| PB 0x00000000ec400000| Untracked 
| 197|0x00000000ec500000, 0x00000000ec500000, 0x00000000ec600000|  0%| F|  |TAMS 0x00000000ec500000| PB 0x00000000ec500000| Untracked 
| 198|0x00000000ec600000, 0x00000000ec600000, 0x00000000ec700000|  0%| F|  |TAMS 0x00000000ec600000| PB 0x00000000ec600000| Untracked 
| 199|0x00000000ec700000, 0x00000000ec700000, 0x00000000ec800000|  0%| F|  |TAMS 0x00000000ec700000| PB 0x00000000ec700000| Untracked 
| 200|0x00000000ec800000, 0x00000000ec800000, 0x00000000ec900000|  0%| F|  |TAMS 0x00000000ec800000| PB 0x00000000ec800000| Untracked 
| 201|0x00000000ec900000, 0x00000000ec900000, 0x00000000eca00000|  0%| F|  |TAMS 0x00000000ec900000| PB 0x00000000ec900000| Untracked 
| 202|0x00000000eca00000, 0x00000000eca00000, 0x00000000ecb00000|  0%| F|  |TAMS 0x00000000eca00000| PB 0x00000000eca00000| Untracked 
| 203|0x00000000ecb00000, 0x00000000ecb00000, 0x00000000ecc00000|  0%| F|  |TAMS 0x00000000ecb00000| PB 0x00000000ecb00000| Untracked 
| 204|0x00000000ecc00000, 0x00000000ecc00000, 0x00000000ecd00000|  0%| F|  |TAMS 0x00000000ecc00000| PB 0x00000000ecc00000| Untracked 
| 205|0x00000000ecd00000, 0x00000000ecd00000, 0x00000000ece00000|  0%| F|  |TAMS 0x00000000ecd00000| PB 0x00000000ecd00000| Untracked 
| 206|0x00000000ece00000, 0x00000000ece00000, 0x00000000ecf00000|  0%| F|  |TAMS 0x00000000ece00000| PB 0x00000000ece00000| Untracked 
| 207|0x00000000ecf00000, 0x00000000ecf00000, 0x00000000ed000000|  0%| F|  |TAMS 0x00000000ecf00000| PB 0x00000000ecf00000| Untracked 
| 208|0x00000000ed000000, 0x00000000ed000000, 0x00000000ed100000|  0%| F|  |TAMS 0x00000000ed000000| PB 0x00000000ed000000| Untracked 
| 209|0x00000000ed100000, 0x00000000ed100000, 0x00000000ed200000|  0%| F|  |TAMS 0x00000000ed100000| PB 0x00000000ed100000| Untracked 
| 210|0x00000000ed200000, 0x00000000ed200000, 0x00000000ed300000|  0%| F|  |TAMS 0x00000000ed200000| PB 0x00000000ed200000| Untracked 
| 211|0x00000000ed300000, 0x00000000ed300000, 0x00000000ed400000|  0%| F|  |TAMS 0x00000000ed300000| PB 0x00000000ed300000| Untracked 
| 212|0x00000000ed400000, 0x00000000ed400000, 0x00000000ed500000|  0%| F|  |TAMS 0x00000000ed400000| PB 0x00000000ed400000| Untracked 
| 213|0x00000000ed500000, 0x00000000ed500000, 0x00000000ed600000|  0%| F|  |TAMS 0x00000000ed500000| PB 0x00000000ed500000| Untracked 
| 214|0x00000000ed600000, 0x00000000ed600000, 0x00000000ed700000|  0%| F|  |TAMS 0x00000000ed600000| PB 0x00000000ed600000| Untracked 
| 215|0x00000000ed700000, 0x00000000ed700000, 0x00000000ed800000|  0%| F|  |TAMS 0x00000000ed700000| PB 0x00000000ed700000| Untracked 
| 216|0x00000000ed800000, 0x00000000ed800000, 0x00000000ed900000|  0%| F|  |TAMS 0x00000000ed800000| PB 0x00000000ed800000| Untracked 
| 217|0x00000000ed900000, 0x00000000ed900000, 0x00000000eda00000|  0%| F|  |TAMS 0x00000000ed900000| PB 0x00000000ed900000| Untracked 
| 218|0x00000000eda00000, 0x00000000eda00000, 0x00000000edb00000|  0%| F|  |TAMS 0x00000000eda00000| PB 0x00000000eda00000| Untracked 
| 219|0x00000000edb00000, 0x00000000edb00000, 0x00000000edc00000|  0%| F|  |TAMS 0x00000000edb00000| PB 0x00000000edb00000| Untracked 
| 220|0x00000000edc00000, 0x00000000edc00000, 0x00000000edd00000|  0%| F|  |TAMS 0x00000000edc00000| PB 0x00000000edc00000| Untracked 
| 221|0x00000000edd00000, 0x00000000edd00000, 0x00000000ede00000|  0%| F|  |TAMS 0x00000000edd00000| PB 0x00000000edd00000| Untracked 
| 222|0x00000000ede00000, 0x00000000ede00000, 0x00000000edf00000|  0%| F|  |TAMS 0x00000000ede00000| PB 0x00000000ede00000| Untracked 
| 223|0x00000000edf00000, 0x00000000edf63550, 0x00000000ee000000| 38%| E|  |TAMS 0x00000000edf00000| PB 0x00000000edf00000| Complete 
| 224|0x00000000ee000000, 0x00000000ee100000, 0x00000000ee100000|100%| E|CS|TAMS 0x00000000ee000000| PB 0x00000000ee000000| Complete 
| 225|0x00000000ee100000, 0x00000000ee200000, 0x00000000ee200000|100%| E|CS|TAMS 0x00000000ee100000| PB 0x00000000ee100000| Complete 
| 226|0x00000000ee200000, 0x00000000ee300000, 0x00000000ee300000|100%| E|CS|TAMS 0x00000000ee200000| PB 0x00000000ee200000| Complete 
| 227|0x00000000ee300000, 0x00000000ee400000, 0x00000000ee400000|100%| E|CS|TAMS 0x00000000ee300000| PB 0x00000000ee300000| Complete 
| 228|0x00000000ee400000, 0x00000000ee500000, 0x00000000ee500000|100%| E|CS|TAMS 0x00000000ee400000| PB 0x00000000ee400000| Complete 
| 229|0x00000000ee500000, 0x00000000ee600000, 0x00000000ee600000|100%| E|CS|TAMS 0x00000000ee500000| PB 0x00000000ee500000| Complete 
| 230|0x00000000ee600000, 0x00000000ee700000, 0x00000000ee700000|100%| E|CS|TAMS 0x00000000ee600000| PB 0x00000000ee600000| Complete 
| 231|0x00000000ee700000, 0x00000000ee800000, 0x00000000ee800000|100%| E|CS|TAMS 0x00000000ee700000| PB 0x00000000ee700000| Complete 
| 232|0x00000000ee800000, 0x00000000ee900000, 0x00000000ee900000|100%| E|CS|TAMS 0x00000000ee800000| PB 0x00000000ee800000| Complete 
| 233|0x00000000ee900000, 0x00000000eea00000, 0x00000000eea00000|100%| E|CS|TAMS 0x00000000ee900000| PB 0x00000000ee900000| Complete 
| 234|0x00000000eea00000, 0x00000000eeb00000, 0x00000000eeb00000|100%| E|CS|TAMS 0x00000000eea00000| PB 0x00000000eea00000| Complete 
| 235|0x00000000eeb00000, 0x00000000eec00000, 0x00000000eec00000|100%| E|CS|TAMS 0x00000000eeb00000| PB 0x00000000eeb00000| Complete 
| 236|0x00000000eec00000, 0x00000000eed00000, 0x00000000eed00000|100%| E|CS|TAMS 0x00000000eec00000| PB 0x00000000eec00000| Complete 
| 237|0x00000000eed00000, 0x00000000eee00000, 0x00000000eee00000|100%| E|CS|TAMS 0x00000000eed00000| PB 0x00000000eed00000| Complete 
| 238|0x00000000eee00000, 0x00000000eef00000, 0x00000000eef00000|100%| E|CS|TAMS 0x00000000eee00000| PB 0x00000000eee00000| Complete 
| 239|0x00000000eef00000, 0x00000000ef000000, 0x00000000ef000000|100%| E|CS|TAMS 0x00000000eef00000| PB 0x00000000eef00000| Complete 
| 240|0x00000000ef000000, 0x00000000ef100000, 0x00000000ef100000|100%| E|CS|TAMS 0x00000000ef000000| PB 0x00000000ef000000| Complete 
| 241|0x00000000ef100000, 0x00000000ef200000, 0x00000000ef200000|100%| E|CS|TAMS 0x00000000ef100000| PB 0x00000000ef100000| Complete 
| 242|0x00000000ef200000, 0x00000000ef300000, 0x00000000ef300000|100%| E|CS|TAMS 0x00000000ef200000| PB 0x00000000ef200000| Complete 
| 243|0x00000000ef300000, 0x00000000ef400000, 0x00000000ef400000|100%| E|CS|TAMS 0x00000000ef300000| PB 0x00000000ef300000| Complete 
| 244|0x00000000ef400000, 0x00000000ef500000, 0x00000000ef500000|100%| E|CS|TAMS 0x00000000ef400000| PB 0x00000000ef400000| Complete 
| 245|0x00000000ef500000, 0x00000000ef600000, 0x00000000ef600000|100%| E|CS|TAMS 0x00000000ef500000| PB 0x00000000ef500000| Complete 
| 246|0x00000000ef600000, 0x00000000ef700000, 0x00000000ef700000|100%| E|CS|TAMS 0x00000000ef600000| PB 0x00000000ef600000| Complete 
| 247|0x00000000ef700000, 0x00000000ef800000, 0x00000000ef800000|100%| E|CS|TAMS 0x00000000ef700000| PB 0x00000000ef700000| Complete 
| 248|0x00000000ef800000, 0x00000000ef900000, 0x00000000ef900000|100%| E|CS|TAMS 0x00000000ef800000| PB 0x00000000ef800000| Complete 
| 249|0x00000000ef900000, 0x00000000efa00000, 0x00000000efa00000|100%| E|CS|TAMS 0x00000000ef900000| PB 0x00000000ef900000| Complete 
| 250|0x00000000efa00000, 0x00000000efb00000, 0x00000000efb00000|100%| E|CS|TAMS 0x00000000efa00000| PB 0x00000000efa00000| Complete 
| 251|0x00000000efb00000, 0x00000000efc00000, 0x00000000efc00000|100%| E|CS|TAMS 0x00000000efb00000| PB 0x00000000efb00000| Complete 
| 252|0x00000000efc00000, 0x00000000efd00000, 0x00000000efd00000|100%| E|CS|TAMS 0x00000000efc00000| PB 0x00000000efc00000| Complete 
| 253|0x00000000efd00000, 0x00000000efe00000, 0x00000000efe00000|100%| E|  |TAMS 0x00000000efd00000| PB 0x00000000efd00000| Complete 
| 254|0x00000000efe00000, 0x00000000eff00000, 0x00000000eff00000|100%| E|CS|TAMS 0x00000000efe00000| PB 0x00000000efe00000| Complete 
| 255|0x00000000eff00000, 0x00000000f0000000, 0x00000000f0000000|100%| E|CS|TAMS 0x00000000eff00000| PB 0x00000000eff00000| Complete 

Card table byte_map: [0x000001ede3750000,0x000001ede3850000] _byte_map_base: 0x000001ede3050000

Marking Bits: (CMBitMap*) 0x000001edd11496a0
 Bits: [0x000001ede3850000, 0x000001ede4050000)

Polling page: 0x000001edcef90000

Metaspace:

Usage:
  Non-class:     29.70 MB used.
      Class:      4.97 MB used.
       Both:     34.67 MB used.

Virtual space:
  Non-class space:       64.00 MB reserved,      30.38 MB ( 47%) committed,  1 nodes.
      Class space:      320.00 MB reserved,       5.56 MB (  2%) committed,  1 nodes.
             Both:      384.00 MB reserved,      35.94 MB (  9%) committed. 

Chunk freelists:
   Non-Class:  1.72 MB
       Class:  10.65 MB
        Both:  12.37 MB

MaxMetaspaceSize: 384.00 MB
CompressedClassSpaceSize: 320.00 MB
Initial GC threshold: 21.00 MB
Current GC threshold: 58.88 MB
CDS: on
 - commit_granule_bytes: 65536.
 - commit_granule_words: 8192.
 - virtual_space_node_default_size: 8388608.
 - enlarge_chunks_in_place: 1.
 - use_allocation_guard: 0.


Internal statistics:

num_allocs_failed_limit: 6.
num_arena_births: 2130.
num_arena_deaths: 598.
num_vsnodes_births: 2.
num_vsnodes_deaths: 0.
num_space_committed: 575.
num_space_uncommitted: 0.
num_chunks_returned_to_freelist: 628.
num_chunks_taken_from_freelist: 3754.
num_chunk_merges: 206.
num_chunk_splits: 2406.
num_chunks_enlarged: 1512.
num_inconsistent_stats: 0.

CodeHeap 'non-profiled nmethods': size=120000Kb used=3190Kb max_used=3333Kb free=116809Kb
 bounds [0x000001eddbdf0000, 0x000001eddc140000, 0x000001ede3320000]
CodeHeap 'profiled nmethods': size=120000Kb used=9286Kb max_used=10049Kb free=110713Kb
 bounds [0x000001edd4320000, 0x000001edd4d00000, 0x000001eddb850000]
CodeHeap 'non-nmethods': size=5760Kb used=1806Kb max_used=1853Kb free=3954Kb
 bounds [0x000001eddb850000, 0x000001eddbac0000, 0x000001eddbdf0000]
CodeCache: size=245760Kb, used=14282Kb, max_used=15235Kb, free=231476Kb
 total_blobs=5541, nmethods=4857, adapters=588, full_count=0
Compilation: enabled, stopped_count=0, restarted_count=0

Compilation events (20 events):
Event: 14370.105 Thread 0x000001ede6ade840 nmethod 5405 0x000001edd4783810 code [0x000001edd4783b60, 0x000001edd47850b8]
Event: 14370.105 Thread 0x000001ede6ade840 5406       3       java.lang.reflect.Method::getGenericExceptionTypes (5 bytes)
Event: 14370.106 Thread 0x000001ede6ade840 nmethod 5406 0x000001edd437fb90 code [0x000001edd437fdc0, 0x000001edd43806c8]
Event: 14370.106 Thread 0x000001ede6ade840 5407       3       java.lang.StringBuilder::append (6 bytes)
Event: 14370.107 Thread 0x000001ede6ade840 nmethod 5407 0x000001edd4321a10 code [0x000001edd4321bc0, 0x000001edd4321d70]
Event: 14370.125 Thread 0x000001ede6ade840 5408       3       java.util.Hashtable::addEntry (87 bytes)
Event: 14370.126 Thread 0x000001ede6ade840 nmethod 5408 0x000001edd447de10 code [0x000001edd447e000, 0x000001edd447e748]
Event: 14370.131 Thread 0x000001ede6ade840 5409       3       com.sun.beans.introspect.PropertyInfo::get (22 bytes)
Event: 14370.131 Thread 0x000001ede6ade840 nmethod 5409 0x000001edd4783390 code [0x000001edd4783540, 0x000001edd4783768]
Event: 14370.140 Thread 0x000001ede6ade840 5410       3       com.sun.beans.TypeResolver::resolve (37 bytes)
Event: 14370.140 Thread 0x000001ede6ade840 nmethod 5410 0x000001edd4358210 code [0x000001edd43583e0, 0x000001edd4358818]
Event: 14370.154 Thread 0x000001ede6ade840 5411  s!   3       java.beans.PropertyDescriptor::getReadMethod (149 bytes)
Event: 14370.352 Thread 0x000001ede6ade840 nmethod 5411 0x000001edd435b410 code [0x000001edd435b7a0, 0x000001edd435d190]
Event: 14379.927 Thread 0x000001ede6ade840 5412       1       java.lang.reflect.Field::getType (5 bytes)
Event: 14379.927 Thread 0x000001ede6ade840 nmethod 5412 0x000001eddbebf910 code [0x000001eddbebfaa0, 0x000001eddbebfb68]
Event: 14379.972 Thread 0x000001ede6adafa0 5413       4       java.lang.reflect.Modifier::isPublic (12 bytes)
Event: 14379.972 Thread 0x000001ede6adafa0 nmethod 5413 0x000001eddbe1f990 code [0x000001eddbe1fb00, 0x000001eddbe1fb70]
Event: 14379.987 Thread 0x000001ede6adafa0 5414       4       java.util.stream.ReferencePipeline$7$1::begin (13 bytes)
Event: 14379.992 Thread 0x000001ede6adafa0 nmethod 5414 0x000001eddbe1f390 code [0x000001eddbe1f540, 0x000001eddbe1f7e0]
Event: 14379.992 Thread 0x000001ede6adafa0 5415       4       java.util.ArrayList$ArrayListSpliterator::forEachRemaining (127 bytes)

GC Heap History (14 events):
Event: 29.885 GC heap before
{Heap before GC invocations=0 (full 0):
 garbage-first heap   total 262144K, used 26624K [0x00000000e0000000, 0x0000000100000000)
  region size 1024K, 23 young (23552K), 0 survivors (0K)
 Metaspace       used 1123K, committed 1280K, reserved 393216K
  class space    used 80K, committed 128K, reserved 327680K
}
Event: 31.273 GC heap after
{Heap after GC invocations=1 (full 0):
 garbage-first heap   total 262144K, used 9983K [0x00000000e0000000, 0x0000000100000000)
  region size 1024K, 3 young (3072K), 3 survivors (3072K)
 Metaspace       used 1123K, committed 1280K, reserved 393216K
  class space    used 80K, committed 128K, reserved 327680K
}
Event: 68.456 GC heap before
{Heap before GC invocations=1 (full 0):
 garbage-first heap   total 262144K, used 40703K [0x00000000e0000000, 0x0000000100000000)
  region size 1024K, 33 young (33792K), 3 survivors (3072K)
 Metaspace       used 4293K, committed 4480K, reserved 393216K
  class space    used 545K, committed 640K, reserved 327680K
}
Event: 68.461 GC heap after
{Heap after GC invocations=2 (full 0):
 garbage-first heap   total 262144K, used 12013K [0x00000000e0000000, 0x0000000100000000)
  region size 1024K, 2 young (2048K), 2 survivors (2048K)
 Metaspace       used 4293K, committed 4480K, reserved 393216K
  class space    used 545K, committed 640K, reserved 327680K
}
Event: 188.694 GC heap before
{Heap before GC invocations=2 (full 0):
 garbage-first heap   total 262144K, used 74477K [0x00000000e0000000, 0x0000000100000000)
  region size 1024K, 61 young (62464K), 2 survivors (2048K)
 Metaspace       used 10119K, committed 10368K, reserved 393216K
  class space    used 1348K, committed 1472K, reserved 327680K
}
Event: 189.374 GC heap after
{Heap after GC invocations=3 (full 0):
 garbage-first heap   total 262144K, used 20248K [0x00000000e0000000, 0x0000000100000000)
  region size 1024K, 8 young (8192K), 8 survivors (8192K)
 Metaspace       used 10119K, committed 10368K, reserved 393216K
  class space    used 1348K, committed 1472K, reserved 327680K
}
Event: 263.383 GC heap before
{Heap before GC invocations=3 (full 0):
 garbage-first heap   total 262144K, used 93976K [0x00000000e0000000, 0x0000000100000000)
  region size 1024K, 81 young (82944K), 8 survivors (8192K)
 Metaspace       used 20903K, committed 21504K, reserved 393216K
  class space    used 3060K, committed 3328K, reserved 327680K
}
Event: 263.403 GC heap after
{Heap after GC invocations=4 (full 0):
 garbage-first heap   total 262144K, used 25368K [0x00000000e0000000, 0x0000000100000000)
  region size 1024K, 13 young (13312K), 13 survivors (13312K)
 Metaspace       used 20903K, committed 21504K, reserved 393216K
  class space    used 3060K, committed 3328K, reserved 327680K
}
Event: 1758.283 GC heap before
{Heap before GC invocations=5 (full 0):
 garbage-first heap   total 262144K, used 168728K [0x00000000e0000000, 0x0000000100000000)
  region size 1024K, 153 young (156672K), 13 survivors (13312K)
 Metaspace       used 29758K, committed 30976K, reserved 393216K
  class space    used 4515K, committed 5120K, reserved 327680K
}
Event: 1758.664 GC heap after
{Heap after GC invocations=6 (full 0):
 garbage-first heap   total 262144K, used 28519K [0x00000000e0000000, 0x0000000100000000)
  region size 1024K, 8 young (8192K), 8 survivors (8192K)
 Metaspace       used 29758K, committed 30976K, reserved 393216K
  class space    used 4515K, committed 5120K, reserved 327680K
}
Event: 3166.067 GC heap before
{Heap before GC invocations=6 (full 0):
 garbage-first heap   total 262144K, used 108391K [0x00000000e0000000, 0x0000000100000000)
  region size 1024K, 87 young (89088K), 8 survivors (8192K)
 Metaspace       used 29859K, committed 31104K, reserved 393216K
  class space    used 4515K, committed 5120K, reserved 327680K
}
Event: 3166.176 GC heap after
{Heap after GC invocations=7 (full 0):
 garbage-first heap   total 262144K, used 28738K [0x00000000e0000000, 0x0000000100000000)
  region size 1024K, 4 young (4096K), 4 survivors (4096K)
 Metaspace       used 29859K, committed 31104K, reserved 393216K
  class space    used 4515K, committed 5120K, reserved 327680K
}
Event: 5072.788 GC heap before
{Heap before GC invocations=7 (full 0):
 garbage-first heap   total 262144K, used 174146K [0x00000000e0000000, 0x0000000100000000)
  region size 1024K, 148 young (151552K), 4 survivors (4096K)
 Metaspace       used 34908K, committed 36096K, reserved 393216K
  class space    used 5115K, committed 5696K, reserved 327680K
}
Event: 5072.826 GC heap after
{Heap after GC invocations=8 (full 0):
 garbage-first heap   total 262144K, used 31531K [0x00000000e0000000, 0x0000000100000000)
  region size 1024K, 7 young (7168K), 7 survivors (7168K)
 Metaspace       used 34908K, committed 36096K, reserved 393216K
  class space    used 5115K, committed 5696K, reserved 327680K
}

Dll operation events (20 events):
Event: 6.676 Attempting to load shared library C:\Users\Dawit.DAWITA\.vscode\extensions\redhat.java-1.56.0-win32-x64\jre\21.0.12.1-win32-x86_64\bin\nio.dll
Event: 6.678 Loaded shared library C:\Users\Dawit.DAWITA\.vscode\extensions\redhat.java-1.56.0-win32-x64\jre\21.0.12.1-win32-x86_64\bin\nio.dll
Event: 6.743 Attempting to load shared library C:\Users\Dawit.DAWITA\.vscode\extensions\redhat.java-1.56.0-win32-x64\jre\21.0.12.1-win32-x86_64\bin\zip.dll
Event: 6.743 Loaded shared library C:\Users\Dawit.DAWITA\.vscode\extensions\redhat.java-1.56.0-win32-x64\jre\21.0.12.1-win32-x86_64\bin\zip.dll
Event: 19.466 Attempting to load shared library C:\Users\Dawit.DAWITA\.vscode\extensions\redhat.java-1.56.0-win32-x64\jre\21.0.12.1-win32-x86_64\bin\jimage.dll
Event: 19.466 Loaded shared library C:\Users\Dawit.DAWITA\.vscode\extensions\redhat.java-1.56.0-win32-x64\jre\21.0.12.1-win32-x86_64\bin\jimage.dll
Event: 32.526 Attempting to load shared library C:\Users\Dawit.DAWITA\.vscode\extensions\redhat.java-1.56.0-win32-x64\jre\21.0.12.1-win32-x86_64\bin\verify.dll
Event: 32.527 Loaded shared library C:\Users\Dawit.DAWITA\.vscode\extensions\redhat.java-1.56.0-win32-x64\jre\21.0.12.1-win32-x86_64\bin\verify.dll
Event: 46.503 Attempting to load shared library C:\Users\Dawit.DAWITA\.gradle\native\c067742578af261105cb4f569cf0c3c89f3d7b1fecec35dd04571415982c5e48\windows-amd64\native-platform.dll
Event: 46.508 Loaded shared library C:\Users\Dawit.DAWITA\.gradle\native\c067742578af261105cb4f569cf0c3c89f3d7b1fecec35dd04571415982c5e48\windows-amd64\native-platform.dll
Event: 46.519 Attempting to load shared library C:\Users\Dawit.DAWITA\.gradle\native\100fb08df4bc3b14c8652ba06237920a3bd2aa13389f12d3474272988ae205f9\windows-amd64\native-platform-file-events.dll
Event: 46.694 Loaded shared library C:\Users\Dawit.DAWITA\.gradle\native\100fb08df4bc3b14c8652ba06237920a3bd2aa13389f12d3474272988ae205f9\windows-amd64\native-platform-file-events.dll
Event: 135.173 Attempting to load shared library C:\Users\Dawit.DAWITA\.vscode\extensions\redhat.java-1.56.0-win32-x64\jre\21.0.12.1-win32-x86_64\bin\management.dll
Event: 135.175 Loaded shared library C:\Users\Dawit.DAWITA\.vscode\extensions\redhat.java-1.56.0-win32-x64\jre\21.0.12.1-win32-x86_64\bin\management.dll
Event: 135.192 Attempting to load shared library C:\Users\Dawit.DAWITA\.vscode\extensions\redhat.java-1.56.0-win32-x64\jre\21.0.12.1-win32-x86_64\bin\management_ext.dll
Event: 135.206 Loaded shared library C:\Users\Dawit.DAWITA\.vscode\extensions\redhat.java-1.56.0-win32-x64\jre\21.0.12.1-win32-x86_64\bin\management_ext.dll
Event: 161.989 Attempting to load shared library C:\Users\Dawit.DAWITA\.vscode\extensions\redhat.java-1.56.0-win32-x64\jre\21.0.12.1-win32-x86_64\bin\extnet.dll
Event: 161.991 Loaded shared library C:\Users\Dawit.DAWITA\.vscode\extensions\redhat.java-1.56.0-win32-x64\jre\21.0.12.1-win32-x86_64\bin\extnet.dll
Event: 182.402 Attempting to load shared library C:\Users\Dawit.DAWITA\.vscode\extensions\redhat.java-1.56.0-win32-x64\jre\21.0.12.1-win32-x86_64\bin\sunmscapi.dll
Event: 182.731 Loaded shared library C:\Users\Dawit.DAWITA\.vscode\extensions\redhat.java-1.56.0-win32-x64\jre\21.0.12.1-win32-x86_64\bin\sunmscapi.dll

Deoptimization events (20 events):
Event: 5080.158 Thread 0x000001ed808787a0 Uncommon trap: trap_request=0xffffffde fr.pc=0x000001eddc0d59c0 relative=0x00000000000006e0
Event: 5080.158 Thread 0x000001ed808787a0 Uncommon trap: reason=class_check action=maybe_recompile pc=0x000001eddc0d59c0 method=java.util.LinkedList.addAll(ILjava/util/Collection;)Z @ 6 c2
Event: 5080.158 Thread 0x000001ed808787a0 DEOPT PACKING pc=0x000001eddc0d59c0 sp=0x0000007d113f9f30
Event: 5080.158 Thread 0x000001ed808787a0 DEOPT UNPACKING pc=0x000001eddb8a4422 sp=0x0000007d113f9ea8 mode 2
Event: 14370.076 Thread 0x000001ed808787a0 Uncommon trap: trap_request=0xffffff45 fr.pc=0x000001eddbe145c8 relative=0x0000000000000988
Event: 14370.076 Thread 0x000001ed808787a0 Uncommon trap: reason=unstable_if action=reinterpret pc=0x000001eddbe145c8 method=java.util.regex.Pattern.escape(ZZZ)I @ 8 c2
Event: 14370.076 Thread 0x000001ed808787a0 DEOPT PACKING pc=0x000001eddbe145c8 sp=0x0000007d113f93b0
Event: 14370.076 Thread 0x000001ed808787a0 DEOPT UNPACKING pc=0x000001eddb8a4422 sp=0x0000007d113f9348 mode 2
Event: 14370.076 Thread 0x000001ed808787a0 Uncommon trap: trap_request=0xffffffc6 fr.pc=0x000001eddbe16ca8 relative=0x00000000000008e8
Event: 14370.076 Thread 0x000001ed808787a0 Uncommon trap: reason=bimorphic_or_optimized_type_check action=maybe_recompile pc=0x000001eddbe16ca8 method=java.util.regex.Pattern$Start.match(Ljava/util/regex/Matcher;ILjava/lang/CharSequence;)Z @ 44 c2
Event: 14370.076 Thread 0x000001ed808787a0 DEOPT PACKING pc=0x000001eddbe16ca8 sp=0x0000007d113f9660
Event: 14370.076 Thread 0x000001ed808787a0 DEOPT UNPACKING pc=0x000001eddb8a4422 sp=0x0000007d113f95a0 mode 2
Event: 14370.105 Thread 0x000001ed808787a0 Uncommon trap: trap_request=0xffffffc6 fr.pc=0x000001eddbe16ca8 relative=0x00000000000008e8
Event: 14370.105 Thread 0x000001ed808787a0 Uncommon trap: reason=bimorphic_or_optimized_type_check action=maybe_recompile pc=0x000001eddbe16ca8 method=java.util.regex.Pattern$Start.match(Ljava/util/regex/Matcher;ILjava/lang/CharSequence;)Z @ 44 c2
Event: 14370.105 Thread 0x000001ed808787a0 DEOPT PACKING pc=0x000001eddbe16ca8 sp=0x0000007d113f9660
Event: 14370.105 Thread 0x000001ed808787a0 DEOPT UNPACKING pc=0x000001eddb8a4422 sp=0x0000007d113f95a0 mode 2
Event: 14379.923 Thread 0x000001ed808787a0 Uncommon trap: trap_request=0xffffffde fr.pc=0x000001eddc0d59c0 relative=0x00000000000006e0
Event: 14379.923 Thread 0x000001ed808787a0 Uncommon trap: reason=class_check action=maybe_recompile pc=0x000001eddc0d59c0 method=java.util.LinkedList.addAll(ILjava/util/Collection;)Z @ 6 c2
Event: 14379.923 Thread 0x000001ed808787a0 DEOPT PACKING pc=0x000001eddc0d59c0 sp=0x0000007d113f9f30
Event: 14379.923 Thread 0x000001ed808787a0 DEOPT UNPACKING pc=0x000001eddb8a4422 sp=0x0000007d113f9ea8 mode 2

Classes loaded (20 events):
Event: 5076.209 Loading class jdk/internal/jrtfs/SystemImage$1
Event: 5076.209 Loading class jdk/internal/jrtfs/SystemImage$1 done
Event: 5076.210 Loading class jdk/internal/jimage/ImageReader$SharedImageReader$LocationVisitor
Event: 5076.210 Loading class jdk/internal/jimage/ImageReader$SharedImageReader$LocationVisitor done
Event: 5076.210 Loading class java/nio/ByteBufferAsIntBufferL
Event: 5076.211 Loading class java/nio/ByteBufferAsIntBufferL done
Event: 5076.213 Loading class jdk/internal/jrtfs/JrtFileAttributes
Event: 5076.214 Loading class jdk/internal/jrtfs/JrtFileAttributes done
Event: 5076.214 Loading class jdk/internal/jrtfs/JrtDirectoryStream
Event: 5076.214 Loading class jdk/internal/jrtfs/JrtDirectoryStream done
Event: 5076.261 Loading class jdk/internal/jrtfs/JrtDirectoryStream$1
Event: 5076.261 Loading class jdk/internal/jrtfs/JrtDirectoryStream$1 done
Event: 5076.266 Loading class java/util/function/BooleanSupplier
Event: 5076.266 Loading class java/util/function/BooleanSupplier done
Event: 5076.446 Loading class jdk/internal/jimage/ImageReader$Resource
Event: 5076.446 Loading class jdk/internal/jimage/ImageReader$Resource done
Event: 5079.915 Loading class java/util/WeakHashMap$KeyIterator
Event: 5079.915 Loading class java/util/WeakHashMap$HashIterator
Event: 5079.915 Loading class java/util/WeakHashMap$HashIterator done
Event: 5079.916 Loading class java/util/WeakHashMap$KeyIterator done

Classes unloaded (20 events):
Event: 5072.999 Thread 0x000001ede6ab42c0 Unloading class 0x000001ede80a9400 'java/lang/invoke/LambdaForm$MH+0x000001ede80a9400'
Event: 5072.999 Thread 0x000001ede6ab42c0 Unloading class 0x000001ede80a9000 'java/lang/invoke/LambdaForm$MH+0x000001ede80a9000'
Event: 5072.999 Thread 0x000001ede6ab42c0 Unloading class 0x000001ede80a8c00 'java/lang/invoke/LambdaForm$MH+0x000001ede80a8c00'
Event: 5073.000 Thread 0x000001ede6ab42c0 Unloading class 0x000001ede8098800 'java/lang/invoke/LambdaForm$MH+0x000001ede8098800'
Event: 5073.000 Thread 0x000001ede6ab42c0 Unloading class 0x000001ede8098400 'java/lang/invoke/LambdaForm$MH+0x000001ede8098400'
Event: 5073.000 Thread 0x000001ede6ab42c0 Unloading class 0x000001ede8095c00 'java/lang/invoke/LambdaForm$MH+0x000001ede8095c00'
Event: 5073.000 Thread 0x000001ede6ab42c0 Unloading class 0x000001ede8095800 'java/lang/invoke/LambdaForm$MH+0x000001ede8095800'
Event: 5073.000 Thread 0x000001ede6ab42c0 Unloading class 0x000001ede8094400 'java/lang/invoke/LambdaForm$MH+0x000001ede8094400'
Event: 5073.000 Thread 0x000001ede6ab42c0 Unloading class 0x000001ede8094000 'java/lang/invoke/LambdaForm$MH+0x000001ede8094000'
Event: 5073.000 Thread 0x000001ede6ab42c0 Unloading class 0x000001ede8080000 'java/lang/invoke/LambdaForm$DMH+0x000001ede8080000'
Event: 5073.001 Thread 0x000001ede6ab42c0 Unloading class 0x000001ede802a400 'java/lang/invoke/LambdaForm$MH+0x000001ede802a400'
Event: 5073.001 Thread 0x000001ede6ab42c0 Unloading class 0x000001ede802a000 'java/lang/invoke/LambdaForm$MH+0x000001ede802a000'
Event: 5073.001 Thread 0x000001ede6ab42c0 Unloading class 0x000001ede8029c00 'java/lang/invoke/LambdaForm$MH+0x000001ede8029c00'
Event: 5073.001 Thread 0x000001ede6ab42c0 Unloading class 0x000001ede8028400 'java/lang/invoke/LambdaForm$MH+0x000001ede8028400'
Event: 5073.001 Thread 0x000001ede6ab42c0 Unloading class 0x000001ede801c800 'java/lang/invoke/LambdaForm$MH+0x000001ede801c800'
Event: 5073.001 Thread 0x000001ede6ab42c0 Unloading class 0x000001ede801c400 'java/lang/invoke/LambdaForm$MH+0x000001ede801c400'
Event: 5073.001 Thread 0x000001ede6ab42c0 Unloading class 0x000001ede8002400 'java/lang/invoke/LambdaForm$MH+0x000001ede8002400'
Event: 5073.001 Thread 0x000001ede6ab42c0 Unloading class 0x000001ede8002000 'java/lang/invoke/LambdaForm$MH+0x000001ede8002000'
Event: 5073.001 Thread 0x000001ede6ab42c0 Unloading class 0x000001ede8001c00 'java/lang/invoke/LambdaForm$MH+0x000001ede8001c00'
Event: 5073.001 Thread 0x000001ede6ab42c0 Unloading class 0x000001ede8001400 'java/lang/invoke/LambdaForm$MH+0x000001ede8001400'

Classes redefined (0 events):
No events

Internal exceptions (20 events):
Event: 5071.697 Thread 0x000001ed808787a0 Exception <a 'java/lang/ClassNotFoundException'{0x00000000e6ea5dd0}: java/lang/ObjectCustomizer> (0x00000000e6ea5dd0) 
thrown [s\src\hotspot\share\classfile\systemDictionary.cpp, line 313]
Event: 5071.823 Thread 0x000001ed808787a0 Exception <a 'java/lang/IncompatibleClassChangeError'{0x00000000e6eb6738}: Found class java.lang.Object, but interface was expected> (0x00000000e6eb6738) 
thrown [s\src\hotspot\share\interpreter\linkResolver.cpp, line 840]
Event: 5071.836 Thread 0x000001ed808787a0 Exception <a 'java/lang/ClassNotFoundException'{0x00000000e6ed03f0}: groovy/lang/MetaClassImplCustomizer> (0x00000000e6ed03f0) 
thrown [s\src\hotspot\share\classfile\systemDictionary.cpp, line 313]
Event: 5072.085 Thread 0x000001ed808787a0 Exception <a 'java/lang/ClassNotFoundException'{0x00000000e6ef9978}: groovy/lang/ExpandoMetaClassCustomizer> (0x00000000e6ef9978) 
thrown [s\src\hotspot\share\classfile\systemDictionary.cpp, line 313]
Event: 5080.146 Thread 0x000001ed808787a0 Exception <a 'java/lang/ClassNotFoundException'{0x00000000ee6855d0}: groovy/lang/BindingBeanInfo> (0x00000000ee6855d0) 
thrown [s\src\hotspot\share\classfile\systemDictionary.cpp, line 313]
Event: 5080.148 Thread 0x000001ed808787a0 Exception <a 'java/lang/ClassNotFoundException'{0x00000000ee68d720}: groovy/lang/GroovyObjectSupportBeanInfo> (0x00000000ee68d720) 
thrown [s\src\hotspot\share\classfile\systemDictionary.cpp, line 313]
Event: 5080.150 Thread 0x000001ed808787a0 Exception <a 'java/lang/ClassNotFoundException'{0x00000000ee695890}: groovy/lang/GroovyObjectSupportCustomizer> (0x00000000ee695890) 
thrown [s\src\hotspot\share\classfile\systemDictionary.cpp, line 313]
Event: 5080.154 Thread 0x000001ed808787a0 Exception <a 'java/lang/ClassNotFoundException'{0x00000000ee6a2d38}: groovy/lang/BindingCustomizer> (0x00000000ee6a2d38) 
thrown [s\src\hotspot\share\classfile\systemDictionary.cpp, line 313]
Event: 14363.508 Thread 0x000001ed808787a0 Exception <a 'java/lang/ClassNotFoundException'{0x00000000ee5d2ce0}: javals_elvada6o5ndoh4zc5komub9wtBeanInfo> (0x00000000ee5d2ce0) 
thrown [s\src\hotspot\share\classfile\systemDictionary.cpp, line 313]
Event: 14363.509 Thread 0x000001ed808787a0 Exception <a 'java/lang/ClassNotFoundException'{0x00000000ee5dae78}: org/gradle/initialization/InitScriptBeanInfo> (0x00000000ee5dae78) 
thrown [s\src\hotspot\share\classfile\systemDictionary.cpp, line 313]
Event: 14363.510 Thread 0x000001ed808787a0 Exception <a 'java/lang/ClassNotFoundException'{0x00000000ee5e3100}: org/gradle/groovy/scripts/DefaultScriptBeanInfo> (0x00000000ee5e3100) 
thrown [s\src\hotspot\share\classfile\systemDictionary.cpp, line 313]
Event: 14363.511 Thread 0x000001ed808787a0 Exception <a 'java/lang/ClassNotFoundException'{0x00000000ee5eb2d8}: org/gradle/groovy/scripts/BasicScriptBeanInfo> (0x00000000ee5eb2d8) 
thrown [s\src\hotspot\share\classfile\systemDictionary.cpp, line 313]
Event: 14363.512 Thread 0x000001ed808787a0 Exception <a 'java/lang/ClassNotFoundException'{0x00000000ee5f4470}: org/gradle/groovy/scripts/ScriptBeanInfo> (0x00000000ee5f4470) 
thrown [s\src\hotspot\share\classfile\systemDictionary.cpp, line 313]
Event: 14363.514 Thread 0x000001ed808787a0 Exception <a 'java/lang/ClassNotFoundException'{0x00000000ee5fd400}: groovy/lang/ScriptBeanInfo> (0x00000000ee5fd400) 
thrown [s\src\hotspot\share\classfile\systemDictionary.cpp, line 313]
Event: 14363.515 Thread 0x000001ed808787a0 Exception <a 'java/lang/ClassNotFoundException'{0x00000000ee369e58}: groovy/lang/ScriptCustomizer> (0x00000000ee369e58) 
thrown [s\src\hotspot\share\classfile\systemDictionary.cpp, line 313]
Event: 14363.517 Thread 0x000001ed808787a0 Exception <a 'java/lang/ClassNotFoundException'{0x00000000ee37ac50}: org/gradle/groovy/scripts/ScriptCustomizer> (0x00000000ee37ac50) 
thrown [s\src\hotspot\share\classfile\systemDictionary.cpp, line 313]
Event: 14363.519 Thread 0x000001ed808787a0 Exception <a 'java/lang/ClassNotFoundException'{0x00000000ee389b30}: org/gradle/groovy/scripts/BasicScriptCustomizer> (0x00000000ee389b30) 
thrown [s\src\hotspot\share\classfile\systemDictionary.cpp, line 313]
Event: 14363.523 Thread 0x000001ed808787a0 Exception <a 'java/lang/ClassNotFoundException'{0x00000000ee39f108}: org/gradle/groovy/scripts/DefaultScriptCustomizer> (0x00000000ee39f108) 
thrown [s\src\hotspot\share\classfile\systemDictionary.cpp, line 313]
Event: 14370.139 Thread 0x000001ed808787a0 Exception <a 'java/lang/ClassNotFoundException'{0x00000000ee3c46a8}: org/gradle/initialization/InitScriptCustomizer> (0x00000000ee3c46a8) 
thrown [s\src\hotspot\share\classfile\systemDictionary.cpp, line 313]
Event: 14379.870 Thread 0x000001ed808787a0 Exception <a 'java/lang/ClassNotFoundException'{0x00000000ee3d2838}: javals_elvada6o5ndoh4zc5komub9wtCustomizer> (0x00000000ee3d2838) 
thrown [s\src\hotspot\share\classfile\systemDictionary.cpp, line 313]

ZGC Phase Switch (0 events):
No events

VM Operations (20 events):
Event: 5076.212 Executing non-safepoint VM operation: HandshakeAllThreads (Deoptimize)
Event: 5076.212 Executing non-safepoint VM operation: HandshakeAllThreads (Deoptimize) done
Event: 5077.220 Executing safepoint VM operation: Cleanup
Event: 5077.264 Executing safepoint VM operation: Cleanup done
Event: 5078.276 Executing safepoint VM operation: Cleanup
Event: 5078.434 Executing safepoint VM operation: Cleanup done
Event: 5079.441 Executing safepoint VM operation: Cleanup
Event: 5079.895 Executing safepoint VM operation: Cleanup done
Event: 5080.903 Executing safepoint VM operation: Cleanup
Event: 5080.950 Executing safepoint VM operation: Cleanup done
Event: 14360.522 Executing non-safepoint VM operation: HandshakeAllThreads (HandshakeForDeflation)
Event: 14362.289 Executing non-safepoint VM operation: HandshakeAllThreads (HandshakeForDeflation) done
Event: 14362.289 Executing safepoint VM operation: Cleanup
Event: 14363.504 Executing safepoint VM operation: Cleanup done
Event: 14363.504 Executing non-safepoint VM operation: RendezvousGCThreads
Event: 14363.504 Executing non-safepoint VM operation: RendezvousGCThreads done
Event: 14364.512 Executing safepoint VM operation: Cleanup
Event: 14370.049 Executing safepoint VM operation: Cleanup done
Event: 14371.134 Executing safepoint VM operation: Cleanup
Event: 14379.760 Executing safepoint VM operation: Cleanup done

Memory protections (0 events):
No events

Nmethod flushes (20 events):
Event: 5073.114 Thread 0x000001ede6ab42c0 flushing  nmethod 0x000001edd4497390
Event: 5073.114 Thread 0x000001ede6ab42c0 flushing  nmethod 0x000001edd4498990
Event: 5073.114 Thread 0x000001ede6ab42c0 flushing  nmethod 0x000001edd4499990
Event: 5073.114 Thread 0x000001ede6ab42c0 flushing  nmethod 0x000001edd449aa10
Event: 5073.114 Thread 0x000001ede6ab42c0 flushing  nmethod 0x000001edd449d410
Event: 5073.114 Thread 0x000001ede6ab42c0 flushing  nmethod 0x000001edd449d910
Event: 5073.114 Thread 0x000001ede6ab42c0 flushing  nmethod 0x000001edd449e290
Event: 5073.114 Thread 0x000001ede6ab42c0 flushing  nmethod 0x000001edd44a2910
Event: 5073.114 Thread 0x000001ede6ab42c0 flushing  nmethod 0x000001edd4516c90
Event: 5073.114 Thread 0x000001ede6ab42c0 flushing  nmethod 0x000001edd451cd90
Event: 5073.114 Thread 0x000001ede6ab42c0 flushing  nmethod 0x000001edd4523510
Event: 5073.114 Thread 0x000001ede6ab42c0 flushing  nmethod 0x000001edd4562a10
Event: 5073.114 Thread 0x000001ede6ab42c0 flushing  nmethod 0x000001edd456c590
Event: 5073.114 Thread 0x000001ede6ab42c0 flushing  nmethod 0x000001edd4640e90
Event: 5073.114 Thread 0x000001ede6ab42c0 flushing  nmethod 0x000001edd4757f10
Event: 5073.114 Thread 0x000001ede6ab42c0 flushing  nmethod 0x000001edd479d890
Event: 5073.114 Thread 0x000001ede6ab42c0 flushing  nmethod 0x000001edd479e090
Event: 5073.114 Thread 0x000001ede6ab42c0 flushing  nmethod 0x000001edd47a0310
Event: 5073.114 Thread 0x000001ede6ab42c0 flushing  nmethod 0x000001edd498b810
Event: 5073.114 Thread 0x000001ede6ab42c0 flushing  nmethod 0x000001edd499b190

Events (20 events):
Event: 263.934 Thread 0x000001ed808787a0 Thread added: 0x000001ed814ab3c0
Event: 264.859 Thread 0x000001ed808787a0 Thread added: 0x000001ed833c3a90
Event: 279.686 Thread 0x000001ed808787a0 Thread added: 0x000001ed833c2050
Event: 279.751 Thread 0x000001ed808787a0 Thread added: 0x000001ed833c4e40
Event: 294.944 Thread 0x000001ed808787a0 Thread added: 0x000001ed833c54d0
Event: 297.515 Thread 0x000001ed808787a0 Thread added: 0x000001ed833c5b60
Event: 304.682 Thread 0x000001ed808787a0 Thread added: 0x000001ed833c26e0
Event: 311.921 Thread 0x000001ed808787a0 Thread added: 0x000001ed833c2d70
Event: 316.030 Thread 0x000001ede6ade840 Thread added: 0x000001ed83c11310
Event: 316.296 Thread 0x000001ed83c11310 Thread exited: 0x000001ed83c11310
Event: 390.560 Thread 0x000001ed814ace00 Thread exited: 0x000001ed814ace00
Event: 441.932 Thread 0x000001ed814ac0e0 Thread added: 0x000001ed833c4120
Event: 519.346 Thread 0x000001ed833c4120 Thread exited: 0x000001ed833c4120
Event: 3442.734 Thread 0x000001ed814ac0e0 Thread added: 0x000001ed833c61f0
Event: 3446.711 Thread 0x000001ed808787a0 Thread added: 0x000001ed833c3400
Event: 3531.382 Thread 0x000001ed833c61f0 Thread exited: 0x000001ed833c61f0
Event: 3644.017 Thread 0x000001ed814ac0e0 Thread added: 0x000001ed833c61f0
Event: 3704.101 Thread 0x000001ed833c61f0 Thread exited: 0x000001ed833c61f0
Event: 5019.902 Thread 0x000001ed814ac0e0 Thread added: 0x000001ed833c6f10
Event: 5020.381 Thread 0x000001ed808787a0 Thread added: 0x000001ed833c75a0


Dynamic libraries:
0x00007ff78b490000 - 0x00007ff78b49e000 	C:\Users\Dawit.DAWITA\.vscode\extensions\redhat.java-1.56.0-win32-x64\jre\21.0.12.1-win32-x86_64\bin\java.exe
0x00007ffaf8ac0000 - 0x00007ffaf8d27000 	C:\WINDOWS\SYSTEM32\ntdll.dll
0x00007ffaf6c70000 - 0x00007ffaf6d3b000 	C:\WINDOWS\System32\KERNEL32.DLL
0x00007ffaf5e10000 - 0x00007ffaf6211000 	C:\WINDOWS\System32\KERNELBASE.dll
0x00007ffaf6680000 - 0x00007ffaf67cc000 	C:\WINDOWS\System32\ucrtbase.dll
0x00007ffa513b0000 - 0x00007ffa513c8000 	C:\Users\Dawit.DAWITA\.vscode\extensions\redhat.java-1.56.0-win32-x64\jre\21.0.12.1-win32-x86_64\bin\jli.dll
0x00007ffaf8050000 - 0x00007ffaf8227000 	C:\WINDOWS\System32\USER32.dll
0x00007ffaf62e0000 - 0x00007ffaf6307000 	C:\WINDOWS\System32\win32u.dll
0x00007ffaf74f0000 - 0x00007ffaf751b000 	C:\WINDOWS\System32\GDI32.dll
0x00007ffaf6550000 - 0x00007ffaf6678000 	C:\WINDOWS\System32\gdi32full.dll
0x00007ffaf6310000 - 0x00007ffaf63b3000 	C:\WINDOWS\System32\msvcp_win.dll
0x00007ffa51390000 - 0x00007ffa513ae000 	C:\Users\Dawit.DAWITA\.vscode\extensions\redhat.java-1.56.0-win32-x64\jre\21.0.12.1-win32-x86_64\bin\VCRUNTIME140.dll
0x00007ffada7a0000 - 0x00007ffadaa30000 	C:\WINDOWS\WinSxS\amd64_microsoft.windows.common-controls_6595b64144ccf1df_6.0.26100.9549_none_3e0a0396e3330090\COMCTL32.dll
0x00007ffaf6b70000 - 0x00007ffaf6c19000 	C:\WINDOWS\System32\msvcrt.dll
0x00007ffaf7d50000 - 0x00007ffaf7d81000 	C:\WINDOWS\System32\IMM32.DLL
0x00007ffabfdc0000 - 0x00007ffabfdcc000 	C:\Users\Dawit.DAWITA\.vscode\extensions\redhat.java-1.56.0-win32-x64\jre\21.0.12.1-win32-x86_64\bin\vcruntime140_1.dll
0x00007ffa51300000 - 0x00007ffa5138d000 	C:\Users\Dawit.DAWITA\.vscode\extensions\redhat.java-1.56.0-win32-x64\jre\21.0.12.1-win32-x86_64\bin\msvcp140.dll
0x00007ffa50490000 - 0x00007ffa51232000 	C:\Users\Dawit.DAWITA\.vscode\extensions\redhat.java-1.56.0-win32-x64\jre\21.0.12.1-win32-x86_64\bin\server\jvm.dll
0x00007ffaf8950000 - 0x00007ffaf8a0b000 	C:\WINDOWS\System32\ADVAPI32.dll
0x00007ffaf8230000 - 0x00007ffaf82d8000 	C:\WINDOWS\System32\sechost.dll
0x00007ffaf7f30000 - 0x00007ffaf8048000 	C:\WINDOWS\System32\RPCRT4.dll
0x00007ffaf8710000 - 0x00007ffaf8791000 	C:\WINDOWS\System32\WS2_32.dll
0x00007ffaf5b10000 - 0x00007ffaf5b6e000 	C:\WINDOWS\SYSTEM32\POWRPROF.dll
0x00007ffadc210000 - 0x00007ffadc247000 	C:\WINDOWS\SYSTEM32\WINMM.dll
0x00007ffae7c80000 - 0x00007ffae7c8b000 	C:\WINDOWS\SYSTEM32\VERSION.dll
0x00007ffaf5af0000 - 0x00007ffaf5b05000 	C:\WINDOWS\SYSTEM32\UMPDC.dll
0x00007ffaf4960000 - 0x00007ffaf497b000 	C:\WINDOWS\SYSTEM32\kernel.appcore.dll
0x00007ffaba930000 - 0x00007ffaba93a000 	C:\Users\Dawit.DAWITA\.vscode\extensions\redhat.java-1.56.0-win32-x64\jre\21.0.12.1-win32-x86_64\bin\jimage.dll
0x00007ffaf29d0000 - 0x00007ffaf2c1c000 	C:\WINDOWS\SYSTEM32\DBGHELP.DLL
0x00007ffaf67e0000 - 0x00007ffaf6b6a000 	C:\WINDOWS\System32\combase.dll
0x00007ffaf8450000 - 0x00007ffaf8529000 	C:\WINDOWS\System32\OLEAUT32.dll
0x00007ffad6b70000 - 0x00007ffad6bab000 	C:\WINDOWS\SYSTEM32\dbgcore.DLL
0x00007ffaf6220000 - 0x00007ffaf62cc000 	C:\WINDOWS\System32\bcryptPrimitives.dll
0x00007ffae81f0000 - 0x00007ffae81ff000 	C:\Users\Dawit.DAWITA\.vscode\extensions\redhat.java-1.56.0-win32-x64\jre\21.0.12.1-win32-x86_64\bin\instrument.dll
0x00007ffa50470000 - 0x00007ffa50490000 	C:\Users\Dawit.DAWITA\.vscode\extensions\redhat.java-1.56.0-win32-x64\jre\21.0.12.1-win32-x86_64\bin\java.dll
0x00007ffaf6d40000 - 0x00007ffaf74dc000 	C:\WINDOWS\System32\SHELL32.dll
0x00007ffaf3740000 - 0x00007ffaf3fed000 	C:\WINDOWS\SYSTEM32\windows.storage.dll
0x00007ffaf87a0000 - 0x00007ffaf8899000 	C:\WINDOWS\System32\SHCORE.dll
0x00007ffaf8a10000 - 0x00007ffaf8a76000 	C:\WINDOWS\System32\shlwapi.dll
0x00007ffaf5bd0000 - 0x00007ffaf5bf9000 	C:\WINDOWS\SYSTEM32\profapi.dll
0x00007ffa503f0000 - 0x00007ffa50408000 	C:\Users\Dawit.DAWITA\.vscode\extensions\redhat.java-1.56.0-win32-x64\jre\21.0.12.1-win32-x86_64\bin\zip.dll
0x00007ffaae710000 - 0x00007ffaae720000 	C:\Users\Dawit.DAWITA\.vscode\extensions\redhat.java-1.56.0-win32-x64\jre\21.0.12.1-win32-x86_64\bin\net.dll
0x00007ffae7750000 - 0x00007ffae787a000 	C:\WINDOWS\SYSTEM32\WINHTTP.dll
0x00007ffaf4f20000 - 0x00007ffaf4f8c000 	C:\WINDOWS\system32\mswsock.dll
0x00007ffa51860000 - 0x00007ffa51876000 	C:\Users\Dawit.DAWITA\.vscode\extensions\redhat.java-1.56.0-win32-x64\jre\21.0.12.1-win32-x86_64\bin\nio.dll
0x00007ffae81e0000 - 0x00007ffae81f0000 	C:\Users\Dawit.DAWITA\.vscode\extensions\redhat.java-1.56.0-win32-x64\jre\21.0.12.1-win32-x86_64\bin\verify.dll
0x00007ffa520f0000 - 0x00007ffa52117000 	C:\Users\Dawit.DAWITA\.gradle\native\c067742578af261105cb4f569cf0c3c89f3d7b1fecec35dd04571415982c5e48\windows-amd64\native-platform.dll
0x00007ffa71ca0000 - 0x00007ffa71de4000 	C:\Users\Dawit.DAWITA\.gradle\native\100fb08df4bc3b14c8652ba06237920a3bd2aa13389f12d3474272988ae205f9\windows-amd64\native-platform-file-events.dll
0x00007ffad7980000 - 0x00007ffad798a000 	C:\Users\Dawit.DAWITA\.vscode\extensions\redhat.java-1.56.0-win32-x64\jre\21.0.12.1-win32-x86_64\bin\management.dll
0x00007ffad7970000 - 0x00007ffad797c000 	C:\Users\Dawit.DAWITA\.vscode\extensions\redhat.java-1.56.0-win32-x64\jre\21.0.12.1-win32-x86_64\bin\management_ext.dll
0x00007ffaf88c0000 - 0x00007ffaf88c8000 	C:\WINDOWS\System32\PSAPI.DLL
0x00007ffaf5210000 - 0x00007ffaf522b000 	C:\WINDOWS\SYSTEM32\CRYPTSP.dll
0x00007ffaf48c0000 - 0x00007ffaf48f9000 	C:\WINDOWS\system32\rsaenh.dll
0x00007ffaf4fd0000 - 0x00007ffaf5004000 	C:\WINDOWS\SYSTEM32\USERENV.dll
0x00007ffaf5ba0000 - 0x00007ffaf5bca000 	C:\WINDOWS\SYSTEM32\bcrypt.dll
0x00007ffaf5230000 - 0x00007ffaf523c000 	C:\WINDOWS\SYSTEM32\CRYPTBASE.dll
0x00007ffaf43e0000 - 0x00007ffaf4413000 	C:\WINDOWS\SYSTEM32\IPHLPAPI.DLL
0x00007ffaf88b0000 - 0x00007ffaf88ba000 	C:\WINDOWS\System32\NSI.dll
0x00007ffa7d790000 - 0x00007ffa7d799000 	C:\Users\Dawit.DAWITA\.vscode\extensions\redhat.java-1.56.0-win32-x64\jre\21.0.12.1-win32-x86_64\bin\extnet.dll
0x00007ffa84180000 - 0x00007ffa8418e000 	C:\Users\Dawit.DAWITA\.vscode\extensions\redhat.java-1.56.0-win32-x64\jre\21.0.12.1-win32-x86_64\bin\sunmscapi.dll
0x00007ffaf63c0000 - 0x00007ffaf653f000 	C:\WINDOWS\System32\CRYPT32.dll
0x00007ffaf5470000 - 0x00007ffaf54a0000 	C:\WINDOWS\SYSTEM32\ncrypt.dll
0x00007ffaf5420000 - 0x00007ffaf545f000 	C:\WINDOWS\SYSTEM32\NTASN1.dll
0x00007ffac5700000 - 0x00007ffac5708000 	C:\WINDOWS\system32\wshunix.dll

JVMTI agents:
C:\Users\Dawit.DAWITA\.gradle\wrapper\dists\gradle-8.9-bin\90cnw93cvbtalezasaz0blq0a\gradle-8.9\lib\agents\gradle-instrumentation-agent-8.9.jar path:C:\Users\Dawit.DAWITA\.vscode\extensions\redhat.java-1.56.0-win32-x64\jre\21.0.12.1-win32-x86_64\bin\instrument.dll, loaded, initialized, instrumentlib options:none

dbghelp: loaded successfully - version: 4.0.5 - missing functions: none
symbol engine: initialized successfully - sym options: 0x614 - pdb path: .;C:\Users\Dawit.DAWITA\.vscode\extensions\redhat.java-1.56.0-win32-x64\jre\21.0.12.1-win32-x86_64\bin;C:\WINDOWS\SYSTEM32;C:\WINDOWS\WinSxS\amd64_microsoft.windows.common-controls_6595b64144ccf1df_6.0.26100.9549_none_3e0a0396e3330090;C:\Users\Dawit.DAWITA\.vscode\extensions\redhat.java-1.56.0-win32-x64\jre\21.0.12.1-win32-x86_64\bin\server;C:\Users\Dawit.DAWITA\.gradle\native\c067742578af261105cb4f569cf0c3c89f3d7b1fecec35dd04571415982c5e48\windows-amd64;C:\Users\Dawit.DAWITA\.gradle\native\100fb08df4bc3b14c8652ba06237920a3bd2aa13389f12d3474272988ae205f9\windows-amd64

VM Arguments:
jvm_args: --add-opens=java.base/java.util=ALL-UNNAMED --add-opens=java.base/java.lang=ALL-UNNAMED --add-opens=java.base/java.lang.invoke=ALL-UNNAMED --add-opens=java.prefs/java.util.prefs=ALL-UNNAMED --add-exports=jdk.compiler/com.sun.tools.javac.api=ALL-UNNAMED --add-exports=jdk.compiler/com.sun.tools.javac.util=ALL-UNNAMED --add-opens=java.base/java.nio.charset=ALL-UNNAMED --add-opens=java.base/java.net=ALL-UNNAMED --add-opens=java.base/java.util.concurrent.atomic=ALL-UNNAMED -XX:MaxMetaspaceSize=384m -XX:+HeapDumpOnOutOfMemoryError -Xms256m -Xmx512m -Dfile.encoding=utf8 -Duser.country=US -Duser.language=en -Duser.variant -javaagent:C:\Users\Dawit.DAWITA\.gradle\wrapper\dists\gradle-8.9-bin\90cnw93cvbtalezasaz0blq0a\gradle-8.9\lib\agents\gradle-instrumentation-agent-8.9.jar 
java_command: org.gradle.launcher.daemon.bootstrap.GradleDaemon 8.9
java_class_path (initial): C:\Users\Dawit.DAWITA\.gradle\wrapper\dists\gradle-8.9-bin\90cnw93cvbtalezasaz0blq0a\gradle-8.9\lib\gradle-daemon-main-8.9.jar
Launcher Type: SUN_STANDARD

[Global flags]
     intx CICompilerCount                          = 4                                         {product} {ergonomic}
   size_t CompressedClassSpaceSize                 = 335544320                                 {product} {ergonomic}
     uint ConcGCThreads                            = 2                                         {product} {ergonomic}
     uint G1ConcRefinementThreads                  = 8                                         {product} {ergonomic}
   size_t G1HeapRegionSize                         = 1048576                                   {product} {ergonomic}
    uintx GCDrainStackTargetSize                   = 64                                        {product} {ergonomic}
     bool HeapDumpOnOutOfMemoryError               = true                                   {manageable} {command line}
   size_t InitialHeapSize                          = 268435456                                 {product} {command line}
   size_t MarkStackSize                            = 4194304                                   {product} {ergonomic}
   size_t MaxHeapSize                              = 536870912                                 {product} {command line}
   size_t MaxMetaspaceSize                         = 402653184                                 {product} {command line}
   size_t MaxNewSize                               = 321912832                                 {product} {ergonomic}
   size_t MinHeapDeltaBytes                        = 1048576                                   {product} {ergonomic}
   size_t MinHeapSize                              = 268435456                                 {product} {command line}
    uintx NonNMethodCodeHeapSize                   = 5839372                                {pd product} {ergonomic}
    uintx NonProfiledCodeHeapSize                  = 122909434                              {pd product} {ergonomic}
    uintx ProfiledCodeHeapSize                     = 122909434                              {pd product} {ergonomic}
    uintx ReservedCodeCacheSize                    = 251658240                              {pd product} {ergonomic}
     bool SegmentedCodeCache                       = true                                      {product} {ergonomic}
   size_t SoftMaxHeapSize                          = 536870912                              {manageable} {ergonomic}
     bool UseCompressedOops                        = true                           {product lp64_product} {ergonomic}
     bool UseG1GC                                  = true                                      {product} {ergonomic}
     bool UseLargePagesIndividualAllocation        = false                                  {pd product} {ergonomic}

Logging:
Log output configuration:
 #0: stdout all=warning uptime,level,tags foldmultilines=false
 #1: stderr all=off uptime,level,tags foldmultilines=false

Release file:
JAVA_VERSION="21.0.12.1" 
MODULES="java.base java.compiler java.datatransfer java.xml java.prefs java.desktop java.instrument java.logging java.management java.security.sasl java.naming java.rmi java.management.rmi java.net.http java.scripting java.security.jgss java.transaction.xa java.sql java.sql.rowset java.xml.crypto java.se java.smartcardio jdk.accessibility jdk.internal.jvmstat jdk.attach jdk.charsets jdk.internal.opt jdk.zipfs jdk.compiler jdk.crypto.ec jdk.crypto.cryptoki jdk.crypto.mscapi jdk.dynalink jdk.internal.ed jdk.editpad jdk.hotspot.agent jdk.httpserver jdk.internal.le jdk.internal.vm.ci jdk.internal.vm.compiler jdk.internal.vm.compiler.management jdk.jartool jdk.javadoc jdk.jcmd jdk.management jdk.management.agent jdk.jconsole jdk.jdeps jdk.jdwp.agent jdk.jdi jdk.jfr jdk.jshell jdk.jsobject jdk.jstatd jdk.localedata jdk.management.jfr jdk.naming.dns jdk.naming.rmi jdk.net jdk.nio.mapmode jdk.random jdk.sctp jdk.security.auth jdk.security.jgss jdk.unsupported jdk.unsupported.desktop jdk.xml.dom" 

Environment Variables:
JAVA_HOME=C:\Users\Dawit.DAWITA\AppData\Local\Java\jdk-21.0.2+13
PATH=C:\Program Files (x86)\VMware\VMware Workstation\bin\;C:\Program Files (x86)\VMware\VMware Player\bin\;C:\Program Files\Common Files\Oracle\Java\javapath;C:\Program Files\Eclipse Adoptium\jdk-17.0.17.10-hotspot\bin;C:\Program Files\Eclipse Adoptium\jdk-21.0.9.10-hotspot\bin;C:\WINDOWS\system32;C:\WINDOWS;C:\WINDOWS\System32\Wbem;C:\WINDOWS\System32\WindowsPowerShell\v1.0\;C:\WINDOWS\System32\OpenSSH\;C:\Program Files\nodejs\;C:\Program Files\PyManager\;C:\Program Files\Git\cmd;C:\Program Files\WSL\;C:\Program Files\Docker\Docker\resources\bin;C:\Users\Dawit.DAWITA\AppData\Local\Java\jdk-21.0.2+13\bin;C:\Users\Dawit.DAWITA\AppData\Local\Microsoft\WindowsApps;C:\Users\Dawit.DAWITA\AppData\Local\Programs\Microsoft VS Code\bin;C:\Program Files\JetBrains\PyCharm Community Edition 2023.1.1\bin;;%USERPROFILE%\AppData\Local\Microsoft\WindowsApps
USERNAME=Dawit
OS=Windows_NT
PROCESSOR_IDENTIFIER=Intel64 Family 6 Model 142 Stepping 12, GenuineIntel
TMP=C:\Users\DAWIT~1.DAW\AppData\Local\Temp
TEMP=C:\Users\DAWIT~1.DAW\AppData\Local\Temp




Periodic native trim disabled

---------------  S Y S T E M  ---------------

OS:
 Windows 11 , 64 bit Build 26100 (10.0.26100.9549)
OS uptime: 0 days 5:28 hours
Hyper-V role detected

CPU: total 8 (initial active 8) (4 cores per cpu, 2 threads per core) family 6 model 142 stepping 12 microcode 0xfc, cx8, cmov, fxsr, ht, mmx, 3dnowpref, sse, sse2, sse3, ssse3, sse4.1, sse4.2, popcnt, lzcnt, tsc, tscinvbit, avx, avx2, aes, erms, clmul, bmi1, bmi2, adx, fma, vzeroupper, clflush, clflushopt, hv, rdtscp, f16c
Processor Information for the first 8 processors :
  Max Mhz: 1992, Current Mhz: 1792, Mhz Limit: 1792

Memory: 4k page, system-wide physical 32615M (727M free)
TotalPageFile size 130919M (AvailPageFile size 0M)
current process WorkingSet (physical memory assigned to process): 185M, peak: 226M
current process commit charge ("private bytes"): 429M, peak: 444M

vm_info: OpenJDK 64-Bit Server VM (21.0.12.1+1-LTS) for windows-amd64 JRE (21.0.12.1+1-LTS), built on 2026-08-18T00:00:00Z by "admin" with MS VC++ 17.12 (VS2022)

END.
