#
# There is insufficient memory for the Java Runtime Environment to continue.
# Native memory allocation (malloc) failed to allocate 65552 bytes. Error detail: Chunk::new
# Possible reasons:
#   The system is out of physical RAM or swap space
#   This process is running with CompressedOops enabled, and the Java Heap may be blocking the growth of the native heap
# Possible solutions:
#   Reduce memory load on the system
#   Increase physical memory or swap space
#   Check if swap backing store is full
#   Decrease Java heap size (-Xmx/-Xms)
#   Decrease number of Java threads
#   Decrease Java thread stack sizes (-Xss)
#   Set larger code cache with -XX:ReservedCodeCacheSize=
#   JVM is running with Unscaled Compressed Oops mode in which the Java heap is
#     placed in the first 4GB address space. The Java Heap base address is the
#     maximum limit for the native heap growth. Please use -XX:HeapBaseMinAddress
#     to set the Java Heap base and to place the Java Heap above 4GB virtual address.
# This output file may be truncated or incomplete.
#
#  Out of Memory Error (arena.cpp:168), pid=95832, tid=95796
#
# JRE version: OpenJDK Runtime Environment Temurin-21.0.12.1+1 (21.0.12.1+1) (build 21.0.12.1+1-LTS)
# Java VM: OpenJDK 64-Bit Server VM Temurin-21.0.12.1+1 (21.0.12.1+1-LTS, mixed mode, sharing, tiered, compressed oops, compressed class ptrs, g1 gc, windows-amd64)
# No core dump will be written. Minidumps are not enabled by default on client versions of Windows
#

---------------  S U M M A R Y ------------

Command Line: --add-opens=java.base/java.lang=ALL-UNNAMED --add-opens=java.base/java.lang.invoke=ALL-UNNAMED --add-opens=java.base/java.util=ALL-UNNAMED --add-opens=java.prefs/java.util.prefs=ALL-UNNAMED --add-exports=jdk.compiler/com.sun.tools.javac.api=ALL-UNNAMED --add-exports=jdk.compiler/com.sun.tools.javac.util=ALL-UNNAMED --add-opens=java.base/java.util=ALL-UNNAMED --add-opens=java.prefs/java.util.prefs=ALL-UNNAMED --add-opens=java.base/java.nio.charset=ALL-UNNAMED --add-opens=java.base/java.net=ALL-UNNAMED --add-opens=java.base/java.util.concurrent.atomic=ALL-UNNAMED --add-opens=java.xml/javax.xml.namespace=ALL-UNNAMED -Xmx1536m -Dfile.encoding=UTF-8 -Duser.country=US -Duser.language=en -Duser.variant -javaagent:C:\Users\Dawit.DAWITA\.gradle\wrapper\dists\gradle-8.11.1-all\2qik7nd48slq1ooc2496ixf4i\gradle-8.11.1\lib\agents\gradle-instrumentation-agent-8.11.1.jar org.gradle.launcher.daemon.bootstrap.GradleDaemon 8.11.1

Host: Intel(R) Core(TM) i7-8565U CPU @ 1.80GHz, 8 cores, 31G,  Windows 11 , 64 bit Build 26100 (10.0.26100.9549)
Time: Wed Oct  7 16:53:04 2026 E. Africa Standard Time elapsed time: 11978.232429 seconds (0d 3h 19m 38s)

---------------  T H R E A D  ---------------

Current thread (0x0000015b353af850):  JavaThread "C2 CompilerThread0" daemon [_thread_in_native, id=95796, stack(0x0000002b1b800000,0x0000002b1b900000) (1024K)]


Current CompileTask:
C2:11978232 4896       4       java.lang.management.DefaultPlatformMBeanProvider$6::nameToMBeanMap (85 bytes)

Stack: [0x0000002b1b800000,0x0000002b1b900000]
Native frames: (J=compiled Java code, j=interpreted, Vv=VM code, C=native code)
V  [jvm.dll+0x6d83e9]
V  [jvm.dll+0x8b5736]
V  [jvm.dll+0x8b7cee]
V  [jvm.dll+0x8b83d3]
V  [jvm.dll+0x284596]
V  [jvm.dll+0xc685d]
V  [jvm.dll+0xc6da1]
V  [jvm.dll+0x6ff435]
V  [jvm.dll+0x6ff895]
V  [jvm.dll+0x701acd]
V  [jvm.dll+0x6ffe83]
V  [jvm.dll+0x24dfc0]
V  [jvm.dll+0x24bbe6]
V  [jvm.dll+0x1cb4ae]
V  [jvm.dll+0x25baad]
V  [jvm.dll+0x25a03a]
V  [jvm.dll+0x3f8aae]
V  [jvm.dll+0x8600cd]
V  [jvm.dll+0x6d6c1d]
C  [ucrtbase.dll+0x2cd30]
C  [KERNEL32.DLL+0x2cdf7]
C  [ntdll.dll+0x7ee4c]


---------------  P R O C E S S  ---------------

Threads class SMR info:
_java_thread_list=0x0000015b7d72b4e0, length=33, elements={
0x0000015b1e4cf410, 0x0000015b353a8ec0, 0x0000015b353aa490, 0x0000015b353ade00,
0x0000015b353aeac0, 0x0000015b353b1a00, 0x0000015b353b2460, 0x0000015b353af850,
0x0000015b3542cc10, 0x0000015b3559e6e0, 0x0000015b3564fbd0, 0x0000015b7ba82180,
0x0000015b355bf4a0, 0x0000015b7baf9730, 0x0000015b7c037960, 0x0000015b7bf72430,
0x0000015b7bdfc0d0, 0x0000015b7bdfc760, 0x0000015b7bdfd480, 0x0000015b7bdfa690,
0x0000015b7bdfba40, 0x0000015b7bdfad20, 0x0000015b7bdfdb10, 0x0000015b7bdfcdf0,
0x0000015b7ce73530, 0x0000015b7ce71af0, 0x0000015b7ce72ea0, 0x0000015b7ce73bc0,
0x0000015b7ce75600, 0x0000015b7ce74f70, 0x0000015b7ce75c90, 0x0000015b7ce748e0,
0x0000015b7ce74250
}

Java Threads: ( => current thread )
  0x0000015b1e4cf410 JavaThread "main"                              [_thread_blocked, id=92960, stack(0x0000002b1a900000,0x0000002b1aa00000) (1024K)]
  0x0000015b353a8ec0 JavaThread "Reference Handler"          daemon [_thread_blocked, id=94616, stack(0x0000002b1b200000,0x0000002b1b300000) (1024K)]
  0x0000015b353aa490 JavaThread "Finalizer"                  daemon [_thread_blocked, id=90176, stack(0x0000002b1b300000,0x0000002b1b400000) (1024K)]
  0x0000015b353ade00 JavaThread "Signal Dispatcher"          daemon [_thread_blocked, id=55084, stack(0x0000002b1b400000,0x0000002b1b500000) (1024K)]
  0x0000015b353aeac0 JavaThread "Attach Listener"            daemon [_thread_blocked, id=72580, stack(0x0000002b1b500000,0x0000002b1b600000) (1024K)]
  0x0000015b353b1a00 JavaThread "Service Thread"             daemon [_thread_blocked, id=91616, stack(0x0000002b1b600000,0x0000002b1b700000) (1024K)]
  0x0000015b353b2460 JavaThread "Monitor Deflation Thread"   daemon [_thread_blocked, id=37124, stack(0x0000002b1b700000,0x0000002b1b800000) (1024K)]
=>0x0000015b353af850 JavaThread "C2 CompilerThread0"         daemon [_thread_in_native, id=95796, stack(0x0000002b1b800000,0x0000002b1b900000) (1024K)]
  0x0000015b3542cc10 JavaThread "C1 CompilerThread0"         daemon [_thread_blocked, id=48188, stack(0x0000002b1b900000,0x0000002b1ba00000) (1024K)]
  0x0000015b3559e6e0 JavaThread "Common-Cleaner"             daemon [_thread_blocked, id=56076, stack(0x0000002b1ba00000,0x0000002b1bb00000) (1024K)]
  0x0000015b3564fbd0 JavaThread "Notification Thread"        daemon [_thread_blocked, id=91156, stack(0x0000002b1bb00000,0x0000002b1bc00000) (1024K)]
  0x0000015b7ba82180 JavaThread "Daemon health stats"               [_thread_in_Java, id=49256, stack(0x0000002b1c200000,0x0000002b1c300000) (1024K)]
  0x0000015b355bf4a0 JavaThread "Incoming local TCP Connector on port 62193"        [_thread_in_native, id=53512, stack(0x0000002b1c500000,0x0000002b1c600000) (1024K)]
  0x0000015b7baf9730 JavaThread "Daemon periodic checks"            [_thread_in_native, id=92076, stack(0x0000002b1c100000,0x0000002b1c200000) (1024K)]
  0x0000015b7c037960 JavaThread "Daemon"                            [_thread_blocked, id=16848, stack(0x0000002b1c600000,0x0000002b1c700000) (1024K)]
  0x0000015b7bf72430 JavaThread "Handler for socket connection from /127.0.0.1:62193 to /127.0.0.1:58694"        [_thread_in_native, id=97728, stack(0x0000002b1c700000,0x0000002b1c800000) (1024K)]
  0x0000015b7bdfc0d0 JavaThread "Cancel handler"                    [_thread_blocked, id=8428, stack(0x0000002b1c800000,0x0000002b1c900000) (1024K)]
  0x0000015b7bdfc760 JavaThread "Daemon worker"                     [_thread_blocked, id=90320, stack(0x0000002b1c900000,0x0000002b1ca00000) (1024K)]
  0x0000015b7bdfd480 JavaThread "Asynchronous log dispatcher for DefaultDaemonConnection: socket connection from /127.0.0.1:62193 to /127.0.0.1:58694"        [_thread_blocked, id=91264, stack(0x0000002b1ca00000,0x0000002b1cb00000) (1024K)]
  0x0000015b7bdfa690 JavaThread "Stdin handler"                     [_thread_blocked, id=27720, stack(0x0000002b1cb00000,0x0000002b1cc00000) (1024K)]
  0x0000015b7bdfba40 JavaThread "Daemon client event forwarder"        [_thread_blocked, id=86336, stack(0x0000002b1cc00000,0x0000002b1cd00000) (1024K)]
  0x0000015b7bdfad20 JavaThread "Cache worker for journal cache (C:\Users\Dawit.DAWITA\.gradle\caches\journal-1)"        [_thread_blocked, id=21932, stack(0x0000002b1ce00000,0x0000002b1cf00000) (1024K)]
  0x0000015b7bdfdb10 JavaThread "File lock request listener"        [_thread_in_native, id=98280, stack(0x0000002b1cf00000,0x0000002b1d000000) (1024K)]
  0x0000015b7bdfcdf0 JavaThread "Cache worker for file hash cache (C:\Users\Dawit.DAWITA\.gradle\caches\8.11.1\fileHashes)"        [_thread_blocked, id=77176, stack(0x0000002b1d000000,0x0000002b1d100000) (1024K)]
  0x0000015b7ce73530 JavaThread "Cache worker for file content cache (C:\Users\Dawit.DAWITA\.gradle\caches\8.11.1\fileContent)"        [_thread_blocked, id=95604, stack(0x0000002b1d200000,0x0000002b1d300000) (1024K)]
  0x0000015b7ce71af0 JavaThread "Cache worker for file hash cache (C:\Users\Dawit.DAWITA\Documents\AfroLife_Agency_improved\afrolife\android\.gradle\8.11.1\fileHashes)"        [_thread_blocked, id=85112, stack(0x0000002b1d300000,0x0000002b1d400000) (1024K)]
  0x0000015b7ce72ea0 JavaThread "Cache worker for Build Output Cleanup Cache (C:\Users\Dawit.DAWITA\Documents\AfroLife_Agency_improved\afrolife\android\.gradle\buildOutputCleanup)"        [_thread_blocked, id=90452, stack(0x0000002b1d500000,0x0000002b1d600000) (1024K)]
  0x0000015b7ce73bc0 JavaThread "File watcher server"        daemon [_thread_in_native, id=95820, stack(0x0000002b1d600000,0x0000002b1d700000) (1024K)]
  0x0000015b7ce75600 JavaThread "File watcher consumer"      daemon [_thread_blocked, id=83548, stack(0x0000002b1d700000,0x0000002b1d800000) (1024K)]
  0x0000015b7ce74f70 JavaThread "Cache worker for checksums cache (C:\Users\Dawit.DAWITA\Documents\AfroLife_Agency_improved\afrolife\android\.gradle\8.11.1\checksums)"        [_thread_blocked, id=92260, stack(0x0000002b1d800000,0x0000002b1d900000) (1024K)]
  0x0000015b7ce75c90 JavaThread "Cache worker for cache directory md-rule (C:\Users\Dawit.DAWITA\.gradle\caches\8.11.1\md-rule)"        [_thread_blocked, id=93188, stack(0x0000002b1d900000,0x0000002b1da00000) (1024K)]
  0x0000015b7ce748e0 JavaThread "Cache worker for cache directory md-supplier (C:\Users\Dawit.DAWITA\.gradle\caches\8.11.1\md-supplier)"        [_thread_blocked, id=93744, stack(0x0000002b1da00000,0x0000002b1db00000) (1024K)]
  0x0000015b7ce74250 JavaThread "jar transforms"                    [_thread_blocked, id=82068, stack(0x0000002b1c400000,0x0000002b1c500000) (1024K)]
Total: 33

Other Threads:
  0x0000015b35390b50 VMThread "VM Thread"                           [id=81112, stack(0x0000002b1b100000,0x0000002b1b200000) (1024K)] _threads_hazard_ptr=0x0000015b7d72b4e0
  0x0000015b3537ca00 WatcherThread "VM Periodic Task Thread"        [id=87196, stack(0x0000002b1b000000,0x0000002b1b100000) (1024K)]
  0x0000015b1e517d80 WorkerThread "GC Thread#0"                     [id=59072, stack(0x0000002b1ab00000,0x0000002b1ac00000) (1024K)]
  0x0000015b35421e00 WorkerThread "GC Thread#1"                     [id=46180, stack(0x0000002b1a800000,0x0000002b1a900000) (1024K)]
  0x0000015b354221b0 WorkerThread "GC Thread#2"                     [id=93652, stack(0x0000002b1aa00000,0x0000002b1ab00000) (1024K)]
  0x0000015b35422560 WorkerThread "GC Thread#3"                     [id=29772, stack(0x0000002b1bc00000,0x0000002b1bd00000) (1024K)]
  0x0000015b3556e430 WorkerThread "GC Thread#4"                     [id=44280, stack(0x0000002b1bd00000,0x0000002b1be00000) (1024K)]
  0x0000015b3556e7e0 WorkerThread "GC Thread#5"                     [id=86484, stack(0x0000002b1be00000,0x0000002b1bf00000) (1024K)]
  0x0000015b3556eb90 WorkerThread "GC Thread#6"                     [id=95792, stack(0x0000002b1bf00000,0x0000002b1c000000) (1024K)]
  0x0000015b3556ef40 WorkerThread "GC Thread#7"                     [id=84352, stack(0x0000002b1c000000,0x0000002b1c100000) (1024K)]
  0x0000015b1e524c80 ConcurrentGCThread "G1 Main Marker"            [id=54360, stack(0x0000002b1ac00000,0x0000002b1ad00000) (1024K)]
  0x0000015b1e5256a0 WorkerThread "G1 Conc#0"                       [id=67168, stack(0x0000002b1ad00000,0x0000002b1ae00000) (1024K)]
  0x0000015b7c0dc820 WorkerThread "G1 Conc#1"                       [id=96120, stack(0x0000002b1d400000,0x0000002b1d500000) (1024K)]
  0x0000015b35244460 ConcurrentGCThread "G1 Refine#0"               [id=3856, stack(0x0000002b1ae00000,0x0000002b1af00000) (1024K)]
  0x0000015b35244c90 ConcurrentGCThread "G1 Service"                [id=93416, stack(0x0000002b1af00000,0x0000002b1b000000) (1024K)]
Total: 15

Threads with active compile tasks:
C2 CompilerThread0  11985971 4896       4       java.lang.management.DefaultPlatformMBeanProvider$6::nameToMBeanMap (85 bytes)
Total: 1

VM state: synchronizing (normal execution)

VM Mutex/Monitor currently owned by a thread:  ([mutex/lock_event])
[0x00007ffa5114f5b0] Threads_lock - owner thread: 0x0000015b35390b50

Heap address: 0x00000000a0000000, size: 1536 MB, Compressed Oops mode: 32-bit

CDS archive(s) mapped at: [0x0000015b36000000-0x0000015b36ba0000-0x0000015b36ba0000), size 12189696, SharedBaseAddress: 0x0000015b36000000, ArchiveRelocationMode: 1.
Compressed class space mapped at: 0x0000015b37000000-0x0000015b77000000, reserved size: 1073741824
Narrow klass base: 0x0000015b36000000, Narrow klass shift: 0, Narrow klass range: 0x100000000

GC Precious Log:
 CardTable entry size: 512
 Card Set container configuration: InlinePtr #cards 5 size 8 Array Of Cards #cards 12 size 40 Howl #buckets 4 coarsen threshold 1843 Howl Bitmap #cards 512 size 80 coarsen threshold 460 Card regions per heap region 1 cards per card region 2048
 CPUs: 8 total, 8 available
 Memory: 32615M
 Large Page Support: Disabled
 NUMA Support: Disabled
 Compressed Oops: Enabled (32-bit)
 Heap Region Size: 1M
 Heap Min Capacity: 8M
 Heap Initial Capacity: 510M
 Heap Max Capacity: 1536M
 Pre-touch: Disabled
 Parallel Workers: 8
 Concurrent Workers: 2
 Concurrent Refinement Workers: 8
 Periodic GC: Disabled

Heap:
 garbage-first heap   total 97280K, used 39679K [0x00000000a0000000, 0x0000000100000000)
  region size 1024K, 17 young (17408K), 4 survivors (4096K)
 Metaspace       used 30578K, committed 31872K, reserved 1114112K
  class space    used 4623K, committed 5248K, reserved 1048576K

Heap Regions: E=young(eden), S=young(survivor), O=old, HS=humongous(starts), HC=humongous(continues), CS=collection set, F=free, TAMS=top-at-mark-start, PB=parsable bottom
|   0|0x00000000a0000000, 0x00000000a0100000, 0x00000000a0100000|100%|HS|  |TAMS 0x00000000a0000000| PB 0x00000000a0000000| Complete 
|   1|0x00000000a0100000, 0x00000000a0200000, 0x00000000a0200000|100%|HC|  |TAMS 0x00000000a0100000| PB 0x00000000a0100000| Complete 
|   2|0x00000000a0200000, 0x00000000a0300000, 0x00000000a0300000|100%|HC|  |TAMS 0x00000000a0200000| PB 0x00000000a0200000| Complete 
|   3|0x00000000a0300000, 0x00000000a0400000, 0x00000000a0400000|100%| O|  |TAMS 0x00000000a0300000| PB 0x00000000a0300000| Untracked 
|   4|0x00000000a0400000, 0x00000000a0500000, 0x00000000a0500000|100%| O|  |TAMS 0x00000000a0400000| PB 0x00000000a0400000| Untracked 
|   5|0x00000000a0500000, 0x00000000a0600000, 0x00000000a0600000|100%| O|  |TAMS 0x00000000a0500000| PB 0x00000000a0500000| Untracked 
|   6|0x00000000a0600000, 0x00000000a0700000, 0x00000000a0700000|100%| O|  |TAMS 0x00000000a0600000| PB 0x00000000a0600000| Untracked 
|   7|0x00000000a0700000, 0x00000000a0800000, 0x00000000a0800000|100%|HS|  |TAMS 0x00000000a0700000| PB 0x00000000a0700000| Complete 
|   8|0x00000000a0800000, 0x00000000a0900000, 0x00000000a0900000|100%| O|  |TAMS 0x00000000a0800000| PB 0x00000000a0800000| Untracked 
|   9|0x00000000a0900000, 0x00000000a0a00000, 0x00000000a0a00000|100%| O|  |TAMS 0x00000000a0900000| PB 0x00000000a0900000| Untracked 
|  10|0x00000000a0a00000, 0x00000000a0b00000, 0x00000000a0b00000|100%| O|  |TAMS 0x00000000a0a00000| PB 0x00000000a0a00000| Untracked 
|  11|0x00000000a0b00000, 0x00000000a0c00000, 0x00000000a0c00000|100%| O|  |TAMS 0x00000000a0b00000| PB 0x00000000a0b00000| Untracked 
|  12|0x00000000a0c00000, 0x00000000a0c00000, 0x00000000a0d00000|  0%| F|  |TAMS 0x00000000a0c00000| PB 0x00000000a0c00000| Untracked 
|  13|0x00000000a0d00000, 0x00000000a0e00000, 0x00000000a0e00000|100%| O|  |TAMS 0x00000000a0d00000| PB 0x00000000a0d00000| Untracked 
|  14|0x00000000a0e00000, 0x00000000a0f00000, 0x00000000a0f00000|100%| O|  |TAMS 0x00000000a0e00000| PB 0x00000000a0e00000| Untracked 
|  15|0x00000000a0f00000, 0x00000000a1000000, 0x00000000a1000000|100%| O|  |TAMS 0x00000000a0f00000| PB 0x00000000a0f00000| Untracked 
|  16|0x00000000a1000000, 0x00000000a1100000, 0x00000000a1100000|100%| O|  |TAMS 0x00000000a1000000| PB 0x00000000a1000000| Untracked 
|  17|0x00000000a1100000, 0x00000000a1200000, 0x00000000a1200000|100%| O|  |TAMS 0x00000000a1100000| PB 0x00000000a1100000| Untracked 
|  18|0x00000000a1200000, 0x00000000a12c4bc0, 0x00000000a1300000| 76%| O|  |TAMS 0x00000000a1200000| PB 0x00000000a1200000| Untracked 
|  19|0x00000000a1300000, 0x00000000a1300000, 0x00000000a1400000|  0%| F|  |TAMS 0x00000000a1300000| PB 0x00000000a1300000| Untracked 
|  20|0x00000000a1400000, 0x00000000a1400000, 0x00000000a1500000|  0%| F|  |TAMS 0x00000000a1400000| PB 0x00000000a1400000| Untracked 
|  21|0x00000000a1500000, 0x00000000a1500000, 0x00000000a1600000|  0%| F|  |TAMS 0x00000000a1500000| PB 0x00000000a1500000| Untracked 
|  22|0x00000000a1600000, 0x00000000a1600000, 0x00000000a1700000|  0%| F|  |TAMS 0x00000000a1600000| PB 0x00000000a1600000| Untracked 
|  23|0x00000000a1700000, 0x00000000a1700000, 0x00000000a1800000|  0%| F|  |TAMS 0x00000000a1700000| PB 0x00000000a1700000| Untracked 
|  24|0x00000000a1800000, 0x00000000a1800000, 0x00000000a1900000|  0%| F|  |TAMS 0x00000000a1800000| PB 0x00000000a1800000| Untracked 
|  25|0x00000000a1900000, 0x00000000a1900000, 0x00000000a1a00000|  0%| F|  |TAMS 0x00000000a1900000| PB 0x00000000a1900000| Untracked 
|  26|0x00000000a1a00000, 0x00000000a1a00000, 0x00000000a1b00000|  0%| F|  |TAMS 0x00000000a1a00000| PB 0x00000000a1a00000| Untracked 
|  27|0x00000000a1b00000, 0x00000000a1b00000, 0x00000000a1c00000|  0%| F|  |TAMS 0x00000000a1b00000| PB 0x00000000a1b00000| Untracked 
|  28|0x00000000a1c00000, 0x00000000a1c00000, 0x00000000a1d00000|  0%| F|  |TAMS 0x00000000a1c00000| PB 0x00000000a1c00000| Untracked 
|  29|0x00000000a1d00000, 0x00000000a1d00000, 0x00000000a1e00000|  0%| F|  |TAMS 0x00000000a1d00000| PB 0x00000000a1d00000| Untracked 
|  30|0x00000000a1e00000, 0x00000000a1e00000, 0x00000000a1f00000|  0%| F|  |TAMS 0x00000000a1e00000| PB 0x00000000a1e00000| Untracked 
|  31|0x00000000a1f00000, 0x00000000a1f00000, 0x00000000a2000000|  0%| F|  |TAMS 0x00000000a1f00000| PB 0x00000000a1f00000| Untracked 
|  32|0x00000000a2000000, 0x00000000a2000000, 0x00000000a2100000|  0%| F|  |TAMS 0x00000000a2000000| PB 0x00000000a2000000| Untracked 
|  33|0x00000000a2100000, 0x00000000a21fb3d0, 0x00000000a2200000| 98%| S|CS|TAMS 0x00000000a2100000| PB 0x00000000a2100000| Complete 
|  34|0x00000000a2200000, 0x00000000a2300000, 0x00000000a2300000|100%| S|CS|TAMS 0x00000000a2200000| PB 0x00000000a2200000| Complete 
|  35|0x00000000a2300000, 0x00000000a2400000, 0x00000000a2400000|100%| S|CS|TAMS 0x00000000a2300000| PB 0x00000000a2300000| Complete 
|  36|0x00000000a2400000, 0x00000000a2500000, 0x00000000a2500000|100%| S|CS|TAMS 0x00000000a2400000| PB 0x00000000a2400000| Complete 
|  37|0x00000000a2500000, 0x00000000a2500000, 0x00000000a2600000|  0%| F|  |TAMS 0x00000000a2500000| PB 0x00000000a2500000| Untracked 
|  38|0x00000000a2600000, 0x00000000a2600000, 0x00000000a2700000|  0%| F|  |TAMS 0x00000000a2600000| PB 0x00000000a2600000| Untracked 
|  39|0x00000000a2700000, 0x00000000a2700000, 0x00000000a2800000|  0%| F|  |TAMS 0x00000000a2700000| PB 0x00000000a2700000| Untracked 
|  40|0x00000000a2800000, 0x00000000a2800000, 0x00000000a2900000|  0%| F|  |TAMS 0x00000000a2800000| PB 0x00000000a2800000| Untracked 
|  41|0x00000000a2900000, 0x00000000a2900000, 0x00000000a2a00000|  0%| F|  |TAMS 0x00000000a2900000| PB 0x00000000a2900000| Untracked 
|  42|0x00000000a2a00000, 0x00000000a2a00000, 0x00000000a2b00000|  0%| F|  |TAMS 0x00000000a2a00000| PB 0x00000000a2a00000| Untracked 
|  43|0x00000000a2b00000, 0x00000000a2b00000, 0x00000000a2c00000|  0%| F|  |TAMS 0x00000000a2b00000| PB 0x00000000a2b00000| Untracked 
|  44|0x00000000a2c00000, 0x00000000a2c00000, 0x00000000a2d00000|  0%| F|  |TAMS 0x00000000a2c00000| PB 0x00000000a2c00000| Untracked 
|  45|0x00000000a2d00000, 0x00000000a2d00000, 0x00000000a2e00000|  0%| F|  |TAMS 0x00000000a2d00000| PB 0x00000000a2d00000| Untracked 
|  46|0x00000000a2e00000, 0x00000000a2e00000, 0x00000000a2f00000|  0%| F|  |TAMS 0x00000000a2e00000| PB 0x00000000a2e00000| Untracked 
|  47|0x00000000a2f00000, 0x00000000a2f00000, 0x00000000a3000000|  0%| F|  |TAMS 0x00000000a2f00000| PB 0x00000000a2f00000| Untracked 
|  48|0x00000000a3000000, 0x00000000a3000000, 0x00000000a3100000|  0%| F|  |TAMS 0x00000000a3000000| PB 0x00000000a3000000| Untracked 
|  49|0x00000000a3100000, 0x00000000a3100000, 0x00000000a3200000|  0%| F|  |TAMS 0x00000000a3100000| PB 0x00000000a3100000| Untracked 
|  50|0x00000000a3200000, 0x00000000a3200000, 0x00000000a3300000|  0%| F|  |TAMS 0x00000000a3200000| PB 0x00000000a3200000| Untracked 
|  51|0x00000000a3300000, 0x00000000a3300000, 0x00000000a3400000|  0%| F|  |TAMS 0x00000000a3300000| PB 0x00000000a3300000| Untracked 
|  52|0x00000000a3400000, 0x00000000a3400000, 0x00000000a3500000|  0%| F|  |TAMS 0x00000000a3400000| PB 0x00000000a3400000| Untracked 
|  53|0x00000000a3500000, 0x00000000a3500000, 0x00000000a3600000|  0%| F|  |TAMS 0x00000000a3500000| PB 0x00000000a3500000| Untracked 
|  54|0x00000000a3600000, 0x00000000a3600000, 0x00000000a3700000|  0%| F|  |TAMS 0x00000000a3600000| PB 0x00000000a3600000| Untracked 
|  55|0x00000000a3700000, 0x00000000a3700000, 0x00000000a3800000|  0%| F|  |TAMS 0x00000000a3700000| PB 0x00000000a3700000| Untracked 
|  56|0x00000000a3800000, 0x00000000a3800000, 0x00000000a3900000|  0%| F|  |TAMS 0x00000000a3800000| PB 0x00000000a3800000| Untracked 
|  57|0x00000000a3900000, 0x00000000a3900000, 0x00000000a3a00000|  0%| F|  |TAMS 0x00000000a3900000| PB 0x00000000a3900000| Untracked 
|  58|0x00000000a3a00000, 0x00000000a3a00000, 0x00000000a3b00000|  0%| F|  |TAMS 0x00000000a3a00000| PB 0x00000000a3a00000| Untracked 
|  59|0x00000000a3b00000, 0x00000000a3b00000, 0x00000000a3c00000|  0%| F|  |TAMS 0x00000000a3b00000| PB 0x00000000a3b00000| Untracked 
|  60|0x00000000a3c00000, 0x00000000a3c00000, 0x00000000a3d00000|  0%| F|  |TAMS 0x00000000a3c00000| PB 0x00000000a3c00000| Untracked 
|  61|0x00000000a3d00000, 0x00000000a3d00000, 0x00000000a3e00000|  0%| F|  |TAMS 0x00000000a3d00000| PB 0x00000000a3d00000| Untracked 
|  62|0x00000000a3e00000, 0x00000000a3e00000, 0x00000000a3f00000|  0%| F|  |TAMS 0x00000000a3e00000| PB 0x00000000a3e00000| Untracked 
|  63|0x00000000a3f00000, 0x00000000a3f00000, 0x00000000a4000000|  0%| F|  |TAMS 0x00000000a3f00000| PB 0x00000000a3f00000| Untracked 
|  64|0x00000000a4000000, 0x00000000a4000000, 0x00000000a4100000|  0%| F|  |TAMS 0x00000000a4000000| PB 0x00000000a4000000| Untracked 
|  65|0x00000000a4100000, 0x00000000a4100000, 0x00000000a4200000|  0%| F|  |TAMS 0x00000000a4100000| PB 0x00000000a4100000| Untracked 
|  66|0x00000000a4200000, 0x00000000a4200000, 0x00000000a4300000|  0%| F|  |TAMS 0x00000000a4200000| PB 0x00000000a4200000| Untracked 
|  67|0x00000000a4300000, 0x00000000a4300000, 0x00000000a4400000|  0%| F|  |TAMS 0x00000000a4300000| PB 0x00000000a4300000| Untracked 
|  68|0x00000000a4400000, 0x00000000a4400000, 0x00000000a4500000|  0%| F|  |TAMS 0x00000000a4400000| PB 0x00000000a4400000| Untracked 
|  69|0x00000000a4500000, 0x00000000a4500000, 0x00000000a4600000|  0%| F|  |TAMS 0x00000000a4500000| PB 0x00000000a4500000| Untracked 
|  70|0x00000000a4600000, 0x00000000a4600000, 0x00000000a4700000|  0%| F|  |TAMS 0x00000000a4600000| PB 0x00000000a4600000| Untracked 
|  71|0x00000000a4700000, 0x00000000a4700000, 0x00000000a4800000|  0%| F|  |TAMS 0x00000000a4700000| PB 0x00000000a4700000| Untracked 
|  72|0x00000000a4800000, 0x00000000a4800000, 0x00000000a4900000|  0%| F|  |TAMS 0x00000000a4800000| PB 0x00000000a4800000| Untracked 
|  73|0x00000000a4900000, 0x00000000a4900000, 0x00000000a4a00000|  0%| F|  |TAMS 0x00000000a4900000| PB 0x00000000a4900000| Untracked 
|  74|0x00000000a4a00000, 0x00000000a4a00000, 0x00000000a4b00000|  0%| F|  |TAMS 0x00000000a4a00000| PB 0x00000000a4a00000| Untracked 
| 390|0x00000000b8600000, 0x00000000b8600000, 0x00000000b8700000|  0%| F|  |TAMS 0x00000000b8600000| PB 0x00000000b8600000| Untracked 
| 391|0x00000000b8700000, 0x00000000b8700000, 0x00000000b8800000|  0%| F|  |TAMS 0x00000000b8700000| PB 0x00000000b8700000| Untracked 
| 392|0x00000000b8800000, 0x00000000b88b4500, 0x00000000b8900000| 70%| E|  |TAMS 0x00000000b8800000| PB 0x00000000b8800000| Complete 
| 393|0x00000000b8900000, 0x00000000b8a00000, 0x00000000b8a00000|100%| E|CS|TAMS 0x00000000b8900000| PB 0x00000000b8900000| Complete 
| 394|0x00000000b8a00000, 0x00000000b8b00000, 0x00000000b8b00000|100%| E|CS|TAMS 0x00000000b8a00000| PB 0x00000000b8a00000| Complete 
| 395|0x00000000b8b00000, 0x00000000b8c00000, 0x00000000b8c00000|100%| E|CS|TAMS 0x00000000b8b00000| PB 0x00000000b8b00000| Complete 
| 396|0x00000000b8c00000, 0x00000000b8d00000, 0x00000000b8d00000|100%| E|CS|TAMS 0x00000000b8c00000| PB 0x00000000b8c00000| Complete 
| 397|0x00000000b8d00000, 0x00000000b8e00000, 0x00000000b8e00000|100%| E|CS|TAMS 0x00000000b8d00000| PB 0x00000000b8d00000| Complete 
| 398|0x00000000b8e00000, 0x00000000b8f00000, 0x00000000b8f00000|100%| E|CS|TAMS 0x00000000b8e00000| PB 0x00000000b8e00000| Complete 
| 399|0x00000000b8f00000, 0x00000000b9000000, 0x00000000b9000000|100%| E|CS|TAMS 0x00000000b8f00000| PB 0x00000000b8f00000| Complete 
| 400|0x00000000b9000000, 0x00000000b9100000, 0x00000000b9100000|100%| E|CS|TAMS 0x00000000b9000000| PB 0x00000000b9000000| Complete 
| 401|0x00000000b9100000, 0x00000000b9200000, 0x00000000b9200000|100%| E|CS|TAMS 0x00000000b9100000| PB 0x00000000b9100000| Complete 
| 507|0x00000000bfb00000, 0x00000000bfc00000, 0x00000000bfc00000|100%| E|CS|TAMS 0x00000000bfb00000| PB 0x00000000bfb00000| Complete 
| 508|0x00000000bfc00000, 0x00000000bfd00000, 0x00000000bfd00000|100%| E|CS|TAMS 0x00000000bfc00000| PB 0x00000000bfc00000| Complete 
| 509|0x00000000bfd00000, 0x00000000bfe00000, 0x00000000bfe00000|100%| E|CS|TAMS 0x00000000bfd00000| PB 0x00000000bfd00000| Complete 
|1531|0x00000000ffb00000, 0x00000000ffc00000, 0x00000000ffc00000|100%| O|  |TAMS 0x00000000ffb00000| PB 0x00000000ffb00000| Untracked 
|1532|0x00000000ffc00000, 0x00000000ffd00000, 0x00000000ffd00000|100%| O|  |TAMS 0x00000000ffc00000| PB 0x00000000ffc00000| Untracked 
|1533|0x00000000ffd00000, 0x00000000ffe00000, 0x00000000ffe00000|100%| O|  |TAMS 0x00000000ffd00000| PB 0x00000000ffd00000| Untracked 
|1534|0x00000000ffe00000, 0x00000000fff00000, 0x00000000fff00000|100%| O|  |TAMS 0x00000000ffe00000| PB 0x00000000ffe00000| Untracked 
|1535|0x00000000fff00000, 0x0000000100000000, 0x0000000100000000|100%| O|  |TAMS 0x00000000fff00000| PB 0x00000000fff00000| Untracked 

Card table byte_map: [0x0000015b30d00000,0x0000015b31000000] _byte_map_base: 0x0000015b30800000

Marking Bits: (CMBitMap*) 0x0000015b1e5183a0
 Bits: [0x0000015b31000000, 0x0000015b32800000)

Polling page: 0x0000015b1c550000

Metaspace:

Usage:
  Non-class:     25.35 MB used.
      Class:      4.52 MB used.
       Both:     29.86 MB used.

Virtual space:
  Non-class space:       64.00 MB reserved,      26.00 MB ( 41%) committed,  1 nodes.
      Class space:        1.00 GB reserved,       5.12 MB ( <1%) committed,  1 nodes.
             Both:        1.06 GB reserved,      31.12 MB (  3%) committed. 

Chunk freelists:
   Non-Class:  5.98 MB
       Class:  10.86 MB
        Both:  16.84 MB

MaxMetaspaceSize: unlimited
CompressedClassSpaceSize: 1.00 GB
Initial GC threshold: 21.00 MB
Current GC threshold: 35.25 MB
CDS: on
 - commit_granule_bytes: 65536.
 - commit_granule_words: 8192.
 - virtual_space_node_default_size: 8388608.
 - enlarge_chunks_in_place: 1.
 - use_allocation_guard: 0.


Internal statistics:

num_allocs_failed_limit: 3.
num_arena_births: 2136.
num_arena_deaths: 0.
num_vsnodes_births: 2.
num_vsnodes_deaths: 0.
num_space_committed: 498.
num_space_uncommitted: 0.
num_chunks_returned_to_freelist: 3.
num_chunks_taken_from_freelist: 3639.
num_chunk_merges: 3.
num_chunk_splits: 2303.
num_chunks_enlarged: 1375.
num_inconsistent_stats: 0.

CodeHeap 'non-profiled nmethods': size=120000Kb used=3143Kb max_used=3143Kb free=116856Kb
 bounds [0x0000015b291a0000, 0x0000015b294c0000, 0x0000015b306d0000]
CodeHeap 'profiled nmethods': size=120000Kb used=9778Kb max_used=9778Kb free=110221Kb
 bounds [0x0000015b216d0000, 0x0000015b22060000, 0x0000015b28c00000]
CodeHeap 'non-nmethods': size=5760Kb used=1438Kb max_used=1512Kb free=4321Kb
 bounds [0x0000015b28c00000, 0x0000015b28e70000, 0x0000015b291a0000]
CodeCache: size=245760Kb, used=14359Kb, max_used=14433Kb, free=231398Kb
 total_blobs=5478, nmethods=4885, adapters=497, full_count=0
Compilation: enabled, stopped_count=0, restarted_count=0

Compilation events (20 events):
Event: 2575.939 Thread 0x0000015b3542cc10 nmethod 4886 0x0000015b22055210 code [0x0000015b220553c0, 0x0000015b22055590]
Event: 2576.455 Thread 0x0000015b3542cc10 4887  s!   3       org.gradle.internal.concurrent.CompositeStoppable::stop (132 bytes)
Event: 2576.461 Thread 0x0000015b3542cc10 nmethod 4887 0x0000015b22055690 code [0x0000015b22055980, 0x0000015b22056ac0]
Event: 2576.461 Thread 0x0000015b3542cc10 4888       3       org.gradle.cache.internal.DefaultFileLockManager$DefaultFileLock$$Lambda/0x0000015b3716b690::stop (8 bytes)
Event: 2576.461 Thread 0x0000015b3542cc10 nmethod 4888 0x0000015b22057090 code [0x0000015b22057240, 0x0000015b22057380]
Event: 2576.461 Thread 0x0000015b3542cc10 4889   !   3       org.gradle.cache.internal.DefaultFileLockManager$DefaultFileLock::lambda$close$0 (158 bytes)
Event: 2576.468 Thread 0x0000015b3542cc10 nmethod 4889 0x0000015b22057490 code [0x0000015b220578c0, 0x0000015b22059030]
Event: 2576.468 Thread 0x0000015b3542cc10 4890       3       org.gradle.cache.internal.DefaultFileLockManager$DefaultFileLock$$Lambda/0x0000015b3716b8b8::stop (8 bytes)
Event: 2576.469 Thread 0x0000015b3542cc10 nmethod 4890 0x0000015b22059d90 code [0x0000015b22059f40, 0x0000015b2205a080]
Event: 2576.469 Thread 0x0000015b3542cc10 4891   !   3       org.gradle.cache.internal.DefaultFileLockManager$DefaultFileLock::lambda$close$1 (52 bytes)
Event: 2576.471 Thread 0x0000015b3542cc10 nmethod 4891 0x0000015b2205a190 code [0x0000015b2205a3e0, 0x0000015b2205aa90]
Event: 2576.471 Thread 0x0000015b3542cc10 4892   !   3       org.gradle.cache.internal.locklistener.DefaultFileLockContentionHandler::stop (48 bytes)
Event: 2576.472 Thread 0x0000015b3542cc10 nmethod 4892 0x0000015b2205ae10 code [0x0000015b2205b080, 0x0000015b2205bb48]
Event: 2647.868 Thread 0x0000015b3542cc10 4893       3       org.gradle.launcher.daemon.registry.DaemonRegistryContent$Serializer::read (43 bytes)
Event: 2647.871 Thread 0x0000015b3542cc10 nmethod 4893 0x0000015b2205bf90 code [0x0000015b2205c1a0, 0x0000015b2205c700]
Event: 11953.007 Thread 0x0000015b353af850 4894       4       java.util.stream.AbstractPipeline::<init> (91 bytes)
Event: 11955.121 Thread 0x0000015b353af850 nmethod 4894 0x0000015b294b0410 code [0x0000015b294b05c0, 0x0000015b294b0a60]
Event: 11977.853 Thread 0x0000015b353af850 4895       4       sun.management.ManagementFactoryHelper::getMemoryPoolMXBeans (51 bytes)
Event: 11978.103 Thread 0x0000015b353af850 nmethod 4895 0x0000015b294b0b90 code [0x0000015b294b0d80, 0x0000015b294b1968]
Event: 11978.104 Thread 0x0000015b353af850 4896       4       java.lang.management.DefaultPlatformMBeanProvider$6::nameToMBeanMap (85 bytes)

GC Heap History (18 events):
Event: 111.348 GC heap before
{Heap before GC invocations=0 (full 0):
 garbage-first heap   total 522240K, used 25600K [0x00000000a0000000, 0x0000000100000000)
  region size 1024K, 25 young (25600K), 0 survivors (0K)
 Metaspace       used 1095K, committed 1216K, reserved 1114112K
  class space    used 81K, committed 128K, reserved 1048576K
}
Event: 112.640 GC heap after
{Heap after GC invocations=1 (full 0):
 garbage-first heap   total 522240K, used 3944K [0x00000000a0000000, 0x0000000100000000)
  region size 1024K, 4 young (4096K), 4 survivors (4096K)
 Metaspace       used 1095K, committed 1216K, reserved 1114112K
  class space    used 81K, committed 128K, reserved 1048576K
}
Event: 236.638 GC heap before
{Heap before GC invocations=1 (full 0):
 garbage-first heap   total 522240K, used 40808K [0x00000000a0000000, 0x0000000100000000)
  region size 1024K, 38 young (38912K), 4 survivors (4096K)
 Metaspace       used 4400K, committed 4544K, reserved 1114112K
  class space    used 551K, committed 640K, reserved 1048576K
}
Event: 236.649 GC heap after
{Heap after GC invocations=2 (full 0):
 garbage-first heap   total 522240K, used 10836K [0x00000000a0000000, 0x0000000100000000)
  region size 1024K, 5 young (5120K), 5 survivors (5120K)
 Metaspace       used 4400K, committed 4544K, reserved 1114112K
  class space    used 551K, committed 640K, reserved 1048576K
}
Event: 562.002 GC heap before
{Heap before GC invocations=2 (full 0):
 garbage-first heap   total 522240K, used 61012K [0x00000000a0000000, 0x0000000100000000)
  region size 1024K, 52 young (53248K), 5 survivors (5120K)
 Metaspace       used 5720K, committed 6016K, reserved 1114112K
  class space    used 763K, committed 896K, reserved 1048576K
}
Event: 562.021 GC heap after
{Heap after GC invocations=3 (full 0):
 garbage-first heap   total 522240K, used 16768K [0x00000000a0000000, 0x0000000100000000)
  region size 1024K, 6 young (6144K), 6 survivors (6144K)
 Metaspace       used 5720K, committed 6016K, reserved 1114112K
  class space    used 763K, committed 896K, reserved 1048576K
}
Event: 896.619 GC heap before
{Heap before GC invocations=3 (full 0):
 garbage-first heap   total 522240K, used 120192K [0x00000000a0000000, 0x0000000100000000)
  region size 1024K, 108 young (110592K), 6 survivors (6144K)
 Metaspace       used 20839K, committed 21504K, reserved 1114112K
  class space    used 3019K, committed 3328K, reserved 1048576K
}
Event: 896.664 GC heap after
{Heap after GC invocations=4 (full 0):
 garbage-first heap   total 522240K, used 23839K [0x00000000a0000000, 0x0000000100000000)
  region size 1024K, 12 young (12288K), 12 survivors (12288K)
 Metaspace       used 20839K, committed 21504K, reserved 1114112K
  class space    used 3019K, committed 3328K, reserved 1048576K
}
Event: 907.381 GC heap before
{Heap before GC invocations=5 (full 0):
 garbage-first heap   total 81920K, used 80159K [0x00000000a0000000, 0x0000000100000000)
  region size 1024K, 68 young (69632K), 12 survivors (12288K)
 Metaspace       used 27525K, committed 28608K, reserved 1114112K
  class space    used 4145K, committed 4672K, reserved 1048576K
}
Event: 907.403 GC heap after
{Heap after GC invocations=6 (full 0):
 garbage-first heap   total 97280K, used 26651K [0x00000000a0000000, 0x0000000100000000)
  region size 1024K, 10 young (10240K), 10 survivors (10240K)
 Metaspace       used 27525K, committed 28608K, reserved 1114112K
  class space    used 4145K, committed 4672K, reserved 1048576K
}
Event: 1211.061 GC heap before
{Heap before GC invocations=6 (full 0):
 garbage-first heap   total 97280K, used 73755K [0x00000000a0000000, 0x0000000100000000)
  region size 1024K, 57 young (58368K), 10 survivors (10240K)
 Metaspace       used 30157K, committed 31360K, reserved 1114112K
  class space    used 4573K, committed 5184K, reserved 1048576K
}
Event: 1211.170 GC heap after
{Heap after GC invocations=7 (full 0):
 garbage-first heap   total 97280K, used 27860K [0x00000000a0000000, 0x0000000100000000)
  region size 1024K, 5 young (5120K), 5 survivors (5120K)
 Metaspace       used 30157K, committed 31360K, reserved 1114112K
  class space    used 4573K, committed 5184K, reserved 1048576K
}
Event: 1725.225 GC heap before
{Heap before GC invocations=7 (full 0):
 garbage-first heap   total 97280K, used 80084K [0x00000000a0000000, 0x0000000100000000)
  region size 1024K, 57 young (58368K), 5 survivors (5120K)
 Metaspace       used 30482K, committed 31744K, reserved 1114112K
  class space    used 4623K, committed 5248K, reserved 1048576K
}
Event: 1725.286 GC heap after
{Heap after GC invocations=8 (full 0):
 garbage-first heap   total 97280K, used 27410K [0x00000000a0000000, 0x0000000100000000)
  region size 1024K, 4 young (4096K), 4 survivors (4096K)
 Metaspace       used 30482K, committed 31744K, reserved 1114112K
  class space    used 4623K, committed 5248K, reserved 1048576K
}
Event: 2121.776 GC heap before
{Heap before GC invocations=8 (full 0):
 garbage-first heap   total 97280K, used 81682K [0x00000000a0000000, 0x0000000100000000)
  region size 1024K, 57 young (58368K), 4 survivors (4096K)
 Metaspace       used 30557K, committed 31808K, reserved 1114112K
  class space    used 4623K, committed 5248K, reserved 1048576K
}
Event: 2121.829 GC heap after
{Heap after GC invocations=9 (full 0):
 garbage-first heap   total 97280K, used 27217K [0x00000000a0000000, 0x0000000100000000)
  region size 1024K, 4 young (4096K), 4 survivors (4096K)
 Metaspace       used 30557K, committed 31808K, reserved 1114112K
  class space    used 4623K, committed 5248K, reserved 1048576K
}
Event: 2587.804 GC heap before
{Heap before GC invocations=9 (full 0):
 garbage-first heap   total 97280K, used 81489K [0x00000000a0000000, 0x0000000100000000)
  region size 1024K, 57 young (58368K), 4 survivors (4096K)
 Metaspace       used 30577K, committed 31872K, reserved 1114112K
  class space    used 4623K, committed 5248K, reserved 1048576K
}
Event: 2587.843 GC heap after
{Heap after GC invocations=10 (full 0):
 garbage-first heap   total 97280K, used 27391K [0x00000000a0000000, 0x0000000100000000)
  region size 1024K, 4 young (4096K), 4 survivors (4096K)
 Metaspace       used 30577K, committed 31872K, reserved 1114112K
  class space    used 4623K, committed 5248K, reserved 1048576K
}

Dll operation events (20 events):
Event: 15.688 Attempting to load shared library C:\Users\Dawit.DAWITA\.vscode\extensions\redhat.java-1.56.0-win32-x64\jre\21.0.12.1-win32-x86_64\bin\nio.dll
Event: 15.690 Loaded shared library C:\Users\Dawit.DAWITA\.vscode\extensions\redhat.java-1.56.0-win32-x64\jre\21.0.12.1-win32-x86_64\bin\nio.dll
Event: 15.706 Attempting to load shared library C:\Users\Dawit.DAWITA\.vscode\extensions\redhat.java-1.56.0-win32-x64\jre\21.0.12.1-win32-x86_64\bin\zip.dll
Event: 15.706 Loaded shared library C:\Users\Dawit.DAWITA\.vscode\extensions\redhat.java-1.56.0-win32-x64\jre\21.0.12.1-win32-x86_64\bin\zip.dll
Event: 87.999 Attempting to load shared library C:\Users\Dawit.DAWITA\.vscode\extensions\redhat.java-1.56.0-win32-x64\jre\21.0.12.1-win32-x86_64\bin\jimage.dll
Event: 87.999 Loaded shared library C:\Users\Dawit.DAWITA\.vscode\extensions\redhat.java-1.56.0-win32-x64\jre\21.0.12.1-win32-x86_64\bin\jimage.dll
Event: 122.190 Attempting to load shared library C:\Users\Dawit.DAWITA\.vscode\extensions\redhat.java-1.56.0-win32-x64\jre\21.0.12.1-win32-x86_64\bin\verify.dll
Event: 122.192 Loaded shared library C:\Users\Dawit.DAWITA\.vscode\extensions\redhat.java-1.56.0-win32-x64\jre\21.0.12.1-win32-x86_64\bin\verify.dll
Event: 138.035 Attempting to load shared library C:\Users\Dawit.DAWITA\.gradle\native\c067742578af261105cb4f569cf0c3c89f3d7b1fecec35dd04571415982c5e48\windows-amd64\native-platform.dll
Event: 138.038 Loaded shared library C:\Users\Dawit.DAWITA\.gradle\native\c067742578af261105cb4f569cf0c3c89f3d7b1fecec35dd04571415982c5e48\windows-amd64\native-platform.dll
Event: 139.705 Attempting to load shared library C:\Users\Dawit.DAWITA\.gradle\native\100fb08df4bc3b14c8652ba06237920a3bd2aa13389f12d3474272988ae205f9\windows-amd64\native-platform-file-events.dll
Event: 141.877 Loaded shared library C:\Users\Dawit.DAWITA\.gradle\native\100fb08df4bc3b14c8652ba06237920a3bd2aa13389f12d3474272988ae205f9\windows-amd64\native-platform-file-events.dll
Event: 569.353 Attempting to load shared library C:\Users\Dawit.DAWITA\.vscode\extensions\redhat.java-1.56.0-win32-x64\jre\21.0.12.1-win32-x86_64\bin\management.dll
Event: 569.355 Loaded shared library C:\Users\Dawit.DAWITA\.vscode\extensions\redhat.java-1.56.0-win32-x64\jre\21.0.12.1-win32-x86_64\bin\management.dll
Event: 569.557 Attempting to load shared library C:\Users\Dawit.DAWITA\.vscode\extensions\redhat.java-1.56.0-win32-x64\jre\21.0.12.1-win32-x86_64\bin\management_ext.dll
Event: 569.586 Loaded shared library C:\Users\Dawit.DAWITA\.vscode\extensions\redhat.java-1.56.0-win32-x64\jre\21.0.12.1-win32-x86_64\bin\management_ext.dll
Event: 589.404 Attempting to load shared library C:\Users\Dawit.DAWITA\.vscode\extensions\redhat.java-1.56.0-win32-x64\jre\21.0.12.1-win32-x86_64\bin\extnet.dll
Event: 589.418 Loaded shared library C:\Users\Dawit.DAWITA\.vscode\extensions\redhat.java-1.56.0-win32-x64\jre\21.0.12.1-win32-x86_64\bin\extnet.dll
Event: 867.842 Attempting to load shared library C:\Users\Dawit.DAWITA\.vscode\extensions\redhat.java-1.56.0-win32-x64\jre\21.0.12.1-win32-x86_64\bin\sunmscapi.dll
Event: 867.851 Loaded shared library C:\Users\Dawit.DAWITA\.vscode\extensions\redhat.java-1.56.0-win32-x64\jre\21.0.12.1-win32-x86_64\bin\sunmscapi.dll

Deoptimization events (20 events):
Event: 1658.030 Thread 0x0000015b7bdfad20 Uncommon trap: trap_request=0xffffffde fr.pc=0x0000015b2942e838 relative=0x0000000000000b58
Event: 1658.030 Thread 0x0000015b7bdfad20 Uncommon trap: reason=class_check action=maybe_recompile pc=0x0000015b2942e838 method=java.io.BufferedInputStream.implRead([BII)I @ 100 c2
Event: 1658.030 Thread 0x0000015b7bdfad20 DEOPT PACKING pc=0x0000015b2942e838 sp=0x0000002b1cefdff0
Event: 1658.030 Thread 0x0000015b7bdfad20 DEOPT UNPACKING pc=0x0000015b28c54422 sp=0x0000002b1cefdfb8 mode 2
Event: 2145.588 Thread 0x0000015b7baf9730 DEOPT PACKING pc=0x0000015b21f97b10 sp=0x0000002b1c1fe970
Event: 2145.595 Thread 0x0000015b7baf9730 DEOPT UNPACKING pc=0x0000015b28c54bc2 sp=0x0000002b1c1fdde8 mode 0
Event: 2216.225 Thread 0x0000015b7baf9730 DEOPT PACKING pc=0x0000015b21f9bd3c sp=0x0000002b1c1fe690
Event: 2216.226 Thread 0x0000015b7baf9730 DEOPT UNPACKING pc=0x0000015b28c54bc2 sp=0x0000002b1c1fdbf0 mode 0
Event: 2216.229 Thread 0x0000015b7baf9730 DEOPT PACKING pc=0x0000015b21f9d451 sp=0x0000002b1c1fe6f0
Event: 2216.229 Thread 0x0000015b7baf9730 DEOPT UNPACKING pc=0x0000015b28c54bc2 sp=0x0000002b1c1fdbe8 mode 0
Event: 2226.025 Thread 0x0000015b7baf9730 DEOPT PACKING pc=0x0000015b21f9ffc8 sp=0x0000002b1c1fec70
Event: 2226.025 Thread 0x0000015b7baf9730 DEOPT UNPACKING pc=0x0000015b28c54bc2 sp=0x0000002b1c1fe130 mode 0
Event: 2555.750 Thread 0x0000015b7baf9730 Uncommon trap: trap_request=0xffffffbe fr.pc=0x0000015b2949aca8 relative=0x0000000000005588
Event: 2555.750 Thread 0x0000015b7baf9730 Uncommon trap: reason=profile_predicate action=maybe_recompile pc=0x0000015b2949aca8 method=org.gradle.internal.time.ExponentialBackoff.retryUntil(Lorg/gradle/internal/time/ExponentialBackoff$Query;)Ljava/lang/Object; @ 13 c2
Event: 2555.750 Thread 0x0000015b7baf9730 DEOPT PACKING pc=0x0000015b2949aca8 sp=0x0000002b1c1fe480
Event: 2556.077 Thread 0x0000015b7baf9730 DEOPT UNPACKING pc=0x0000015b28c54422 sp=0x0000002b1c1fe4d8 mode 2
Event: 11977.932 Thread 0x0000015b7bdfc760 Uncommon trap: trap_request=0xffffffde fr.pc=0x0000015b293829b4 relative=0x00000000000002f4
Event: 11977.932 Thread 0x0000015b7bdfc760 Uncommon trap: reason=class_check action=maybe_recompile pc=0x0000015b293829b4 method=java.util.Collections$SetFromMap.remove(Ljava/lang/Object;)Z @ 5 c2
Event: 11977.934 Thread 0x0000015b7bdfc760 DEOPT PACKING pc=0x0000015b293829b4 sp=0x0000002b1c9fadb0
Event: 11977.936 Thread 0x0000015b7bdfc760 DEOPT UNPACKING pc=0x0000015b28c54422 sp=0x0000002b1c9fad88 mode 2

Classes loaded (20 events):
Event: 910.839 Loading class java/nio/file/FileTreeWalker$DirectoryNode
Event: 910.839 Loading class java/nio/file/FileTreeWalker$DirectoryNode done
Event: 910.839 Loading class java/nio/file/FileTreeWalker$Event
Event: 910.839 Loading class java/nio/file/FileTreeWalker$Event done
Event: 910.840 Loading class java/nio/file/FileTreeWalker$EventType
Event: 910.840 Loading class java/nio/file/FileTreeWalker$EventType done
Event: 910.840 Loading class java/nio/file/Files$3
Event: 910.840 Loading class java/nio/file/Files$3 done
Event: 910.842 Loading class java/nio/file/FileVisitResult
Event: 910.842 Loading class java/nio/file/FileVisitResult done
Event: 911.060 Loading class java/nio/charset/CharacterCodingException
Event: 911.060 Loading class java/nio/charset/CharacterCodingException done
Event: 911.189 Loading class java/util/stream/IntStream
Event: 911.190 Loading class java/util/stream/IntStream done
Event: 911.190 Loading class java/util/stream/Streams$RangeIntSpliterator
Event: 911.190 Loading class java/util/stream/Streams$RangeIntSpliterator done
Event: 911.191 Loading class java/util/stream/IntPipeline$Head
Event: 911.191 Loading class java/util/stream/IntPipeline
Event: 911.192 Loading class java/util/stream/IntPipeline done
Event: 911.192 Loading class java/util/stream/IntPipeline$Head done

Classes unloaded (0 events):
No events

Classes redefined (0 events):
No events

Internal exceptions (20 events):
Event: 907.753 Thread 0x0000015b7bdfc760 Exception <a 'java/lang/NoSuchMethodError'{0x00000000bfbb4010}: 'java.lang.Object java.lang.invoke.Invokers$Holder.linkToTargetMethod(java.lang.Object, java.lang.Object, java.lang.Object, java.lang.Object, java.lang.Object, java.lang.Object, java.lang.Object, java.lang.Object, java.lang.Object, java.lang.Object, java.lang.Object, java.lang.Object)'> (0x00000000bfbb4010) 
thrown [s\src\hotspot\share\interpreter\linkResolver.cpp, line 773]
Event: 907.983 Thread 0x0000015b7bdfc760 Exception <a 'java/lang/NoSuchMethodError'{0x00000000b911f098}: 'java.lang.Object java.lang.invoke.DirectMethodHandle$Holder.newInvokeSpecial(java.lang.Object, java.lang.Object, java.lang.Object, java.lang.Object, java.lang.Object, java.lang.Object, java.lang.Object, java.lang.Object, java.lang.Object, java.lang.Object, java.lang.Object, java.lang.Object, java.lang.Object, java.lang.Object, java.lang.Object)'> (0x00000000b911f098) 
thrown [s\src\hotspot\share\interpreter\linkResolver.cpp, line 773]
Event: 907.984 Thread 0x0000015b7bdfc760 Exception <a 'java/lang/NoSuchMethodError'{0x00000000b91251c8}: 'java.lang.Object java.lang.invoke.DirectMethodHandle$Holder.invokeSpecial(java.lang.Object, java.lang.Object, java.lang.Object, java.lang.Object, java.lang.Object, java.lang.Object, java.lang.Object, java.lang.Object, java.lang.Object, java.lang.Object, java.lang.Object, java.lang.Object, java.lang.Object, java.lang.Object, java.lang.Object, java.lang.Object)'> (0x00000000b91251c8) 
thrown [s\src\hotspot\share\interpreter\linkResolver.cpp, li
Event: 907.985 Thread 0x0000015b7bdfc760 Exception <a 'java/lang/NoSuchMethodError'{0x00000000b912a448}: 'java.lang.Object java.lang.invoke.DelegatingMethodHandle$Holder.reinvoke_L(java.lang.Object, java.lang.Object, java.lang.Object, java.lang.Object, java.lang.Object, java.lang.Object, java.lang.Object, java.lang.Object, java.lang.Object, java.lang.Object, java.lang.Object, java.lang.Object, java.lang.Object, java.lang.Object, java.lang.Object)'> (0x00000000b912a448) 
thrown [s\src\hotspot\share\interpreter\linkResolver.cpp, line 773]
Event: 908.142 Thread 0x0000015b7bdfc760 Exception <a 'java/lang/NoSuchMethodError'{0x00000000b8f400e8}: 'java.lang.Object java.lang.invoke.DelegatingMethodHandle$Holder.reinvoke_L(java.lang.Object, java.lang.Object, java.lang.Object, java.lang.Object, java.lang.Object, java.lang.Object, java.lang.Object, java.lang.Object, java.lang.Object, java.lang.Object, java.lang.Object, java.lang.Object, java.lang.Object, java.lang.Object, java.lang.Object, java.lang.Object, java.lang.Object, java.lang.Object, java.lang.Object, java.lang.Object, java.lang.O
Event: 908.164 Thread 0x0000015b7bdfc760 Exception <a 'java/lang/NoSuchMethodError'{0x00000000b8e51bb8}: 'java.lang.Object java.lang.invoke.DirectMethodHandle$Holder.invokeStatic(java.lang.Object, java.lang.Object, java.lang.Object, java.lang.Object, java.lang.Object, java.lang.Object, java.lang.Object, java.lang.Object, java.lang.Object, java.lang.Object, java.lang.Object, java.lang.Object, java.lang.Object, java.lang.Object, java.lang.Object, java.lang.Object, java.lang.Object, java.lang.Object, java.lang.Object, java.lang.Object, java.lang.Obj
Event: 908.200 Thread 0x0000015b7bdfc760 Exception <a 'java/lang/NoSuchMethodError'{0x00000000b8e86b70}: 'java.lang.Object java.lang.invoke.DirectMethodHandle$Holder.invokeStatic(java.lang.Object, java.lang.Object, java.lang.Object, java.lang.Object, java.lang.Object, java.lang.Object, java.lang.Object, java.lang.Object, java.lang.Object, java.lang.Object, java.lang.Object, java.lang.Object, java.lang.Object, java.lang.Object, java.lang.Object, java.lang.Object, java.lang.Object, java.lang.Object, java.lang.Object, java.lang.Object, java.lang.Obj
Event: 908.204 Thread 0x0000015b7bdfc760 Exception <a 'java/lang/NoSuchMethodError'{0x00000000b8ebdf30}: 'java.lang.Object java.lang.invoke.DirectMethodHandle$Holder.invokeStatic(java.lang.Object, java.lang.Object, java.lang.Object, java.lang.Object, java.lang.Object, java.lang.Object, java.lang.Object, java.lang.Object, java.lang.Object, java.lang.Object, java.lang.Object, java.lang.Object, java.lang.Object, java.lang.Object, java.lang.Object, java.lang.Object, java.lang.Object, java.lang.Object, java.lang.Object, java.lang.Object, java.lang.Obj
Event: 908.241 Thread 0x0000015b7bdfc760 Exception <a 'java/lang/NoSuchMethodError'{0x00000000b8d4d218}: 'java.lang.Object java.lang.invoke.DirectMethodHandle$Holder.newInvokeSpecial(java.lang.Object, java.lang.Object, java.lang.Object, java.lang.Object, java.lang.Object, java.lang.Object, java.lang.Object, java.lang.Object, java.lang.Object, java.lang.Object, java.lang.Object, java.lang.Object, java.lang.Object, java.lang.Object, java.lang.Object, java.lang.Object, java.lang.Object, java.lang.Object, java.lang.Object)'> (0x00000000b8d4d218) 
thr
Event: 908.242 Thread 0x0000015b7bdfc760 Exception <a 'java/lang/NoSuchMethodError'{0x00000000b8d53be8}: 'java.lang.Object java.lang.invoke.DirectMethodHandle$Holder.invokeSpecial(java.lang.Object, java.lang.Object, java.lang.Object, java.lang.Object, java.lang.Object, java.lang.Object, java.lang.Object, java.lang.Object, java.lang.Object, java.lang.Object, java.lang.Object, java.lang.Object, java.lang.Object, java.lang.Object, java.lang.Object, java.lang.Object, java.lang.Object, java.lang.Object, java.lang.Object, java.lang.Object)'> (0x0000000
Event: 908.242 Thread 0x0000015b7bdfc760 Exception <a 'java/lang/NoSuchMethodError'{0x00000000b8d59188}: 'java.lang.Object java.lang.invoke.DelegatingMethodHandle$Holder.reinvoke_L(java.lang.Object, java.lang.Object, java.lang.Object, java.lang.Object, java.lang.Object, java.lang.Object, java.lang.Object, java.lang.Object, java.lang.Object, java.lang.Object, java.lang.Object, java.lang.Object, java.lang.Object, java.lang.Object, java.lang.Object, java.lang.Object, java.lang.Object, java.lang.Object, java.lang.Object)'> (0x00000000b8d59188) 
throw
Event: 910.368 Thread 0x0000015b7bdfc760 Exception <a 'java/lang/IncompatibleClassChangeError'{0x00000000b8716ab0}: Found class java.lang.Object, but interface was expected> (0x00000000b8716ab0) 
thrown [s\src\hotspot\share\interpreter\linkResolver.cpp, line 840]
Event: 910.776 Thread 0x0000015b7bdfc760 Exception <a 'java/lang/NoSuchMethodError'{0x00000000b860c6c8}: 'java.lang.Object java.lang.invoke.DirectMethodHandle$Holder.newInvokeSpecial(java.lang.Object, java.lang.Object, long)'> (0x00000000b860c6c8) 
thrown [s\src\hotspot\share\interpreter\linkResolver.cpp, line 773]
Event: 910.777 Thread 0x0000015b7bdfc760 Exception <a 'java/lang/NoSuchMethodError'{0x00000000b8610a00}: 'java.lang.Object java.lang.invoke.Invokers$Holder.linkToTargetMethod(java.lang.Object, long, java.lang.Object)'> (0x00000000b8610a00) 
thrown [s\src\hotspot\share\interpreter\linkResolver.cpp, line 773]
Event: 910.938 Thread 0x0000015b7bdfad20 Implicit null exception at 0x0000015b294046e1 to 0x0000015b29404d74
Event: 911.128 Thread 0x0000015b7bdfc760 Exception <a 'java/lang/NoSuchMethodError'{0x00000000a3f38808}: 'int java.lang.invoke.DirectMethodHandle$Holder.invokeInterface(java.lang.Object, java.lang.Object)'> (0x00000000a3f38808) 
thrown [s\src\hotspot\share\interpreter\linkResolver.cpp, line 773]
Event: 911.173 Thread 0x0000015b7bdfc760 Exception <a 'java/lang/NoSuchMethodError'{0x00000000a3fa5fd8}: 'java.lang.Object java.lang.invoke.DirectMethodHandle$Holder.invokeVirtual(java.lang.Object, java.lang.Object, int)'> (0x00000000a3fa5fd8) 
thrown [s\src\hotspot\share\interpreter\linkResolver.cpp, line 773]
Event: 1638.243 Thread 0x0000015b7bdfc760 Exception <a 'java/lang/NoSuchMethodError'{0x00000000a2f33438}: 'java.lang.Object java.lang.invoke.DirectMethodHandle$Holder.invokeStatic(java.lang.Object, java.lang.Object, int, java.lang.Object)'> (0x00000000a2f33438) 
thrown [s\src\hotspot\share\interpreter\linkResolver.cpp, line 773]
Event: 1638.328 Thread 0x0000015b7bdfc760 Exception <a 'java/lang/NoSuchMethodError'{0x00000000a2f3a820}: 'java.lang.Object java.lang.invoke.DirectMethodHandle$Holder.newInvokeSpecial(java.lang.Object, java.lang.Object, int, java.lang.Object)'> (0x00000000a2f3a820) 
thrown [s\src\hotspot\share\interpreter\linkResolver.cpp, line 773]
Event: 1638.405 Thread 0x0000015b7bdfc760 Exception <a 'java/lang/NoSuchMethodError'{0x00000000a2f3ef48}: 'java.lang.Object java.lang.invoke.DirectMethodHandle$Holder.invokeSpecial(java.lang.Object, java.lang.Object, java.lang.Object, int, java.lang.Object)'> (0x00000000a2f3ef48) 
thrown [s\src\hotspot\share\interpreter\linkResolver.cpp, line 773]

ZGC Phase Switch (0 events):
No events

VM Operations (20 events):
Event: 2258.173 Executing safepoint VM operation: Cleanup
Event: 2258.173 Executing safepoint VM operation: Cleanup done
Event: 2266.246 Executing safepoint VM operation: Cleanup
Event: 2266.246 Executing safepoint VM operation: Cleanup done
Event: 2311.804 Executing safepoint VM operation: Cleanup
Event: 2311.805 Executing safepoint VM operation: Cleanup done
Event: 2315.842 Executing safepoint VM operation: Cleanup
Event: 2315.842 Executing safepoint VM operation: Cleanup done
Event: 2566.572 Executing safepoint VM operation: Cleanup
Event: 2566.573 Executing safepoint VM operation: Cleanup done
Event: 2575.684 Executing safepoint VM operation: Cleanup
Event: 2575.684 Executing safepoint VM operation: Cleanup done
Event: 2576.694 Executing safepoint VM operation: Cleanup
Event: 2576.694 Executing safepoint VM operation: Cleanup done
Event: 2585.780 Executing safepoint VM operation: Cleanup
Event: 2585.780 Executing safepoint VM operation: Cleanup done
Event: 2587.804 Executing safepoint VM operation: G1CollectForAllocation (G1 Evacuation Pause)
Event: 2587.843 Executing safepoint VM operation: G1CollectForAllocation (G1 Evacuation Pause) done
Event: 11959.564 Executing safepoint VM operation: Cleanup
Event: 11977.829 Executing safepoint VM operation: Cleanup done

Memory protections (0 events):
No events

Nmethod flushes (0 events):
No events

Events (20 events):
Event: 888.111 Thread 0x0000015b3542cc10 Thread added: 0x0000015b7d7aa010
Event: 889.303 Thread 0x0000015b7d7aa010 Thread exited: 0x0000015b7d7aa010
Event: 890.587 Thread 0x0000015b3542cc10 Thread added: 0x0000015b7da39dc0
Event: 890.939 Thread 0x0000015b3542cc10 Thread added: 0x0000015b7d720950
Event: 891.498 Thread 0x0000015b7d720950 Thread exited: 0x0000015b7d720950
Event: 891.776 Thread 0x0000015b7da39dc0 Thread exited: 0x0000015b7da39dc0
Event: 892.929 Thread 0x0000015b7bdfc760 Thread added: 0x0000015b7ce73530
Event: 896.269 Thread 0x0000015b3542cc10 Thread added: 0x0000015b7c416f90
Event: 897.324 Thread 0x0000015b7c416f90 Thread exited: 0x0000015b7c416f90
Event: 897.585 Thread 0x0000015b7bdfc760 Thread added: 0x0000015b7ce71af0
Event: 897.762 Thread 0x0000015b7bdfc760 Thread added: 0x0000015b7ce72ea0
Event: 901.533 Thread 0x0000015b7bdfc760 Thread added: 0x0000015b7ce73bc0
Event: 901.796 Thread 0x0000015b7bdfc760 Thread added: 0x0000015b7ce75600
Event: 905.433 Thread 0x0000015b7bdfc760 Thread added: 0x0000015b7ce74f70
Event: 906.670 Thread 0x0000015b7bdfc760 Thread added: 0x0000015b7ce75c90
Event: 907.808 Thread 0x0000015b7bdfc760 Thread added: 0x0000015b7ce748e0
Event: 979.354 Thread 0x0000015b7bdfb3b0 Thread exited: 0x0000015b7bdfb3b0
Event: 1637.570 Thread 0x0000015b7bdfdb10 Thread added: 0x0000015b7ce76320
Event: 1638.550 Thread 0x0000015b7bdfc760 Thread added: 0x0000015b7ce74250
Event: 1765.197 Thread 0x0000015b7ce76320 Thread exited: 0x0000015b7ce76320


Dynamic libraries:
0x00007ff78b490000 - 0x00007ff78b49e000 	C:\Users\Dawit.DAWITA\.vscode\extensions\redhat.java-1.56.0-win32-x64\jre\21.0.12.1-win32-x86_64\bin\java.exe
0x00007ffaf8ac0000 - 0x00007ffaf8d27000 	C:\WINDOWS\SYSTEM32\ntdll.dll
0x00007ffaf6c70000 - 0x00007ffaf6d3b000 	C:\WINDOWS\System32\KERNEL32.DLL
0x00007ffaf5e10000 - 0x00007ffaf6211000 	C:\WINDOWS\System32\KERNELBASE.dll
0x00007ffaf6680000 - 0x00007ffaf67cc000 	C:\WINDOWS\System32\ucrtbase.dll
0x00007ffa513b0000 - 0x00007ffa513c8000 	C:\Users\Dawit.DAWITA\.vscode\extensions\redhat.java-1.56.0-win32-x64\jre\21.0.12.1-win32-x86_64\bin\jli.dll
0x00007ffaf8050000 - 0x00007ffaf8227000 	C:\WINDOWS\System32\USER32.dll
0x00007ffaf62e0000 - 0x00007ffaf6307000 	C:\WINDOWS\System32\win32u.dll
0x00007ffaf74f0000 - 0x00007ffaf751b000 	C:\WINDOWS\System32\GDI32.dll
0x00007ffaf6550000 - 0x00007ffaf6678000 	C:\WINDOWS\System32\gdi32full.dll
0x00007ffaf6310000 - 0x00007ffaf63b3000 	C:\WINDOWS\System32\msvcp_win.dll
0x00007ffa51390000 - 0x00007ffa513ae000 	C:\Users\Dawit.DAWITA\.vscode\extensions\redhat.java-1.56.0-win32-x64\jre\21.0.12.1-win32-x86_64\bin\VCRUNTIME140.dll
0x00007ffada7a0000 - 0x00007ffadaa30000 	C:\WINDOWS\WinSxS\amd64_microsoft.windows.common-controls_6595b64144ccf1df_6.0.26100.9549_none_3e0a0396e3330090\COMCTL32.dll
0x00007ffaf6b70000 - 0x00007ffaf6c19000 	C:\WINDOWS\System32\msvcrt.dll
0x00007ffaf7d50000 - 0x00007ffaf7d81000 	C:\WINDOWS\System32\IMM32.DLL
0x00007ffabfdc0000 - 0x00007ffabfdcc000 	C:\Users\Dawit.DAWITA\.vscode\extensions\redhat.java-1.56.0-win32-x64\jre\21.0.12.1-win32-x86_64\bin\vcruntime140_1.dll
0x00007ffa51300000 - 0x00007ffa5138d000 	C:\Users\Dawit.DAWITA\.vscode\extensions\redhat.java-1.56.0-win32-x64\jre\21.0.12.1-win32-x86_64\bin\msvcp140.dll
0x00007ffa50490000 - 0x00007ffa51232000 	C:\Users\Dawit.DAWITA\.vscode\extensions\redhat.java-1.56.0-win32-x64\jre\21.0.12.1-win32-x86_64\bin\server\jvm.dll
0x00007ffaf8950000 - 0x00007ffaf8a0b000 	C:\WINDOWS\System32\ADVAPI32.dll
0x00007ffaf8230000 - 0x00007ffaf82d8000 	C:\WINDOWS\System32\sechost.dll
0x00007ffaf7f30000 - 0x00007ffaf8048000 	C:\WINDOWS\System32\RPCRT4.dll
0x00007ffaf8710000 - 0x00007ffaf8791000 	C:\WINDOWS\System32\WS2_32.dll
0x00007ffaf5b10000 - 0x00007ffaf5b6e000 	C:\WINDOWS\SYSTEM32\POWRPROF.dll
0x00007ffadc210000 - 0x00007ffadc247000 	C:\WINDOWS\SYSTEM32\WINMM.dll
0x00007ffae7c80000 - 0x00007ffae7c8b000 	C:\WINDOWS\SYSTEM32\VERSION.dll
0x00007ffaf5af0000 - 0x00007ffaf5b05000 	C:\WINDOWS\SYSTEM32\UMPDC.dll
0x00007ffaf4960000 - 0x00007ffaf497b000 	C:\WINDOWS\SYSTEM32\kernel.appcore.dll
0x00007ffaba930000 - 0x00007ffaba93a000 	C:\Users\Dawit.DAWITA\.vscode\extensions\redhat.java-1.56.0-win32-x64\jre\21.0.12.1-win32-x86_64\bin\jimage.dll
0x00007ffaf29d0000 - 0x00007ffaf2c1c000 	C:\WINDOWS\SYSTEM32\DBGHELP.DLL
0x00007ffaf67e0000 - 0x00007ffaf6b6a000 	C:\WINDOWS\System32\combase.dll
0x00007ffaf8450000 - 0x00007ffaf8529000 	C:\WINDOWS\System32\OLEAUT32.dll
0x00007ffad6b70000 - 0x00007ffad6bab000 	C:\WINDOWS\SYSTEM32\dbgcore.DLL
0x00007ffaf6220000 - 0x00007ffaf62cc000 	C:\WINDOWS\System32\bcryptPrimitives.dll
0x00007ffae81f0000 - 0x00007ffae81ff000 	C:\Users\Dawit.DAWITA\.vscode\extensions\redhat.java-1.56.0-win32-x64\jre\21.0.12.1-win32-x86_64\bin\instrument.dll
0x00007ffa50470000 - 0x00007ffa50490000 	C:\Users\Dawit.DAWITA\.vscode\extensions\redhat.java-1.56.0-win32-x64\jre\21.0.12.1-win32-x86_64\bin\java.dll
0x00007ffaf6d40000 - 0x00007ffaf74dc000 	C:\WINDOWS\System32\SHELL32.dll
0x00007ffaf3740000 - 0x00007ffaf3fed000 	C:\WINDOWS\SYSTEM32\windows.storage.dll
0x00007ffaf87a0000 - 0x00007ffaf8899000 	C:\WINDOWS\System32\SHCORE.dll
0x00007ffaf8a10000 - 0x00007ffaf8a76000 	C:\WINDOWS\System32\shlwapi.dll
0x00007ffaf5bd0000 - 0x00007ffaf5bf9000 	C:\WINDOWS\SYSTEM32\profapi.dll
0x00007ffa503f0000 - 0x00007ffa50408000 	C:\Users\Dawit.DAWITA\.vscode\extensions\redhat.java-1.56.0-win32-x64\jre\21.0.12.1-win32-x86_64\bin\zip.dll
0x00007ffaae710000 - 0x00007ffaae720000 	C:\Users\Dawit.DAWITA\.vscode\extensions\redhat.java-1.56.0-win32-x64\jre\21.0.12.1-win32-x86_64\bin\net.dll
0x00007ffae7750000 - 0x00007ffae787a000 	C:\WINDOWS\SYSTEM32\WINHTTP.dll
0x00007ffaf4f20000 - 0x00007ffaf4f8c000 	C:\WINDOWS\system32\mswsock.dll
0x00007ffa51860000 - 0x00007ffa51876000 	C:\Users\Dawit.DAWITA\.vscode\extensions\redhat.java-1.56.0-win32-x64\jre\21.0.12.1-win32-x86_64\bin\nio.dll
0x00007ffae81e0000 - 0x00007ffae81f0000 	C:\Users\Dawit.DAWITA\.vscode\extensions\redhat.java-1.56.0-win32-x64\jre\21.0.12.1-win32-x86_64\bin\verify.dll
0x00007ffa520f0000 - 0x00007ffa52117000 	C:\Users\Dawit.DAWITA\.gradle\native\c067742578af261105cb4f569cf0c3c89f3d7b1fecec35dd04571415982c5e48\windows-amd64\native-platform.dll
0x00007ffa71ca0000 - 0x00007ffa71de4000 	C:\Users\Dawit.DAWITA\.gradle\native\100fb08df4bc3b14c8652ba06237920a3bd2aa13389f12d3474272988ae205f9\windows-amd64\native-platform-file-events.dll
0x00007ffad7980000 - 0x00007ffad798a000 	C:\Users\Dawit.DAWITA\.vscode\extensions\redhat.java-1.56.0-win32-x64\jre\21.0.12.1-win32-x86_64\bin\management.dll
0x00007ffad7970000 - 0x00007ffad797c000 	C:\Users\Dawit.DAWITA\.vscode\extensions\redhat.java-1.56.0-win32-x64\jre\21.0.12.1-win32-x86_64\bin\management_ext.dll
0x00007ffaf88c0000 - 0x00007ffaf88c8000 	C:\WINDOWS\System32\PSAPI.DLL
0x00007ffaf5210000 - 0x00007ffaf522b000 	C:\WINDOWS\SYSTEM32\CRYPTSP.dll
0x00007ffaf48c0000 - 0x00007ffaf48f9000 	C:\WINDOWS\system32\rsaenh.dll
0x00007ffaf4fd0000 - 0x00007ffaf5004000 	C:\WINDOWS\SYSTEM32\USERENV.dll
0x00007ffaf5ba0000 - 0x00007ffaf5bca000 	C:\WINDOWS\SYSTEM32\bcrypt.dll
0x00007ffaf5230000 - 0x00007ffaf523c000 	C:\WINDOWS\SYSTEM32\CRYPTBASE.dll
0x00007ffaf43e0000 - 0x00007ffaf4413000 	C:\WINDOWS\SYSTEM32\IPHLPAPI.DLL
0x00007ffaf88b0000 - 0x00007ffaf88ba000 	C:\WINDOWS\System32\NSI.dll
0x00007ffa7d790000 - 0x00007ffa7d799000 	C:\Users\Dawit.DAWITA\.vscode\extensions\redhat.java-1.56.0-win32-x64\jre\21.0.12.1-win32-x86_64\bin\extnet.dll
0x00007ffa84180000 - 0x00007ffa8418e000 	C:\Users\Dawit.DAWITA\.vscode\extensions\redhat.java-1.56.0-win32-x64\jre\21.0.12.1-win32-x86_64\bin\sunmscapi.dll
0x00007ffaf63c0000 - 0x00007ffaf653f000 	C:\WINDOWS\System32\CRYPT32.dll
0x00007ffaf5470000 - 0x00007ffaf54a0000 	C:\WINDOWS\SYSTEM32\ncrypt.dll
0x00007ffaf5420000 - 0x00007ffaf545f000 	C:\WINDOWS\SYSTEM32\NTASN1.dll
0x00007ffac5700000 - 0x00007ffac5708000 	C:\WINDOWS\system32\wshunix.dll

JVMTI agents:
C:\Users\Dawit.DAWITA\.gradle\wrapper\dists\gradle-8.11.1-all\2qik7nd48slq1ooc2496ixf4i\gradle-8.11.1\lib\agents\gradle-instrumentation-agent-8.11.1.jar path:C:\Users\Dawit.DAWITA\.vscode\extensions\redhat.java-1.56.0-win32-x64\jre\21.0.12.1-win32-x86_64\bin\instrument.dll, loaded, initialized, instrumentlib options:none

dbghelp: loaded successfully - version: 4.0.5 - missing functions: none
symbol engine: initialized successfully - sym options: 0x614 - pdb path: .;C:\Users\Dawit.DAWITA\.vscode\extensions\redhat.java-1.56.0-win32-x64\jre\21.0.12.1-win32-x86_64\bin;C:\WINDOWS\SYSTEM32;C:\WINDOWS\WinSxS\amd64_microsoft.windows.common-controls_6595b64144ccf1df_6.0.26100.9549_none_3e0a0396e3330090;C:\Users\Dawit.DAWITA\.vscode\extensions\redhat.java-1.56.0-win32-x64\jre\21.0.12.1-win32-x86_64\bin\server;C:\Users\Dawit.DAWITA\.gradle\native\c067742578af261105cb4f569cf0c3c89f3d7b1fecec35dd04571415982c5e48\windows-amd64;C:\Users\Dawit.DAWITA\.gradle\native\100fb08df4bc3b14c8652ba06237920a3bd2aa13389f12d3474272988ae205f9\windows-amd64

VM Arguments:
jvm_args: --add-opens=java.base/java.lang=ALL-UNNAMED --add-opens=java.base/java.lang.invoke=ALL-UNNAMED --add-opens=java.base/java.util=ALL-UNNAMED --add-opens=java.prefs/java.util.prefs=ALL-UNNAMED --add-exports=jdk.compiler/com.sun.tools.javac.api=ALL-UNNAMED --add-exports=jdk.compiler/com.sun.tools.javac.util=ALL-UNNAMED --add-opens=java.base/java.util=ALL-UNNAMED --add-opens=java.prefs/java.util.prefs=ALL-UNNAMED --add-opens=java.base/java.nio.charset=ALL-UNNAMED --add-opens=java.base/java.net=ALL-UNNAMED --add-opens=java.base/java.util.concurrent.atomic=ALL-UNNAMED --add-opens=java.xml/javax.xml.namespace=ALL-UNNAMED -Xmx1536m -Dfile.encoding=UTF-8 -Duser.country=US -Duser.language=en -Duser.variant -javaagent:C:\Users\Dawit.DAWITA\.gradle\wrapper\dists\gradle-8.11.1-all\2qik7nd48slq1ooc2496ixf4i\gradle-8.11.1\lib\agents\gradle-instrumentation-agent-8.11.1.jar 
java_command: org.gradle.launcher.daemon.bootstrap.GradleDaemon 8.11.1
java_class_path (initial): C:\Users\Dawit.DAWITA\.gradle\wrapper\dists\gradle-8.11.1-all\2qik7nd48slq1ooc2496ixf4i\gradle-8.11.1\lib\gradle-daemon-main-8.11.1.jar
Launcher Type: SUN_STANDARD

[Global flags]
     intx CICompilerCount                          = 4                                         {product} {ergonomic}
     uint ConcGCThreads                            = 2                                         {product} {ergonomic}
     uint G1ConcRefinementThreads                  = 8                                         {product} {ergonomic}
   size_t G1HeapRegionSize                         = 1048576                                   {product} {ergonomic}
    uintx GCDrainStackTargetSize                   = 64                                        {product} {ergonomic}
   size_t InitialHeapSize                          = 534773760                                 {product} {ergonomic}
   size_t MarkStackSize                            = 4194304                                   {product} {ergonomic}
   size_t MaxHeapSize                              = 1610612736                                {product} {command line}
   size_t MaxNewSize                               = 965738496                                 {product} {ergonomic}
   size_t MinHeapDeltaBytes                        = 1048576                                   {product} {ergonomic}
   size_t MinHeapSize                              = 8388608                                   {product} {ergonomic}
    uintx NonNMethodCodeHeapSize                   = 5839372                                {pd product} {ergonomic}
    uintx NonProfiledCodeHeapSize                  = 122909434                              {pd product} {ergonomic}
    uintx ProfiledCodeHeapSize                     = 122909434                              {pd product} {ergonomic}
    uintx ReservedCodeCacheSize                    = 251658240                              {pd product} {ergonomic}
     bool SegmentedCodeCache                       = true                                      {product} {ergonomic}
   size_t SoftMaxHeapSize                          = 1610612736                             {manageable} {ergonomic}
     bool UseCompressedOops                        = true                           {product lp64_product} {ergonomic}
     bool UseG1GC                                  = true                                      {product} {ergonomic}
     bool UseLargePagesIndividualAllocation        = false                                  {pd product} {ergonomic}

Logging:
Log output configuration:
 #0: stdout all=warning uptime,level,tags foldmultilines=false
 #1: stderr all=off uptime,level,tags foldmultilines=false

Release file:
JAVA_VERSION="21.0.12.1" 
MODULES="java.base java.compiler java.datatransfer java.xml java.prefs java.desktop java.instrument java.logging java.management java.security.sasl java.naming java.rmi java.management.rmi java.net.http java.scripting java.security.jgss java.transaction.xa java.sql java.sql.rowset java.xml.crypto java.se java.smartcardio jdk.accessibility jdk.internal.jvmstat jdk.attach jdk.charsets jdk.internal.opt jdk.zipfs jdk.compiler jdk.crypto.ec jdk.crypto.cryptoki jdk.crypto.mscapi jdk.dynalink jdk.internal.ed jdk.editpad jdk.hotspot.agent jdk.httpserver jdk.internal.le jdk.internal.vm.ci jdk.internal.vm.compiler jdk.internal.vm.compiler.management jdk.jartool jdk.javadoc jdk.jcmd jdk.management jdk.management.agent jdk.jconsole jdk.jdeps jdk.jdwp.agent jdk.jdi jdk.jfr jdk.jshell jdk.jsobject jdk.jstatd jdk.localedata jdk.management.jfr jdk.naming.dns jdk.naming.rmi jdk.net jdk.nio.mapmode jdk.random jdk.sctp jdk.security.auth jdk.security.jgss jdk.unsupported jdk.unsupported.desktop jdk.xml.dom" 

Environment Variables:
JAVA_HOME=C:\Users\Dawit.DAWITA\AppData\Local\Java\jdk-21.0.2+13
PATH=C:\Program Files (x86)\VMware\VMware Workstation\bin\;C:\Program Files (x86)\VMware\VMware Player\bin\;C:\Program Files\Common Files\Oracle\Java\javapath;C:\Program Files\Eclipse Adoptium\jdk-17.0.17.10-hotspot\bin;C:\Program Files\Eclipse Adoptium\jdk-21.0.9.10-hotspot\bin;C:\WINDOWS\system32;C:\WINDOWS;C:\WINDOWS\System32\Wbem;C:\WINDOWS\System32\WindowsPowerShell\v1.0\;C:\WINDOWS\System32\OpenSSH\;C:\Program Files\nodejs\;C:\Program Files\PyManager\;C:\Program Files\Git\cmd;C:\Program Files\WSL\;C:\Program Files\Docker\Docker\resources\bin;C:\Users\Dawit.DAWITA\AppData\Local\Java\jdk-21.0.2+13\bin;C:\Users\Dawit.DAWITA\AppData\Local\Microsoft\WindowsApps;C:\Users\Dawit.DAWITA\AppData\Local\Programs\Microsoft VS Code\bin;C:\Program Files\JetBrains\PyCharm Community Edition 2023.1.1\bin;;%USERPROFILE%\AppData\Local\Microsoft\WindowsApps
USERNAME=Dawit
OS=Windows_NT
PROCESSOR_IDENTIFIER=Intel64 Family 6 Model 142 Stepping 12, GenuineIntel
TMP=C:\Users\DAWIT~1.DAW\AppData\Local\Temp
TEMP=C:\Users\DAWIT~1.DAW\AppData\Local\Temp




Periodic native trim disabled

---------------  S Y S T E M  ---------------

OS:
 Windows 11 , 64 bit Build 26100 (10.0.26100.9549)
OS uptime: 0 days 5:28 hours
Hyper-V role detected

CPU: total 8 (initial active 8) (4 cores per cpu, 2 threads per core) family 6 model 142 stepping 12 microcode 0xfc, cx8, cmov, fxsr, ht, mmx, 3dnowpref, sse, sse2, sse3, ssse3, sse4.1, sse4.2, popcnt, lzcnt, tsc, tscinvbit, avx, avx2, aes, erms, clmul, bmi1, bmi2, adx, fma, vzeroupper, clflush, clflushopt, hv, rdtscp, f16c
Processor Information for the first 8 processors :
  Max Mhz: 1992, Current Mhz: 1792, Mhz Limit: 1792

Memory: 4k page, system-wide physical 32615M (34M free)
TotalPageFile size 130919M (AvailPageFile size 623M)
current process WorkingSet (physical memory assigned to process): 36M, peak: 194M
current process commit charge ("private bytes"): 254M, peak: 698M

vm_info: OpenJDK 64-Bit Server VM (21.0.12.1+1-LTS) for windows-amd64 JRE (21.0.12.1+1-LTS), built on 2026-08-18T00:00:00Z by "admin" with MS VC++ 17.12 (VS2022)

END.
