#
# There is insufficient memory for the Java Runtime Environment to continue.
# Native memory allocation (malloc) failed to allocate 32744 bytes. Error detail: Chunk::new
# Possible reasons:
#   The system is out of physical RAM or swap space
#   This process is running with CompressedOops enabled, and the Java Heap may be blocking the growth of the native heap
# Possible solutions:
#   Reduce memory load on the system
#   Increase physical memory or swap space
#   Check if swap backing store is full
#   Decrease Java heap size (-Xmx/-Xms)
#   Decrease number of Java threads
#   Decrease Java thread stack sizes (-Xss)
#   Set larger code cache with -XX:ReservedCodeCacheSize=
#   JVM is running with Unscaled Compressed Oops mode in which the Java heap is
#     placed in the first 4GB address space. The Java Heap base address is the
#     maximum limit for the native heap growth. Please use -XX:HeapBaseMinAddress
#     to set the Java Heap base and to place the Java Heap above 4GB virtual address.
# This output file may be truncated or incomplete.
#
#  Out of Memory Error (arena.cpp:168), pid=99596, tid=92380
#
# JRE version: OpenJDK Runtime Environment Temurin-21.0.12.1+1 (21.0.12.1+1) (build 21.0.12.1+1-LTS)
# Java VM: OpenJDK 64-Bit Server VM Temurin-21.0.12.1+1 (21.0.12.1+1-LTS, mixed mode, sharing, tiered, compressed oops, compressed class ptrs, g1 gc, windows-amd64)
# No core dump will be written. Minidumps are not enabled by default on client versions of Windows
#

---------------  S U M M A R Y ------------

Command Line: --add-opens=java.base/java.util=ALL-UNNAMED --add-opens=java.base/java.lang=ALL-UNNAMED --add-opens=java.base/java.lang.invoke=ALL-UNNAMED --add-opens=java.prefs/java.util.prefs=ALL-UNNAMED --add-exports=jdk.compiler/com.sun.tools.javac.api=ALL-UNNAMED --add-exports=jdk.compiler/com.sun.tools.javac.util=ALL-UNNAMED --add-opens=java.base/java.nio.charset=ALL-UNNAMED --add-opens=java.base/java.net=ALL-UNNAMED --add-opens=java.base/java.util.concurrent.atomic=ALL-UNNAMED -XX:MaxMetaspaceSize=384m -XX:+HeapDumpOnOutOfMemoryError -Xms256m -Xmx512m -Dfile.encoding=utf8 -Duser.country=US -Duser.language=en -Duser.variant -javaagent:C:\Users\Dawit.DAWITA\.gradle\wrapper\dists\gradle-8.9-bin\90cnw93cvbtalezasaz0blq0a\gradle-8.9\lib\agents\gradle-instrumentation-agent-8.9.jar org.gradle.launcher.daemon.bootstrap.GradleDaemon 8.9

Host: Intel(R) Core(TM) i7-8565U CPU @ 1.80GHz, 8 cores, 31G,  Windows 11 , 64 bit Build 26100 (10.0.26100.9549)
Time: Wed Oct  7 16:52:48 2026 E. Africa Standard Time elapsed time: 9565.583569 seconds (0d 2h 39m 25s)

---------------  T H R E A D  ---------------

Current thread (0x000001f2b8caa440):  JavaThread "C2 CompilerThread1" daemon [_thread_in_native, id=92380, stack(0x0000004edf800000,0x0000004edf900000) (1024K)]


Current CompileTask:
C2:9565583 4437       4       java.util.ComparableTimSort::binarySort (223 bytes)

Stack: [0x0000004edf800000,0x0000004edf900000]
Native frames: (J=compiled Java code, j=interpreted, Vv=VM code, C=native code)
V  [jvm.dll+0x6d83e9]
V  [jvm.dll+0x8b5736]
V  [jvm.dll+0x8b7cee]
V  [jvm.dll+0x8b83d3]
V  [jvm.dll+0x284596]
V  [jvm.dll+0xc685d]
V  [jvm.dll+0xc6da1]
V  [jvm.dll+0xd41cd]
V  [jvm.dll+0x5eeedd]
V  [jvm.dll+0x5ed3fd]
V  [jvm.dll+0x5edca0]
V  [jvm.dll+0x5ed21e]
V  [jvm.dll+0x5ed1e5]
V  [jvm.dll+0x5ff5e3]
V  [jvm.dll+0x255d67]
V  [jvm.dll+0x24e0f4]
V  [jvm.dll+0x24bbe6]
V  [jvm.dll+0x1cb4ae]
V  [jvm.dll+0x25baad]
V  [jvm.dll+0x25a03a]
V  [jvm.dll+0x3f8aae]
V  [jvm.dll+0x8600cd]
V  [jvm.dll+0x6d6c1d]
C  [ucrtbase.dll+0x2cd30]
C  [KERNEL32.DLL+0x2cdf7]
C  [ntdll.dll+0x7ee4c]


---------------  P R O C E S S  ---------------

Threads class SMR info:
_java_thread_list=0x000001f2b7d4a660, length=34, elements={
0x000001f285cc8e10, 0x000001f29daa4370, 0x000001f29daa5940, 0x000001f29daa8f20,
0x000001f29daa9980, 0x000001f29daaa3e0, 0x000001f29daaae40, 0x000001f29daabbd0,
0x000001f29db1a3f0, 0x000001f29dc9f3d0, 0x000001f29dd31a80, 0x000001f2b7a03140,
0x000001f2b84c9410, 0x000001f2b8640d50, 0x000001f2b82068a0, 0x000001f2b7902330,
0x000001f2b7903050, 0x000001f2b7901ca0, 0x000001f2b7901610, 0x000001f2b79029c0,
0x000001f2b79036e0, 0x000001f2b79008f0, 0x000001f2b7903d70, 0x000001f2b7900f80,
0x000001f2ba96ecf0, 0x000001f2ba96e660, 0x000001f2ba96f380, 0x000001f2ba9700a0,
0x000001f2ba96fa10, 0x000001f2ba96d2b0, 0x000001f2ba970730, 0x000001f2ba970dc0,
0x000001f2ba96d940, 0x000001f2b8caa440
}

Java Threads: ( => current thread )
  0x000001f285cc8e10 JavaThread "main"                              [_thread_blocked, id=64472, stack(0x0000004edc900000,0x0000004edca00000) (1024K)]
  0x000001f29daa4370 JavaThread "Reference Handler"          daemon [_thread_blocked, id=42036, stack(0x0000004edd200000,0x0000004edd300000) (1024K)]
  0x000001f29daa5940 JavaThread "Finalizer"                  daemon [_thread_blocked, id=82760, stack(0x0000004edd300000,0x0000004edd400000) (1024K)]
  0x000001f29daa8f20 JavaThread "Signal Dispatcher"          daemon [_thread_blocked, id=43592, stack(0x0000004edd400000,0x0000004edd500000) (1024K)]
  0x000001f29daa9980 JavaThread "Attach Listener"            daemon [_thread_blocked, id=83156, stack(0x0000004edd500000,0x0000004edd600000) (1024K)]
  0x000001f29daaa3e0 JavaThread "Service Thread"             daemon [_thread_blocked, id=35752, stack(0x0000004edd600000,0x0000004edd700000) (1024K)]
  0x000001f29daaae40 JavaThread "Monitor Deflation Thread"   daemon [_thread_blocked, id=59892, stack(0x0000004edd700000,0x0000004edd800000) (1024K)]
  0x000001f29daabbd0 JavaThread "C2 CompilerThread0"         daemon [_thread_blocked, id=3008, stack(0x0000004edd800000,0x0000004edd900000) (1024K)]
  0x000001f29db1a3f0 JavaThread "C1 CompilerThread0"         daemon [_thread_blocked, id=92752, stack(0x0000004edd900000,0x0000004edda00000) (1024K)]
  0x000001f29dc9f3d0 JavaThread "Common-Cleaner"             daemon [_thread_blocked, id=23092, stack(0x0000004edda00000,0x0000004eddb00000) (1024K)]
  0x000001f29dd31a80 JavaThread "Notification Thread"        daemon [_thread_blocked, id=60380, stack(0x0000004eddb00000,0x0000004eddc00000) (1024K)]
  0x000001f2b7a03140 JavaThread "Daemon health stats"               [_thread_in_Java, id=102024, stack(0x0000004ede100000,0x0000004ede200000) (1024K)]
  0x000001f2b84c9410 JavaThread "Incoming local TCP Connector on port 50920"        [_thread_in_native, id=102168, stack(0x0000004ede400000,0x0000004ede500000) (1024K)]
  0x000001f2b8640d50 JavaThread "Daemon periodic checks"            [_thread_blocked, id=90472, stack(0x0000004ede500000,0x0000004ede600000) (1024K)]
  0x000001f2b82068a0 JavaThread "Daemon"                            [_thread_blocked, id=89968, stack(0x0000004ede600000,0x0000004ede700000) (1024K)]
  0x000001f2b7902330 JavaThread "Daemon worker"                     [_thread_blocked, id=95508, stack(0x0000004ede900000,0x0000004edea00000) (1024K)]
  0x000001f2b7903050 JavaThread "Handler for socket connection from /127.0.0.1:50920 to /127.0.0.1:50932"        [_thread_in_native, id=104236, stack(0x0000004edc800000,0x0000004edc900000) (1024K)]
  0x000001f2b7901ca0 JavaThread "Cancel handler"                    [_thread_blocked, id=38092, stack(0x0000004edca00000,0x0000004edcb00000) (1024K)]
  0x000001f2b7901610 JavaThread "Asynchronous log dispatcher for DefaultDaemonConnection: socket connection from /127.0.0.1:50920 to /127.0.0.1:50932"        [_thread_blocked, id=104712, stack(0x0000004ede700000,0x0000004ede800000) (1024K)]
  0x000001f2b79029c0 JavaThread "Stdin handler"                     [_thread_blocked, id=61648, stack(0x0000004ede800000,0x0000004ede900000) (1024K)]
  0x000001f2b79036e0 JavaThread "Daemon client event forwarder"        [_thread_blocked, id=78788, stack(0x0000004edea00000,0x0000004edeb00000) (1024K)]
  0x000001f2b79008f0 JavaThread "Cache worker for journal cache (C:\Users\Dawit.DAWITA\.gradle\caches\journal-1)"        [_thread_blocked, id=73632, stack(0x0000004edeb00000,0x0000004edec00000) (1024K)]
  0x000001f2b7903d70 JavaThread "File lock request listener"        [_thread_in_native, id=100904, stack(0x0000004edec00000,0x0000004eded00000) (1024K)]
  0x000001f2b7900f80 JavaThread "Cache worker for file hash cache (C:\Users\Dawit.DAWITA\.gradle\caches\8.9\fileHashes)"        [_thread_blocked, id=98384, stack(0x0000004eded00000,0x0000004edee00000) (1024K)]
  0x000001f2ba96ecf0 JavaThread "File lock release action executor"        [_thread_blocked, id=43580, stack(0x0000004edee00000,0x0000004edef00000) (1024K)]
  0x000001f2ba96e660 JavaThread "Cache worker for file hash cache (C:\Users\Dawit.DAWITA\Documents\AfroLife_Agency_improved\afrolife\node_modules\@capacitor\android\capacitor\.gradle\8.9\fileHashes)"        [_thread_blocked, id=101872, stack(0x0000004edf000000,0x0000004edf100000) (1024K)]
  0x000001f2ba96f380 JavaThread "Cache worker for Build Output Cleanup Cache (C:\Users\Dawit.DAWITA\Documents\AfroLife_Agency_improved\afrolife\node_modules\@capacitor\android\capacitor\.gradle\buildOutputCleanup)"        [_thread_blocked, id=73436, stack(0x0000004edf100000,0x0000004edf200000) (1024K)]
  0x000001f2ba9700a0 JavaThread "File watcher server"        daemon [_thread_in_native, id=101888, stack(0x0000004edf200000,0x0000004edf300000) (1024K)]
  0x000001f2ba96fa10 JavaThread "File watcher consumer"      daemon [_thread_blocked, id=60064, stack(0x0000004edf300000,0x0000004edf400000) (1024K)]
  0x000001f2ba96d2b0 JavaThread "Cache worker for checksums cache (C:\Users\Dawit.DAWITA\Documents\AfroLife_Agency_improved\afrolife\node_modules\@capacitor\android\capacitor\.gradle\8.9\checksums)"        [_thread_blocked, id=105076, stack(0x0000004edf400000,0x0000004edf500000) (1024K)]
  0x000001f2ba970730 JavaThread "Cache worker for file content cache (C:\Users\Dawit.DAWITA\.gradle\caches\8.9\fileContent)"        [_thread_blocked, id=98032, stack(0x0000004edf500000,0x0000004edf600000) (1024K)]
  0x000001f2ba970dc0 JavaThread "Cache worker for cache directory md-rule (C:\Users\Dawit.DAWITA\.gradle\caches\8.9\md-rule)"        [_thread_blocked, id=98844, stack(0x0000004edf600000,0x0000004edf700000) (1024K)]
  0x000001f2ba96d940 JavaThread "Cache worker for cache directory md-supplier (C:\Users\Dawit.DAWITA\.gradle\caches\8.9\md-supplier)"        [_thread_blocked, id=32932, stack(0x0000004edf700000,0x0000004edf800000) (1024K)]
=>0x000001f2b8caa440 JavaThread "C2 CompilerThread1"         daemon [_thread_in_native, id=92380, stack(0x0000004edf800000,0x0000004edf900000) (1024K)]
Total: 34

Other Threads:
  0x000001f29da87400 VMThread "VM Thread"                           [id=29516, stack(0x0000004edd100000,0x0000004edd200000) (1024K)] _threads_hazard_ptr=0x000001f2b7d4a660
  0x000001f29da789d0 WatcherThread "VM Periodic Task Thread"        [id=102964, stack(0x0000004edd000000,0x0000004edd100000) (1024K)]
  0x000001f288129080 WorkerThread "GC Thread#0"                     [id=60796, stack(0x0000004edcb00000,0x0000004edcc00000) (1024K)]
  0x000001f29de0b840 WorkerThread "GC Thread#1"                     [id=101204, stack(0x0000004eddc00000,0x0000004eddd00000) (1024K)]
  0x000001f2b7356730 WorkerThread "GC Thread#2"                     [id=4472, stack(0x0000004eddd00000,0x0000004edde00000) (1024K)]
  0x000001f2b735ee60 WorkerThread "GC Thread#3"                     [id=91784, stack(0x0000004edde00000,0x0000004eddf00000) (1024K)]
  0x000001f2b735f210 WorkerThread "GC Thread#4"                     [id=95192, stack(0x0000004eddf00000,0x0000004ede000000) (1024K)]
  0x000001f2b735f5c0 WorkerThread "GC Thread#5"                     [id=67488, stack(0x0000004ede000000,0x0000004ede100000) (1024K)]
  0x000001f2b77366b0 WorkerThread "GC Thread#6"                     [id=25652, stack(0x0000004ede200000,0x0000004ede300000) (1024K)]
  0x000001f2b7735f50 WorkerThread "GC Thread#7"                     [id=64572, stack(0x0000004ede300000,0x0000004ede400000) (1024K)]
  0x000001f28812df80 ConcurrentGCThread "G1 Main Marker"            [id=88772, stack(0x0000004edcc00000,0x0000004edcd00000) (1024K)]
  0x000001f288130830 WorkerThread "G1 Conc#0"                       [id=10496, stack(0x0000004edcd00000,0x0000004edce00000) (1024K)]
  0x000001f2b83e1860 WorkerThread "G1 Conc#1"                       [id=8292, stack(0x0000004edef00000,0x0000004edf000000) (1024K)]
  0x000001f29d9421d0 ConcurrentGCThread "G1 Refine#0"               [id=18692, stack(0x0000004edce00000,0x0000004edcf00000) (1024K)]
  0x000001f29d942b60 ConcurrentGCThread "G1 Service"                [id=86772, stack(0x0000004edcf00000,0x0000004edd000000) (1024K)]
Total: 15

Threads with active compile tasks:
C2 CompilerThread0  9565879 4436       4       java.util.ComparableTimSort::countRunAndMakeAscending (123 bytes)
C2 CompilerThread1  9565879 4437       4       java.util.ComparableTimSort::binarySort (223 bytes)
Total: 2

VM state: synchronizing (normal execution)

VM Mutex/Monitor currently owned by a thread:  ([mutex/lock_event])
[0x00007ffa5114f5b0] Threads_lock - owner thread: 0x000001f29da87400

Heap address: 0x00000000e0000000, size: 512 MB, Compressed Oops mode: 32-bit

CDS archive(s) mapped at: [0x000001f29e000000-0x000001f29eba0000-0x000001f29eba0000), size 12189696, SharedBaseAddress: 0x000001f29e000000, ArchiveRelocationMode: 1.
Compressed class space mapped at: 0x000001f29f000000-0x000001f2b3000000, reserved size: 335544320
Narrow klass base: 0x000001f29e000000, Narrow klass shift: 0, Narrow klass range: 0x100000000

GC Precious Log:
 CardTable entry size: 512
 Card Set container configuration: InlinePtr #cards 5 size 8 Array Of Cards #cards 12 size 40 Howl #buckets 4 coarsen threshold 1843 Howl Bitmap #cards 512 size 80 coarsen threshold 460 Card regions per heap region 1 cards per card region 2048
 CPUs: 8 total, 8 available
 Memory: 32615M
 Large Page Support: Disabled
 NUMA Support: Disabled
 Compressed Oops: Enabled (32-bit)
 Heap Region Size: 1M
 Heap Min Capacity: 256M
 Heap Initial Capacity: 256M
 Heap Max Capacity: 512M
 Pre-touch: Disabled
 Parallel Workers: 8
 Concurrent Workers: 2
 Concurrent Refinement Workers: 8
 Periodic GC: Disabled

Heap:
 garbage-first heap   total 262144K, used 115319K [0x00000000e0000000, 0x0000000100000000)
  region size 1024K, 103 young (105472K), 14 survivors (14336K)
 Metaspace       used 30142K, committed 31360K, reserved 393216K
  class space    used 4565K, committed 5120K, reserved 327680K

Heap Regions: E=young(eden), S=young(survivor), O=old, HS=humongous(starts), HC=humongous(continues), CS=collection set, F=free, TAMS=top-at-mark-start, PB=parsable bottom
|   0|0x00000000e0000000, 0x00000000e0100000, 0x00000000e0100000|100%|HS|  |TAMS 0x00000000e0000000| PB 0x00000000e0000000| Complete 
|   1|0x00000000e0100000, 0x00000000e0200000, 0x00000000e0200000|100%|HC|  |TAMS 0x00000000e0100000| PB 0x00000000e0100000| Complete 
|   2|0x00000000e0200000, 0x00000000e0300000, 0x00000000e0300000|100%|HC|  |TAMS 0x00000000e0200000| PB 0x00000000e0200000| Complete 
|   3|0x00000000e0300000, 0x00000000e0400000, 0x00000000e0400000|100%|HC|  |TAMS 0x00000000e0300000| PB 0x00000000e0300000| Complete 
|   4|0x00000000e0400000, 0x00000000e0500000, 0x00000000e0500000|100%| O|  |TAMS 0x00000000e0400000| PB 0x00000000e0400000| Untracked 
|   5|0x00000000e0500000, 0x00000000e0600000, 0x00000000e0600000|100%| O|  |TAMS 0x00000000e0500000| PB 0x00000000e0500000| Untracked 
|   6|0x00000000e0600000, 0x00000000e0700000, 0x00000000e0700000|100%| O|Cm|TAMS 0x00000000e0600000| PB 0x00000000e0600000| Complete 
|   7|0x00000000e0700000, 0x00000000e0800000, 0x00000000e0800000|100%| O|  |TAMS 0x00000000e0700000| PB 0x00000000e0700000| Untracked 
|   8|0x00000000e0800000, 0x00000000e0900000, 0x00000000e0900000|100%| O|  |TAMS 0x00000000e0800000| PB 0x00000000e0800000| Untracked 
|   9|0x00000000e0900000, 0x00000000e0a00000, 0x00000000e0a00000|100%| O|  |TAMS 0x00000000e0900000| PB 0x00000000e0900000| Untracked 
|  10|0x00000000e0a00000, 0x00000000e0b00000, 0x00000000e0b00000|100%|HS|  |TAMS 0x00000000e0a00000| PB 0x00000000e0a00000| Complete 
|  11|0x00000000e0b00000, 0x00000000e0b00000, 0x00000000e0c00000|  0%| F|  |TAMS 0x00000000e0b00000| PB 0x00000000e0b00000| Untracked 
|  12|0x00000000e0c00000, 0x00000000e0c1a070, 0x00000000e0d00000| 10%| O|  |TAMS 0x00000000e0c00000| PB 0x00000000e0c00000| Untracked 
|  13|0x00000000e0d00000, 0x00000000e0d00000, 0x00000000e0e00000|  0%| F|  |TAMS 0x00000000e0d00000| PB 0x00000000e0d00000| Untracked 
|  14|0x00000000e0e00000, 0x00000000e0e00000, 0x00000000e0f00000|  0%| F|  |TAMS 0x00000000e0e00000| PB 0x00000000e0e00000| Untracked 
|  15|0x00000000e0f00000, 0x00000000e0f00000, 0x00000000e1000000|  0%| F|  |TAMS 0x00000000e0f00000| PB 0x00000000e0f00000| Untracked 
|  16|0x00000000e1000000, 0x00000000e1000000, 0x00000000e1100000|  0%| F|  |TAMS 0x00000000e1000000| PB 0x00000000e1000000| Untracked 
|  17|0x00000000e1100000, 0x00000000e1100000, 0x00000000e1200000|  0%| F|  |TAMS 0x00000000e1100000| PB 0x00000000e1100000| Untracked 
|  18|0x00000000e1200000, 0x00000000e1200000, 0x00000000e1300000|  0%| F|  |TAMS 0x00000000e1200000| PB 0x00000000e1200000| Untracked 
|  19|0x00000000e1300000, 0x00000000e1300000, 0x00000000e1400000|  0%| F|  |TAMS 0x00000000e1300000| PB 0x00000000e1300000| Untracked 
|  20|0x00000000e1400000, 0x00000000e1400000, 0x00000000e1500000|  0%| F|  |TAMS 0x00000000e1400000| PB 0x00000000e1400000| Untracked 
|  21|0x00000000e1500000, 0x00000000e1500000, 0x00000000e1600000|  0%| F|  |TAMS 0x00000000e1500000| PB 0x00000000e1500000| Untracked 
|  22|0x00000000e1600000, 0x00000000e1600000, 0x00000000e1700000|  0%| F|  |TAMS 0x00000000e1600000| PB 0x00000000e1600000| Untracked 
|  23|0x00000000e1700000, 0x00000000e1700000, 0x00000000e1800000|  0%| F|  |TAMS 0x00000000e1700000| PB 0x00000000e1700000| Untracked 
|  24|0x00000000e1800000, 0x00000000e1800000, 0x00000000e1900000|  0%| F|  |TAMS 0x00000000e1800000| PB 0x00000000e1800000| Untracked 
|  25|0x00000000e1900000, 0x00000000e1900000, 0x00000000e1a00000|  0%| F|  |TAMS 0x00000000e1900000| PB 0x00000000e1900000| Untracked 
|  26|0x00000000e1a00000, 0x00000000e1a00000, 0x00000000e1b00000|  0%| F|  |TAMS 0x00000000e1a00000| PB 0x00000000e1a00000| Untracked 
|  27|0x00000000e1b00000, 0x00000000e1b00000, 0x00000000e1c00000|  0%| F|  |TAMS 0x00000000e1b00000| PB 0x00000000e1b00000| Untracked 
|  28|0x00000000e1c00000, 0x00000000e1c00000, 0x00000000e1d00000|  0%| F|  |TAMS 0x00000000e1c00000| PB 0x00000000e1c00000| Untracked 
|  29|0x00000000e1d00000, 0x00000000e1d00000, 0x00000000e1e00000|  0%| F|  |TAMS 0x00000000e1d00000| PB 0x00000000e1d00000| Untracked 
|  30|0x00000000e1e00000, 0x00000000e1e00000, 0x00000000e1f00000|  0%| F|  |TAMS 0x00000000e1e00000| PB 0x00000000e1e00000| Untracked 
|  31|0x00000000e1f00000, 0x00000000e1f00000, 0x00000000e2000000|  0%| F|  |TAMS 0x00000000e1f00000| PB 0x00000000e1f00000| Untracked 
|  32|0x00000000e2000000, 0x00000000e2000000, 0x00000000e2100000|  0%| F|  |TAMS 0x00000000e2000000| PB 0x00000000e2000000| Untracked 
|  33|0x00000000e2100000, 0x00000000e2100000, 0x00000000e2200000|  0%| F|  |TAMS 0x00000000e2100000| PB 0x00000000e2100000| Untracked 
|  34|0x00000000e2200000, 0x00000000e2200000, 0x00000000e2300000|  0%| F|  |TAMS 0x00000000e2200000| PB 0x00000000e2200000| Untracked 
|  35|0x00000000e2300000, 0x00000000e2300000, 0x00000000e2400000|  0%| F|  |TAMS 0x00000000e2300000| PB 0x00000000e2300000| Untracked 
|  36|0x00000000e2400000, 0x00000000e2400000, 0x00000000e2500000|  0%| F|  |TAMS 0x00000000e2400000| PB 0x00000000e2400000| Untracked 
|  37|0x00000000e2500000, 0x00000000e2500000, 0x00000000e2600000|  0%| F|  |TAMS 0x00000000e2500000| PB 0x00000000e2500000| Untracked 
|  38|0x00000000e2600000, 0x00000000e2600000, 0x00000000e2700000|  0%| F|  |TAMS 0x00000000e2600000| PB 0x00000000e2600000| Untracked 
|  39|0x00000000e2700000, 0x00000000e2700000, 0x00000000e2800000|  0%| F|  |TAMS 0x00000000e2700000| PB 0x00000000e2700000| Untracked 
|  40|0x00000000e2800000, 0x00000000e2800000, 0x00000000e2900000|  0%| F|  |TAMS 0x00000000e2800000| PB 0x00000000e2800000| Untracked 
|  41|0x00000000e2900000, 0x00000000e2900000, 0x00000000e2a00000|  0%| F|  |TAMS 0x00000000e2900000| PB 0x00000000e2900000| Untracked 
|  42|0x00000000e2a00000, 0x00000000e2a00000, 0x00000000e2b00000|  0%| F|  |TAMS 0x00000000e2a00000| PB 0x00000000e2a00000| Untracked 
|  43|0x00000000e2b00000, 0x00000000e2b00000, 0x00000000e2c00000|  0%| F|  |TAMS 0x00000000e2b00000| PB 0x00000000e2b00000| Untracked 
|  44|0x00000000e2c00000, 0x00000000e2c00000, 0x00000000e2d00000|  0%| F|  |TAMS 0x00000000e2c00000| PB 0x00000000e2c00000| Untracked 
|  45|0x00000000e2d00000, 0x00000000e2d00000, 0x00000000e2e00000|  0%| F|  |TAMS 0x00000000e2d00000| PB 0x00000000e2d00000| Untracked 
|  46|0x00000000e2e00000, 0x00000000e2e00000, 0x00000000e2f00000|  0%| F|  |TAMS 0x00000000e2e00000| PB 0x00000000e2e00000| Untracked 
|  47|0x00000000e2f00000, 0x00000000e2f00000, 0x00000000e3000000|  0%| F|  |TAMS 0x00000000e2f00000| PB 0x00000000e2f00000| Untracked 
|  48|0x00000000e3000000, 0x00000000e3000000, 0x00000000e3100000|  0%| F|  |TAMS 0x00000000e3000000| PB 0x00000000e3000000| Untracked 
|  49|0x00000000e3100000, 0x00000000e3100000, 0x00000000e3200000|  0%| F|  |TAMS 0x00000000e3100000| PB 0x00000000e3100000| Untracked 
|  50|0x00000000e3200000, 0x00000000e3200000, 0x00000000e3300000|  0%| F|  |TAMS 0x00000000e3200000| PB 0x00000000e3200000| Untracked 
|  51|0x00000000e3300000, 0x00000000e3300000, 0x00000000e3400000|  0%| F|  |TAMS 0x00000000e3300000| PB 0x00000000e3300000| Untracked 
|  52|0x00000000e3400000, 0x00000000e3400000, 0x00000000e3500000|  0%| F|  |TAMS 0x00000000e3400000| PB 0x00000000e3400000| Untracked 
|  53|0x00000000e3500000, 0x00000000e3500000, 0x00000000e3600000|  0%| F|  |TAMS 0x00000000e3500000| PB 0x00000000e3500000| Untracked 
|  54|0x00000000e3600000, 0x00000000e3600000, 0x00000000e3700000|  0%| F|  |TAMS 0x00000000e3600000| PB 0x00000000e3600000| Untracked 
|  55|0x00000000e3700000, 0x00000000e3700000, 0x00000000e3800000|  0%| F|  |TAMS 0x00000000e3700000| PB 0x00000000e3700000| Untracked 
|  56|0x00000000e3800000, 0x00000000e3800000, 0x00000000e3900000|  0%| F|  |TAMS 0x00000000e3800000| PB 0x00000000e3800000| Untracked 
|  57|0x00000000e3900000, 0x00000000e3900000, 0x00000000e3a00000|  0%| F|  |TAMS 0x00000000e3900000| PB 0x00000000e3900000| Untracked 
|  58|0x00000000e3a00000, 0x00000000e3a00000, 0x00000000e3b00000|  0%| F|  |TAMS 0x00000000e3a00000| PB 0x00000000e3a00000| Untracked 
|  59|0x00000000e3b00000, 0x00000000e3b00000, 0x00000000e3c00000|  0%| F|  |TAMS 0x00000000e3b00000| PB 0x00000000e3b00000| Untracked 
|  60|0x00000000e3c00000, 0x00000000e3c00000, 0x00000000e3d00000|  0%| F|  |TAMS 0x00000000e3c00000| PB 0x00000000e3c00000| Untracked 
|  61|0x00000000e3d00000, 0x00000000e3d00000, 0x00000000e3e00000|  0%| F|  |TAMS 0x00000000e3d00000| PB 0x00000000e3d00000| Untracked 
|  62|0x00000000e3e00000, 0x00000000e3e00000, 0x00000000e3f00000|  0%| F|  |TAMS 0x00000000e3e00000| PB 0x00000000e3e00000| Untracked 
|  63|0x00000000e3f00000, 0x00000000e3f00000, 0x00000000e4000000|  0%| F|  |TAMS 0x00000000e3f00000| PB 0x00000000e3f00000| Untracked 
|  64|0x00000000e4000000, 0x00000000e4000000, 0x00000000e4100000|  0%| F|  |TAMS 0x00000000e4000000| PB 0x00000000e4000000| Untracked 
|  65|0x00000000e4100000, 0x00000000e4100000, 0x00000000e4200000|  0%| F|  |TAMS 0x00000000e4100000| PB 0x00000000e4100000| Untracked 
|  66|0x00000000e4200000, 0x00000000e4200000, 0x00000000e4300000|  0%| F|  |TAMS 0x00000000e4200000| PB 0x00000000e4200000| Untracked 
|  67|0x00000000e4300000, 0x00000000e4300000, 0x00000000e4400000|  0%| F|  |TAMS 0x00000000e4300000| PB 0x00000000e4300000| Untracked 
|  68|0x00000000e4400000, 0x00000000e4400000, 0x00000000e4500000|  0%| F|  |TAMS 0x00000000e4400000| PB 0x00000000e4400000| Untracked 
|  69|0x00000000e4500000, 0x00000000e4500000, 0x00000000e4600000|  0%| F|  |TAMS 0x00000000e4500000| PB 0x00000000e4500000| Untracked 
|  70|0x00000000e4600000, 0x00000000e4600000, 0x00000000e4700000|  0%| F|  |TAMS 0x00000000e4600000| PB 0x00000000e4600000| Untracked 
|  71|0x00000000e4700000, 0x00000000e4700000, 0x00000000e4800000|  0%| F|  |TAMS 0x00000000e4700000| PB 0x00000000e4700000| Untracked 
|  72|0x00000000e4800000, 0x00000000e4800000, 0x00000000e4900000|  0%| F|  |TAMS 0x00000000e4800000| PB 0x00000000e4800000| Untracked 
|  73|0x00000000e4900000, 0x00000000e4900000, 0x00000000e4a00000|  0%| F|  |TAMS 0x00000000e4900000| PB 0x00000000e4900000| Untracked 
|  74|0x00000000e4a00000, 0x00000000e4a00000, 0x00000000e4b00000|  0%| F|  |TAMS 0x00000000e4a00000| PB 0x00000000e4a00000| Untracked 
|  75|0x00000000e4b00000, 0x00000000e4b00000, 0x00000000e4c00000|  0%| F|  |TAMS 0x00000000e4b00000| PB 0x00000000e4b00000| Untracked 
|  76|0x00000000e4c00000, 0x00000000e4c00000, 0x00000000e4d00000|  0%| F|  |TAMS 0x00000000e4c00000| PB 0x00000000e4c00000| Untracked 
|  77|0x00000000e4d00000, 0x00000000e4d00000, 0x00000000e4e00000|  0%| F|  |TAMS 0x00000000e4d00000| PB 0x00000000e4d00000| Untracked 
|  78|0x00000000e4e00000, 0x00000000e4e00000, 0x00000000e4f00000|  0%| F|  |TAMS 0x00000000e4e00000| PB 0x00000000e4e00000| Untracked 
|  79|0x00000000e4f00000, 0x00000000e4f00000, 0x00000000e5000000|  0%| F|  |TAMS 0x00000000e4f00000| PB 0x00000000e4f00000| Untracked 
|  80|0x00000000e5000000, 0x00000000e5000000, 0x00000000e5100000|  0%| F|  |TAMS 0x00000000e5000000| PB 0x00000000e5000000| Untracked 
|  81|0x00000000e5100000, 0x00000000e5100000, 0x00000000e5200000|  0%| F|  |TAMS 0x00000000e5100000| PB 0x00000000e5100000| Untracked 
|  82|0x00000000e5200000, 0x00000000e5200000, 0x00000000e5300000|  0%| F|  |TAMS 0x00000000e5200000| PB 0x00000000e5200000| Untracked 
|  83|0x00000000e5300000, 0x00000000e5300000, 0x00000000e5400000|  0%| F|  |TAMS 0x00000000e5300000| PB 0x00000000e5300000| Untracked 
|  84|0x00000000e5400000, 0x00000000e5400000, 0x00000000e5500000|  0%| F|  |TAMS 0x00000000e5400000| PB 0x00000000e5400000| Untracked 
|  85|0x00000000e5500000, 0x00000000e5500000, 0x00000000e5600000|  0%| F|  |TAMS 0x00000000e5500000| PB 0x00000000e5500000| Untracked 
|  86|0x00000000e5600000, 0x00000000e5600000, 0x00000000e5700000|  0%| F|  |TAMS 0x00000000e5600000| PB 0x00000000e5600000| Untracked 
|  87|0x00000000e5700000, 0x00000000e5700000, 0x00000000e5800000|  0%| F|  |TAMS 0x00000000e5700000| PB 0x00000000e5700000| Untracked 
|  88|0x00000000e5800000, 0x00000000e5800000, 0x00000000e5900000|  0%| F|  |TAMS 0x00000000e5800000| PB 0x00000000e5800000| Untracked 
|  89|0x00000000e5900000, 0x00000000e5900000, 0x00000000e5a00000|  0%| F|  |TAMS 0x00000000e5900000| PB 0x00000000e5900000| Untracked 
|  90|0x00000000e5a00000, 0x00000000e5a00000, 0x00000000e5b00000|  0%| F|  |TAMS 0x00000000e5a00000| PB 0x00000000e5a00000| Untracked 
|  91|0x00000000e5b00000, 0x00000000e5b00000, 0x00000000e5c00000|  0%| F|  |TAMS 0x00000000e5b00000| PB 0x00000000e5b00000| Untracked 
|  92|0x00000000e5c00000, 0x00000000e5c00000, 0x00000000e5d00000|  0%| F|  |TAMS 0x00000000e5c00000| PB 0x00000000e5c00000| Untracked 
|  93|0x00000000e5d00000, 0x00000000e5d00000, 0x00000000e5e00000|  0%| F|  |TAMS 0x00000000e5d00000| PB 0x00000000e5d00000| Untracked 
|  94|0x00000000e5e00000, 0x00000000e5e00000, 0x00000000e5f00000|  0%| F|  |TAMS 0x00000000e5e00000| PB 0x00000000e5e00000| Untracked 
|  95|0x00000000e5f00000, 0x00000000e5f00000, 0x00000000e6000000|  0%| F|  |TAMS 0x00000000e5f00000| PB 0x00000000e5f00000| Untracked 
|  96|0x00000000e6000000, 0x00000000e6000000, 0x00000000e6100000|  0%| F|  |TAMS 0x00000000e6000000| PB 0x00000000e6000000| Untracked 
|  97|0x00000000e6100000, 0x00000000e6100000, 0x00000000e6200000|  0%| F|  |TAMS 0x00000000e6100000| PB 0x00000000e6100000| Untracked 
|  98|0x00000000e6200000, 0x00000000e6200000, 0x00000000e6300000|  0%| F|  |TAMS 0x00000000e6200000| PB 0x00000000e6200000| Untracked 
|  99|0x00000000e6300000, 0x00000000e6300000, 0x00000000e6400000|  0%| F|  |TAMS 0x00000000e6300000| PB 0x00000000e6300000| Untracked 
| 100|0x00000000e6400000, 0x00000000e6400000, 0x00000000e6500000|  0%| F|  |TAMS 0x00000000e6400000| PB 0x00000000e6400000| Untracked 
| 101|0x00000000e6500000, 0x00000000e6500000, 0x00000000e6600000|  0%| F|  |TAMS 0x00000000e6500000| PB 0x00000000e6500000| Untracked 
| 102|0x00000000e6600000, 0x00000000e6600000, 0x00000000e6700000|  0%| F|  |TAMS 0x00000000e6600000| PB 0x00000000e6600000| Untracked 
| 103|0x00000000e6700000, 0x00000000e6700000, 0x00000000e6800000|  0%| F|  |TAMS 0x00000000e6700000| PB 0x00000000e6700000| Untracked 
| 104|0x00000000e6800000, 0x00000000e6800000, 0x00000000e6900000|  0%| F|  |TAMS 0x00000000e6800000| PB 0x00000000e6800000| Untracked 
| 105|0x00000000e6900000, 0x00000000e6900000, 0x00000000e6a00000|  0%| F|  |TAMS 0x00000000e6900000| PB 0x00000000e6900000| Untracked 
| 106|0x00000000e6a00000, 0x00000000e6a00000, 0x00000000e6b00000|  0%| F|  |TAMS 0x00000000e6a00000| PB 0x00000000e6a00000| Untracked 
| 107|0x00000000e6b00000, 0x00000000e6b00000, 0x00000000e6c00000|  0%| F|  |TAMS 0x00000000e6b00000| PB 0x00000000e6b00000| Untracked 
| 108|0x00000000e6c00000, 0x00000000e6c00000, 0x00000000e6d00000|  0%| F|  |TAMS 0x00000000e6c00000| PB 0x00000000e6c00000| Untracked 
| 109|0x00000000e6d00000, 0x00000000e6d00000, 0x00000000e6e00000|  0%| F|  |TAMS 0x00000000e6d00000| PB 0x00000000e6d00000| Untracked 
| 110|0x00000000e6e00000, 0x00000000e6e00000, 0x00000000e6f00000|  0%| F|  |TAMS 0x00000000e6e00000| PB 0x00000000e6e00000| Untracked 
| 111|0x00000000e6f00000, 0x00000000e6f00000, 0x00000000e7000000|  0%| F|  |TAMS 0x00000000e6f00000| PB 0x00000000e6f00000| Untracked 
| 112|0x00000000e7000000, 0x00000000e7000000, 0x00000000e7100000|  0%| F|  |TAMS 0x00000000e7000000| PB 0x00000000e7000000| Untracked 
| 113|0x00000000e7100000, 0x00000000e7100000, 0x00000000e7200000|  0%| F|  |TAMS 0x00000000e7100000| PB 0x00000000e7100000| Untracked 
| 114|0x00000000e7200000, 0x00000000e7200000, 0x00000000e7300000|  0%| F|  |TAMS 0x00000000e7200000| PB 0x00000000e7200000| Untracked 
| 115|0x00000000e7300000, 0x00000000e7300000, 0x00000000e7400000|  0%| F|  |TAMS 0x00000000e7300000| PB 0x00000000e7300000| Untracked 
| 116|0x00000000e7400000, 0x00000000e7400000, 0x00000000e7500000|  0%| F|  |TAMS 0x00000000e7400000| PB 0x00000000e7400000| Untracked 
| 117|0x00000000e7500000, 0x00000000e7500000, 0x00000000e7600000|  0%| F|  |TAMS 0x00000000e7500000| PB 0x00000000e7500000| Untracked 
| 118|0x00000000e7600000, 0x00000000e7600000, 0x00000000e7700000|  0%| F|  |TAMS 0x00000000e7600000| PB 0x00000000e7600000| Untracked 
| 119|0x00000000e7700000, 0x00000000e7700000, 0x00000000e7800000|  0%| F|  |TAMS 0x00000000e7700000| PB 0x00000000e7700000| Untracked 
| 120|0x00000000e7800000, 0x00000000e7800000, 0x00000000e7900000|  0%| F|  |TAMS 0x00000000e7800000| PB 0x00000000e7800000| Untracked 
| 121|0x00000000e7900000, 0x00000000e7900000, 0x00000000e7a00000|  0%| F|  |TAMS 0x00000000e7900000| PB 0x00000000e7900000| Untracked 
| 122|0x00000000e7a00000, 0x00000000e7a00000, 0x00000000e7b00000|  0%| F|  |TAMS 0x00000000e7a00000| PB 0x00000000e7a00000| Untracked 
| 123|0x00000000e7b00000, 0x00000000e7b00000, 0x00000000e7c00000|  0%| F|  |TAMS 0x00000000e7b00000| PB 0x00000000e7b00000| Untracked 
| 124|0x00000000e7c00000, 0x00000000e7c00000, 0x00000000e7d00000|  0%| F|  |TAMS 0x00000000e7c00000| PB 0x00000000e7c00000| Untracked 
| 125|0x00000000e7d00000, 0x00000000e7d00000, 0x00000000e7e00000|  0%| F|  |TAMS 0x00000000e7d00000| PB 0x00000000e7d00000| Untracked 
| 126|0x00000000e7e00000, 0x00000000e7e00000, 0x00000000e7f00000|  0%| F|  |TAMS 0x00000000e7e00000| PB 0x00000000e7e00000| Untracked 
| 127|0x00000000e7f00000, 0x00000000e7f00000, 0x00000000e8000000|  0%| F|  |TAMS 0x00000000e7f00000| PB 0x00000000e7f00000| Untracked 
| 128|0x00000000e8000000, 0x00000000e8000000, 0x00000000e8100000|  0%| F|  |TAMS 0x00000000e8000000| PB 0x00000000e8000000| Untracked 
| 129|0x00000000e8100000, 0x00000000e8100000, 0x00000000e8200000|  0%| F|  |TAMS 0x00000000e8100000| PB 0x00000000e8100000| Untracked 
| 130|0x00000000e8200000, 0x00000000e8200000, 0x00000000e8300000|  0%| F|  |TAMS 0x00000000e8200000| PB 0x00000000e8200000| Untracked 
| 131|0x00000000e8300000, 0x00000000e8300000, 0x00000000e8400000|  0%| F|  |TAMS 0x00000000e8300000| PB 0x00000000e8300000| Untracked 
| 132|0x00000000e8400000, 0x00000000e8400000, 0x00000000e8500000|  0%| F|  |TAMS 0x00000000e8400000| PB 0x00000000e8400000| Untracked 
| 133|0x00000000e8500000, 0x00000000e8500000, 0x00000000e8600000|  0%| F|  |TAMS 0x00000000e8500000| PB 0x00000000e8500000| Untracked 
| 134|0x00000000e8600000, 0x00000000e8600000, 0x00000000e8700000|  0%| F|  |TAMS 0x00000000e8600000| PB 0x00000000e8600000| Untracked 
| 135|0x00000000e8700000, 0x00000000e8700000, 0x00000000e8800000|  0%| F|  |TAMS 0x00000000e8700000| PB 0x00000000e8700000| Untracked 
| 136|0x00000000e8800000, 0x00000000e8800000, 0x00000000e8900000|  0%| F|  |TAMS 0x00000000e8800000| PB 0x00000000e8800000| Untracked 
| 137|0x00000000e8900000, 0x00000000e8900000, 0x00000000e8a00000|  0%| F|  |TAMS 0x00000000e8900000| PB 0x00000000e8900000| Untracked 
| 138|0x00000000e8a00000, 0x00000000e8a00000, 0x00000000e8b00000|  0%| F|  |TAMS 0x00000000e8a00000| PB 0x00000000e8a00000| Untracked 
| 139|0x00000000e8b00000, 0x00000000e8b00000, 0x00000000e8c00000|  0%| F|  |TAMS 0x00000000e8b00000| PB 0x00000000e8b00000| Untracked 
| 140|0x00000000e8c00000, 0x00000000e8c00000, 0x00000000e8d00000|  0%| F|  |TAMS 0x00000000e8c00000| PB 0x00000000e8c00000| Untracked 
| 141|0x00000000e8d00000, 0x00000000e8d00000, 0x00000000e8e00000|  0%| F|  |TAMS 0x00000000e8d00000| PB 0x00000000e8d00000| Untracked 
| 142|0x00000000e8e00000, 0x00000000e8e00000, 0x00000000e8f00000|  0%| F|  |TAMS 0x00000000e8e00000| PB 0x00000000e8e00000| Untracked 
| 143|0x00000000e8f00000, 0x00000000e8f00000, 0x00000000e9000000|  0%| F|  |TAMS 0x00000000e8f00000| PB 0x00000000e8f00000| Untracked 
| 144|0x00000000e9000000, 0x00000000e9000000, 0x00000000e9100000|  0%| F|  |TAMS 0x00000000e9000000| PB 0x00000000e9000000| Untracked 
| 145|0x00000000e9100000, 0x00000000e9100000, 0x00000000e9200000|  0%| F|  |TAMS 0x00000000e9100000| PB 0x00000000e9100000| Untracked 
| 146|0x00000000e9200000, 0x00000000e9283e00, 0x00000000e9300000| 51%| S|CS|TAMS 0x00000000e9200000| PB 0x00000000e9200000| Complete 
| 147|0x00000000e9300000, 0x00000000e9400000, 0x00000000e9400000|100%| S|CS|TAMS 0x00000000e9300000| PB 0x00000000e9300000| Complete 
| 148|0x00000000e9400000, 0x00000000e9500000, 0x00000000e9500000|100%| S|CS|TAMS 0x00000000e9400000| PB 0x00000000e9400000| Complete 
| 149|0x00000000e9500000, 0x00000000e9600000, 0x00000000e9600000|100%| S|CS|TAMS 0x00000000e9500000| PB 0x00000000e9500000| Complete 
| 150|0x00000000e9600000, 0x00000000e9700000, 0x00000000e9700000|100%| S|CS|TAMS 0x00000000e9600000| PB 0x00000000e9600000| Complete 
| 151|0x00000000e9700000, 0x00000000e9800000, 0x00000000e9800000|100%| S|CS|TAMS 0x00000000e9700000| PB 0x00000000e9700000| Complete 
| 152|0x00000000e9800000, 0x00000000e9900000, 0x00000000e9900000|100%| S|CS|TAMS 0x00000000e9800000| PB 0x00000000e9800000| Complete 
| 153|0x00000000e9900000, 0x00000000e9a00000, 0x00000000e9a00000|100%| S|CS|TAMS 0x00000000e9900000| PB 0x00000000e9900000| Complete 
| 154|0x00000000e9a00000, 0x00000000e9b00000, 0x00000000e9b00000|100%| S|CS|TAMS 0x00000000e9a00000| PB 0x00000000e9a00000| Complete 
| 155|0x00000000e9b00000, 0x00000000e9c00000, 0x00000000e9c00000|100%| S|CS|TAMS 0x00000000e9b00000| PB 0x00000000e9b00000| Complete 
| 156|0x00000000e9c00000, 0x00000000e9d00000, 0x00000000e9d00000|100%| S|CS|TAMS 0x00000000e9c00000| PB 0x00000000e9c00000| Complete 
| 157|0x00000000e9d00000, 0x00000000e9e00000, 0x00000000e9e00000|100%| S|CS|TAMS 0x00000000e9d00000| PB 0x00000000e9d00000| Complete 
| 158|0x00000000e9e00000, 0x00000000e9f00000, 0x00000000e9f00000|100%| S|CS|TAMS 0x00000000e9e00000| PB 0x00000000e9e00000| Complete 
| 159|0x00000000e9f00000, 0x00000000ea000000, 0x00000000ea000000|100%| S|CS|TAMS 0x00000000e9f00000| PB 0x00000000e9f00000| Complete 
| 160|0x00000000ea000000, 0x00000000ea000000, 0x00000000ea100000|  0%| F|  |TAMS 0x00000000ea000000| PB 0x00000000ea000000| Untracked 
| 161|0x00000000ea100000, 0x00000000ea100000, 0x00000000ea200000|  0%| F|  |TAMS 0x00000000ea100000| PB 0x00000000ea100000| Untracked 
| 162|0x00000000ea200000, 0x00000000ea200000, 0x00000000ea300000|  0%| F|  |TAMS 0x00000000ea200000| PB 0x00000000ea200000| Untracked 
| 163|0x00000000ea300000, 0x00000000ea300000, 0x00000000ea400000|  0%| F|  |TAMS 0x00000000ea300000| PB 0x00000000ea300000| Untracked 
| 164|0x00000000ea400000, 0x00000000ea400000, 0x00000000ea500000|  0%| F|  |TAMS 0x00000000ea400000| PB 0x00000000ea400000| Untracked 
| 165|0x00000000ea500000, 0x00000000ea500000, 0x00000000ea600000|  0%| F|  |TAMS 0x00000000ea500000| PB 0x00000000ea500000| Untracked 
| 166|0x00000000ea600000, 0x00000000ea600000, 0x00000000ea700000|  0%| F|  |TAMS 0x00000000ea600000| PB 0x00000000ea600000| Untracked 
| 167|0x00000000ea700000, 0x00000000ea750608, 0x00000000ea800000| 31%| E|  |TAMS 0x00000000ea700000| PB 0x00000000ea700000| Complete 
| 168|0x00000000ea800000, 0x00000000ea900000, 0x00000000ea900000|100%| E|CS|TAMS 0x00000000ea800000| PB 0x00000000ea800000| Complete 
| 169|0x00000000ea900000, 0x00000000eaa00000, 0x00000000eaa00000|100%| E|CS|TAMS 0x00000000ea900000| PB 0x00000000ea900000| Complete 
| 170|0x00000000eaa00000, 0x00000000eab00000, 0x00000000eab00000|100%| E|CS|TAMS 0x00000000eaa00000| PB 0x00000000eaa00000| Complete 
| 171|0x00000000eab00000, 0x00000000eac00000, 0x00000000eac00000|100%| E|CS|TAMS 0x00000000eab00000| PB 0x00000000eab00000| Complete 
| 172|0x00000000eac00000, 0x00000000ead00000, 0x00000000ead00000|100%| E|CS|TAMS 0x00000000eac00000| PB 0x00000000eac00000| Complete 
| 173|0x00000000ead00000, 0x00000000eae00000, 0x00000000eae00000|100%| E|CS|TAMS 0x00000000ead00000| PB 0x00000000ead00000| Complete 
| 174|0x00000000eae00000, 0x00000000eaf00000, 0x00000000eaf00000|100%| E|CS|TAMS 0x00000000eae00000| PB 0x00000000eae00000| Complete 
| 175|0x00000000eaf00000, 0x00000000eb000000, 0x00000000eb000000|100%| E|CS|TAMS 0x00000000eaf00000| PB 0x00000000eaf00000| Complete 
| 176|0x00000000eb000000, 0x00000000eb100000, 0x00000000eb100000|100%| E|CS|TAMS 0x00000000eb000000| PB 0x00000000eb000000| Complete 
| 177|0x00000000eb100000, 0x00000000eb200000, 0x00000000eb200000|100%| E|CS|TAMS 0x00000000eb100000| PB 0x00000000eb100000| Complete 
| 178|0x00000000eb200000, 0x00000000eb300000, 0x00000000eb300000|100%| E|CS|TAMS 0x00000000eb200000| PB 0x00000000eb200000| Complete 
| 179|0x00000000eb300000, 0x00000000eb400000, 0x00000000eb400000|100%| E|CS|TAMS 0x00000000eb300000| PB 0x00000000eb300000| Complete 
| 180|0x00000000eb400000, 0x00000000eb500000, 0x00000000eb500000|100%| E|CS|TAMS 0x00000000eb400000| PB 0x00000000eb400000| Complete 
| 181|0x00000000eb500000, 0x00000000eb600000, 0x00000000eb600000|100%| E|CS|TAMS 0x00000000eb500000| PB 0x00000000eb500000| Complete 
| 182|0x00000000eb600000, 0x00000000eb700000, 0x00000000eb700000|100%| E|CS|TAMS 0x00000000eb600000| PB 0x00000000eb600000| Complete 
| 183|0x00000000eb700000, 0x00000000eb800000, 0x00000000eb800000|100%| E|CS|TAMS 0x00000000eb700000| PB 0x00000000eb700000| Complete 
| 184|0x00000000eb800000, 0x00000000eb900000, 0x00000000eb900000|100%| E|CS|TAMS 0x00000000eb800000| PB 0x00000000eb800000| Complete 
| 185|0x00000000eb900000, 0x00000000eba00000, 0x00000000eba00000|100%| E|CS|TAMS 0x00000000eb900000| PB 0x00000000eb900000| Complete 
| 186|0x00000000eba00000, 0x00000000ebb00000, 0x00000000ebb00000|100%| E|CS|TAMS 0x00000000eba00000| PB 0x00000000eba00000| Complete 
| 187|0x00000000ebb00000, 0x00000000ebc00000, 0x00000000ebc00000|100%| E|CS|TAMS 0x00000000ebb00000| PB 0x00000000ebb00000| Complete 
| 188|0x00000000ebc00000, 0x00000000ebd00000, 0x00000000ebd00000|100%| E|CS|TAMS 0x00000000ebc00000| PB 0x00000000ebc00000| Complete 
| 189|0x00000000ebd00000, 0x00000000ebe00000, 0x00000000ebe00000|100%| E|CS|TAMS 0x00000000ebd00000| PB 0x00000000ebd00000| Complete 
| 190|0x00000000ebe00000, 0x00000000ebf00000, 0x00000000ebf00000|100%| E|CS|TAMS 0x00000000ebe00000| PB 0x00000000ebe00000| Complete 
| 191|0x00000000ebf00000, 0x00000000ec000000, 0x00000000ec000000|100%| E|CS|TAMS 0x00000000ebf00000| PB 0x00000000ebf00000| Complete 
| 192|0x00000000ec000000, 0x00000000ec100000, 0x00000000ec100000|100%| E|CS|TAMS 0x00000000ec000000| PB 0x00000000ec000000| Complete 
| 193|0x00000000ec100000, 0x00000000ec200000, 0x00000000ec200000|100%| E|CS|TAMS 0x00000000ec100000| PB 0x00000000ec100000| Complete 
| 194|0x00000000ec200000, 0x00000000ec300000, 0x00000000ec300000|100%| E|CS|TAMS 0x00000000ec200000| PB 0x00000000ec200000| Complete 
| 195|0x00000000ec300000, 0x00000000ec400000, 0x00000000ec400000|100%| E|CS|TAMS 0x00000000ec300000| PB 0x00000000ec300000| Complete 
| 196|0x00000000ec400000, 0x00000000ec500000, 0x00000000ec500000|100%| E|CS|TAMS 0x00000000ec400000| PB 0x00000000ec400000| Complete 
| 197|0x00000000ec500000, 0x00000000ec600000, 0x00000000ec600000|100%| E|CS|TAMS 0x00000000ec500000| PB 0x00000000ec500000| Complete 
| 198|0x00000000ec600000, 0x00000000ec700000, 0x00000000ec700000|100%| E|CS|TAMS 0x00000000ec600000| PB 0x00000000ec600000| Complete 
| 199|0x00000000ec700000, 0x00000000ec800000, 0x00000000ec800000|100%| E|CS|TAMS 0x00000000ec700000| PB 0x00000000ec700000| Complete 
| 200|0x00000000ec800000, 0x00000000ec900000, 0x00000000ec900000|100%| E|CS|TAMS 0x00000000ec800000| PB 0x00000000ec800000| Complete 
| 201|0x00000000ec900000, 0x00000000eca00000, 0x00000000eca00000|100%| E|CS|TAMS 0x00000000ec900000| PB 0x00000000ec900000| Complete 
| 202|0x00000000eca00000, 0x00000000ecb00000, 0x00000000ecb00000|100%| E|CS|TAMS 0x00000000eca00000| PB 0x00000000eca00000| Complete 
| 203|0x00000000ecb00000, 0x00000000ecc00000, 0x00000000ecc00000|100%| E|CS|TAMS 0x00000000ecb00000| PB 0x00000000ecb00000| Complete 
| 204|0x00000000ecc00000, 0x00000000ecd00000, 0x00000000ecd00000|100%| E|CS|TAMS 0x00000000ecc00000| PB 0x00000000ecc00000| Complete 
| 205|0x00000000ecd00000, 0x00000000ece00000, 0x00000000ece00000|100%| E|CS|TAMS 0x00000000ecd00000| PB 0x00000000ecd00000| Complete 
| 206|0x00000000ece00000, 0x00000000ecf00000, 0x00000000ecf00000|100%| E|CS|TAMS 0x00000000ece00000| PB 0x00000000ece00000| Complete 
| 207|0x00000000ecf00000, 0x00000000ed000000, 0x00000000ed000000|100%| E|CS|TAMS 0x00000000ecf00000| PB 0x00000000ecf00000| Complete 
| 208|0x00000000ed000000, 0x00000000ed100000, 0x00000000ed100000|100%| E|CS|TAMS 0x00000000ed000000| PB 0x00000000ed000000| Complete 
| 209|0x00000000ed100000, 0x00000000ed200000, 0x00000000ed200000|100%| E|CS|TAMS 0x00000000ed100000| PB 0x00000000ed100000| Complete 
| 210|0x00000000ed200000, 0x00000000ed300000, 0x00000000ed300000|100%| E|CS|TAMS 0x00000000ed200000| PB 0x00000000ed200000| Complete 
| 211|0x00000000ed300000, 0x00000000ed400000, 0x00000000ed400000|100%| E|CS|TAMS 0x00000000ed300000| PB 0x00000000ed300000| Complete 
| 212|0x00000000ed400000, 0x00000000ed500000, 0x00000000ed500000|100%| E|CS|TAMS 0x00000000ed400000| PB 0x00000000ed400000| Complete 
| 213|0x00000000ed500000, 0x00000000ed600000, 0x00000000ed600000|100%| E|CS|TAMS 0x00000000ed500000| PB 0x00000000ed500000| Complete 
| 214|0x00000000ed600000, 0x00000000ed700000, 0x00000000ed700000|100%| E|CS|TAMS 0x00000000ed600000| PB 0x00000000ed600000| Complete 
| 215|0x00000000ed700000, 0x00000000ed800000, 0x00000000ed800000|100%| E|CS|TAMS 0x00000000ed700000| PB 0x00000000ed700000| Complete 
| 216|0x00000000ed800000, 0x00000000ed900000, 0x00000000ed900000|100%| E|CS|TAMS 0x00000000ed800000| PB 0x00000000ed800000| Complete 
| 217|0x00000000ed900000, 0x00000000eda00000, 0x00000000eda00000|100%| E|CS|TAMS 0x00000000ed900000| PB 0x00000000ed900000| Complete 
| 218|0x00000000eda00000, 0x00000000edb00000, 0x00000000edb00000|100%| E|CS|TAMS 0x00000000eda00000| PB 0x00000000eda00000| Complete 
| 219|0x00000000edb00000, 0x00000000edc00000, 0x00000000edc00000|100%| E|CS|TAMS 0x00000000edb00000| PB 0x00000000edb00000| Complete 
| 220|0x00000000edc00000, 0x00000000edd00000, 0x00000000edd00000|100%| E|CS|TAMS 0x00000000edc00000| PB 0x00000000edc00000| Complete 
| 221|0x00000000edd00000, 0x00000000ede00000, 0x00000000ede00000|100%| E|CS|TAMS 0x00000000edd00000| PB 0x00000000edd00000| Complete 
| 222|0x00000000ede00000, 0x00000000edf00000, 0x00000000edf00000|100%| E|CS|TAMS 0x00000000ede00000| PB 0x00000000ede00000| Complete 
| 223|0x00000000edf00000, 0x00000000ee000000, 0x00000000ee000000|100%| E|CS|TAMS 0x00000000edf00000| PB 0x00000000edf00000| Complete 
| 224|0x00000000ee000000, 0x00000000ee100000, 0x00000000ee100000|100%| E|CS|TAMS 0x00000000ee000000| PB 0x00000000ee000000| Complete 
| 225|0x00000000ee100000, 0x00000000ee200000, 0x00000000ee200000|100%| E|CS|TAMS 0x00000000ee100000| PB 0x00000000ee100000| Complete 
| 226|0x00000000ee200000, 0x00000000ee300000, 0x00000000ee300000|100%| E|CS|TAMS 0x00000000ee200000| PB 0x00000000ee200000| Complete 
| 227|0x00000000ee300000, 0x00000000ee400000, 0x00000000ee400000|100%| E|CS|TAMS 0x00000000ee300000| PB 0x00000000ee300000| Complete 
| 228|0x00000000ee400000, 0x00000000ee500000, 0x00000000ee500000|100%| E|CS|TAMS 0x00000000ee400000| PB 0x00000000ee400000| Complete 
| 229|0x00000000ee500000, 0x00000000ee600000, 0x00000000ee600000|100%| E|CS|TAMS 0x00000000ee500000| PB 0x00000000ee500000| Complete 
| 230|0x00000000ee600000, 0x00000000ee700000, 0x00000000ee700000|100%| E|CS|TAMS 0x00000000ee600000| PB 0x00000000ee600000| Complete 
| 231|0x00000000ee700000, 0x00000000ee800000, 0x00000000ee800000|100%| E|CS|TAMS 0x00000000ee700000| PB 0x00000000ee700000| Complete 
| 232|0x00000000ee800000, 0x00000000ee900000, 0x00000000ee900000|100%| E|CS|TAMS 0x00000000ee800000| PB 0x00000000ee800000| Complete 
| 233|0x00000000ee900000, 0x00000000eea00000, 0x00000000eea00000|100%| E|CS|TAMS 0x00000000ee900000| PB 0x00000000ee900000| Complete 
| 234|0x00000000eea00000, 0x00000000eeb00000, 0x00000000eeb00000|100%| E|CS|TAMS 0x00000000eea00000| PB 0x00000000eea00000| Complete 
| 235|0x00000000eeb00000, 0x00000000eec00000, 0x00000000eec00000|100%| E|CS|TAMS 0x00000000eeb00000| PB 0x00000000eeb00000| Complete 
| 236|0x00000000eec00000, 0x00000000eed00000, 0x00000000eed00000|100%| E|CS|TAMS 0x00000000eec00000| PB 0x00000000eec00000| Complete 
| 237|0x00000000eed00000, 0x00000000eee00000, 0x00000000eee00000|100%| E|CS|TAMS 0x00000000eed00000| PB 0x00000000eed00000| Complete 
| 238|0x00000000eee00000, 0x00000000eef00000, 0x00000000eef00000|100%| E|CS|TAMS 0x00000000eee00000| PB 0x00000000eee00000| Complete 
| 239|0x00000000eef00000, 0x00000000ef000000, 0x00000000ef000000|100%| E|CS|TAMS 0x00000000eef00000| PB 0x00000000eef00000| Complete 
| 240|0x00000000ef000000, 0x00000000ef100000, 0x00000000ef100000|100%| E|CS|TAMS 0x00000000ef000000| PB 0x00000000ef000000| Complete 
| 241|0x00000000ef100000, 0x00000000ef200000, 0x00000000ef200000|100%| E|CS|TAMS 0x00000000ef100000| PB 0x00000000ef100000| Complete 
| 242|0x00000000ef200000, 0x00000000ef300000, 0x00000000ef300000|100%| E|CS|TAMS 0x00000000ef200000| PB 0x00000000ef200000| Complete 
| 243|0x00000000ef300000, 0x00000000ef400000, 0x00000000ef400000|100%| E|CS|TAMS 0x00000000ef300000| PB 0x00000000ef300000| Complete 
| 244|0x00000000ef400000, 0x00000000ef500000, 0x00000000ef500000|100%| E|CS|TAMS 0x00000000ef400000| PB 0x00000000ef400000| Complete 
| 245|0x00000000ef500000, 0x00000000ef600000, 0x00000000ef600000|100%| E|CS|TAMS 0x00000000ef500000| PB 0x00000000ef500000| Complete 
| 246|0x00000000ef600000, 0x00000000ef700000, 0x00000000ef700000|100%| E|CS|TAMS 0x00000000ef600000| PB 0x00000000ef600000| Complete 
| 247|0x00000000ef700000, 0x00000000ef800000, 0x00000000ef800000|100%| E|CS|TAMS 0x00000000ef700000| PB 0x00000000ef700000| Complete 
| 248|0x00000000ef800000, 0x00000000ef900000, 0x00000000ef900000|100%| E|CS|TAMS 0x00000000ef800000| PB 0x00000000ef800000| Complete 
| 249|0x00000000ef900000, 0x00000000efa00000, 0x00000000efa00000|100%| E|CS|TAMS 0x00000000ef900000| PB 0x00000000ef900000| Complete 
| 250|0x00000000efa00000, 0x00000000efb00000, 0x00000000efb00000|100%| E|CS|TAMS 0x00000000efa00000| PB 0x00000000efa00000| Complete 
| 251|0x00000000efb00000, 0x00000000efc00000, 0x00000000efc00000|100%| E|CS|TAMS 0x00000000efb00000| PB 0x00000000efb00000| Complete 
| 252|0x00000000efc00000, 0x00000000efd00000, 0x00000000efd00000|100%| E|CS|TAMS 0x00000000efc00000| PB 0x00000000efc00000| Complete 
| 253|0x00000000efd00000, 0x00000000efe00000, 0x00000000efe00000|100%| E|CS|TAMS 0x00000000efd00000| PB 0x00000000efd00000| Complete 
| 254|0x00000000efe00000, 0x00000000eff00000, 0x00000000eff00000|100%| E|CS|TAMS 0x00000000efe00000| PB 0x00000000efe00000| Complete 
| 255|0x00000000eff00000, 0x00000000f0000000, 0x00000000f0000000|100%| E|CS|TAMS 0x00000000eff00000| PB 0x00000000eff00000| Complete 

Card table byte_map: [0x000001f29a730000,0x000001f29a830000] _byte_map_base: 0x000001f29a030000

Marking Bits: (CMBitMap*) 0x000001f2881296a0
 Bits: [0x000001f29a830000, 0x000001f29b030000)

Polling page: 0x000001f285ec0000

Metaspace:

Usage:
  Non-class:     24.98 MB used.
      Class:      4.46 MB used.
       Both:     29.44 MB used.

Virtual space:
  Non-class space:       64.00 MB reserved,      25.62 MB ( 40%) committed,  1 nodes.
      Class space:      320.00 MB reserved,       5.00 MB (  2%) committed,  1 nodes.
             Both:      384.00 MB reserved,      30.62 MB (  8%) committed. 

Chunk freelists:
   Non-Class:  6.05 MB
       Class:  10.81 MB
        Both:  16.86 MB

MaxMetaspaceSize: 384.00 MB
CompressedClassSpaceSize: 320.00 MB
Initial GC threshold: 21.00 MB
Current GC threshold: 35.12 MB
CDS: on
 - commit_granule_bytes: 65536.
 - commit_granule_words: 8192.
 - virtual_space_node_default_size: 8388608.
 - enlarge_chunks_in_place: 1.
 - use_allocation_guard: 0.


Internal statistics:

num_allocs_failed_limit: 3.
num_arena_births: 2058.
num_arena_deaths: 0.
num_vsnodes_births: 2.
num_vsnodes_deaths: 0.
num_space_committed: 490.
num_space_uncommitted: 0.
num_chunks_returned_to_freelist: 3.
num_chunks_taken_from_freelist: 3470.
num_chunk_merges: 3.
num_chunk_splits: 2242.
num_chunks_enlarged: 1393.
num_inconsistent_stats: 0.

CodeHeap 'non-profiled nmethods': size=120000Kb used=2618Kb max_used=2618Kb free=117381Kb
 bounds [0x000001f292dd0000, 0x000001f293060000, 0x000001f29a300000]
CodeHeap 'profiled nmethods': size=120000Kb used=8858Kb max_used=8858Kb free=111141Kb
 bounds [0x000001f28b300000, 0x000001f28bbb0000, 0x000001f292830000]
CodeHeap 'non-nmethods': size=5760Kb used=1438Kb max_used=1501Kb free=4321Kb
 bounds [0x000001f292830000, 0x000001f292aa0000, 0x000001f292dd0000]
CodeCache: size=245760Kb, used=12914Kb, max_used=12977Kb, free=232843Kb
 total_blobs=5017, nmethods=4426, adapters=495, full_count=0
Compilation: enabled, stopped_count=0, restarted_count=0

Compilation events (20 events):
Event: 9558.848 Thread 0x000001f2b8caa440 4425   !   4       java.util.stream.ReferencePipeline$7$1::accept (127 bytes)
Event: 9558.848 Thread 0x000001f2b8cac650 4428       4       java.lang.StringConcatHelper::stringOf (20 bytes)
Event: 9558.849 Thread 0x000001f2b8cac650 nmethod 4428 0x000001f293059290 code [0x000001f293059420, 0x000001f2930594c8]
Event: 9558.849 Thread 0x000001f2b8cac650 4431       4       java.lang.Thread::interrupted (7 bytes)
Event: 9558.850 Thread 0x000001f2b8cac650 nmethod 4431 0x000001f293059590 code [0x000001f293059720, 0x000001f2930597d8]
Event: 9558.850 Thread 0x000001f2b8cac650 4433       4       sun.management.spi.PlatformMBeanProvider$PlatformComponent::getMBeans (87 bytes)
Event: 9558.910 Thread 0x000001f2b8cac650 nmethod 4433 0x000001f293059890 code [0x000001f293059ba0, 0x000001f29305b060]
Event: 9558.910 Thread 0x000001f2b8cac650 4424       4       java.util.stream.AbstractPipeline::close (48 bytes)
Event: 9558.912 Thread 0x000001f2b8cac650 nmethod 4424 0x000001f29305bb10 code [0x000001f29305bca0, 0x000001f29305be30]
Event: 9558.912 Thread 0x000001f2b8cac650 4426       4       java.util.stream.ReferencePipeline$Head::forEach (26 bytes)
Event: 9558.913 Thread 0x000001f29daabbd0 4429       4       java.util.stream.AbstractPipeline::sourceStageSpliterator (112 bytes)
Event: 9558.915 Thread 0x000001f29daabbd0 nmethod 4429 0x000001f29305bf10 code [0x000001f29305c0a0, 0x000001f29305c200]
Event: 9558.915 Thread 0x000001f29daabbd0 4432       4       java.lang.management.ManagementFactory$$Lambda/0x000001f29f072ed8::apply (12 bytes)
Event: 9558.915 Thread 0x000001f2b8cac650 nmethod 4426 0x000001f29305c310 code [0x000001f29305c4c0, 0x000001f29305c6b8]
Event: 9558.916 Thread 0x000001f2b8cac650 4434       4       java.util.stream.ReferencePipeline$2$1::accept (27 bytes)
Event: 9558.922 Thread 0x000001f2b8cac650 nmethod 4434 0x000001f29305c890 code [0x000001f29305ca40, 0x000001f29305ccc8]
Event: 9558.923 Thread 0x000001f2b8caa440 nmethod 4425 0x000001f29305ce90 code [0x000001f29305d100, 0x000001f29305db08]
Event: 9558.925 Thread 0x000001f29daabbd0 nmethod 4432 0x000001f29305e210 code [0x000001f29305e3e0, 0x000001f29305e738]
Event: 9564.328 Thread 0x000001f2b8caa440 4437       4       java.util.ComparableTimSort::binarySort (223 bytes)
Event: 9564.329 Thread 0x000001f29daabbd0 4436       4       java.util.ComparableTimSort::countRunAndMakeAscending (123 bytes)

GC Heap History (8 events):
Event: 14.336 GC heap before
{Heap before GC invocations=0 (full 0):
 garbage-first heap   total 262144K, used 26624K [0x00000000e0000000, 0x0000000100000000)
  region size 1024K, 23 young (23552K), 0 survivors (0K)
 Metaspace       used 1111K, committed 1216K, reserved 393216K
  class space    used 80K, committed 128K, reserved 327680K
}
Event: 14.490 GC heap after
{Heap after GC invocations=1 (full 0):
 garbage-first heap   total 262144K, used 9780K [0x00000000e0000000, 0x0000000100000000)
  region size 1024K, 3 young (3072K), 3 survivors (3072K)
 Metaspace       used 1111K, committed 1216K, reserved 393216K
  class space    used 80K, committed 128K, reserved 327680K
}
Event: 25.187 GC heap before
{Heap before GC invocations=1 (full 0):
 garbage-first heap   total 262144K, used 39476K [0x00000000e0000000, 0x0000000100000000)
  region size 1024K, 33 young (33792K), 3 survivors (3072K)
 Metaspace       used 4310K, committed 4480K, reserved 393216K
  class space    used 545K, committed 640K, reserved 327680K
}
Event: 25.194 GC heap after
{Heap after GC invocations=2 (full 0):
 garbage-first heap   total 262144K, used 11842K [0x00000000e0000000, 0x0000000100000000)
  region size 1024K, 2 young (2048K), 2 survivors (2048K)
 Metaspace       used 4310K, committed 4480K, reserved 393216K
  class space    used 545K, committed 640K, reserved 327680K
}
Event: 36.214 GC heap before
{Heap before GC invocations=2 (full 0):
 garbage-first heap   total 262144K, used 63042K [0x00000000e0000000, 0x0000000100000000)
  region size 1024K, 50 young (51200K), 2 survivors (2048K)
 Metaspace       used 7218K, committed 7552K, reserved 393216K
  class space    used 973K, committed 1152K, reserved 327680K
}
Event: 36.223 GC heap after
{Heap after GC invocations=3 (full 0):
 garbage-first heap   total 262144K, used 18536K [0x00000000e0000000, 0x0000000100000000)
  region size 1024K, 7 young (7168K), 7 survivors (7168K)
 Metaspace       used 7218K, committed 7552K, reserved 393216K
  class space    used 973K, committed 1152K, reserved 327680K
}
Event: 151.202 GC heap before
{Heap before GC invocations=3 (full 0):
 garbage-first heap   total 262144K, used 108648K [0x00000000e0000000, 0x0000000100000000)
  region size 1024K, 96 young (98304K), 7 survivors (7168K)
 Metaspace       used 20838K, committed 21504K, reserved 393216K
  class space    used 3006K, committed 3328K, reserved 327680K
}
Event: 151.227 GC heap after
{Heap after GC invocations=4 (full 0):
 garbage-first heap   total 262144K, used 25207K [0x00000000e0000000, 0x0000000100000000)
  region size 1024K, 14 young (14336K), 14 survivors (14336K)
 Metaspace       used 20838K, committed 21504K, reserved 393216K
  class space    used 3006K, committed 3328K, reserved 327680K
}

Dll operation events (20 events):
Event: 2.980 Attempting to load shared library C:\Users\Dawit.DAWITA\.vscode\extensions\redhat.java-1.56.0-win32-x64\jre\21.0.12.1-win32-x86_64\bin\nio.dll
Event: 2.982 Loaded shared library C:\Users\Dawit.DAWITA\.vscode\extensions\redhat.java-1.56.0-win32-x64\jre\21.0.12.1-win32-x86_64\bin\nio.dll
Event: 3.002 Attempting to load shared library C:\Users\Dawit.DAWITA\.vscode\extensions\redhat.java-1.56.0-win32-x64\jre\21.0.12.1-win32-x86_64\bin\zip.dll
Event: 3.002 Loaded shared library C:\Users\Dawit.DAWITA\.vscode\extensions\redhat.java-1.56.0-win32-x64\jre\21.0.12.1-win32-x86_64\bin\zip.dll
Event: 11.203 Attempting to load shared library C:\Users\Dawit.DAWITA\.vscode\extensions\redhat.java-1.56.0-win32-x64\jre\21.0.12.1-win32-x86_64\bin\jimage.dll
Event: 11.203 Loaded shared library C:\Users\Dawit.DAWITA\.vscode\extensions\redhat.java-1.56.0-win32-x64\jre\21.0.12.1-win32-x86_64\bin\jimage.dll
Event: 14.752 Attempting to load shared library C:\Users\Dawit.DAWITA\.vscode\extensions\redhat.java-1.56.0-win32-x64\jre\21.0.12.1-win32-x86_64\bin\verify.dll
Event: 14.900 Loaded shared library C:\Users\Dawit.DAWITA\.vscode\extensions\redhat.java-1.56.0-win32-x64\jre\21.0.12.1-win32-x86_64\bin\verify.dll
Event: 16.589 Attempting to load shared library C:\Users\Dawit.DAWITA\.gradle\native\c067742578af261105cb4f569cf0c3c89f3d7b1fecec35dd04571415982c5e48\windows-amd64\native-platform.dll
Event: 16.592 Loaded shared library C:\Users\Dawit.DAWITA\.gradle\native\c067742578af261105cb4f569cf0c3c89f3d7b1fecec35dd04571415982c5e48\windows-amd64\native-platform.dll
Event: 16.604 Attempting to load shared library C:\Users\Dawit.DAWITA\.gradle\native\100fb08df4bc3b14c8652ba06237920a3bd2aa13389f12d3474272988ae205f9\windows-amd64\native-platform-file-events.dll
Event: 16.613 Loaded shared library C:\Users\Dawit.DAWITA\.gradle\native\100fb08df4bc3b14c8652ba06237920a3bd2aa13389f12d3474272988ae205f9\windows-amd64\native-platform-file-events.dll
Event: 33.991 Attempting to load shared library C:\Users\Dawit.DAWITA\.vscode\extensions\redhat.java-1.56.0-win32-x64\jre\21.0.12.1-win32-x86_64\bin\management.dll
Event: 33.997 Loaded shared library C:\Users\Dawit.DAWITA\.vscode\extensions\redhat.java-1.56.0-win32-x64\jre\21.0.12.1-win32-x86_64\bin\management.dll
Event: 34.094 Attempting to load shared library C:\Users\Dawit.DAWITA\.vscode\extensions\redhat.java-1.56.0-win32-x64\jre\21.0.12.1-win32-x86_64\bin\management_ext.dll
Event: 34.241 Loaded shared library C:\Users\Dawit.DAWITA\.vscode\extensions\redhat.java-1.56.0-win32-x64\jre\21.0.12.1-win32-x86_64\bin\management_ext.dll
Event: 38.670 Attempting to load shared library C:\Users\Dawit.DAWITA\.vscode\extensions\redhat.java-1.56.0-win32-x64\jre\21.0.12.1-win32-x86_64\bin\extnet.dll
Event: 38.696 Loaded shared library C:\Users\Dawit.DAWITA\.vscode\extensions\redhat.java-1.56.0-win32-x64\jre\21.0.12.1-win32-x86_64\bin\extnet.dll
Event: 55.236 Attempting to load shared library C:\Users\Dawit.DAWITA\.vscode\extensions\redhat.java-1.56.0-win32-x64\jre\21.0.12.1-win32-x86_64\bin\sunmscapi.dll
Event: 55.259 Loaded shared library C:\Users\Dawit.DAWITA\.vscode\extensions\redhat.java-1.56.0-win32-x64\jre\21.0.12.1-win32-x86_64\bin\sunmscapi.dll

Deoptimization events (20 events):
Event: 164.157 Thread 0x000001f2b7900f80 DEOPT PACKING pc=0x000001f292f7fb58 sp=0x0000004ededfe3a0
Event: 164.157 Thread 0x000001f2b7900f80 DEOPT UNPACKING pc=0x000001f292884422 sp=0x0000004ededfe358 mode 2
Event: 164.157 Thread 0x000001f2b7900f80 Uncommon trap: trap_request=0xffffff45 fr.pc=0x000001f292f66158 relative=0x0000000000001278
Event: 164.157 Thread 0x000001f2b7900f80 Uncommon trap: reason=unstable_if action=reinterpret pc=0x000001f292f66158 method=java.io.BufferedInputStream.read([BII)I @ 4 c2
Event: 164.157 Thread 0x000001f2b7900f80 DEOPT PACKING pc=0x000001f292f66158 sp=0x0000004ededfe260
Event: 164.157 Thread 0x000001f2b7900f80 DEOPT UNPACKING pc=0x000001f292884422 sp=0x0000004ededfe258 mode 2
Event: 164.157 Thread 0x000001f2b7900f80 Uncommon trap: trap_request=0xffffffc6 fr.pc=0x000001f292f7fb58 relative=0x00000000000004f8
Event: 164.157 Thread 0x000001f2b7900f80 Uncommon trap: reason=bimorphic_or_optimized_type_check action=maybe_recompile pc=0x000001f292f7fb58 method=java.io.DataInputStream.readFully([BII)V @ 30 c2
Event: 164.157 Thread 0x000001f2b7900f80 DEOPT PACKING pc=0x000001f292f7fb58 sp=0x0000004ededfe320
Event: 164.157 Thread 0x000001f2b7900f80 DEOPT UNPACKING pc=0x000001f292884422 sp=0x0000004ededfe2d8 mode 2
Event: 164.157 Thread 0x000001f2b7900f80 Uncommon trap: trap_request=0xffffffc6 fr.pc=0x000001f292f7fb58 relative=0x00000000000004f8
Event: 164.157 Thread 0x000001f2b7900f80 Uncommon trap: reason=bimorphic_or_optimized_type_check action=maybe_recompile pc=0x000001f292f7fb58 method=java.io.DataInputStream.readFully([BII)V @ 30 c2
Event: 164.157 Thread 0x000001f2b7900f80 DEOPT PACKING pc=0x000001f292f7fb58 sp=0x0000004ededfe320
Event: 164.157 Thread 0x000001f2b7900f80 DEOPT UNPACKING pc=0x000001f292884422 sp=0x0000004ededfe2d8 mode 2
Event: 164.157 Thread 0x000001f2b7900f80 Uncommon trap: trap_request=0xffffffc6 fr.pc=0x000001f292f7fb58 relative=0x00000000000004f8
Event: 164.157 Thread 0x000001f2b7900f80 Uncommon trap: reason=bimorphic_or_optimized_type_check action=maybe_recompile pc=0x000001f292f7fb58 method=java.io.DataInputStream.readFully([BII)V @ 30 c2
Event: 164.157 Thread 0x000001f2b7900f80 DEOPT PACKING pc=0x000001f292f7fb58 sp=0x0000004ededfe320
Event: 164.157 Thread 0x000001f2b7900f80 DEOPT UNPACKING pc=0x000001f292884422 sp=0x0000004ededfe2d8 mode 2
Event: 274.998 Thread 0x000001f2b8640d50 DEOPT PACKING pc=0x000001f28b9316dd sp=0x0000004ede5fe810
Event: 274.999 Thread 0x000001f2b8640d50 DEOPT UNPACKING pc=0x000001f292884bc2 sp=0x0000004ede5fdd78 mode 0

Classes loaded (20 events):
Event: 163.709 Loading class sun/nio/fs/WindowsPath$1
Event: 163.709 Loading class sun/nio/fs/WindowsPath$1 done
Event: 163.891 Loading class java/nio/file/FileTreeWalker
Event: 163.982 Loading class java/nio/file/FileTreeWalker done
Event: 164.016 Loading class java/nio/file/FileTreeWalker$DirectoryNode
Event: 164.016 Loading class java/nio/file/FileTreeWalker$DirectoryNode done
Event: 164.016 Loading class java/nio/file/FileTreeWalker$Event
Event: 164.016 Loading class java/nio/file/FileTreeWalker$Event done
Event: 164.016 Loading class java/nio/file/FileTreeWalker$EventType
Event: 164.016 Loading class java/nio/file/FileTreeWalker$EventType done
Event: 164.016 Loading class java/nio/file/Files$3
Event: 164.016 Loading class java/nio/file/Files$3 done
Event: 164.019 Loading class java/nio/file/FileVisitResult
Event: 164.019 Loading class java/nio/file/FileVisitResult done
Event: 164.246 Loading class java/util/stream/Streams$RangeIntSpliterator
Event: 164.249 Loading class java/util/stream/Streams$RangeIntSpliterator done
Event: 164.249 Loading class java/util/stream/IntPipeline$Head
Event: 164.250 Loading class java/util/stream/IntPipeline
Event: 164.251 Loading class java/util/stream/IntPipeline done
Event: 164.251 Loading class java/util/stream/IntPipeline$Head done

Classes unloaded (0 events):
No events

Classes redefined (0 events):
No events

Internal exceptions (20 events):
Event: 161.482 Thread 0x000001f2b7902330 Exception <a 'java/lang/NoSuchMethodError'{0x00000000eca0a7a8}: 'void java.lang.invoke.DirectMethodHandle$Holder.invokeStaticInit(java.lang.Object, java.lang.Object, java.lang.Object, java.lang.Object)'> (0x00000000eca0a7a8) 
thrown [s\src\hotspot\share\interpreter\linkResolver.cpp, line 773]
Event: 161.761 Thread 0x000001f2b7902330 Exception <a 'java/lang/NoSuchMethodError'{0x00000000ec82de00}: 'java.lang.Object java.lang.invoke.DirectMethodHandle$Holder.invokeStaticInit(java.lang.Object, java.lang.Object, java.lang.Object)'> (0x00000000ec82de00) 
thrown [s\src\hotspot\share\interpreter\linkResolver.cpp, line 773]
Event: 162.133 Thread 0x000001f2b7902330 Exception <a 'java/lang/NoSuchMethodError'{0x00000000ec7fd2d8}: 'java.lang.Object java.lang.invoke.DirectMethodHandle$Holder.newInvokeSpecial(java.lang.Object, java.lang.Object, java.lang.Object, java.lang.Object, java.lang.Object, java.lang.Object, java.lang.Object, java.lang.Object, java.lang.Object, java.lang.Object, java.lang.Object)'> (0x00000000ec7fd2d8) 
thrown [s\src\hotspot\share\interpreter\linkResolver.cpp, line 773]
Event: 162.301 Thread 0x000001f2b7902330 Exception <a 'java/lang/NoSuchMethodError'{0x00000000ec662558}: 'java.lang.Object java.lang.invoke.DirectMethodHandle$Holder.newInvokeSpecial(java.lang.Object, java.lang.Object, java.lang.Object, java.lang.Object, java.lang.Object, java.lang.Object, java.lang.Object, java.lang.Object, java.lang.Object, java.lang.Object, java.lang.Object, java.lang.Object, java.lang.Object, java.lang.Object)'> (0x00000000ec662558) 
thrown [s\src\hotspot\share\interpreter\linkResolver.cpp, line 773]
Event: 162.415 Thread 0x000001f2b7902330 Exception <a 'java/lang/NoSuchMethodError'{0x00000000ec404228}: 'java.lang.Object java.lang.invoke.DelegatingMethodHandle$Holder.reinvoke_L(java.lang.Object, java.lang.Object, java.lang.Object, java.lang.Object, java.lang.Object, java.lang.Object, java.lang.Object, java.lang.Object, java.lang.Object, java.lang.Object, java.lang.Object, java.lang.Object, java.lang.Object, java.lang.Object, java.lang.Object, java.lang.Object, java.lang.Object, java.lang.Object, java.lang.Object, java.lang.Object, java.lang.O
Event: 162.427 Thread 0x000001f2b7902330 Exception <a 'java/lang/NoSuchMethodError'{0x00000000ec4e6168}: 'java.lang.Object java.lang.invoke.DirectMethodHandle$Holder.invokeStatic(java.lang.Object, java.lang.Object, java.lang.Object, java.lang.Object, java.lang.Object, java.lang.Object, java.lang.Object, java.lang.Object, java.lang.Object, java.lang.Object, java.lang.Object, java.lang.Object, java.lang.Object, java.lang.Object, java.lang.Object, java.lang.Object, java.lang.Object, java.lang.Object, java.lang.Object, java.lang.Object, java.lang.Obj
Event: 162.431 Thread 0x000001f2b7902330 Exception <a 'java/lang/NoSuchMethodError'{0x00000000ec31ba40}: 'java.lang.Object java.lang.invoke.DirectMethodHandle$Holder.invokeStatic(java.lang.Object, java.lang.Object, java.lang.Object, java.lang.Object, java.lang.Object, java.lang.Object, java.lang.Object, java.lang.Object, java.lang.Object, java.lang.Object, java.lang.Object, java.lang.Object, java.lang.Object, java.lang.Object, java.lang.Object, java.lang.Object, java.lang.Object, java.lang.Object, java.lang.Object, java.lang.Object, java.lang.Obj
Event: 162.434 Thread 0x000001f2b7902330 Exception <a 'java/lang/NoSuchMethodError'{0x00000000ec352260}: 'java.lang.Object java.lang.invoke.DirectMethodHandle$Holder.invokeStatic(java.lang.Object, java.lang.Object, java.lang.Object, java.lang.Object, java.lang.Object, java.lang.Object, java.lang.Object, java.lang.Object, java.lang.Object, java.lang.Object, java.lang.Object, java.lang.Object, java.lang.Object, java.lang.Object, java.lang.Object, java.lang.Object, java.lang.Object, java.lang.Object, java.lang.Object, java.lang.Object, java.lang.Obj
Event: 162.465 Thread 0x000001f2b7902330 Exception <a 'java/lang/NoSuchMethodError'{0x00000000ec397200}: 'java.lang.Object java.lang.invoke.DirectMethodHandle$Holder.invokeStatic(java.lang.Object, java.lang.Object, java.lang.Object, java.lang.Object, java.lang.Object, java.lang.Object, java.lang.Object, java.lang.Object, java.lang.Object, java.lang.Object, java.lang.Object, java.lang.Object, java.lang.Object, java.lang.Object, java.lang.Object, java.lang.Object, java.lang.Object, java.lang.Object, java.lang.Object, java.lang.Object, java.lang.Obj
Event: 162.527 Thread 0x000001f2b7902330 Exception <a 'java/lang/NoSuchMethodError'{0x00000000ec235f50}: 'java.lang.Object java.lang.invoke.DirectMethodHandle$Holder.newInvokeSpecial(java.lang.Object, java.lang.Object, java.lang.Object, java.lang.Object, java.lang.Object, java.lang.Object, java.lang.Object, java.lang.Object, java.lang.Object, java.lang.Object, java.lang.Object, java.lang.Object, java.lang.Object, java.lang.Object, java.lang.Object, java.lang.Object, java.lang.Object, java.lang.Object, java.lang.Object, java.lang.Object)'> (0x0000
Event: 162.528 Thread 0x000001f2b7902330 Exception <a 'java/lang/NoSuchMethodError'{0x00000000ec23cc58}: 'java.lang.Object java.lang.invoke.DirectMethodHandle$Holder.invokeSpecial(java.lang.Object, java.lang.Object, java.lang.Object, java.lang.Object, java.lang.Object, java.lang.Object, java.lang.Object, java.lang.Object, java.lang.Object, java.lang.Object, java.lang.Object, java.lang.Object, java.lang.Object, java.lang.Object, java.lang.Object, java.lang.Object, java.lang.Object, java.lang.Object, java.lang.Object, java.lang.Object, java.lang.Ob
Event: 162.528 Thread 0x000001f2b7902330 Exception <a 'java/lang/NoSuchMethodError'{0x00000000ec242468}: 'java.lang.Object java.lang.invoke.DelegatingMethodHandle$Holder.reinvoke_L(java.lang.Object, java.lang.Object, java.lang.Object, java.lang.Object, java.lang.Object, java.lang.Object, java.lang.Object, java.lang.Object, java.lang.Object, java.lang.Object, java.lang.Object, java.lang.Object, java.lang.Object, java.lang.Object, java.lang.Object, java.lang.Object, java.lang.Object, java.lang.Object, java.lang.Object, java.lang.Object)'> (0x000000
Event: 162.594 Thread 0x000001f2b7902330 Exception <a 'java/lang/NoSuchMethodError'{0x00000000ec18be30}: 'java.lang.Object java.lang.invoke.DirectMethodHandle$Holder.newInvokeSpecial(java.lang.Object, java.lang.Object, java.lang.Object, java.lang.Object, java.lang.Object, java.lang.Object, java.lang.Object, java.lang.Object, java.lang.Object, java.lang.Object, java.lang.Object, java.lang.Object)'> (0x00000000ec18be30) 
thrown [s\src\hotspot\share\interpreter\linkResolver.cpp, line 773]
Event: 163.670 Thread 0x000001f2b7902330 Exception <a 'java/lang/IncompatibleClassChangeError'{0x00000000ebdcc208}: Found class java.lang.Object, but interface was expected> (0x00000000ebdcc208) 
thrown [s\src\hotspot\share\interpreter\linkResolver.cpp, line 840]
Event: 163.856 Thread 0x000001f2b7902330 Exception <a 'java/lang/NoSuchMethodError'{0x00000000ebcca138}: 'java.lang.Object java.lang.invoke.DirectMethodHandle$Holder.newInvokeSpecial(java.lang.Object, java.lang.Object, long)'> (0x00000000ebcca138) 
thrown [s\src\hotspot\share\interpreter\linkResolver.cpp, line 773]
Event: 163.857 Thread 0x000001f2b7902330 Exception <a 'java/lang/NoSuchMethodError'{0x00000000ebcce470}: 'java.lang.Object java.lang.invoke.Invokers$Holder.linkToTargetMethod(java.lang.Object, long, java.lang.Object)'> (0x00000000ebcce470) 
thrown [s\src\hotspot\share\interpreter\linkResolver.cpp, line 773]
Event: 164.156 Thread 0x000001f2b7900f80 Implicit null exception at 0x000001f292f81003 to 0x000001f292f8173c
Event: 164.157 Thread 0x000001f2b7900f80 Implicit null exception at 0x000001f292f64f34 to 0x000001f292f66148
Event: 164.200 Thread 0x000001f2b7902330 Exception <a 'java/lang/NoSuchMethodError'{0x00000000ebad2c40}: 'int java.lang.invoke.DirectMethodHandle$Holder.invokeInterface(java.lang.Object, java.lang.Object)'> (0x00000000ebad2c40) 
thrown [s\src\hotspot\share\interpreter\linkResolver.cpp, line 773]
Event: 164.239 Thread 0x000001f2b7902330 Exception <a 'java/lang/NoSuchMethodError'{0x00000000eb933a68}: 'java.lang.Object java.lang.invoke.DirectMethodHandle$Holder.invokeVirtual(java.lang.Object, java.lang.Object, int)'> (0x00000000eb933a68) 
thrown [s\src\hotspot\share\interpreter\linkResolver.cpp, line 773]

ZGC Phase Switch (0 events):
No events

VM Operations (20 events):
Event: 215.171 Executing safepoint VM operation: Cleanup done
Event: 218.200 Executing safepoint VM operation: Cleanup
Event: 218.200 Executing safepoint VM operation: Cleanup done
Event: 222.246 Executing safepoint VM operation: Cleanup
Event: 222.246 Executing safepoint VM operation: Cleanup done
Event: 236.417 Executing safepoint VM operation: Cleanup
Event: 236.417 Executing safepoint VM operation: Cleanup done
Event: 245.533 Executing safepoint VM operation: Cleanup
Event: 245.533 Executing safepoint VM operation: Cleanup done
Event: 251.609 Executing safepoint VM operation: Cleanup
Event: 251.610 Executing safepoint VM operation: Cleanup done
Event: 264.701 Executing safepoint VM operation: Cleanup
Event: 264.701 Executing safepoint VM operation: Cleanup done
Event: 271.776 Executing safepoint VM operation: Cleanup
Event: 271.776 Executing safepoint VM operation: Cleanup done
Event: 9556.781 Executing safepoint VM operation: Cleanup
Event: 9558.552 Executing safepoint VM operation: Cleanup done
Event: 9559.565 Executing safepoint VM operation: Cleanup
Event: 9564.311 Executing safepoint VM operation: Cleanup done
Event: 9565.325 Executing safepoint VM operation: Cleanup

Memory protections (0 events):
No events

Nmethod flushes (0 events):
No events

Events (20 events):
Event: 140.628 Thread 0x000001f2b82068a0 Thread added: 0x000001f2b7903050
Event: 140.653 Thread 0x000001f2b82068a0 Thread added: 0x000001f2b7901ca0
Event: 140.677 Thread 0x000001f2b7902330 Thread added: 0x000001f2b7901610
Event: 140.679 Thread 0x000001f2b7902330 Thread added: 0x000001f2b79029c0
Event: 140.680 Thread 0x000001f2b7902330 Thread added: 0x000001f2b79036e0
Event: 143.934 Thread 0x000001f2b7902330 Thread added: 0x000001f2b79008f0
Event: 143.988 Thread 0x000001f2b7902330 Thread added: 0x000001f2b7903d70
Event: 144.395 Thread 0x000001f2b7902330 Thread added: 0x000001f2b7900f80
Event: 146.169 Thread 0x000001f2b7903d70 Thread added: 0x000001f2ba96ecf0
Event: 153.011 Thread 0x000001f2b7902330 Thread added: 0x000001f2ba96e660
Event: 153.224 Thread 0x000001f2b7902330 Thread added: 0x000001f2ba96f380
Event: 156.570 Thread 0x000001f2b7902330 Thread added: 0x000001f2ba9700a0
Event: 157.029 Thread 0x000001f2b7902330 Thread added: 0x000001f2ba96fa10
Event: 159.244 Thread 0x000001f2b7902330 Thread added: 0x000001f2ba96d2b0
Event: 159.529 Thread 0x000001f2b7902330 Thread added: 0x000001f2ba970730
Event: 160.972 Thread 0x000001f2b7902330 Thread added: 0x000001f2ba970dc0
Event: 162.201 Thread 0x000001f2b7902330 Thread added: 0x000001f2ba96d940
Event: 9558.733 Thread 0x000001f29daabbd0 Thread added: 0x000001f2b8caa440
Event: 9558.843 Thread 0x000001f29daabbd0 Thread added: 0x000001f2b8cac650
Event: 9564.312 Thread 0x000001f2b8cac650 Thread exited: 0x000001f2b8cac650


Dynamic libraries:
0x00007ff78b490000 - 0x00007ff78b49e000 	C:\Users\Dawit.DAWITA\.vscode\extensions\redhat.java-1.56.0-win32-x64\jre\21.0.12.1-win32-x86_64\bin\java.exe
0x00007ffaf8ac0000 - 0x00007ffaf8d27000 	C:\WINDOWS\SYSTEM32\ntdll.dll
0x00007ffaf6c70000 - 0x00007ffaf6d3b000 	C:\WINDOWS\System32\KERNEL32.DLL
0x00007ffaf5e10000 - 0x00007ffaf6211000 	C:\WINDOWS\System32\KERNELBASE.dll
0x00007ffaf6680000 - 0x00007ffaf67cc000 	C:\WINDOWS\System32\ucrtbase.dll
0x00007ffa513b0000 - 0x00007ffa513c8000 	C:\Users\Dawit.DAWITA\.vscode\extensions\redhat.java-1.56.0-win32-x64\jre\21.0.12.1-win32-x86_64\bin\jli.dll
0x00007ffaf8050000 - 0x00007ffaf8227000 	C:\WINDOWS\System32\USER32.dll
0x00007ffaf62e0000 - 0x00007ffaf6307000 	C:\WINDOWS\System32\win32u.dll
0x00007ffaf74f0000 - 0x00007ffaf751b000 	C:\WINDOWS\System32\GDI32.dll
0x00007ffaf6550000 - 0x00007ffaf6678000 	C:\WINDOWS\System32\gdi32full.dll
0x00007ffaf6310000 - 0x00007ffaf63b3000 	C:\WINDOWS\System32\msvcp_win.dll
0x00007ffa51390000 - 0x00007ffa513ae000 	C:\Users\Dawit.DAWITA\.vscode\extensions\redhat.java-1.56.0-win32-x64\jre\21.0.12.1-win32-x86_64\bin\VCRUNTIME140.dll
0x00007ffada7a0000 - 0x00007ffadaa30000 	C:\WINDOWS\WinSxS\amd64_microsoft.windows.common-controls_6595b64144ccf1df_6.0.26100.9549_none_3e0a0396e3330090\COMCTL32.dll
0x00007ffaf6b70000 - 0x00007ffaf6c19000 	C:\WINDOWS\System32\msvcrt.dll
0x00007ffaf7d50000 - 0x00007ffaf7d81000 	C:\WINDOWS\System32\IMM32.DLL
0x00007ffabfdc0000 - 0x00007ffabfdcc000 	C:\Users\Dawit.DAWITA\.vscode\extensions\redhat.java-1.56.0-win32-x64\jre\21.0.12.1-win32-x86_64\bin\vcruntime140_1.dll
0x00007ffa51300000 - 0x00007ffa5138d000 	C:\Users\Dawit.DAWITA\.vscode\extensions\redhat.java-1.56.0-win32-x64\jre\21.0.12.1-win32-x86_64\bin\msvcp140.dll
0x00007ffa50490000 - 0x00007ffa51232000 	C:\Users\Dawit.DAWITA\.vscode\extensions\redhat.java-1.56.0-win32-x64\jre\21.0.12.1-win32-x86_64\bin\server\jvm.dll
0x00007ffaf8950000 - 0x00007ffaf8a0b000 	C:\WINDOWS\System32\ADVAPI32.dll
0x00007ffaf8230000 - 0x00007ffaf82d8000 	C:\WINDOWS\System32\sechost.dll
0x00007ffaf7f30000 - 0x00007ffaf8048000 	C:\WINDOWS\System32\RPCRT4.dll
0x00007ffaf8710000 - 0x00007ffaf8791000 	C:\WINDOWS\System32\WS2_32.dll
0x00007ffaf5b10000 - 0x00007ffaf5b6e000 	C:\WINDOWS\SYSTEM32\POWRPROF.dll
0x00007ffadc210000 - 0x00007ffadc247000 	C:\WINDOWS\SYSTEM32\WINMM.dll
0x00007ffae7c80000 - 0x00007ffae7c8b000 	C:\WINDOWS\SYSTEM32\VERSION.dll
0x00007ffaf5af0000 - 0x00007ffaf5b05000 	C:\WINDOWS\SYSTEM32\UMPDC.dll
0x00007ffaf4960000 - 0x00007ffaf497b000 	C:\WINDOWS\SYSTEM32\kernel.appcore.dll
0x00007ffaba930000 - 0x00007ffaba93a000 	C:\Users\Dawit.DAWITA\.vscode\extensions\redhat.java-1.56.0-win32-x64\jre\21.0.12.1-win32-x86_64\bin\jimage.dll
0x00007ffaf29d0000 - 0x00007ffaf2c1c000 	C:\WINDOWS\SYSTEM32\DBGHELP.DLL
0x00007ffaf67e0000 - 0x00007ffaf6b6a000 	C:\WINDOWS\System32\combase.dll
0x00007ffaf8450000 - 0x00007ffaf8529000 	C:\WINDOWS\System32\OLEAUT32.dll
0x00007ffad6b70000 - 0x00007ffad6bab000 	C:\WINDOWS\SYSTEM32\dbgcore.DLL
0x00007ffaf6220000 - 0x00007ffaf62cc000 	C:\WINDOWS\System32\bcryptPrimitives.dll
0x00007ffae81f0000 - 0x00007ffae81ff000 	C:\Users\Dawit.DAWITA\.vscode\extensions\redhat.java-1.56.0-win32-x64\jre\21.0.12.1-win32-x86_64\bin\instrument.dll
0x00007ffa50470000 - 0x00007ffa50490000 	C:\Users\Dawit.DAWITA\.vscode\extensions\redhat.java-1.56.0-win32-x64\jre\21.0.12.1-win32-x86_64\bin\java.dll
0x00007ffaf6d40000 - 0x00007ffaf74dc000 	C:\WINDOWS\System32\SHELL32.dll
0x00007ffaf3740000 - 0x00007ffaf3fed000 	C:\WINDOWS\SYSTEM32\windows.storage.dll
0x00007ffaf87a0000 - 0x00007ffaf8899000 	C:\WINDOWS\System32\SHCORE.dll
0x00007ffaf8a10000 - 0x00007ffaf8a76000 	C:\WINDOWS\System32\shlwapi.dll
0x00007ffaf5bd0000 - 0x00007ffaf5bf9000 	C:\WINDOWS\SYSTEM32\profapi.dll
0x00007ffa503f0000 - 0x00007ffa50408000 	C:\Users\Dawit.DAWITA\.vscode\extensions\redhat.java-1.56.0-win32-x64\jre\21.0.12.1-win32-x86_64\bin\zip.dll
0x00007ffaae710000 - 0x00007ffaae720000 	C:\Users\Dawit.DAWITA\.vscode\extensions\redhat.java-1.56.0-win32-x64\jre\21.0.12.1-win32-x86_64\bin\net.dll
0x00007ffae7750000 - 0x00007ffae787a000 	C:\WINDOWS\SYSTEM32\WINHTTP.dll
0x00007ffaf4f20000 - 0x00007ffaf4f8c000 	C:\WINDOWS\system32\mswsock.dll
0x00007ffa51860000 - 0x00007ffa51876000 	C:\Users\Dawit.DAWITA\.vscode\extensions\redhat.java-1.56.0-win32-x64\jre\21.0.12.1-win32-x86_64\bin\nio.dll
0x00007ffae81e0000 - 0x00007ffae81f0000 	C:\Users\Dawit.DAWITA\.vscode\extensions\redhat.java-1.56.0-win32-x64\jre\21.0.12.1-win32-x86_64\bin\verify.dll
0x00007ffa520f0000 - 0x00007ffa52117000 	C:\Users\Dawit.DAWITA\.gradle\native\c067742578af261105cb4f569cf0c3c89f3d7b1fecec35dd04571415982c5e48\windows-amd64\native-platform.dll
0x00007ffa71ca0000 - 0x00007ffa71de4000 	C:\Users\Dawit.DAWITA\.gradle\native\100fb08df4bc3b14c8652ba06237920a3bd2aa13389f12d3474272988ae205f9\windows-amd64\native-platform-file-events.dll
0x00007ffad7980000 - 0x00007ffad798a000 	C:\Users\Dawit.DAWITA\.vscode\extensions\redhat.java-1.56.0-win32-x64\jre\21.0.12.1-win32-x86_64\bin\management.dll
0x00007ffad7970000 - 0x00007ffad797c000 	C:\Users\Dawit.DAWITA\.vscode\extensions\redhat.java-1.56.0-win32-x64\jre\21.0.12.1-win32-x86_64\bin\management_ext.dll
0x00007ffaf88c0000 - 0x00007ffaf88c8000 	C:\WINDOWS\System32\PSAPI.DLL
0x00007ffaf5210000 - 0x00007ffaf522b000 	C:\WINDOWS\SYSTEM32\CRYPTSP.dll
0x00007ffaf48c0000 - 0x00007ffaf48f9000 	C:\WINDOWS\system32\rsaenh.dll
0x00007ffaf4fd0000 - 0x00007ffaf5004000 	C:\WINDOWS\SYSTEM32\USERENV.dll
0x00007ffaf5ba0000 - 0x00007ffaf5bca000 	C:\WINDOWS\SYSTEM32\bcrypt.dll
0x00007ffaf5230000 - 0x00007ffaf523c000 	C:\WINDOWS\SYSTEM32\CRYPTBASE.dll
0x00007ffaf43e0000 - 0x00007ffaf4413000 	C:\WINDOWS\SYSTEM32\IPHLPAPI.DLL
0x00007ffaf88b0000 - 0x00007ffaf88ba000 	C:\WINDOWS\System32\NSI.dll
0x00007ffa7d790000 - 0x00007ffa7d799000 	C:\Users\Dawit.DAWITA\.vscode\extensions\redhat.java-1.56.0-win32-x64\jre\21.0.12.1-win32-x86_64\bin\extnet.dll
0x00007ffa84180000 - 0x00007ffa8418e000 	C:\Users\Dawit.DAWITA\.vscode\extensions\redhat.java-1.56.0-win32-x64\jre\21.0.12.1-win32-x86_64\bin\sunmscapi.dll
0x00007ffaf63c0000 - 0x00007ffaf653f000 	C:\WINDOWS\System32\CRYPT32.dll
0x00007ffaf5470000 - 0x00007ffaf54a0000 	C:\WINDOWS\SYSTEM32\ncrypt.dll
0x00007ffaf5420000 - 0x00007ffaf545f000 	C:\WINDOWS\SYSTEM32\NTASN1.dll
0x00007ffac5700000 - 0x00007ffac5708000 	C:\WINDOWS\system32\wshunix.dll

JVMTI agents:
C:\Users\Dawit.DAWITA\.gradle\wrapper\dists\gradle-8.9-bin\90cnw93cvbtalezasaz0blq0a\gradle-8.9\lib\agents\gradle-instrumentation-agent-8.9.jar path:C:\Users\Dawit.DAWITA\.vscode\extensions\redhat.java-1.56.0-win32-x64\jre\21.0.12.1-win32-x86_64\bin\instrument.dll, loaded, initialized, instrumentlib options:none

dbghelp: loaded successfully - version: 4.0.5 - missing functions: none
symbol engine: initialized successfully - sym options: 0x614 - pdb path: .;C:\Users\Dawit.DAWITA\.vscode\extensions\redhat.java-1.56.0-win32-x64\jre\21.0.12.1-win32-x86_64\bin;C:\WINDOWS\SYSTEM32;C:\WINDOWS\WinSxS\amd64_microsoft.windows.common-controls_6595b64144ccf1df_6.0.26100.9549_none_3e0a0396e3330090;C:\Users\Dawit.DAWITA\.vscode\extensions\redhat.java-1.56.0-win32-x64\jre\21.0.12.1-win32-x86_64\bin\server;C:\Users\Dawit.DAWITA\.gradle\native\c067742578af261105cb4f569cf0c3c89f3d7b1fecec35dd04571415982c5e48\windows-amd64;C:\Users\Dawit.DAWITA\.gradle\native\100fb08df4bc3b14c8652ba06237920a3bd2aa13389f12d3474272988ae205f9\windows-amd64

VM Arguments:
jvm_args: --add-opens=java.base/java.util=ALL-UNNAMED --add-opens=java.base/java.lang=ALL-UNNAMED --add-opens=java.base/java.lang.invoke=ALL-UNNAMED --add-opens=java.prefs/java.util.prefs=ALL-UNNAMED --add-exports=jdk.compiler/com.sun.tools.javac.api=ALL-UNNAMED --add-exports=jdk.compiler/com.sun.tools.javac.util=ALL-UNNAMED --add-opens=java.base/java.nio.charset=ALL-UNNAMED --add-opens=java.base/java.net=ALL-UNNAMED --add-opens=java.base/java.util.concurrent.atomic=ALL-UNNAMED -XX:MaxMetaspaceSize=384m -XX:+HeapDumpOnOutOfMemoryError -Xms256m -Xmx512m -Dfile.encoding=utf8 -Duser.country=US -Duser.language=en -Duser.variant -javaagent:C:\Users\Dawit.DAWITA\.gradle\wrapper\dists\gradle-8.9-bin\90cnw93cvbtalezasaz0blq0a\gradle-8.9\lib\agents\gradle-instrumentation-agent-8.9.jar 
java_command: org.gradle.launcher.daemon.bootstrap.GradleDaemon 8.9
java_class_path (initial): C:\Users\Dawit.DAWITA\.gradle\wrapper\dists\gradle-8.9-bin\90cnw93cvbtalezasaz0blq0a\gradle-8.9\lib\gradle-daemon-main-8.9.jar
Launcher Type: SUN_STANDARD

[Global flags]
     intx CICompilerCount                          = 4                                         {product} {ergonomic}
   size_t CompressedClassSpaceSize                 = 335544320                                 {product} {ergonomic}
     uint ConcGCThreads                            = 2                                         {product} {ergonomic}
     uint G1ConcRefinementThreads                  = 8                                         {product} {ergonomic}
   size_t G1HeapRegionSize                         = 1048576                                   {product} {ergonomic}
    uintx GCDrainStackTargetSize                   = 64                                        {product} {ergonomic}
     bool HeapDumpOnOutOfMemoryError               = true                                   {manageable} {command line}
   size_t InitialHeapSize                          = 268435456                                 {product} {command line}
   size_t MarkStackSize                            = 4194304                                   {product} {ergonomic}
   size_t MaxHeapSize                              = 536870912                                 {product} {command line}
   size_t MaxMetaspaceSize                         = 402653184                                 {product} {command line}
   size_t MaxNewSize                               = 321912832                                 {product} {ergonomic}
   size_t MinHeapDeltaBytes                        = 1048576                                   {product} {ergonomic}
   size_t MinHeapSize                              = 268435456                                 {product} {command line}
    uintx NonNMethodCodeHeapSize                   = 5839372                                {pd product} {ergonomic}
    uintx NonProfiledCodeHeapSize                  = 122909434                              {pd product} {ergonomic}
    uintx ProfiledCodeHeapSize                     = 122909434                              {pd product} {ergonomic}
    uintx ReservedCodeCacheSize                    = 251658240                              {pd product} {ergonomic}
     bool SegmentedCodeCache                       = true                                      {product} {ergonomic}
   size_t SoftMaxHeapSize                          = 536870912                              {manageable} {ergonomic}
     bool UseCompressedOops                        = true                           {product lp64_product} {ergonomic}
     bool UseG1GC                                  = true                                      {product} {ergonomic}
     bool UseLargePagesIndividualAllocation        = false                                  {pd product} {ergonomic}

Logging:
Log output configuration:
 #0: stdout all=warning uptime,level,tags foldmultilines=false
 #1: stderr all=off uptime,level,tags foldmultilines=false

Release file:
JAVA_VERSION="21.0.12.1" 
MODULES="java.base java.compiler java.datatransfer java.xml java.prefs java.desktop java.instrument java.logging java.management java.security.sasl java.naming java.rmi java.management.rmi java.net.http java.scripting java.security.jgss java.transaction.xa java.sql java.sql.rowset java.xml.crypto java.se java.smartcardio jdk.accessibility jdk.internal.jvmstat jdk.attach jdk.charsets jdk.internal.opt jdk.zipfs jdk.compiler jdk.crypto.ec jdk.crypto.cryptoki jdk.crypto.mscapi jdk.dynalink jdk.internal.ed jdk.editpad jdk.hotspot.agent jdk.httpserver jdk.internal.le jdk.internal.vm.ci jdk.internal.vm.compiler jdk.internal.vm.compiler.management jdk.jartool jdk.javadoc jdk.jcmd jdk.management jdk.management.agent jdk.jconsole jdk.jdeps jdk.jdwp.agent jdk.jdi jdk.jfr jdk.jshell jdk.jsobject jdk.jstatd jdk.localedata jdk.management.jfr jdk.naming.dns jdk.naming.rmi jdk.net jdk.nio.mapmode jdk.random jdk.sctp jdk.security.auth jdk.security.jgss jdk.unsupported jdk.unsupported.desktop jdk.xml.dom" 

Environment Variables:
JAVA_HOME=C:\Users\Dawit.DAWITA\AppData\Local\Java\jdk-21.0.2+13
PATH=C:\Program Files (x86)\VMware\VMware Workstation\bin\;C:\Program Files (x86)\VMware\VMware Player\bin\;C:\Program Files\Common Files\Oracle\Java\javapath;C:\Program Files\Eclipse Adoptium\jdk-17.0.17.10-hotspot\bin;C:\Program Files\Eclipse Adoptium\jdk-21.0.9.10-hotspot\bin;C:\WINDOWS\system32;C:\WINDOWS;C:\WINDOWS\System32\Wbem;C:\WINDOWS\System32\WindowsPowerShell\v1.0\;C:\WINDOWS\System32\OpenSSH\;C:\Program Files\nodejs\;C:\Program Files\PyManager\;C:\Program Files\Git\cmd;C:\Program Files\WSL\;C:\Program Files\Docker\Docker\resources\bin;C:\Users\Dawit.DAWITA\AppData\Local\Java\jdk-21.0.2+13\bin;C:\Users\Dawit.DAWITA\AppData\Local\Microsoft\WindowsApps;C:\Users\Dawit.DAWITA\AppData\Local\Programs\Microsoft VS Code\bin;C:\Program Files\JetBrains\PyCharm Community Edition 2023.1.1\bin;;%USERPROFILE%\AppData\Local\Microsoft\WindowsApps
USERNAME=Dawit
OS=Windows_NT
PROCESSOR_IDENTIFIER=Intel64 Family 6 Model 142 Stepping 12, GenuineIntel
TMP=C:\Users\DAWIT~1.DAW\AppData\Local\Temp
TEMP=C:\Users\DAWIT~1.DAW\AppData\Local\Temp




Periodic native trim disabled

---------------  S Y S T E M  ---------------

OS:
 Windows 11 , 64 bit Build 26100 (10.0.26100.9549)
OS uptime: 0 days 5:28 hours
Hyper-V role detected

CPU: total 8 (initial active 8) (4 cores per cpu, 2 threads per core) family 6 model 142 stepping 12 microcode 0xfc, cx8, cmov, fxsr, ht, mmx, 3dnowpref, sse, sse2, sse3, ssse3, sse4.1, sse4.2, popcnt, lzcnt, tsc, tscinvbit, avx, avx2, aes, erms, clmul, bmi1, bmi2, adx, fma, vzeroupper, clflush, clflushopt, hv, rdtscp, f16c
Processor Information for the first 8 processors :
  Max Mhz: 1992, Current Mhz: 1792, Mhz Limit: 1792

Memory: 4k page, system-wide physical 32615M (173M free)
TotalPageFile size 130919M (AvailPageFile size 35M)
current process WorkingSet (physical memory assigned to process): 50M, peak: 230M
current process commit charge ("private bytes"): 416M, peak: 421M

vm_info: OpenJDK 64-Bit Server VM (21.0.12.1+1-LTS) for windows-amd64 JRE (21.0.12.1+1-LTS), built on 2026-08-18T00:00:00Z by "admin" with MS VC++ 17.12 (VS2022)

END.
