#
# There is insufficient memory for the Java Runtime Environment to continue.
# Native memory allocation (malloc) failed to allocate 365296 bytes. Error detail: Chunk::new
# Possible reasons:
#   The system is out of physical RAM or swap space
#   This process is running with CompressedOops enabled, and the Java Heap may be blocking the growth of the native heap
# Possible solutions:
#   Reduce memory load on the system
#   Increase physical memory or swap space
#   Check if swap backing store is full
#   Decrease Java heap size (-Xmx/-Xms)
#   Decrease number of Java threads
#   Decrease Java thread stack sizes (-Xss)
#   Set larger code cache with -XX:ReservedCodeCacheSize=
#   JVM is running with Unscaled Compressed Oops mode in which the Java heap is
#     placed in the first 4GB address space. The Java Heap base address is the
#     maximum limit for the native heap growth. Please use -XX:HeapBaseMinAddress
#     to set the Java Heap base and to place the Java Heap above 4GB virtual address.
# This output file may be truncated or incomplete.
#
#  Out of Memory Error (arena.cpp:168), pid=3632, tid=96444
#
# JRE version: OpenJDK Runtime Environment Temurin-21.0.12.1+1 (21.0.12.1+1) (build 21.0.12.1+1-LTS)
# Java VM: OpenJDK 64-Bit Server VM Temurin-21.0.12.1+1 (21.0.12.1+1-LTS, mixed mode, sharing, tiered, compressed oops, compressed class ptrs, g1 gc, windows-amd64)
# No core dump will be written. Minidumps are not enabled by default on client versions of Windows
#

---------------  S U M M A R Y ------------

Command Line: --add-opens=java.base/java.lang=ALL-UNNAMED --add-opens=java.base/java.lang.invoke=ALL-UNNAMED --add-opens=java.base/java.util=ALL-UNNAMED --add-opens=java.prefs/java.util.prefs=ALL-UNNAMED --add-exports=jdk.compiler/com.sun.tools.javac.api=ALL-UNNAMED --add-exports=jdk.compiler/com.sun.tools.javac.util=ALL-UNNAMED --add-opens=java.base/java.util=ALL-UNNAMED --add-opens=java.prefs/java.util.prefs=ALL-UNNAMED --add-opens=java.base/java.nio.charset=ALL-UNNAMED --add-opens=java.base/java.net=ALL-UNNAMED --add-opens=java.base/java.util.concurrent.atomic=ALL-UNNAMED --add-opens=java.xml/javax.xml.namespace=ALL-UNNAMED -Xmx1536m -Dfile.encoding=UTF-8 -Duser.country=US -Duser.language=en -Duser.variant -javaagent:C:\Users\Dawit.DAWITA\.gradle\wrapper\dists\gradle-8.11.1-all\2qik7nd48slq1ooc2496ixf4i\gradle-8.11.1\lib\agents\gradle-instrumentation-agent-8.11.1.jar org.gradle.launcher.daemon.bootstrap.GradleDaemon 8.11.1

Host: Intel(R) Core(TM) i7-8565U CPU @ 1.80GHz, 8 cores, 31G,  Windows 11 , 64 bit Build 26100 (10.0.26100.9549)
Time: Wed Oct  7 16:52:56 2026 E. Africa Standard Time elapsed time: 11391.623300 seconds (0d 3h 9m 51s)

---------------  T H R E A D  ---------------

Current thread (0x000001b89a6eb3d0):  JavaThread "C2 CompilerThread0" daemon [_thread_in_native, id=96444, stack(0x0000003d0b500000,0x0000003d0b600000) (1024K)]


Current CompileTask:
C2:11391624 4778       4       java.lang.management.DefaultPlatformMBeanProvider$6::nameToMBeanMap (85 bytes)

Stack: [0x0000003d0b500000,0x0000003d0b600000]
Native frames: (J=compiled Java code, j=interpreted, Vv=VM code, C=native code)
V  [jvm.dll+0x6d83e9]
V  [jvm.dll+0x8b5736]
V  [jvm.dll+0x8b7cee]
V  [jvm.dll+0x8b83d3]
V  [jvm.dll+0x284596]
V  [jvm.dll+0xc685d]
V  [jvm.dll+0xc6da1]
V  [jvm.dll+0x3bf151]
V  [jvm.dll+0x38b6d2]
V  [jvm.dll+0x38ab1a]
V  [jvm.dll+0x24c700]
V  [jvm.dll+0x24bce0]
V  [jvm.dll+0x1cb4ae]
V  [jvm.dll+0x25baad]
V  [jvm.dll+0x25a03a]
V  [jvm.dll+0x3f8aae]
V  [jvm.dll+0x8600cd]
V  [jvm.dll+0x6d6c1d]
C  [ucrtbase.dll+0x2cd30]
C  [KERNEL32.DLL+0x2cdf7]
C  [ntdll.dll+0x7ee4c]


---------------  P R O C E S S  ---------------

Threads class SMR info:
_java_thread_list=0x000001b8e1648f50, length=32, elements={
0x000001b88381f410, 0x000001b89a6e3810, 0x000001b89a6e4f90, 0x000001b89a6e8720,
0x000001b89a6e9180, 0x000001b89a6e9be0, 0x000001b89a6ea640, 0x000001b89a6eb3d0,
0x000001b89a6f25e0, 0x000001b89a8fbe40, 0x000001b89a94a670, 0x000001b8e158b0d0,
0x000001b8e063fdf0, 0x000001b8e153e230, 0x000001b8e0807960, 0x000001b8e222b030,
0x000001b8e066d340, 0x000001b8e095d8b0, 0x000001b8e095e5d0, 0x000001b8e095d220,
0x000001b8e095ec60, 0x000001b8e095df40, 0x000001b8e095f2f0, 0x000001b8e095f980,
0x000001b8e26e3ef0, 0x000001b8e26e5fc0, 0x000001b8e26e4c10, 0x000001b8e26e31d0,
0x000001b8e26e2b40, 0x000001b8e26e52a0, 0x000001b8e26e4580, 0x000001b8e26e3860
}

Java Threads: ( => current thread )
  0x000001b88381f410 JavaThread "main"                              [_thread_blocked, id=64044, stack(0x0000003d0a700000,0x0000003d0a800000) (1024K)]
  0x000001b89a6e3810 JavaThread "Reference Handler"          daemon [_thread_blocked, id=97160, stack(0x0000003d0af00000,0x0000003d0b000000) (1024K)]
  0x000001b89a6e4f90 JavaThread "Finalizer"                  daemon [_thread_blocked, id=95432, stack(0x0000003d0b000000,0x0000003d0b100000) (1024K)]
  0x000001b89a6e8720 JavaThread "Signal Dispatcher"          daemon [_thread_blocked, id=88496, stack(0x0000003d0b100000,0x0000003d0b200000) (1024K)]
  0x000001b89a6e9180 JavaThread "Attach Listener"            daemon [_thread_blocked, id=88960, stack(0x0000003d0b200000,0x0000003d0b300000) (1024K)]
  0x000001b89a6e9be0 JavaThread "Service Thread"             daemon [_thread_blocked, id=17084, stack(0x0000003d0b300000,0x0000003d0b400000) (1024K)]
  0x000001b89a6ea640 JavaThread "Monitor Deflation Thread"   daemon [_thread_blocked, id=93128, stack(0x0000003d0b400000,0x0000003d0b500000) (1024K)]
=>0x000001b89a6eb3d0 JavaThread "C2 CompilerThread0"         daemon [_thread_in_native, id=96444, stack(0x0000003d0b500000,0x0000003d0b600000) (1024K)]
  0x000001b89a6f25e0 JavaThread "C1 CompilerThread0"         daemon [_thread_blocked, id=85828, stack(0x0000003d0b600000,0x0000003d0b700000) (1024K)]
  0x000001b89a8fbe40 JavaThread "Common-Cleaner"             daemon [_thread_blocked, id=92940, stack(0x0000003d0b700000,0x0000003d0b800000) (1024K)]
  0x000001b89a94a670 JavaThread "Notification Thread"        daemon [_thread_blocked, id=88620, stack(0x0000003d0b800000,0x0000003d0b900000) (1024K)]
  0x000001b8e158b0d0 JavaThread "Daemon health stats"               [_thread_in_Java, id=92384, stack(0x0000003d0c000000,0x0000003d0c100000) (1024K)]
  0x000001b8e063fdf0 JavaThread "Incoming local TCP Connector on port 58657"        [_thread_in_native, id=97824, stack(0x0000003d0c100000,0x0000003d0c200000) (1024K)]
  0x000001b8e153e230 JavaThread "Daemon periodic checks"            [_thread_in_native, id=1272, stack(0x0000003d0a500000,0x0000003d0a600000) (1024K)]
  0x000001b8e0807960 JavaThread "Daemon"                            [_thread_blocked, id=39568, stack(0x0000003d0c400000,0x0000003d0c500000) (1024K)]
  0x000001b8e222b030 JavaThread "Handler for socket connection from /127.0.0.1:58657 to /127.0.0.1:58690"        [_thread_in_native, id=88228, stack(0x0000003d0c500000,0x0000003d0c600000) (1024K)]
  0x000001b8e066d340 JavaThread "Cancel handler"                    [_thread_blocked, id=1800, stack(0x0000003d0c600000,0x0000003d0c700000) (1024K)]
  0x000001b8e095d8b0 JavaThread "Daemon worker"                     [_thread_in_vm, id=44340, stack(0x0000003d0c800000,0x0000003d0c900000) (1024K)]
  0x000001b8e095e5d0 JavaThread "Asynchronous log dispatcher for DefaultDaemonConnection: socket connection from /127.0.0.1:58657 to /127.0.0.1:58690"        [_thread_blocked, id=82844, stack(0x0000003d0c900000,0x0000003d0ca00000) (1024K)]
  0x000001b8e095d220 JavaThread "Stdin handler"                     [_thread_blocked, id=7752, stack(0x0000003d0ca00000,0x0000003d0cb00000) (1024K)]
  0x000001b8e095ec60 JavaThread "Daemon client event forwarder"        [_thread_blocked, id=92916, stack(0x0000003d0cb00000,0x0000003d0cc00000) (1024K)]
  0x000001b8e095df40 JavaThread "Cache worker for journal cache (C:\Users\Dawit.DAWITA\.gradle\caches\journal-1)"        [_thread_blocked, id=95900, stack(0x0000003d0a600000,0x0000003d0a700000) (1024K)]
  0x000001b8e095f2f0 JavaThread "File lock request listener"        [_thread_in_native, id=93424, stack(0x0000003d0c200000,0x0000003d0c300000) (1024K)]
  0x000001b8e095f980 JavaThread "Cache worker for file hash cache (C:\Users\Dawit.DAWITA\.gradle\caches\8.11.1\fileHashes)"        [_thread_blocked, id=91316, stack(0x0000003d0cc00000,0x0000003d0cd00000) (1024K)]
  0x000001b8e26e3ef0 JavaThread "Cache worker for file content cache (C:\Users\Dawit.DAWITA\.gradle\caches\8.11.1\fileContent)"        [_thread_blocked, id=86944, stack(0x0000003d0ce00000,0x0000003d0cf00000) (1024K)]
  0x000001b8e26e5fc0 JavaThread "Cache worker for file hash cache (C:\Users\Dawit.DAWITA\Documents\AfroLife_Agency_improved\afrolife\android\.gradle\8.11.1\fileHashes)"        [_thread_blocked, id=94148, stack(0x0000003d0d100000,0x0000003d0d200000) (1024K)]
  0x000001b8e26e4c10 JavaThread "Cache worker for Build Output Cleanup Cache (C:\Users\Dawit.DAWITA\Documents\AfroLife_Agency_improved\afrolife\android\.gradle\buildOutputCleanup)"        [_thread_blocked, id=37768, stack(0x0000003d0d200000,0x0000003d0d300000) (1024K)]
  0x000001b8e26e31d0 JavaThread "File watcher server"        daemon [_thread_in_native, id=93248, stack(0x0000003d0d300000,0x0000003d0d400000) (1024K)]
  0x000001b8e26e2b40 JavaThread "File watcher consumer"      daemon [_thread_blocked, id=51856, stack(0x0000003d0cf00000,0x0000003d0d000000) (1024K)]
  0x000001b8e26e52a0 JavaThread "Cache worker for checksums cache (C:\Users\Dawit.DAWITA\Documents\AfroLife_Agency_improved\afrolife\android\.gradle\8.11.1\checksums)"        [_thread_blocked, id=17828, stack(0x0000003d0d400000,0x0000003d0d500000) (1024K)]
  0x000001b8e26e4580 JavaThread "Cache worker for cache directory md-rule (C:\Users\Dawit.DAWITA\.gradle\caches\8.11.1\md-rule)"        [_thread_blocked, id=91000, stack(0x0000003d0d500000,0x0000003d0d600000) (1024K)]
  0x000001b8e26e3860 JavaThread "Cache worker for cache directory md-supplier (C:\Users\Dawit.DAWITA\.gradle\caches\8.11.1\md-supplier)"        [_thread_blocked, id=92032, stack(0x0000003d0d600000,0x0000003d0d700000) (1024K)]
Total: 32

Other Threads:
  0x000001b89a6c9690 VMThread "VM Thread"                           [id=85684, stack(0x0000003d0ae00000,0x0000003d0af00000) (1024K)]
  0x000001b89a6bca00 WatcherThread "VM Periodic Task Thread"        [id=95780, stack(0x0000003d0ad00000,0x0000003d0ae00000) (1024K)]
  0x000001b883867d80 WorkerThread "GC Thread#0"                     [id=86668, stack(0x0000003d0a800000,0x0000003d0a900000) (1024K)]
  0x000001b8e0381150 WorkerThread "GC Thread#1"                     [id=95456, stack(0x0000003d0b900000,0x0000003d0ba00000) (1024K)]
  0x000001b8e02e12b0 WorkerThread "GC Thread#2"                     [id=24148, stack(0x0000003d0ba00000,0x0000003d0bb00000) (1024K)]
  0x000001b8e02e1660 WorkerThread "GC Thread#3"                     [id=3112, stack(0x0000003d0bb00000,0x0000003d0bc00000) (1024K)]
  0x000001b8e0323d20 WorkerThread "GC Thread#4"                     [id=2376, stack(0x0000003d0bc00000,0x0000003d0bd00000) (1024K)]
  0x000001b8e03240d0 WorkerThread "GC Thread#5"                     [id=86008, stack(0x0000003d0bd00000,0x0000003d0be00000) (1024K)]
  0x000001b8e05ad290 WorkerThread "GC Thread#6"                     [id=25160, stack(0x0000003d0be00000,0x0000003d0bf00000) (1024K)]
  0x000001b8e05ad640 WorkerThread "GC Thread#7"                     [id=91584, stack(0x0000003d0bf00000,0x0000003d0c000000) (1024K)]
  0x000001b883874c80 ConcurrentGCThread "G1 Main Marker"            [id=80236, stack(0x0000003d0a900000,0x0000003d0aa00000) (1024K)]
  0x000001b8838756a0 WorkerThread "G1 Conc#0"                       [id=78236, stack(0x0000003d0aa00000,0x0000003d0ab00000) (1024K)]
  0x000001b8e1ce38e0 WorkerThread "G1 Conc#1"                       [id=52904, stack(0x0000003d0d000000,0x0000003d0d100000) (1024K)]
  0x000001b8838dea00 ConcurrentGCThread "G1 Refine#0"               [id=57120, stack(0x0000003d0ab00000,0x0000003d0ac00000) (1024K)]
  0x000001b89a581430 ConcurrentGCThread "G1 Service"                [id=46352, stack(0x0000003d0ac00000,0x0000003d0ad00000) (1024K)]
Total: 15

Threads with active compile tasks:
C2 CompilerThread0  11391747 4778       4       java.lang.management.DefaultPlatformMBeanProvider$6::nameToMBeanMap (85 bytes)
Total: 1

VM state: not at safepoint (normal execution)

VM Mutex/Monitor currently owned by a thread: None

Heap address: 0x00000000a0000000, size: 1536 MB, Compressed Oops mode: 32-bit

CDS archive(s) mapped at: [0x000001b89b000000-0x000001b89bba0000-0x000001b89bba0000), size 12189696, SharedBaseAddress: 0x000001b89b000000, ArchiveRelocationMode: 1.
Compressed class space mapped at: 0x000001b89c000000-0x000001b8dc000000, reserved size: 1073741824
Narrow klass base: 0x000001b89b000000, Narrow klass shift: 0, Narrow klass range: 0x100000000

GC Precious Log:
 CardTable entry size: 512
 Card Set container configuration: InlinePtr #cards 5 size 8 Array Of Cards #cards 12 size 40 Howl #buckets 4 coarsen threshold 1843 Howl Bitmap #cards 512 size 80 coarsen threshold 460 Card regions per heap region 1 cards per card region 2048
 CPUs: 8 total, 8 available
 Memory: 32615M
 Large Page Support: Disabled
 NUMA Support: Disabled
 Compressed Oops: Enabled (32-bit)
 Heap Region Size: 1M
 Heap Min Capacity: 8M
 Heap Initial Capacity: 510M
 Heap Max Capacity: 1536M
 Pre-touch: Disabled
 Parallel Workers: 8
 Concurrent Workers: 2
 Concurrent Refinement Workers: 8
 Periodic GC: Disabled

Heap:
 garbage-first heap   total 100352K, used 31469K [0x00000000a0000000, 0x0000000100000000)
  region size 1024K, 9 young (9216K), 4 survivors (4096K)
 Metaspace       used 30338K, committed 31552K, reserved 1114112K
  class space    used 4591K, committed 5184K, reserved 1048576K

Heap Regions: E=young(eden), S=young(survivor), O=old, HS=humongous(starts), HC=humongous(continues), CS=collection set, F=free, TAMS=top-at-mark-start, PB=parsable bottom
|   0|0x00000000a0000000, 0x00000000a0100000, 0x00000000a0100000|100%| O|  |TAMS 0x00000000a0000000| PB 0x00000000a0000000| Untracked 
|   1|0x00000000a0100000, 0x00000000a0200000, 0x00000000a0200000|100%|HS|  |TAMS 0x00000000a0100000| PB 0x00000000a0100000| Complete 
|   2|0x00000000a0200000, 0x00000000a0300000, 0x00000000a0300000|100%|HC|  |TAMS 0x00000000a0200000| PB 0x00000000a0200000| Complete 
|   3|0x00000000a0300000, 0x00000000a0400000, 0x00000000a0400000|100%|HC|  |TAMS 0x00000000a0300000| PB 0x00000000a0300000| Complete 
|   4|0x00000000a0400000, 0x00000000a0500000, 0x00000000a0500000|100%| O|  |TAMS 0x00000000a0400000| PB 0x00000000a0400000| Untracked 
|   5|0x00000000a0500000, 0x00000000a0600000, 0x00000000a0600000|100%| O|  |TAMS 0x00000000a0500000| PB 0x00000000a0500000| Untracked 
|   6|0x00000000a0600000, 0x00000000a0700000, 0x00000000a0700000|100%| O|  |TAMS 0x00000000a0600000| PB 0x00000000a0600000| Untracked 
|   7|0x00000000a0700000, 0x00000000a0800000, 0x00000000a0800000|100%|HS|  |TAMS 0x00000000a0700000| PB 0x00000000a0700000| Complete 
|   8|0x00000000a0800000, 0x00000000a0900000, 0x00000000a0900000|100%| O|  |TAMS 0x00000000a0800000| PB 0x00000000a0800000| Untracked 
|   9|0x00000000a0900000, 0x00000000a0a00000, 0x00000000a0a00000|100%| O|  |TAMS 0x00000000a0900000| PB 0x00000000a0900000| Untracked 
|  10|0x00000000a0a00000, 0x00000000a0a00000, 0x00000000a0b00000|  0%| F|  |TAMS 0x00000000a0a00000| PB 0x00000000a0a00000| Untracked 
|  11|0x00000000a0b00000, 0x00000000a0c00000, 0x00000000a0c00000|100%| O|  |TAMS 0x00000000a0b00000| PB 0x00000000a0b00000| Untracked 
|  12|0x00000000a0c00000, 0x00000000a0d00000, 0x00000000a0d00000|100%| O|  |TAMS 0x00000000a0c00000| PB 0x00000000a0c00000| Untracked 
|  13|0x00000000a0d00000, 0x00000000a0e00000, 0x00000000a0e00000|100%| O|  |TAMS 0x00000000a0d00000| PB 0x00000000a0d00000| Untracked 
|  14|0x00000000a0e00000, 0x00000000a0f00000, 0x00000000a0f00000|100%| O|  |TAMS 0x00000000a0e00000| PB 0x00000000a0e00000| Untracked 
|  15|0x00000000a0f00000, 0x00000000a1000000, 0x00000000a1000000|100%| O|  |TAMS 0x00000000a0f00000| PB 0x00000000a0f00000| Untracked 
|  16|0x00000000a1000000, 0x00000000a10d4500, 0x00000000a1100000| 82%| O|  |TAMS 0x00000000a1000000| PB 0x00000000a1000000| Untracked 
|  17|0x00000000a1100000, 0x00000000a1100000, 0x00000000a1200000|  0%| F|  |TAMS 0x00000000a1100000| PB 0x00000000a1100000| Untracked 
|  18|0x00000000a1200000, 0x00000000a1200000, 0x00000000a1300000|  0%| F|  |TAMS 0x00000000a1200000| PB 0x00000000a1200000| Untracked 
|  19|0x00000000a1300000, 0x00000000a1300000, 0x00000000a1400000|  0%| F|  |TAMS 0x00000000a1300000| PB 0x00000000a1300000| Untracked 
|  20|0x00000000a1400000, 0x00000000a1400000, 0x00000000a1500000|  0%| F|  |TAMS 0x00000000a1400000| PB 0x00000000a1400000| Untracked 
|  21|0x00000000a1500000, 0x00000000a1500000, 0x00000000a1600000|  0%| F|  |TAMS 0x00000000a1500000| PB 0x00000000a1500000| Untracked 
|  22|0x00000000a1600000, 0x00000000a1600000, 0x00000000a1700000|  0%| F|  |TAMS 0x00000000a1600000| PB 0x00000000a1600000| Untracked 
|  23|0x00000000a1700000, 0x00000000a1700000, 0x00000000a1800000|  0%| F|  |TAMS 0x00000000a1700000| PB 0x00000000a1700000| Untracked 
|  24|0x00000000a1800000, 0x00000000a1800000, 0x00000000a1900000|  0%| F|  |TAMS 0x00000000a1800000| PB 0x00000000a1800000| Untracked 
|  25|0x00000000a1900000, 0x00000000a1900000, 0x00000000a1a00000|  0%| F|  |TAMS 0x00000000a1900000| PB 0x00000000a1900000| Untracked 
|  26|0x00000000a1a00000, 0x00000000a1a00000, 0x00000000a1b00000|  0%| F|  |TAMS 0x00000000a1a00000| PB 0x00000000a1a00000| Untracked 
|  27|0x00000000a1b00000, 0x00000000a1b00000, 0x00000000a1c00000|  0%| F|  |TAMS 0x00000000a1b00000| PB 0x00000000a1b00000| Untracked 
|  28|0x00000000a1c00000, 0x00000000a1c00000, 0x00000000a1d00000|  0%| F|  |TAMS 0x00000000a1c00000| PB 0x00000000a1c00000| Untracked 
|  29|0x00000000a1d00000, 0x00000000a1d00000, 0x00000000a1e00000|  0%| F|  |TAMS 0x00000000a1d00000| PB 0x00000000a1d00000| Untracked 
|  30|0x00000000a1e00000, 0x00000000a1e00000, 0x00000000a1f00000|  0%| F|  |TAMS 0x00000000a1e00000| PB 0x00000000a1e00000| Untracked 
|  31|0x00000000a1f00000, 0x00000000a1f00000, 0x00000000a2000000|  0%| F|  |TAMS 0x00000000a1f00000| PB 0x00000000a1f00000| Untracked 
|  32|0x00000000a2000000, 0x00000000a2000000, 0x00000000a2100000|  0%| F|  |TAMS 0x00000000a2000000| PB 0x00000000a2000000| Untracked 
|  33|0x00000000a2100000, 0x00000000a21e7240, 0x00000000a2200000| 90%| S|CS|TAMS 0x00000000a2100000| PB 0x00000000a2100000| Complete 
|  34|0x00000000a2200000, 0x00000000a2300000, 0x00000000a2300000|100%| S|CS|TAMS 0x00000000a2200000| PB 0x00000000a2200000| Complete 
|  35|0x00000000a2300000, 0x00000000a2400000, 0x00000000a2400000|100%| S|CS|TAMS 0x00000000a2300000| PB 0x00000000a2300000| Complete 
|  36|0x00000000a2400000, 0x00000000a2500000, 0x00000000a2500000|100%| S|CS|TAMS 0x00000000a2400000| PB 0x00000000a2400000| Complete 
|  37|0x00000000a2500000, 0x00000000a2500000, 0x00000000a2600000|  0%| F|  |TAMS 0x00000000a2500000| PB 0x00000000a2500000| Untracked 
|  38|0x00000000a2600000, 0x00000000a2600000, 0x00000000a2700000|  0%| F|  |TAMS 0x00000000a2600000| PB 0x00000000a2600000| Untracked 
|  39|0x00000000a2700000, 0x00000000a2700000, 0x00000000a2800000|  0%| F|  |TAMS 0x00000000a2700000| PB 0x00000000a2700000| Untracked 
|  40|0x00000000a2800000, 0x00000000a2800000, 0x00000000a2900000|  0%| F|  |TAMS 0x00000000a2800000| PB 0x00000000a2800000| Untracked 
|  41|0x00000000a2900000, 0x00000000a2900000, 0x00000000a2a00000|  0%| F|  |TAMS 0x00000000a2900000| PB 0x00000000a2900000| Untracked 
|  42|0x00000000a2a00000, 0x00000000a2a00000, 0x00000000a2b00000|  0%| F|  |TAMS 0x00000000a2a00000| PB 0x00000000a2a00000| Untracked 
|  43|0x00000000a2b00000, 0x00000000a2b00000, 0x00000000a2c00000|  0%| F|  |TAMS 0x00000000a2b00000| PB 0x00000000a2b00000| Untracked 
|  44|0x00000000a2c00000, 0x00000000a2c00000, 0x00000000a2d00000|  0%| F|  |TAMS 0x00000000a2c00000| PB 0x00000000a2c00000| Untracked 
|  45|0x00000000a2d00000, 0x00000000a2d00000, 0x00000000a2e00000|  0%| F|  |TAMS 0x00000000a2d00000| PB 0x00000000a2d00000| Untracked 
|  46|0x00000000a2e00000, 0x00000000a2e00000, 0x00000000a2f00000|  0%| F|  |TAMS 0x00000000a2e00000| PB 0x00000000a2e00000| Untracked 
|  47|0x00000000a2f00000, 0x00000000a2f00000, 0x00000000a3000000|  0%| F|  |TAMS 0x00000000a2f00000| PB 0x00000000a2f00000| Untracked 
|  48|0x00000000a3000000, 0x00000000a3000000, 0x00000000a3100000|  0%| F|  |TAMS 0x00000000a3000000| PB 0x00000000a3000000| Untracked 
|  49|0x00000000a3100000, 0x00000000a3100000, 0x00000000a3200000|  0%| F|  |TAMS 0x00000000a3100000| PB 0x00000000a3100000| Untracked 
|  50|0x00000000a3200000, 0x00000000a3200000, 0x00000000a3300000|  0%| F|  |TAMS 0x00000000a3200000| PB 0x00000000a3200000| Untracked 
|  51|0x00000000a3300000, 0x00000000a3300000, 0x00000000a3400000|  0%| F|  |TAMS 0x00000000a3300000| PB 0x00000000a3300000| Untracked 
|  52|0x00000000a3400000, 0x00000000a3400000, 0x00000000a3500000|  0%| F|  |TAMS 0x00000000a3400000| PB 0x00000000a3400000| Untracked 
|  53|0x00000000a3500000, 0x00000000a3500000, 0x00000000a3600000|  0%| F|  |TAMS 0x00000000a3500000| PB 0x00000000a3500000| Untracked 
|  54|0x00000000a3600000, 0x00000000a3600000, 0x00000000a3700000|  0%| F|  |TAMS 0x00000000a3600000| PB 0x00000000a3600000| Untracked 
|  55|0x00000000a3700000, 0x00000000a3700000, 0x00000000a3800000|  0%| F|  |TAMS 0x00000000a3700000| PB 0x00000000a3700000| Untracked 
|  56|0x00000000a3800000, 0x00000000a3800000, 0x00000000a3900000|  0%| F|  |TAMS 0x00000000a3800000| PB 0x00000000a3800000| Untracked 
|  57|0x00000000a3900000, 0x00000000a3900000, 0x00000000a3a00000|  0%| F|  |TAMS 0x00000000a3900000| PB 0x00000000a3900000| Untracked 
|  58|0x00000000a3a00000, 0x00000000a3a00000, 0x00000000a3b00000|  0%| F|  |TAMS 0x00000000a3a00000| PB 0x00000000a3a00000| Untracked 
|  59|0x00000000a3b00000, 0x00000000a3b00000, 0x00000000a3c00000|  0%| F|  |TAMS 0x00000000a3b00000| PB 0x00000000a3b00000| Untracked 
|  60|0x00000000a3c00000, 0x00000000a3c00000, 0x00000000a3d00000|  0%| F|  |TAMS 0x00000000a3c00000| PB 0x00000000a3c00000| Untracked 
|  61|0x00000000a3d00000, 0x00000000a3d00000, 0x00000000a3e00000|  0%| F|  |TAMS 0x00000000a3d00000| PB 0x00000000a3d00000| Untracked 
|  62|0x00000000a3e00000, 0x00000000a3e00000, 0x00000000a3f00000|  0%| F|  |TAMS 0x00000000a3e00000| PB 0x00000000a3e00000| Untracked 
|  63|0x00000000a3f00000, 0x00000000a3f00000, 0x00000000a4000000|  0%| F|  |TAMS 0x00000000a3f00000| PB 0x00000000a3f00000| Untracked 
|  64|0x00000000a4000000, 0x00000000a4000000, 0x00000000a4100000|  0%| F|  |TAMS 0x00000000a4000000| PB 0x00000000a4000000| Untracked 
|  65|0x00000000a4100000, 0x00000000a4100000, 0x00000000a4200000|  0%| F|  |TAMS 0x00000000a4100000| PB 0x00000000a4100000| Untracked 
|  66|0x00000000a4200000, 0x00000000a4200000, 0x00000000a4300000|  0%| F|  |TAMS 0x00000000a4200000| PB 0x00000000a4200000| Untracked 
|  67|0x00000000a4300000, 0x00000000a4300000, 0x00000000a4400000|  0%| F|  |TAMS 0x00000000a4300000| PB 0x00000000a4300000| Untracked 
|  68|0x00000000a4400000, 0x00000000a4400000, 0x00000000a4500000|  0%| F|  |TAMS 0x00000000a4400000| PB 0x00000000a4400000| Untracked 
|  69|0x00000000a4500000, 0x00000000a4500000, 0x00000000a4600000|  0%| F|  |TAMS 0x00000000a4500000| PB 0x00000000a4500000| Untracked 
|  70|0x00000000a4600000, 0x00000000a4600000, 0x00000000a4700000|  0%| F|  |TAMS 0x00000000a4600000| PB 0x00000000a4600000| Untracked 
|  71|0x00000000a4700000, 0x00000000a4700000, 0x00000000a4800000|  0%| F|  |TAMS 0x00000000a4700000| PB 0x00000000a4700000| Untracked 
| 382|0x00000000b7e00000, 0x00000000b7e00000, 0x00000000b7f00000|  0%| F|  |TAMS 0x00000000b7e00000| PB 0x00000000b7e00000| Untracked 
| 383|0x00000000b7f00000, 0x00000000b7f00000, 0x00000000b8000000|  0%| F|  |TAMS 0x00000000b7f00000| PB 0x00000000b7f00000| Untracked 
| 384|0x00000000b8000000, 0x00000000b8000000, 0x00000000b8100000|  0%| F|  |TAMS 0x00000000b8000000| PB 0x00000000b8000000| Untracked 
| 385|0x00000000b8100000, 0x00000000b8100000, 0x00000000b8200000|  0%| F|  |TAMS 0x00000000b8100000| PB 0x00000000b8100000| Untracked 
| 386|0x00000000b8200000, 0x00000000b8200000, 0x00000000b8300000|  0%| F|  |TAMS 0x00000000b8200000| PB 0x00000000b8200000| Untracked 
| 387|0x00000000b8300000, 0x00000000b8300000, 0x00000000b8400000|  0%| F|  |TAMS 0x00000000b8300000| PB 0x00000000b8300000| Untracked 
| 388|0x00000000b8400000, 0x00000000b8400000, 0x00000000b8500000|  0%| F|  |TAMS 0x00000000b8400000| PB 0x00000000b8400000| Untracked 
| 389|0x00000000b8500000, 0x00000000b8500000, 0x00000000b8600000|  0%| F|  |TAMS 0x00000000b8500000| PB 0x00000000b8500000| Untracked 
| 390|0x00000000b8600000, 0x00000000b8600000, 0x00000000b8700000|  0%| F|  |TAMS 0x00000000b8600000| PB 0x00000000b8600000| Untracked 
| 391|0x00000000b8700000, 0x00000000b8700000, 0x00000000b8800000|  0%| F|  |TAMS 0x00000000b8700000| PB 0x00000000b8700000| Untracked 
| 392|0x00000000b8800000, 0x00000000b8800000, 0x00000000b8900000|  0%| F|  |TAMS 0x00000000b8800000| PB 0x00000000b8800000| Untracked 
| 393|0x00000000b8900000, 0x00000000b8900000, 0x00000000b8a00000|  0%| F|  |TAMS 0x00000000b8900000| PB 0x00000000b8900000| Untracked 
| 394|0x00000000b8a00000, 0x00000000b8a00000, 0x00000000b8b00000|  0%| F|  |TAMS 0x00000000b8a00000| PB 0x00000000b8a00000| Untracked 
| 395|0x00000000b8b00000, 0x00000000b8b00000, 0x00000000b8c00000|  0%| F|  |TAMS 0x00000000b8b00000| PB 0x00000000b8b00000| Untracked 
| 505|0x00000000bf900000, 0x00000000bf976918, 0x00000000bfa00000| 46%| E|  |TAMS 0x00000000bf900000| PB 0x00000000bf900000| Complete 
| 506|0x00000000bfa00000, 0x00000000bfb00000, 0x00000000bfb00000|100%| E|CS|TAMS 0x00000000bfa00000| PB 0x00000000bfa00000| Complete 
| 507|0x00000000bfb00000, 0x00000000bfc00000, 0x00000000bfc00000|100%| E|CS|TAMS 0x00000000bfb00000| PB 0x00000000bfb00000| Complete 
| 508|0x00000000bfc00000, 0x00000000bfd00000, 0x00000000bfd00000|100%| E|CS|TAMS 0x00000000bfc00000| PB 0x00000000bfc00000| Complete 
| 509|0x00000000bfd00000, 0x00000000bfe00000, 0x00000000bfe00000|100%| E|CS|TAMS 0x00000000bfd00000| PB 0x00000000bfd00000| Complete 
|1529|0x00000000ff900000, 0x00000000ffa00000, 0x00000000ffa00000|100%| O|  |TAMS 0x00000000ff900000| PB 0x00000000ff900000| Untracked 
|1530|0x00000000ffa00000, 0x00000000ffb00000, 0x00000000ffb00000|100%| O|  |TAMS 0x00000000ffa00000| PB 0x00000000ffa00000| Untracked 
|1531|0x00000000ffb00000, 0x00000000ffc00000, 0x00000000ffc00000|100%| O|  |TAMS 0x00000000ffb00000| PB 0x00000000ffb00000| Untracked 
|1532|0x00000000ffc00000, 0x00000000ffd00000, 0x00000000ffd00000|100%| O|  |TAMS 0x00000000ffc00000| PB 0x00000000ffc00000| Untracked 
|1533|0x00000000ffd00000, 0x00000000ffe00000, 0x00000000ffe00000|100%| O|  |TAMS 0x00000000ffd00000| PB 0x00000000ffd00000| Untracked 
|1534|0x00000000ffe00000, 0x00000000fff00000, 0x00000000fff00000|100%| O|  |TAMS 0x00000000ffe00000| PB 0x00000000ffe00000| Untracked 
|1535|0x00000000fff00000, 0x0000000100000000, 0x0000000100000000|100%| O|  |TAMS 0x00000000fff00000| PB 0x00000000fff00000| Untracked 

Card table byte_map: [0x000001b896050000,0x000001b896350000] _byte_map_base: 0x000001b895b50000

Marking Bits: (CMBitMap*) 0x000001b8838683a0
 Bits: [0x000001b896350000, 0x000001b897b50000)

Polling page: 0x000001b881450000

Metaspace:

Usage:
  Non-class:     25.14 MB used.
      Class:      4.48 MB used.
       Both:     29.63 MB used.

Virtual space:
  Non-class space:       64.00 MB reserved,      25.75 MB ( 40%) committed,  1 nodes.
      Class space:        1.00 GB reserved,       5.06 MB ( <1%) committed,  1 nodes.
             Both:        1.06 GB reserved,      30.81 MB (  3%) committed. 

Chunk freelists:
   Non-Class:  5.97 MB
       Class:  10.76 MB
        Both:  16.73 MB

MaxMetaspaceSize: unlimited
CompressedClassSpaceSize: 1.00 GB
Initial GC threshold: 21.00 MB
Current GC threshold: 35.94 MB
CDS: on
 - commit_granule_bytes: 65536.
 - commit_granule_words: 8192.
 - virtual_space_node_default_size: 8388608.
 - enlarge_chunks_in_place: 1.
 - use_allocation_guard: 0.


Internal statistics:

num_allocs_failed_limit: 6.
num_arena_births: 2148.
num_arena_deaths: 0.
num_vsnodes_births: 2.
num_vsnodes_deaths: 0.
num_space_committed: 493.
num_space_uncommitted: 0.
num_chunks_returned_to_freelist: 6.
num_chunks_taken_from_freelist: 3629.
num_chunk_merges: 6.
num_chunk_splits: 2313.
num_chunks_enlarged: 1400.
num_inconsistent_stats: 0.

CodeHeap 'non-profiled nmethods': size=120000Kb used=3020Kb max_used=3020Kb free=116979Kb
 bounds [0x000001b88e4f0000, 0x000001b88e7f0000, 0x000001b895a20000]
CodeHeap 'profiled nmethods': size=120000Kb used=9534Kb max_used=9534Kb free=110465Kb
 bounds [0x000001b886a20000, 0x000001b887370000, 0x000001b88df50000]
CodeHeap 'non-nmethods': size=5760Kb used=1436Kb max_used=1511Kb free=4323Kb
 bounds [0x000001b88df50000, 0x000001b88e1c0000, 0x000001b88e4f0000]
CodeCache: size=245760Kb, used=13990Kb, max_used=14065Kb, free=231767Kb
 total_blobs=5365, nmethods=4774, adapters=496, full_count=0
Compilation: enabled, stopped_count=0, restarted_count=0

Compilation events (20 events):
Event: 2005.990 Thread 0x000001b89a6f25e0 nmethod 4768 0x000001b88736a210 code [0x000001b88736a480, 0x000001b88736af48]
Event: 2018.100 Thread 0x000001b89a6f25e0 4769       3       java.io.DataOutputStream::<init> (19 bytes)
Event: 2018.103 Thread 0x000001b89a6f25e0 nmethod 4769 0x000001b88736b390 code [0x000001b88736b560, 0x000001b88736ba18]
Event: 2032.752 Thread 0x000001b89a6f25e0 4770       3       java.io.DataOutputStream::flush (8 bytes)
Event: 2032.754 Thread 0x000001b89a6f25e0 nmethod 4770 0x000001b88736bb90 code [0x000001b88736bd40, 0x000001b88736bf18]
Event: 2055.824 Thread 0x000001b89a6f25e0 4771       3       org.gradle.launcher.daemon.registry.DaemonRegistryContent$Serializer::read (6 bytes)
Event: 2055.827 Thread 0x000001b89a6f25e0 nmethod 4771 0x000001b88736c010 code [0x000001b88736c1c0, 0x000001b88736c318]
Event: 2055.827 Thread 0x000001b89a6f25e0 4772       3       org.gradle.launcher.daemon.registry.DaemonRegistryContent$Serializer::read (43 bytes)
Event: 2055.830 Thread 0x000001b89a6f25e0 nmethod 4772 0x000001b88736c410 code [0x000001b88736c620, 0x000001b88736cb80]
Event: 2055.847 Thread 0x000001b89a6f25e0 4773       3       org.gradle.cache.internal.DefaultFileLockManager$DefaultFileLock::readFile (11 bytes)
Event: 2055.847 Thread 0x000001b89a6f25e0 nmethod 4773 0x000001b88736cd90 code [0x000001b88736cf40, 0x000001b88736d158]
Event: 2063.275 Thread 0x000001b89a6f25e0 4774   !   3       org.gradle.cache.internal.DefaultFileLockManager$AwaitableFileLockReleasedSignal::trigger (50 bytes)
Event: 2063.278 Thread 0x000001b89a6f25e0 nmethod 4774 0x000001b88736d290 code [0x000001b88736d540, 0x000001b88736e210]
Event: 2071.404 Thread 0x000001b89a6f25e0 4775   !   3       org.gradle.cache.internal.OnDemandFileAccess::readFile (51 bytes)
Event: 2071.407 Thread 0x000001b89a6f25e0 nmethod 4775 0x000001b88736e790 code [0x000001b88736e9c0, 0x000001b88736f090]
Event: 2072.038 Thread 0x000001b89a6f25e0 4776       3       org.gradle.cache.internal.FileBackedObjectHolder$$Lambda/0x000001b89c171e20::get (8 bytes)
Event: 2072.039 Thread 0x000001b89a6f25e0 nmethod 4776 0x000001b88736f490 code [0x000001b88736f640, 0x000001b88736f780]
Event: 11384.579 Thread 0x000001b89a6eb3d0 4777       4       java.util.stream.AbstractPipeline::<init> (91 bytes)
Event: 11384.607 Thread 0x000001b89a6eb3d0 nmethod 4777 0x000001b88e7e2a10 code [0x000001b88e7e2bc0, 0x000001b88e7e3060]
Event: 11386.622 Thread 0x000001b89a6eb3d0 4778       4       java.lang.management.DefaultPlatformMBeanProvider$6::nameToMBeanMap (85 bytes)

GC Heap History (18 events):
Event: 8.554 GC heap before
{Heap before GC invocations=0 (full 0):
 garbage-first heap   total 522240K, used 25600K [0x00000000a0000000, 0x0000000100000000)
  region size 1024K, 25 young (25600K), 0 survivors (0K)
 Metaspace       used 1103K, committed 1216K, reserved 1114112K
  class space    used 81K, committed 128K, reserved 1048576K
}
Event: 8.800 GC heap after
{Heap after GC invocations=1 (full 0):
 garbage-first heap   total 522240K, used 4432K [0x00000000a0000000, 0x0000000100000000)
  region size 1024K, 4 young (4096K), 4 survivors (4096K)
 Metaspace       used 1103K, committed 1216K, reserved 1114112K
  class space    used 81K, committed 128K, reserved 1048576K
}
Event: 26.581 GC heap before
{Heap before GC invocations=1 (full 0):
 garbage-first heap   total 522240K, used 41296K [0x00000000a0000000, 0x0000000100000000)
  region size 1024K, 38 young (38912K), 4 survivors (4096K)
 Metaspace       used 4373K, committed 4544K, reserved 1114112K
  class space    used 553K, committed 640K, reserved 1048576K
}
Event: 26.589 GC heap after
{Heap after GC invocations=2 (full 0):
 garbage-first heap   total 522240K, used 10698K [0x00000000a0000000, 0x0000000100000000)
  region size 1024K, 4 young (4096K), 4 survivors (4096K)
 Metaspace       used 4373K, committed 4544K, reserved 1114112K
  class space    used 553K, committed 640K, reserved 1048576K
}
Event: 35.111 GC heap before
{Heap before GC invocations=2 (full 0):
 garbage-first heap   total 522240K, used 59850K [0x00000000a0000000, 0x0000000100000000)
  region size 1024K, 50 young (51200K), 4 survivors (4096K)
 Metaspace       used 5607K, committed 5760K, reserved 1114112K
  class space    used 747K, committed 832K, reserved 1048576K
}
Event: 35.122 GC heap after
{Heap after GC invocations=3 (full 0):
 garbage-first heap   total 522240K, used 16545K [0x00000000a0000000, 0x0000000100000000)
  region size 1024K, 7 young (7168K), 7 survivors (7168K)
 Metaspace       used 5607K, committed 5760K, reserved 1114112K
  class space    used 747K, committed 832K, reserved 1048576K
}
Event: 345.623 GC heap before
{Heap before GC invocations=3 (full 0):
 garbage-first heap   total 522240K, used 125089K [0x00000000a0000000, 0x0000000100000000)
  region size 1024K, 114 young (116736K), 7 survivors (7168K)
 Metaspace       used 20841K, committed 21504K, reserved 1114112K
  class space    used 3029K, committed 3392K, reserved 1048576K
}
Event: 345.655 GC heap after
{Heap after GC invocations=4 (full 0):
 garbage-first heap   total 522240K, used 23713K [0x00000000a0000000, 0x0000000100000000)
  region size 1024K, 14 young (14336K), 14 survivors (14336K)
 Metaspace       used 20841K, committed 21504K, reserved 1114112K
  class space    used 3029K, committed 3392K, reserved 1048576K
}
Event: 352.200 GC heap before
{Heap before GC invocations=5 (full 0):
 garbage-first heap   total 81920K, used 80033K [0x00000000a0000000, 0x0000000100000000)
  region size 1024K, 70 young (71680K), 14 survivors (14336K)
 Metaspace       used 27672K, committed 28800K, reserved 1114112K
  class space    used 4186K, committed 4736K, reserved 1048576K
}
Event: 352.229 GC heap after
{Heap after GC invocations=6 (full 0):
 garbage-first heap   total 100352K, used 27412K [0x00000000a0000000, 0x0000000100000000)
  region size 1024K, 11 young (11264K), 11 survivors (11264K)
 Metaspace       used 27672K, committed 28800K, reserved 1114112K
  class space    used 4186K, committed 4736K, reserved 1048576K
}
Event: 656.180 GC heap before
{Heap before GC invocations=6 (full 0):
 garbage-first heap   total 100352K, used 75540K [0x00000000a0000000, 0x0000000100000000)
  region size 1024K, 58 young (59392K), 11 survivors (11264K)
 Metaspace       used 30176K, committed 31424K, reserved 1114112K
  class space    used 4591K, committed 5184K, reserved 1048576K
}
Event: 656.280 GC heap after
{Heap after GC invocations=7 (full 0):
 garbage-first heap   total 100352K, used 27473K [0x00000000a0000000, 0x0000000100000000)
  region size 1024K, 4 young (4096K), 4 survivors (4096K)
 Metaspace       used 30176K, committed 31424K, reserved 1114112K
  class space    used 4591K, committed 5184K, reserved 1048576K
}
Event: 1150.736 GC heap before
{Heap before GC invocations=7 (full 0):
 garbage-first heap   total 100352K, used 82769K [0x00000000a0000000, 0x0000000100000000)
  region size 1024K, 58 young (59392K), 4 survivors (4096K)
 Metaspace       used 30216K, committed 31488K, reserved 1114112K
  class space    used 4591K, committed 5184K, reserved 1048576K
}
Event: 1150.844 GC heap after
{Heap after GC invocations=8 (full 0):
 garbage-first heap   total 100352K, used 27447K [0x00000000a0000000, 0x0000000100000000)
  region size 1024K, 4 young (4096K), 4 survivors (4096K)
 Metaspace       used 30216K, committed 31488K, reserved 1114112K
  class space    used 4591K, committed 5184K, reserved 1048576K
}
Event: 1631.393 GC heap before
{Heap before GC invocations=8 (full 0):
 garbage-first heap   total 100352K, used 81719K [0x00000000a0000000, 0x0000000100000000)
  region size 1024K, 58 young (59392K), 4 survivors (4096K)
 Metaspace       used 30290K, committed 31488K, reserved 1114112K
  class space    used 4591K, committed 5184K, reserved 1048576K
}
Event: 1631.467 GC heap after
{Heap after GC invocations=9 (full 0):
 garbage-first heap   total 100352K, used 27165K [0x00000000a0000000, 0x0000000100000000)
  region size 1024K, 4 young (4096K), 4 survivors (4096K)
 Metaspace       used 30290K, committed 31488K, reserved 1114112K
  class space    used 4591K, committed 5184K, reserved 1048576K
}
Event: 11378.721 GC heap before
{Heap before GC invocations=9 (full 0):
 garbage-first heap   total 100352K, used 82461K [0x00000000a0000000, 0x0000000100000000)
  region size 1024K, 58 young (59392K), 4 survivors (4096K)
 Metaspace       used 30335K, committed 31552K, reserved 1114112K
  class space    used 4591K, committed 5184K, reserved 1048576K
}
Event: 11378.767 GC heap after
{Heap after GC invocations=10 (full 0):
 garbage-first heap   total 100352K, used 27373K [0x00000000a0000000, 0x0000000100000000)
  region size 1024K, 4 young (4096K), 4 survivors (4096K)
 Metaspace       used 30335K, committed 31552K, reserved 1114112K
  class space    used 4591K, committed 5184K, reserved 1048576K
}

Dll operation events (20 events):
Event: 1.432 Attempting to load shared library C:\Users\Dawit.DAWITA\.vscode\extensions\redhat.java-1.56.0-win32-x64\jre\21.0.12.1-win32-x86_64\bin\nio.dll
Event: 1.433 Loaded shared library C:\Users\Dawit.DAWITA\.vscode\extensions\redhat.java-1.56.0-win32-x64\jre\21.0.12.1-win32-x86_64\bin\nio.dll
Event: 1.441 Attempting to load shared library C:\Users\Dawit.DAWITA\.vscode\extensions\redhat.java-1.56.0-win32-x64\jre\21.0.12.1-win32-x86_64\bin\zip.dll
Event: 1.441 Loaded shared library C:\Users\Dawit.DAWITA\.vscode\extensions\redhat.java-1.56.0-win32-x64\jre\21.0.12.1-win32-x86_64\bin\zip.dll
Event: 3.417 Attempting to load shared library C:\Users\Dawit.DAWITA\.vscode\extensions\redhat.java-1.56.0-win32-x64\jre\21.0.12.1-win32-x86_64\bin\jimage.dll
Event: 3.417 Loaded shared library C:\Users\Dawit.DAWITA\.vscode\extensions\redhat.java-1.56.0-win32-x64\jre\21.0.12.1-win32-x86_64\bin\jimage.dll
Event: 19.428 Attempting to load shared library C:\Users\Dawit.DAWITA\.vscode\extensions\redhat.java-1.56.0-win32-x64\jre\21.0.12.1-win32-x86_64\bin\verify.dll
Event: 19.431 Loaded shared library C:\Users\Dawit.DAWITA\.vscode\extensions\redhat.java-1.56.0-win32-x64\jre\21.0.12.1-win32-x86_64\bin\verify.dll
Event: 21.516 Attempting to load shared library C:\Users\Dawit.DAWITA\.gradle\native\c067742578af261105cb4f569cf0c3c89f3d7b1fecec35dd04571415982c5e48\windows-amd64\native-platform.dll
Event: 21.522 Loaded shared library C:\Users\Dawit.DAWITA\.gradle\native\c067742578af261105cb4f569cf0c3c89f3d7b1fecec35dd04571415982c5e48\windows-amd64\native-platform.dll
Event: 21.647 Attempting to load shared library C:\Users\Dawit.DAWITA\.gradle\native\100fb08df4bc3b14c8652ba06237920a3bd2aa13389f12d3474272988ae205f9\windows-amd64\native-platform-file-events.dll
Event: 21.777 Loaded shared library C:\Users\Dawit.DAWITA\.gradle\native\100fb08df4bc3b14c8652ba06237920a3bd2aa13389f12d3474272988ae205f9\windows-amd64\native-platform-file-events.dll
Event: 35.428 Attempting to load shared library C:\Users\Dawit.DAWITA\.vscode\extensions\redhat.java-1.56.0-win32-x64\jre\21.0.12.1-win32-x86_64\bin\management.dll
Event: 35.430 Loaded shared library C:\Users\Dawit.DAWITA\.vscode\extensions\redhat.java-1.56.0-win32-x64\jre\21.0.12.1-win32-x86_64\bin\management.dll
Event: 35.450 Attempting to load shared library C:\Users\Dawit.DAWITA\.vscode\extensions\redhat.java-1.56.0-win32-x64\jre\21.0.12.1-win32-x86_64\bin\management_ext.dll
Event: 36.690 Loaded shared library C:\Users\Dawit.DAWITA\.vscode\extensions\redhat.java-1.56.0-win32-x64\jre\21.0.12.1-win32-x86_64\bin\management_ext.dll
Event: 45.770 Attempting to load shared library C:\Users\Dawit.DAWITA\.vscode\extensions\redhat.java-1.56.0-win32-x64\jre\21.0.12.1-win32-x86_64\bin\extnet.dll
Event: 45.789 Loaded shared library C:\Users\Dawit.DAWITA\.vscode\extensions\redhat.java-1.56.0-win32-x64\jre\21.0.12.1-win32-x86_64\bin\extnet.dll
Event: 286.146 Attempting to load shared library C:\Users\Dawit.DAWITA\.vscode\extensions\redhat.java-1.56.0-win32-x64\jre\21.0.12.1-win32-x86_64\bin\sunmscapi.dll
Event: 286.580 Loaded shared library C:\Users\Dawit.DAWITA\.vscode\extensions\redhat.java-1.56.0-win32-x64\jre\21.0.12.1-win32-x86_64\bin\sunmscapi.dll

Deoptimization events (20 events):
Event: 707.799 Thread 0x000001b8e158b0d0 Uncommon trap: trap_request=0xffffffd6 fr.pc=0x000001b88e796530 relative=0x0000000000000950
Event: 707.799 Thread 0x000001b8e158b0d0 Uncommon trap: reason=array_check action=maybe_recompile pc=0x000001b88e796530 method=java.util.ComparableTimSort.reverseRange([Ljava/lang/Object;II)V @ 27 c2
Event: 707.799 Thread 0x000001b8e158b0d0 DEOPT PACKING pc=0x000001b88e796530 sp=0x0000003d0c0fe670
Event: 707.800 Thread 0x000001b8e158b0d0 DEOPT UNPACKING pc=0x000001b88dfa4422 sp=0x0000003d0c0fe648 mode 2
Event: 707.800 Thread 0x000001b8e158b0d0 Uncommon trap: trap_request=0xffffffd6 fr.pc=0x000001b88e796530 relative=0x0000000000000950
Event: 707.800 Thread 0x000001b8e158b0d0 Uncommon trap: reason=array_check action=maybe_recompile pc=0x000001b88e796530 method=java.util.ComparableTimSort.reverseRange([Ljava/lang/Object;II)V @ 27 c2
Event: 707.800 Thread 0x000001b8e158b0d0 DEOPT PACKING pc=0x000001b88e796530 sp=0x0000003d0c0fe670
Event: 707.800 Thread 0x000001b8e158b0d0 DEOPT UNPACKING pc=0x000001b88dfa4422 sp=0x0000003d0c0fe648 mode 2
Event: 1545.915 Thread 0x000001b8e153e230 DEOPT PACKING pc=0x000001b8872cf710 sp=0x0000003d0a5fe750
Event: 1545.923 Thread 0x000001b8e153e230 DEOPT UNPACKING pc=0x000001b88dfa4bc2 sp=0x0000003d0a5fdbc8 mode 0
Event: 1615.759 Thread 0x000001b8e153e230 DEOPT PACKING pc=0x000001b8872d8c51 sp=0x0000003d0a5fe1b0
Event: 1615.762 Thread 0x000001b8e153e230 DEOPT UNPACKING pc=0x000001b88dfa4bc2 sp=0x0000003d0a5fd6a8 mode 0
Event: 1615.769 Thread 0x000001b8e153e230 DEOPT PACKING pc=0x000001b8872d753c sp=0x0000003d0a5fe3c0
Event: 1615.769 Thread 0x000001b8e153e230 DEOPT UNPACKING pc=0x000001b88dfa4bc2 sp=0x0000003d0a5fd920 mode 0
Event: 1635.773 Thread 0x000001b8e153e230 DEOPT PACKING pc=0x000001b8872daf48 sp=0x0000003d0a5fe550
Event: 1635.774 Thread 0x000001b8e153e230 DEOPT UNPACKING pc=0x000001b88dfa4bc2 sp=0x0000003d0a5fda10 mode 0
Event: 11383.646 Thread 0x000001b8e095d8b0 Uncommon trap: trap_request=0xffffffde fr.pc=0x000001b88e6b9eb4 relative=0x00000000000002f4
Event: 11383.647 Thread 0x000001b8e095d8b0 Uncommon trap: reason=class_check action=maybe_recompile pc=0x000001b88e6b9eb4 method=java.util.Collections$SetFromMap.remove(Ljava/lang/Object;)Z @ 5 c2
Event: 11383.647 Thread 0x000001b8e095d8b0 DEOPT PACKING pc=0x000001b88e6b9eb4 sp=0x0000003d0c8fb400
Event: 11383.648 Thread 0x000001b8e095d8b0 DEOPT UNPACKING pc=0x000001b88dfa4422 sp=0x0000003d0c8fb3d8 mode 2

Classes loaded (20 events):
Event: 353.316 Loading class java/nio/file/FileTreeWalker$DirectoryNode
Event: 353.316 Loading class java/nio/file/FileTreeWalker$DirectoryNode done
Event: 353.316 Loading class java/nio/file/FileTreeWalker$Event
Event: 353.317 Loading class java/nio/file/FileTreeWalker$Event done
Event: 353.384 Loading class java/nio/file/FileTreeWalker$EventType
Event: 353.384 Loading class java/nio/file/FileTreeWalker$EventType done
Event: 353.384 Loading class java/nio/file/Files$3
Event: 353.384 Loading class java/nio/file/Files$3 done
Event: 353.389 Loading class java/nio/file/FileVisitResult
Event: 353.389 Loading class java/nio/file/FileVisitResult done
Event: 353.481 Loading class java/nio/charset/CharacterCodingException
Event: 353.481 Loading class java/nio/charset/CharacterCodingException done
Event: 353.771 Loading class java/util/stream/IntStream
Event: 353.772 Loading class java/util/stream/IntStream done
Event: 353.772 Loading class java/util/stream/Streams$RangeIntSpliterator
Event: 353.772 Loading class java/util/stream/Streams$RangeIntSpliterator done
Event: 353.773 Loading class java/util/stream/IntPipeline$Head
Event: 353.773 Loading class java/util/stream/IntPipeline
Event: 353.774 Loading class java/util/stream/IntPipeline done
Event: 353.774 Loading class java/util/stream/IntPipeline$Head done

Classes unloaded (0 events):
No events

Classes redefined (0 events):
No events

Internal exceptions (20 events):
Event: 352.164 Thread 0x000001b8e095d8b0 Exception <a 'java/lang/NoSuchMethodError'{0x00000000a0844510}: 'java.lang.Object java.lang.invoke.DirectMethodHandle$Holder.newInvokeSpecial(java.lang.Object, java.lang.Object, java.lang.Object, java.lang.Object, java.lang.Object, java.lang.Object, java.lang.Object, java.lang.Object, java.lang.Object)'> (0x00000000a0844510) 
thrown [s\src\hotspot\share\interpreter\linkResolver.cpp, line 773]
Event: 352.189 Thread 0x000001b8e095d8b0 Exception <a 'java/lang/NoSuchMethodError'{0x00000000a08a8a40}: 'java.lang.Object java.lang.invoke.DirectMethodHandle$Holder.invokeStaticInit(java.lang.Object, java.lang.Object, java.lang.Object)'> (0x00000000a08a8a40) 
thrown [s\src\hotspot\share\interpreter\linkResolver.cpp, line 773]
Event: 352.315 Thread 0x000001b8e095d8b0 Exception <a 'java/lang/NoSuchMethodError'{0x00000000bfcb4ab8}: 'java.lang.Object java.lang.invoke.DirectMethodHandle$Holder.newInvokeSpecial(java.lang.Object, java.lang.Object, java.lang.Object, java.lang.Object, java.lang.Object, java.lang.Object, java.lang.Object, java.lang.Object, java.lang.Object, java.lang.Object, java.lang.Object, java.lang.Object)'> (0x00000000bfcb4ab8) 
thrown [s\src\hotspot\share\interpreter\linkResolver.cpp, line 773]
Event: 352.316 Thread 0x000001b8e095d8b0 Exception <a 'java/lang/NoSuchMethodError'{0x00000000bfcb9f18}: 'java.lang.Object java.lang.invoke.Invokers$Holder.linkToTargetMethod(java.lang.Object, java.lang.Object, java.lang.Object, java.lang.Object, java.lang.Object, java.lang.Object, java.lang.Object, java.lang.Object, java.lang.Object, java.lang.Object, java.lang.Object, java.lang.Object)'> (0x00000000bfcb9f18) 
thrown [s\src\hotspot\share\interpreter\linkResolver.cpp, line 773]
Event: 352.374 Thread 0x000001b8e095d8b0 Exception <a 'java/lang/NoSuchMethodError'{0x00000000bfb23458}: 'java.lang.Object java.lang.invoke.DirectMethodHandle$Holder.newInvokeSpecial(java.lang.Object, java.lang.Object, java.lang.Object, java.lang.Object, java.lang.Object, java.lang.Object, java.lang.Object, java.lang.Object, java.lang.Object, java.lang.Object, java.lang.Object, java.lang.Object, java.lang.Object, java.lang.Object, java.lang.Object)'> (0x00000000bfb23458) 
thrown [s\src\hotspot\share\interpreter\linkResolver.cpp, line 773]
Event: 352.375 Thread 0x000001b8e095d8b0 Exception <a 'java/lang/NoSuchMethodError'{0x00000000bfb29588}: 'java.lang.Object java.lang.invoke.DirectMethodHandle$Holder.invokeSpecial(java.lang.Object, java.lang.Object, java.lang.Object, java.lang.Object, java.lang.Object, java.lang.Object, java.lang.Object, java.lang.Object, java.lang.Object, java.lang.Object, java.lang.Object, java.lang.Object, java.lang.Object, java.lang.Object, java.lang.Object, java.lang.Object)'> (0x00000000bfb29588) 
thrown [s\src\hotspot\share\interpreter\linkResolver.cpp, li
Event: 352.376 Thread 0x000001b8e095d8b0 Exception <a 'java/lang/NoSuchMethodError'{0x00000000bfb2e808}: 'java.lang.Object java.lang.invoke.DelegatingMethodHandle$Holder.reinvoke_L(java.lang.Object, java.lang.Object, java.lang.Object, java.lang.Object, java.lang.Object, java.lang.Object, java.lang.Object, java.lang.Object, java.lang.Object, java.lang.Object, java.lang.Object, java.lang.Object, java.lang.Object, java.lang.Object, java.lang.Object)'> (0x00000000bfb2e808) 
thrown [s\src\hotspot\share\interpreter\linkResolver.cpp, line 773]
Event: 352.454 Thread 0x000001b8e095d8b0 Exception <a 'java/lang/NoSuchMethodError'{0x00000000bfacf528}: 'java.lang.Object java.lang.invoke.DelegatingMethodHandle$Holder.reinvoke_L(java.lang.Object, java.lang.Object, java.lang.Object, java.lang.Object, java.lang.Object, java.lang.Object, java.lang.Object, java.lang.Object, java.lang.Object, java.lang.Object, java.lang.Object, java.lang.Object, java.lang.Object, java.lang.Object, java.lang.Object, java.lang.Object, java.lang.Object, java.lang.Object, java.lang.Object, java.lang.Object, java.lang.O
Event: 352.485 Thread 0x000001b8e095d8b0 Exception <a 'java/lang/NoSuchMethodError'{0x00000000bf9ae408}: 'java.lang.Object java.lang.invoke.DirectMethodHandle$Holder.invokeStatic(java.lang.Object, java.lang.Object, java.lang.Object, java.lang.Object, java.lang.Object, java.lang.Object, java.lang.Object, java.lang.Object, java.lang.Object, java.lang.Object, java.lang.Object, java.lang.Object, java.lang.Object, java.lang.Object, java.lang.Object, java.lang.Object, java.lang.Object, java.lang.Object, java.lang.Object, java.lang.Object, java.lang.Obj
Event: 352.489 Thread 0x000001b8e095d8b0 Exception <a 'java/lang/NoSuchMethodError'{0x00000000bf9e3110}: 'java.lang.Object java.lang.invoke.DirectMethodHandle$Holder.invokeStatic(java.lang.Object, java.lang.Object, java.lang.Object, java.lang.Object, java.lang.Object, java.lang.Object, java.lang.Object, java.lang.Object, java.lang.Object, java.lang.Object, java.lang.Object, java.lang.Object, java.lang.Object, java.lang.Object, java.lang.Object, java.lang.Object, java.lang.Object, java.lang.Object, java.lang.Object, java.lang.Object, java.lang.Obj
Event: 352.495 Thread 0x000001b8e095d8b0 Exception <a 'java/lang/NoSuchMethodError'{0x00000000b8b1a668}: 'java.lang.Object java.lang.invoke.DirectMethodHandle$Holder.invokeStatic(java.lang.Object, java.lang.Object, java.lang.Object, java.lang.Object, java.lang.Object, java.lang.Object, java.lang.Object, java.lang.Object, java.lang.Object, java.lang.Object, java.lang.Object, java.lang.Object, java.lang.Object, java.lang.Object, java.lang.Object, java.lang.Object, java.lang.Object, java.lang.Object, java.lang.Object, java.lang.Object, java.lang.Obj
Event: 352.519 Thread 0x000001b8e095d8b0 Exception <a 'java/lang/NoSuchMethodError'{0x00000000b8ba9328}: 'java.lang.Object java.lang.invoke.DirectMethodHandle$Holder.newInvokeSpecial(java.lang.Object, java.lang.Object, java.lang.Object, java.lang.Object, java.lang.Object, java.lang.Object, java.lang.Object, java.lang.Object, java.lang.Object, java.lang.Object, java.lang.Object, java.lang.Object, java.lang.Object, java.lang.Object, java.lang.Object, java.lang.Object, java.lang.Object, java.lang.Object, java.lang.Object)'> (0x00000000b8ba9328) 
thr
Event: 352.520 Thread 0x000001b8e095d8b0 Exception <a 'java/lang/NoSuchMethodError'{0x00000000b8baff78}: 'java.lang.Object java.lang.invoke.DirectMethodHandle$Holder.invokeSpecial(java.lang.Object, java.lang.Object, java.lang.Object, java.lang.Object, java.lang.Object, java.lang.Object, java.lang.Object, java.lang.Object, java.lang.Object, java.lang.Object, java.lang.Object, java.lang.Object, java.lang.Object, java.lang.Object, java.lang.Object, java.lang.Object, java.lang.Object, java.lang.Object, java.lang.Object, java.lang.Object)'> (0x0000000
Event: 352.521 Thread 0x000001b8e095d8b0 Exception <a 'java/lang/NoSuchMethodError'{0x00000000b8bb5518}: 'java.lang.Object java.lang.invoke.DelegatingMethodHandle$Holder.reinvoke_L(java.lang.Object, java.lang.Object, java.lang.Object, java.lang.Object, java.lang.Object, java.lang.Object, java.lang.Object, java.lang.Object, java.lang.Object, java.lang.Object, java.lang.Object, java.lang.Object, java.lang.Object, java.lang.Object, java.lang.Object, java.lang.Object, java.lang.Object, java.lang.Object, java.lang.Object)'> (0x00000000b8bb5518) 
throw
Event: 353.040 Thread 0x000001b8e095d8b0 Exception <a 'java/lang/IncompatibleClassChangeError'{0x00000000b85de0a8}: Found class java.lang.Object, but interface was expected> (0x00000000b85de0a8) 
thrown [s\src\hotspot\share\interpreter\linkResolver.cpp, line 840]
Event: 353.253 Thread 0x000001b8e095d8b0 Exception <a 'java/lang/NoSuchMethodError'{0x00000000b8316238}: 'java.lang.Object java.lang.invoke.DirectMethodHandle$Holder.newInvokeSpecial(java.lang.Object, java.lang.Object, long)'> (0x00000000b8316238) 
thrown [s\src\hotspot\share\interpreter\linkResolver.cpp, line 773]
Event: 353.253 Thread 0x000001b8e095d8b0 Exception <a 'java/lang/NoSuchMethodError'{0x00000000b831a570}: 'java.lang.Object java.lang.invoke.Invokers$Holder.linkToTargetMethod(java.lang.Object, long, java.lang.Object)'> (0x00000000b831a570) 
thrown [s\src\hotspot\share\interpreter\linkResolver.cpp, line 773]
Event: 353.398 Thread 0x000001b8e095df40 Implicit null exception at 0x000001b88e711161 to 0x000001b88e7117e0
Event: 353.689 Thread 0x000001b8e095d8b0 Exception <a 'java/lang/NoSuchMethodError'{0x00000000b8121198}: 'int java.lang.invoke.DirectMethodHandle$Holder.invokeInterface(java.lang.Object, java.lang.Object)'> (0x00000000b8121198) 
thrown [s\src\hotspot\share\interpreter\linkResolver.cpp, line 773]
Event: 353.767 Thread 0x000001b8e095d8b0 Exception <a 'java/lang/NoSuchMethodError'{0x00000000b818e098}: 'java.lang.Object java.lang.invoke.DirectMethodHandle$Holder.invokeVirtual(java.lang.Object, java.lang.Object, int)'> (0x00000000b818e098) 
thrown [s\src\hotspot\share\interpreter\linkResolver.cpp, line 773]

ZGC Phase Switch (0 events):
No events

VM Operations (20 events):
Event: 2016.665 Executing safepoint VM operation: Cleanup
Event: 2016.667 Executing safepoint VM operation: Cleanup done
Event: 2056.171 Executing safepoint VM operation: Cleanup
Event: 2056.171 Executing safepoint VM operation: Cleanup done
Event: 2067.293 Executing safepoint VM operation: Cleanup
Event: 2067.293 Executing safepoint VM operation: Cleanup done
Event: 2076.371 Executing safepoint VM operation: Cleanup
Event: 2076.371 Executing safepoint VM operation: Cleanup done
Event: 2079.383 Executing safepoint VM operation: Cleanup
Event: 2079.383 Executing safepoint VM operation: Cleanup done
Event: 11373.508 Executing safepoint VM operation: Cleanup
Event: 11378.488 Executing safepoint VM operation: Cleanup done
Event: 11378.493 Executing safepoint VM operation: G1CollectForAllocation (G1 Evacuation Pause)
Event: 11378.767 Executing safepoint VM operation: G1CollectForAllocation (G1 Evacuation Pause) done
Event: 11383.905 Executing safepoint VM operation: Cleanup
Event: 11384.570 Executing safepoint VM operation: Cleanup done
Event: 11385.600 Executing safepoint VM operation: Cleanup
Event: 11386.620 Executing safepoint VM operation: Cleanup done
Event: 11387.629 Executing safepoint VM operation: Cleanup
Event: 11391.528 Executing safepoint VM operation: Cleanup done

Memory protections (0 events):
No events

Nmethod flushes (0 events):
No events

Events (20 events):
Event: 329.121 Thread 0x000001b8e095d8b0 Thread added: 0x000001b8e095ec60
Event: 336.190 Thread 0x000001b8e095d8b0 Thread added: 0x000001b8e095df40
Event: 336.667 Thread 0x000001b8e095d8b0 Thread added: 0x000001b8e095f2f0
Event: 337.135 Thread 0x000001b8e095d8b0 Thread added: 0x000001b8e095f980
Event: 340.633 Thread 0x000001b8e095f2f0 Thread added: 0x000001b8e095cb90
Event: 344.582 Thread 0x000001b8e095d8b0 Thread added: 0x000001b8e26e3ef0
Event: 345.412 Thread 0x000001b89a6f25e0 Thread added: 0x000001b8e2557430
Event: 345.966 Thread 0x000001b8e095d8b0 Thread added: 0x000001b8e26e5fc0
Event: 346.041 Thread 0x000001b8e095d8b0 Thread added: 0x000001b8e26e4c10
Event: 347.050 Thread 0x000001b8e2557430 Thread exited: 0x000001b8e2557430
Event: 347.307 Thread 0x000001b89a6f25e0 Thread added: 0x000001b8e24fb890
Event: 347.454 Thread 0x000001b8e095d8b0 Thread added: 0x000001b8e26e31d0
Event: 348.001 Thread 0x000001b8e24fb890 Thread exited: 0x000001b8e24fb890
Event: 348.003 Thread 0x000001b8e095d8b0 Thread added: 0x000001b8e26e2b40
Event: 349.956 Thread 0x000001b8e095d8b0 Thread added: 0x000001b8e26e52a0
Event: 351.015 Thread 0x000001b89a6eb3d0 Thread added: 0x000001b8e2249ae0
Event: 351.422 Thread 0x000001b8e2249ae0 Thread exited: 0x000001b8e2249ae0
Event: 351.428 Thread 0x000001b8e095d8b0 Thread added: 0x000001b8e26e4580
Event: 352.329 Thread 0x000001b8e095d8b0 Thread added: 0x000001b8e26e3860
Event: 439.892 Thread 0x000001b8e095cb90 Thread exited: 0x000001b8e095cb90


Dynamic libraries:
0x00007ff78b490000 - 0x00007ff78b49e000 	C:\Users\Dawit.DAWITA\.vscode\extensions\redhat.java-1.56.0-win32-x64\jre\21.0.12.1-win32-x86_64\bin\java.exe
0x00007ffaf8ac0000 - 0x00007ffaf8d27000 	C:\WINDOWS\SYSTEM32\ntdll.dll
0x00007ffaf6c70000 - 0x00007ffaf6d3b000 	C:\WINDOWS\System32\KERNEL32.DLL
0x00007ffaf5e10000 - 0x00007ffaf6211000 	C:\WINDOWS\System32\KERNELBASE.dll
0x00007ffaf6680000 - 0x00007ffaf67cc000 	C:\WINDOWS\System32\ucrtbase.dll
0x00007ffa513b0000 - 0x00007ffa513c8000 	C:\Users\Dawit.DAWITA\.vscode\extensions\redhat.java-1.56.0-win32-x64\jre\21.0.12.1-win32-x86_64\bin\jli.dll
0x00007ffaf8050000 - 0x00007ffaf8227000 	C:\WINDOWS\System32\USER32.dll
0x00007ffaf62e0000 - 0x00007ffaf6307000 	C:\WINDOWS\System32\win32u.dll
0x00007ffaf74f0000 - 0x00007ffaf751b000 	C:\WINDOWS\System32\GDI32.dll
0x00007ffaf6550000 - 0x00007ffaf6678000 	C:\WINDOWS\System32\gdi32full.dll
0x00007ffaf6310000 - 0x00007ffaf63b3000 	C:\WINDOWS\System32\msvcp_win.dll
0x00007ffa51390000 - 0x00007ffa513ae000 	C:\Users\Dawit.DAWITA\.vscode\extensions\redhat.java-1.56.0-win32-x64\jre\21.0.12.1-win32-x86_64\bin\VCRUNTIME140.dll
0x00007ffada7a0000 - 0x00007ffadaa30000 	C:\WINDOWS\WinSxS\amd64_microsoft.windows.common-controls_6595b64144ccf1df_6.0.26100.9549_none_3e0a0396e3330090\COMCTL32.dll
0x00007ffaf6b70000 - 0x00007ffaf6c19000 	C:\WINDOWS\System32\msvcrt.dll
0x00007ffaf7d50000 - 0x00007ffaf7d81000 	C:\WINDOWS\System32\IMM32.DLL
0x00007ffabfdc0000 - 0x00007ffabfdcc000 	C:\Users\Dawit.DAWITA\.vscode\extensions\redhat.java-1.56.0-win32-x64\jre\21.0.12.1-win32-x86_64\bin\vcruntime140_1.dll
0x00007ffa51300000 - 0x00007ffa5138d000 	C:\Users\Dawit.DAWITA\.vscode\extensions\redhat.java-1.56.0-win32-x64\jre\21.0.12.1-win32-x86_64\bin\msvcp140.dll
0x00007ffa50490000 - 0x00007ffa51232000 	C:\Users\Dawit.DAWITA\.vscode\extensions\redhat.java-1.56.0-win32-x64\jre\21.0.12.1-win32-x86_64\bin\server\jvm.dll
0x00007ffaf8950000 - 0x00007ffaf8a0b000 	C:\WINDOWS\System32\ADVAPI32.dll
0x00007ffaf8230000 - 0x00007ffaf82d8000 	C:\WINDOWS\System32\sechost.dll
0x00007ffaf7f30000 - 0x00007ffaf8048000 	C:\WINDOWS\System32\RPCRT4.dll
0x00007ffaf8710000 - 0x00007ffaf8791000 	C:\WINDOWS\System32\WS2_32.dll
0x00007ffaf5b10000 - 0x00007ffaf5b6e000 	C:\WINDOWS\SYSTEM32\POWRPROF.dll
0x00007ffadc210000 - 0x00007ffadc247000 	C:\WINDOWS\SYSTEM32\WINMM.dll
0x00007ffae7c80000 - 0x00007ffae7c8b000 	C:\WINDOWS\SYSTEM32\VERSION.dll
0x00007ffaf5af0000 - 0x00007ffaf5b05000 	C:\WINDOWS\SYSTEM32\UMPDC.dll
0x00007ffaf4960000 - 0x00007ffaf497b000 	C:\WINDOWS\SYSTEM32\kernel.appcore.dll
0x00007ffaba930000 - 0x00007ffaba93a000 	C:\Users\Dawit.DAWITA\.vscode\extensions\redhat.java-1.56.0-win32-x64\jre\21.0.12.1-win32-x86_64\bin\jimage.dll
0x00007ffaf29d0000 - 0x00007ffaf2c1c000 	C:\WINDOWS\SYSTEM32\DBGHELP.DLL
0x00007ffaf67e0000 - 0x00007ffaf6b6a000 	C:\WINDOWS\System32\combase.dll
0x00007ffaf8450000 - 0x00007ffaf8529000 	C:\WINDOWS\System32\OLEAUT32.dll
0x00007ffad6b70000 - 0x00007ffad6bab000 	C:\WINDOWS\SYSTEM32\dbgcore.DLL
0x00007ffaf6220000 - 0x00007ffaf62cc000 	C:\WINDOWS\System32\bcryptPrimitives.dll
0x00007ffae81f0000 - 0x00007ffae81ff000 	C:\Users\Dawit.DAWITA\.vscode\extensions\redhat.java-1.56.0-win32-x64\jre\21.0.12.1-win32-x86_64\bin\instrument.dll
0x00007ffa50470000 - 0x00007ffa50490000 	C:\Users\Dawit.DAWITA\.vscode\extensions\redhat.java-1.56.0-win32-x64\jre\21.0.12.1-win32-x86_64\bin\java.dll
0x00007ffaf6d40000 - 0x00007ffaf74dc000 	C:\WINDOWS\System32\SHELL32.dll
0x00007ffaf3740000 - 0x00007ffaf3fed000 	C:\WINDOWS\SYSTEM32\windows.storage.dll
0x00007ffaf87a0000 - 0x00007ffaf8899000 	C:\WINDOWS\System32\SHCORE.dll
0x00007ffaf8a10000 - 0x00007ffaf8a76000 	C:\WINDOWS\System32\shlwapi.dll
0x00007ffaf5bd0000 - 0x00007ffaf5bf9000 	C:\WINDOWS\SYSTEM32\profapi.dll
0x00007ffa503f0000 - 0x00007ffa50408000 	C:\Users\Dawit.DAWITA\.vscode\extensions\redhat.java-1.56.0-win32-x64\jre\21.0.12.1-win32-x86_64\bin\zip.dll
0x00007ffaae710000 - 0x00007ffaae720000 	C:\Users\Dawit.DAWITA\.vscode\extensions\redhat.java-1.56.0-win32-x64\jre\21.0.12.1-win32-x86_64\bin\net.dll
0x00007ffae7750000 - 0x00007ffae787a000 	C:\WINDOWS\SYSTEM32\WINHTTP.dll
0x00007ffaf4f20000 - 0x00007ffaf4f8c000 	C:\WINDOWS\system32\mswsock.dll
0x00007ffa51860000 - 0x00007ffa51876000 	C:\Users\Dawit.DAWITA\.vscode\extensions\redhat.java-1.56.0-win32-x64\jre\21.0.12.1-win32-x86_64\bin\nio.dll
0x00007ffae81e0000 - 0x00007ffae81f0000 	C:\Users\Dawit.DAWITA\.vscode\extensions\redhat.java-1.56.0-win32-x64\jre\21.0.12.1-win32-x86_64\bin\verify.dll
0x00007ffa520f0000 - 0x00007ffa52117000 	C:\Users\Dawit.DAWITA\.gradle\native\c067742578af261105cb4f569cf0c3c89f3d7b1fecec35dd04571415982c5e48\windows-amd64\native-platform.dll
0x00007ffa71ca0000 - 0x00007ffa71de4000 	C:\Users\Dawit.DAWITA\.gradle\native\100fb08df4bc3b14c8652ba06237920a3bd2aa13389f12d3474272988ae205f9\windows-amd64\native-platform-file-events.dll
0x00007ffad7980000 - 0x00007ffad798a000 	C:\Users\Dawit.DAWITA\.vscode\extensions\redhat.java-1.56.0-win32-x64\jre\21.0.12.1-win32-x86_64\bin\management.dll
0x00007ffad7970000 - 0x00007ffad797c000 	C:\Users\Dawit.DAWITA\.vscode\extensions\redhat.java-1.56.0-win32-x64\jre\21.0.12.1-win32-x86_64\bin\management_ext.dll
0x00007ffaf88c0000 - 0x00007ffaf88c8000 	C:\WINDOWS\System32\PSAPI.DLL
0x00007ffaf5210000 - 0x00007ffaf522b000 	C:\WINDOWS\SYSTEM32\CRYPTSP.dll
0x00007ffaf48c0000 - 0x00007ffaf48f9000 	C:\WINDOWS\system32\rsaenh.dll
0x00007ffaf4fd0000 - 0x00007ffaf5004000 	C:\WINDOWS\SYSTEM32\USERENV.dll
0x00007ffaf5ba0000 - 0x00007ffaf5bca000 	C:\WINDOWS\SYSTEM32\bcrypt.dll
0x00007ffaf5230000 - 0x00007ffaf523c000 	C:\WINDOWS\SYSTEM32\CRYPTBASE.dll
0x00007ffaf43e0000 - 0x00007ffaf4413000 	C:\WINDOWS\SYSTEM32\IPHLPAPI.DLL
0x00007ffaf88b0000 - 0x00007ffaf88ba000 	C:\WINDOWS\System32\NSI.dll
0x00007ffa7d790000 - 0x00007ffa7d799000 	C:\Users\Dawit.DAWITA\.vscode\extensions\redhat.java-1.56.0-win32-x64\jre\21.0.12.1-win32-x86_64\bin\extnet.dll
0x00007ffa84180000 - 0x00007ffa8418e000 	C:\Users\Dawit.DAWITA\.vscode\extensions\redhat.java-1.56.0-win32-x64\jre\21.0.12.1-win32-x86_64\bin\sunmscapi.dll
0x00007ffaf63c0000 - 0x00007ffaf653f000 	C:\WINDOWS\System32\CRYPT32.dll
0x00007ffaf5470000 - 0x00007ffaf54a0000 	C:\WINDOWS\SYSTEM32\ncrypt.dll
0x00007ffaf5420000 - 0x00007ffaf545f000 	C:\WINDOWS\SYSTEM32\NTASN1.dll
0x00007ffac5700000 - 0x00007ffac5708000 	C:\WINDOWS\system32\wshunix.dll

JVMTI agents:
C:\Users\Dawit.DAWITA\.gradle\wrapper\dists\gradle-8.11.1-all\2qik7nd48slq1ooc2496ixf4i\gradle-8.11.1\lib\agents\gradle-instrumentation-agent-8.11.1.jar path:C:\Users\Dawit.DAWITA\.vscode\extensions\redhat.java-1.56.0-win32-x64\jre\21.0.12.1-win32-x86_64\bin\instrument.dll, loaded, initialized, instrumentlib options:none

dbghelp: loaded successfully - version: 4.0.5 - missing functions: none
symbol engine: initialized successfully - sym options: 0x614 - pdb path: .;C:\Users\Dawit.DAWITA\.vscode\extensions\redhat.java-1.56.0-win32-x64\jre\21.0.12.1-win32-x86_64\bin;C:\WINDOWS\SYSTEM32;C:\WINDOWS\WinSxS\amd64_microsoft.windows.common-controls_6595b64144ccf1df_6.0.26100.9549_none_3e0a0396e3330090;C:\Users\Dawit.DAWITA\.vscode\extensions\redhat.java-1.56.0-win32-x64\jre\21.0.12.1-win32-x86_64\bin\server;C:\Users\Dawit.DAWITA\.gradle\native\c067742578af261105cb4f569cf0c3c89f3d7b1fecec35dd04571415982c5e48\windows-amd64;C:\Users\Dawit.DAWITA\.gradle\native\100fb08df4bc3b14c8652ba06237920a3bd2aa13389f12d3474272988ae205f9\windows-amd64

VM Arguments:
jvm_args: --add-opens=java.base/java.lang=ALL-UNNAMED --add-opens=java.base/java.lang.invoke=ALL-UNNAMED --add-opens=java.base/java.util=ALL-UNNAMED --add-opens=java.prefs/java.util.prefs=ALL-UNNAMED --add-exports=jdk.compiler/com.sun.tools.javac.api=ALL-UNNAMED --add-exports=jdk.compiler/com.sun.tools.javac.util=ALL-UNNAMED --add-opens=java.base/java.util=ALL-UNNAMED --add-opens=java.prefs/java.util.prefs=ALL-UNNAMED --add-opens=java.base/java.nio.charset=ALL-UNNAMED --add-opens=java.base/java.net=ALL-UNNAMED --add-opens=java.base/java.util.concurrent.atomic=ALL-UNNAMED --add-opens=java.xml/javax.xml.namespace=ALL-UNNAMED -Xmx1536m -Dfile.encoding=UTF-8 -Duser.country=US -Duser.language=en -Duser.variant -javaagent:C:\Users\Dawit.DAWITA\.gradle\wrapper\dists\gradle-8.11.1-all\2qik7nd48slq1ooc2496ixf4i\gradle-8.11.1\lib\agents\gradle-instrumentation-agent-8.11.1.jar 
java_command: org.gradle.launcher.daemon.bootstrap.GradleDaemon 8.11.1
java_class_path (initial): C:\Users\Dawit.DAWITA\.gradle\wrapper\dists\gradle-8.11.1-all\2qik7nd48slq1ooc2496ixf4i\gradle-8.11.1\lib\gradle-daemon-main-8.11.1.jar
Launcher Type: SUN_STANDARD

[Global flags]
     intx CICompilerCount                          = 4                                         {product} {ergonomic}
     uint ConcGCThreads                            = 2                                         {product} {ergonomic}
     uint G1ConcRefinementThreads                  = 8                                         {product} {ergonomic}
   size_t G1HeapRegionSize                         = 1048576                                   {product} {ergonomic}
    uintx GCDrainStackTargetSize                   = 64                                        {product} {ergonomic}
   size_t InitialHeapSize                          = 534773760                                 {product} {ergonomic}
   size_t MarkStackSize                            = 4194304                                   {product} {ergonomic}
   size_t MaxHeapSize                              = 1610612736                                {product} {command line}
   size_t MaxNewSize                               = 965738496                                 {product} {ergonomic}
   size_t MinHeapDeltaBytes                        = 1048576                                   {product} {ergonomic}
   size_t MinHeapSize                              = 8388608                                   {product} {ergonomic}
    uintx NonNMethodCodeHeapSize                   = 5839372                                {pd product} {ergonomic}
    uintx NonProfiledCodeHeapSize                  = 122909434                              {pd product} {ergonomic}
    uintx ProfiledCodeHeapSize                     = 122909434                              {pd product} {ergonomic}
    uintx ReservedCodeCacheSize                    = 251658240                              {pd product} {ergonomic}
     bool SegmentedCodeCache                       = true                                      {product} {ergonomic}
   size_t SoftMaxHeapSize                          = 1610612736                             {manageable} {ergonomic}
     bool UseCompressedOops                        = true                           {product lp64_product} {ergonomic}
     bool UseG1GC                                  = true                                      {product} {ergonomic}
     bool UseLargePagesIndividualAllocation        = false                                  {pd product} {ergonomic}

Logging:
Log output configuration:
 #0: stdout all=warning uptime,level,tags foldmultilines=false
 #1: stderr all=off uptime,level,tags foldmultilines=false

Release file:
JAVA_VERSION="21.0.12.1" 
MODULES="java.base java.compiler java.datatransfer java.xml java.prefs java.desktop java.instrument java.logging java.management java.security.sasl java.naming java.rmi java.management.rmi java.net.http java.scripting java.security.jgss java.transaction.xa java.sql java.sql.rowset java.xml.crypto java.se java.smartcardio jdk.accessibility jdk.internal.jvmstat jdk.attach jdk.charsets jdk.internal.opt jdk.zipfs jdk.compiler jdk.crypto.ec jdk.crypto.cryptoki jdk.crypto.mscapi jdk.dynalink jdk.internal.ed jdk.editpad jdk.hotspot.agent jdk.httpserver jdk.internal.le jdk.internal.vm.ci jdk.internal.vm.compiler jdk.internal.vm.compiler.management jdk.jartool jdk.javadoc jdk.jcmd jdk.management jdk.management.agent jdk.jconsole jdk.jdeps jdk.jdwp.agent jdk.jdi jdk.jfr jdk.jshell jdk.jsobject jdk.jstatd jdk.localedata jdk.management.jfr jdk.naming.dns jdk.naming.rmi jdk.net jdk.nio.mapmode jdk.random jdk.sctp jdk.security.auth jdk.security.jgss jdk.unsupported jdk.unsupported.desktop jdk.xml.dom" 

Environment Variables:
JAVA_HOME=C:\Users\Dawit.DAWITA\AppData\Local\Java\jdk-21.0.2+13
PATH=C:\Program Files (x86)\VMware\VMware Workstation\bin\;C:\Program Files (x86)\VMware\VMware Player\bin\;C:\Program Files\Common Files\Oracle\Java\javapath;C:\Program Files\Eclipse Adoptium\jdk-17.0.17.10-hotspot\bin;C:\Program Files\Eclipse Adoptium\jdk-21.0.9.10-hotspot\bin;C:\WINDOWS\system32;C:\WINDOWS;C:\WINDOWS\System32\Wbem;C:\WINDOWS\System32\WindowsPowerShell\v1.0\;C:\WINDOWS\System32\OpenSSH\;C:\Program Files\nodejs\;C:\Program Files\PyManager\;C:\Program Files\Git\cmd;C:\Program Files\WSL\;C:\Program Files\Docker\Docker\resources\bin;C:\Users\Dawit.DAWITA\AppData\Local\Java\jdk-21.0.2+13\bin;C:\Users\Dawit.DAWITA\AppData\Local\Microsoft\WindowsApps;C:\Users\Dawit.DAWITA\AppData\Local\Programs\Microsoft VS Code\bin;C:\Program Files\JetBrains\PyCharm Community Edition 2023.1.1\bin;;%USERPROFILE%\AppData\Local\Microsoft\WindowsApps
USERNAME=Dawit
OS=Windows_NT
PROCESSOR_IDENTIFIER=Intel64 Family 6 Model 142 Stepping 12, GenuineIntel
TMP=C:\Users\DAWIT~1.DAW\AppData\Local\Temp
TEMP=C:\Users\DAWIT~1.DAW\AppData\Local\Temp




Periodic native trim disabled

---------------  S Y S T E M  ---------------

OS:
 Windows 11 , 64 bit Build 26100 (10.0.26100.9549)
OS uptime: 0 days 5:28 hours
Hyper-V role detected

CPU: total 8 (initial active 8) (4 cores per cpu, 2 threads per core) family 6 model 142 stepping 12 microcode 0xfc, cx8, cmov, fxsr, ht, mmx, 3dnowpref, sse, sse2, sse3, ssse3, sse4.1, sse4.2, popcnt, lzcnt, tsc, tscinvbit, avx, avx2, aes, erms, clmul, bmi1, bmi2, adx, fma, vzeroupper, clflush, clflushopt, hv, rdtscp, f16c
Processor Information for the first 8 processors :
  Max Mhz: 1992, Current Mhz: 1792, Mhz Limit: 1792

Memory: 4k page, system-wide physical 32615M (330M free)
TotalPageFile size 130919M (AvailPageFile size 0M)
current process WorkingSet (physical memory assigned to process): 60M, peak: 239M
current process commit charge ("private bytes"): 259M, peak: 695M

vm_info: OpenJDK 64-Bit Server VM (21.0.12.1+1-LTS) for windows-amd64 JRE (21.0.12.1+1-LTS), built on 2026-08-18T00:00:00Z by "admin" with MS VC++ 17.12 (VS2022)

END.
