#
# There is insufficient memory for the Java Runtime Environment to continue.
# Native memory allocation (malloc) failed to allocate 253296 bytes. Error detail: Chunk::new
# Possible reasons:
#   The system is out of physical RAM or swap space
#   This process is running with CompressedOops enabled, and the Java Heap may be blocking the growth of the native heap
# Possible solutions:
#   Reduce memory load on the system
#   Increase physical memory or swap space
#   Check if swap backing store is full
#   Decrease Java heap size (-Xmx/-Xms)
#   Decrease number of Java threads
#   Decrease Java thread stack sizes (-Xss)
#   Set larger code cache with -XX:ReservedCodeCacheSize=
#   JVM is running with Unscaled Compressed Oops mode in which the Java heap is
#     placed in the first 4GB address space. The Java Heap base address is the
#     maximum limit for the native heap growth. Please use -XX:HeapBaseMinAddress
#     to set the Java Heap base and to place the Java Heap above 4GB virtual address.
# This output file may be truncated or incomplete.
#
#  Out of Memory Error (arena.cpp:168), pid=64436, tid=75464
#
# JRE version: OpenJDK Runtime Environment Temurin-21.0.12.1+1 (21.0.12.1+1) (build 21.0.12.1+1-LTS)
# Java VM: OpenJDK 64-Bit Server VM Temurin-21.0.12.1+1 (21.0.12.1+1-LTS, mixed mode, sharing, tiered, compressed oops, compressed class ptrs, g1 gc, windows-amd64)
# No core dump will be written. Minidumps are not enabled by default on client versions of Windows
#

---------------  S U M M A R Y ------------

Command Line: --add-opens=java.base/java.util=ALL-UNNAMED --add-opens=java.base/java.lang=ALL-UNNAMED --add-opens=java.base/java.lang.invoke=ALL-UNNAMED --add-opens=java.prefs/java.util.prefs=ALL-UNNAMED --add-exports=jdk.compiler/com.sun.tools.javac.api=ALL-UNNAMED --add-exports=jdk.compiler/com.sun.tools.javac.util=ALL-UNNAMED --add-opens=java.base/java.nio.charset=ALL-UNNAMED --add-opens=java.base/java.net=ALL-UNNAMED --add-opens=java.base/java.util.concurrent.atomic=ALL-UNNAMED -XX:MaxMetaspaceSize=384m -XX:+HeapDumpOnOutOfMemoryError -Xms256m -Xmx512m -Dfile.encoding=utf8 -Duser.country=US -Duser.language=en -Duser.variant -javaagent:C:\Users\Dawit.DAWITA\.gradle\wrapper\dists\gradle-8.9-bin\90cnw93cvbtalezasaz0blq0a\gradle-8.9\lib\agents\gradle-instrumentation-agent-8.9.jar org.gradle.launcher.daemon.bootstrap.GradleDaemon 8.9

Host: Intel(R) Core(TM) i7-8565U CPU @ 1.80GHz, 8 cores, 31G,  Windows 11 , 64 bit Build 26100 (10.0.26100.9549)
Time: Wed Oct  7 16:52:46 2026 E. Africa Standard Time elapsed time: 14201.742828 seconds (0d 3h 56m 41s)

---------------  T H R E A D  ---------------

Current thread (0x000002bb235dc890):  JavaThread "C2 CompilerThread0" daemon [_thread_in_native, id=75464, stack(0x000000d94eb00000,0x000000d94ec00000) (1024K)]


Current CompileTask:
C2:14201743 4999       4       java.util.concurrent.ScheduledThreadPoolExecutor$ScheduledFutureTask::run (57 bytes)

Stack: [0x000000d94eb00000,0x000000d94ec00000]
Native frames: (J=compiled Java code, j=interpreted, Vv=VM code, C=native code)
V  [jvm.dll+0x6d83e9]
V  [jvm.dll+0x8b5736]
V  [jvm.dll+0x8b7cee]
V  [jvm.dll+0x8b83d3]
V  [jvm.dll+0x284596]
V  [jvm.dll+0xc685d]
V  [jvm.dll+0xc6da1]
V  [jvm.dll+0x2fb5ae]
V  [jvm.dll+0x5fee94]
V  [jvm.dll+0x255d67]
V  [jvm.dll+0x24e3bf]
V  [jvm.dll+0x24bbe6]
V  [jvm.dll+0x1cb4ae]
V  [jvm.dll+0x25baad]
V  [jvm.dll+0x25a03a]
V  [jvm.dll+0x3f8aae]
V  [jvm.dll+0x8600cd]
V  [jvm.dll+0x6d6c1d]
C  [ucrtbase.dll+0x2cd30]
C  [KERNEL32.DLL+0x2cdf7]
C  [ntdll.dll+0x7ee4c]


---------------  P R O C E S S  ---------------

Threads class SMR info:
_java_thread_list=0x000002bb3f34b340, length=35, elements={
0x000002bb0b968e10, 0x000002bb235d3310, 0x000002bb235d4a90, 0x000002bb235d9be0,
0x000002bb235da640, 0x000002bb235db0a0, 0x000002bb235dbb00, 0x000002bb235dc890,
0x000002bb23650050, 0x000002bb23816320, 0x000002bb238725d0, 0x000002bb3e294900,
0x000002bb3e4ac710, 0x000002bb3e0f8de0, 0x000002bb3e747de0, 0x000002bb3e0faf10,
0x000002bb3e658030, 0x000002bb3e3cee10, 0x000002bb3d7fdf70, 0x000002bb3e74b290,
0x000002bb3e749850, 0x000002bb3e7484a0, 0x000002bb3e74ac00, 0x000002bb3e74b920,
0x000002bb3e74a570, 0x000002bb3e748b30, 0x000002bb3f624ce0, 0x000002bb3f626090,
0x000002bb3f624650, 0x000002bb3f622c10, 0x000002bb3f626720, 0x000002bb3f625370,
0x000002bb3f626db0, 0x000002bb3f6232a0, 0x000002bb3f623930
}

Java Threads: ( => current thread )
  0x000002bb0b968e10 JavaThread "main"                              [_thread_blocked, id=33904, stack(0x000000d94dc00000,0x000000d94dd00000) (1024K)]
  0x000002bb235d3310 JavaThread "Reference Handler"          daemon [_thread_blocked, id=9200, stack(0x000000d94e500000,0x000000d94e600000) (1024K)]
  0x000002bb235d4a90 JavaThread "Finalizer"                  daemon [_thread_blocked, id=29600, stack(0x000000d94e600000,0x000000d94e700000) (1024K)]
  0x000002bb235d9be0 JavaThread "Signal Dispatcher"          daemon [_thread_blocked, id=76080, stack(0x000000d94e700000,0x000000d94e800000) (1024K)]
  0x000002bb235da640 JavaThread "Attach Listener"            daemon [_thread_blocked, id=70588, stack(0x000000d94e800000,0x000000d94e900000) (1024K)]
  0x000002bb235db0a0 JavaThread "Service Thread"             daemon [_thread_blocked, id=12388, stack(0x000000d94e900000,0x000000d94ea00000) (1024K)]
  0x000002bb235dbb00 JavaThread "Monitor Deflation Thread"   daemon [_thread_blocked, id=65164, stack(0x000000d94ea00000,0x000000d94eb00000) (1024K)]
=>0x000002bb235dc890 JavaThread "C2 CompilerThread0"         daemon [_thread_in_native, id=75464, stack(0x000000d94eb00000,0x000000d94ec00000) (1024K)]
  0x000002bb23650050 JavaThread "C1 CompilerThread0"         daemon [_thread_blocked, id=74792, stack(0x000000d94ec00000,0x000000d94ed00000) (1024K)]
  0x000002bb23816320 JavaThread "Common-Cleaner"             daemon [_thread_blocked, id=77804, stack(0x000000d94ed00000,0x000000d94ee00000) (1024K)]
  0x000002bb238725d0 JavaThread "Notification Thread"        daemon [_thread_blocked, id=57168, stack(0x000000d94ee00000,0x000000d94ef00000) (1024K)]
  0x000002bb3e294900 JavaThread "Daemon health stats"               [_thread_in_vm, id=78588, stack(0x000000d94dd00000,0x000000d94de00000) (1024K)]
  0x000002bb3e4ac710 JavaThread "Incoming local TCP Connector on port 57397"        [_thread_in_native, id=79692, stack(0x000000d94f600000,0x000000d94f700000) (1024K)]
  0x000002bb3e0f8de0 JavaThread "Daemon periodic checks"            [_thread_blocked, id=76708, stack(0x000000d94f800000,0x000000d94f900000) (1024K)]
  0x000002bb3e747de0 JavaThread "Daemon"                            [_thread_blocked, id=70916, stack(0x000000d94f900000,0x000000d94fa00000) (1024K)]
  0x000002bb3e0faf10 JavaThread "Handler for socket connection from /127.0.0.1:57397 to /127.0.0.1:55624"        [_thread_in_native, id=72096, stack(0x000000d94fa00000,0x000000d94fb00000) (1024K)]
  0x000002bb3e658030 JavaThread "Cancel handler"                    [_thread_blocked, id=78332, stack(0x000000d94fb00000,0x000000d94fc00000) (1024K)]
  0x000002bb3e3cee10 JavaThread "Daemon worker"                     [_thread_in_vm, id=68208, stack(0x000000d94fc00000,0x000000d94fd00000) (1024K)]
  0x000002bb3d7fdf70 JavaThread "Asynchronous log dispatcher for DefaultDaemonConnection: socket connection from /127.0.0.1:57397 to /127.0.0.1:55624"        [_thread_blocked, id=73968, stack(0x000000d94fd00000,0x000000d94fe00000) (1024K)]
  0x000002bb3e74b290 JavaThread "Stdin handler"                     [_thread_blocked, id=1492, stack(0x000000d94fe00000,0x000000d94ff00000) (1024K)]
  0x000002bb3e749850 JavaThread "Daemon client event forwarder"        [_thread_blocked, id=78092, stack(0x000000d94ff00000,0x000000d950000000) (1024K)]
  0x000002bb3e7484a0 JavaThread "Cache worker for journal cache (C:\Users\Dawit.DAWITA\.gradle\caches\journal-1)"        [_thread_blocked, id=77356, stack(0x000000d950000000,0x000000d950100000) (1024K)]
  0x000002bb3e74ac00 JavaThread "File lock request listener"        [_thread_in_native, id=46864, stack(0x000000d950100000,0x000000d950200000) (1024K)]
  0x000002bb3e74b920 JavaThread "Cache worker for file hash cache (C:\Users\Dawit.DAWITA\.gradle\caches\8.9\fileHashes)"        [_thread_blocked, id=79688, stack(0x000000d950300000,0x000000d950400000) (1024K)]
  0x000002bb3e74a570 JavaThread "Cache worker for file hash cache (C:\Users\Dawit.DAWITA\Documents\AfroLife_Agency_improved\afrolife\node_modules\@capacitor\android\capacitor\.gradle\8.9\fileHashes)"        [_thread_blocked, id=76892, stack(0x000000d94f700000,0x000000d94f800000) (1024K)]
  0x000002bb3e748b30 JavaThread "Cache worker for Build Output Cleanup Cache (C:\Users\Dawit.DAWITA\Documents\AfroLife_Agency_improved\afrolife\node_modules\@capacitor\android\capacitor\.gradle\buildOutputCleanup)"        [_thread_blocked, id=79640, stack(0x000000d950400000,0x000000d950500000) (1024K)]
  0x000002bb3f624ce0 JavaThread "File watcher server"        daemon [_thread_in_native, id=62688, stack(0x000000d950500000,0x000000d950600000) (1024K)]
  0x000002bb3f626090 JavaThread "File watcher consumer"      daemon [_thread_blocked, id=14052, stack(0x000000d950600000,0x000000d950700000) (1024K)]
  0x000002bb3f624650 JavaThread "Cache worker for checksums cache (C:\Users\Dawit.DAWITA\Documents\AfroLife_Agency_improved\afrolife\node_modules\@capacitor\android\capacitor\.gradle\8.9\checksums)"        [_thread_blocked, id=30292, stack(0x000000d950700000,0x000000d950800000) (1024K)]
  0x000002bb3f622c10 JavaThread "Cache worker for file content cache (C:\Users\Dawit.DAWITA\.gradle\caches\8.9\fileContent)"        [_thread_blocked, id=78676, stack(0x000000d950800000,0x000000d950900000) (1024K)]
  0x000002bb3f626720 JavaThread "Cache worker for cache directory md-rule (C:\Users\Dawit.DAWITA\.gradle\caches\8.9\md-rule)"        [_thread_blocked, id=36040, stack(0x000000d950900000,0x000000d950a00000) (1024K)]
  0x000002bb3f625370 JavaThread "Cache worker for cache directory md-supplier (C:\Users\Dawit.DAWITA\.gradle\caches\8.9\md-supplier)"        [_thread_blocked, id=29008, stack(0x000000d950a00000,0x000000d950b00000) (1024K)]
  0x000002bb3f626db0 JavaThread "jar transforms"                    [_thread_blocked, id=16816, stack(0x000000d950b00000,0x000000d950c00000) (1024K)]
  0x000002bb3f6232a0 JavaThread "File lock release action executor Thread 3"        [_thread_blocked, id=3556, stack(0x000000d950200000,0x000000d950300000) (1024K)]
  0x000002bb3f623930 JavaThread "jar transforms Thread 2"           [_thread_blocked, id=43684, stack(0x000000d950c00000,0x000000d950d00000) (1024K)]
Total: 35

Other Threads:
  0x000002bb235b4990 VMThread "VM Thread"                           [id=14112, stack(0x000000d94e400000,0x000000d94e500000) (1024K)]
  0x000002bb235a72b0 WatcherThread "VM Periodic Task Thread"        [id=77372, stack(0x000000d94e300000,0x000000d94e400000) (1024K)]
  0x000002bb0bc69080 WorkerThread "GC Thread#0"                     [id=55392, stack(0x000000d94de00000,0x000000d94df00000) (1024K)]
  0x000002bb3d3cc2f0 WorkerThread "GC Thread#1"                     [id=62504, stack(0x000000d94ef00000,0x000000d94f000000) (1024K)]
  0x000002bb3d3cbb90 WorkerThread "GC Thread#2"                     [id=62224, stack(0x000000d94f000000,0x000000d94f100000) (1024K)]
  0x000002bb3d3cbf40 WorkerThread "GC Thread#3"                     [id=62876, stack(0x000000d94f100000,0x000000d94f200000) (1024K)]
  0x000002bb3d3cd1b0 WorkerThread "GC Thread#4"                     [id=64612, stack(0x000000d94f200000,0x000000d94f300000) (1024K)]
  0x000002bb3d3cc6a0 WorkerThread "GC Thread#5"                     [id=45720, stack(0x000000d94f300000,0x000000d94f400000) (1024K)]
  0x000002bb3d7183f0 WorkerThread "GC Thread#6"                     [id=78628, stack(0x000000d94f400000,0x000000d94f500000) (1024K)]
  0x000002bb3d718b50 WorkerThread "GC Thread#7"                     [id=78652, stack(0x000000d94f500000,0x000000d94f600000) (1024K)]
  0x000002bb0bc6ee00 ConcurrentGCThread "G1 Main Marker"            [id=76028, stack(0x000000d94df00000,0x000000d94e000000) (1024K)]
  0x000002bb0bc70830 WorkerThread "G1 Conc#0"                       [id=76876, stack(0x000000d94e000000,0x000000d94e100000) (1024K)]
  0x000002bb3d719a10 WorkerThread "G1 Conc#1"                       [id=63344, stack(0x000000d94db00000,0x000000d94dc00000) (1024K)]
  0x000002bb234731d0 ConcurrentGCThread "G1 Refine#0"               [id=66912, stack(0x000000d94e100000,0x000000d94e200000) (1024K)]
  0x000002bb23473a00 ConcurrentGCThread "G1 Service"                [id=77160, stack(0x000000d94e200000,0x000000d94e300000) (1024K)]
Total: 15

Threads with active compile tasks:
C2 CompilerThread0  14201884 4999       4       java.util.concurrent.ScheduledThreadPoolExecutor$ScheduledFutureTask::run (57 bytes)
Total: 1

VM state: not at safepoint (normal execution)

VM Mutex/Monitor currently owned by a thread: None

Heap address: 0x00000000e0000000, size: 512 MB, Compressed Oops mode: 32-bit

CDS archive(s) mapped at: [0x000002bb24000000-0x000002bb24ba0000-0x000002bb24ba0000), size 12189696, SharedBaseAddress: 0x000002bb24000000, ArchiveRelocationMode: 1.
Compressed class space mapped at: 0x000002bb25000000-0x000002bb39000000, reserved size: 335544320
Narrow klass base: 0x000002bb24000000, Narrow klass shift: 0, Narrow klass range: 0x100000000

GC Precious Log:
 CardTable entry size: 512
 Card Set container configuration: InlinePtr #cards 5 size 8 Array Of Cards #cards 12 size 40 Howl #buckets 4 coarsen threshold 1843 Howl Bitmap #cards 512 size 80 coarsen threshold 460 Card regions per heap region 1 cards per card region 2048
 CPUs: 8 total, 8 available
 Memory: 32615M
 Large Page Support: Disabled
 NUMA Support: Disabled
 Compressed Oops: Enabled (32-bit)
 Heap Region Size: 1M
 Heap Min Capacity: 256M
 Heap Initial Capacity: 256M
 Heap Max Capacity: 512M
 Pre-touch: Disabled
 Parallel Workers: 8
 Concurrent Workers: 2
 Concurrent Refinement Workers: 8
 Periodic GC: Disabled

Heap:
 garbage-first heap   total 262144K, used 95554K [0x00000000e0000000, 0x0000000100000000)
  region size 1024K, 76 young (77824K), 9 survivors (9216K)
 Metaspace       used 33968K, committed 35200K, reserved 393216K
  class space    used 5009K, committed 5632K, reserved 327680K

Heap Regions: E=young(eden), S=young(survivor), O=old, HS=humongous(starts), HC=humongous(continues), CS=collection set, F=free, TAMS=top-at-mark-start, PB=parsable bottom
|   0|0x00000000e0000000, 0x00000000e0100000, 0x00000000e0100000|100%|HS|  |TAMS 0x00000000e0000000| PB 0x00000000e0000000| Complete 
|   1|0x00000000e0100000, 0x00000000e0200000, 0x00000000e0200000|100%|HC|  |TAMS 0x00000000e0100000| PB 0x00000000e0100000| Complete 
|   2|0x00000000e0200000, 0x00000000e0300000, 0x00000000e0300000|100%|HC|  |TAMS 0x00000000e0200000| PB 0x00000000e0200000| Complete 
|   3|0x00000000e0300000, 0x00000000e0400000, 0x00000000e0400000|100%|HC|  |TAMS 0x00000000e0300000| PB 0x00000000e0300000| Complete 
|   4|0x00000000e0400000, 0x00000000e0400000, 0x00000000e0500000|  0%| F|  |TAMS 0x00000000e0400000| PB 0x00000000e0400000| Untracked 
|   5|0x00000000e0500000, 0x00000000e0600000, 0x00000000e0600000|100%| O|  |TAMS 0x00000000e0500000| PB 0x00000000e0500000| Untracked 
|   6|0x00000000e0600000, 0x00000000e0700000, 0x00000000e0700000|100%| O|  |TAMS 0x00000000e0600000| PB 0x00000000e0600000| Untracked 
|   7|0x00000000e0700000, 0x00000000e0800000, 0x00000000e0800000|100%| O|  |TAMS 0x00000000e0700000| PB 0x00000000e0700000| Untracked 
|   8|0x00000000e0800000, 0x00000000e0900000, 0x00000000e0900000|100%| O|  |TAMS 0x00000000e0800000| PB 0x00000000e0800000| Untracked 
|   9|0x00000000e0900000, 0x00000000e0a00000, 0x00000000e0a00000|100%| O|  |TAMS 0x00000000e0900000| PB 0x00000000e0900000| Untracked 
|  10|0x00000000e0a00000, 0x00000000e0b00000, 0x00000000e0b00000|100%| O|  |TAMS 0x00000000e0a00000| PB 0x00000000e0a00000| Untracked 
|  11|0x00000000e0b00000, 0x00000000e0c00000, 0x00000000e0c00000|100%|HS|  |TAMS 0x00000000e0b00000| PB 0x00000000e0b00000| Complete 
|  12|0x00000000e0c00000, 0x00000000e0d00000, 0x00000000e0d00000|100%| O|  |TAMS 0x00000000e0c00000| PB 0x00000000e0c00000| Untracked 
|  13|0x00000000e0d00000, 0x00000000e0e00000, 0x00000000e0e00000|100%| O|  |TAMS 0x00000000e0d00000| PB 0x00000000e0d00000| Untracked 
|  14|0x00000000e0e00000, 0x00000000e0f00000, 0x00000000e0f00000|100%| O|  |TAMS 0x00000000e0e00000| PB 0x00000000e0e00000| Untracked 
|  15|0x00000000e0f00000, 0x00000000e1000000, 0x00000000e1000000|100%| O|  |TAMS 0x00000000e0f00000| PB 0x00000000e0f00000| Untracked 
|  16|0x00000000e1000000, 0x00000000e1100000, 0x00000000e1100000|100%| O|  |TAMS 0x00000000e1000000| PB 0x00000000e1000000| Untracked 
|  17|0x00000000e1100000, 0x00000000e1200000, 0x00000000e1200000|100%| O|  |TAMS 0x00000000e1100000| PB 0x00000000e1100000| Untracked 
|  18|0x00000000e1200000, 0x00000000e1300000, 0x00000000e1300000|100%| O|  |TAMS 0x00000000e1200000| PB 0x00000000e1200000| Untracked 
|  19|0x00000000e1300000, 0x00000000e1400000, 0x00000000e1400000|100%| O|  |TAMS 0x00000000e1300000| PB 0x00000000e1300000| Untracked 
|  20|0x00000000e1400000, 0x00000000e147a870, 0x00000000e1500000| 47%| O|  |TAMS 0x00000000e1400000| PB 0x00000000e1400000| Untracked 
|  21|0x00000000e1500000, 0x00000000e1500000, 0x00000000e1600000|  0%| F|  |TAMS 0x00000000e1500000| PB 0x00000000e1500000| Untracked 
|  22|0x00000000e1600000, 0x00000000e1600000, 0x00000000e1700000|  0%| F|  |TAMS 0x00000000e1600000| PB 0x00000000e1600000| Untracked 
|  23|0x00000000e1700000, 0x00000000e1700000, 0x00000000e1800000|  0%| F|  |TAMS 0x00000000e1700000| PB 0x00000000e1700000| Untracked 
|  24|0x00000000e1800000, 0x00000000e1800000, 0x00000000e1900000|  0%| F|  |TAMS 0x00000000e1800000| PB 0x00000000e1800000| Untracked 
|  25|0x00000000e1900000, 0x00000000e1900000, 0x00000000e1a00000|  0%| F|  |TAMS 0x00000000e1900000| PB 0x00000000e1900000| Untracked 
|  26|0x00000000e1a00000, 0x00000000e1a00000, 0x00000000e1b00000|  0%| F|  |TAMS 0x00000000e1a00000| PB 0x00000000e1a00000| Untracked 
|  27|0x00000000e1b00000, 0x00000000e1b00000, 0x00000000e1c00000|  0%| F|  |TAMS 0x00000000e1b00000| PB 0x00000000e1b00000| Untracked 
|  28|0x00000000e1c00000, 0x00000000e1c00000, 0x00000000e1d00000|  0%| F|  |TAMS 0x00000000e1c00000| PB 0x00000000e1c00000| Untracked 
|  29|0x00000000e1d00000, 0x00000000e1d00000, 0x00000000e1e00000|  0%| F|  |TAMS 0x00000000e1d00000| PB 0x00000000e1d00000| Untracked 
|  30|0x00000000e1e00000, 0x00000000e1e00000, 0x00000000e1f00000|  0%| F|  |TAMS 0x00000000e1e00000| PB 0x00000000e1e00000| Untracked 
|  31|0x00000000e1f00000, 0x00000000e1f00000, 0x00000000e2000000|  0%| F|  |TAMS 0x00000000e1f00000| PB 0x00000000e1f00000| Untracked 
|  32|0x00000000e2000000, 0x00000000e2000000, 0x00000000e2100000|  0%| F|  |TAMS 0x00000000e2000000| PB 0x00000000e2000000| Untracked 
|  33|0x00000000e2100000, 0x00000000e2100000, 0x00000000e2200000|  0%| F|  |TAMS 0x00000000e2100000| PB 0x00000000e2100000| Untracked 
|  34|0x00000000e2200000, 0x00000000e2200000, 0x00000000e2300000|  0%| F|  |TAMS 0x00000000e2200000| PB 0x00000000e2200000| Untracked 
|  35|0x00000000e2300000, 0x00000000e2300000, 0x00000000e2400000|  0%| F|  |TAMS 0x00000000e2300000| PB 0x00000000e2300000| Untracked 
|  36|0x00000000e2400000, 0x00000000e2400000, 0x00000000e2500000|  0%| F|  |TAMS 0x00000000e2400000| PB 0x00000000e2400000| Untracked 
|  37|0x00000000e2500000, 0x00000000e2500000, 0x00000000e2600000|  0%| F|  |TAMS 0x00000000e2500000| PB 0x00000000e2500000| Untracked 
|  38|0x00000000e2600000, 0x00000000e2600000, 0x00000000e2700000|  0%| F|  |TAMS 0x00000000e2600000| PB 0x00000000e2600000| Untracked 
|  39|0x00000000e2700000, 0x00000000e2700000, 0x00000000e2800000|  0%| F|  |TAMS 0x00000000e2700000| PB 0x00000000e2700000| Untracked 
|  40|0x00000000e2800000, 0x00000000e2800000, 0x00000000e2900000|  0%| F|  |TAMS 0x00000000e2800000| PB 0x00000000e2800000| Untracked 
|  41|0x00000000e2900000, 0x00000000e2900000, 0x00000000e2a00000|  0%| F|  |TAMS 0x00000000e2900000| PB 0x00000000e2900000| Untracked 
|  42|0x00000000e2a00000, 0x00000000e2a00000, 0x00000000e2b00000|  0%| F|  |TAMS 0x00000000e2a00000| PB 0x00000000e2a00000| Untracked 
|  43|0x00000000e2b00000, 0x00000000e2b00000, 0x00000000e2c00000|  0%| F|  |TAMS 0x00000000e2b00000| PB 0x00000000e2b00000| Untracked 
|  44|0x00000000e2c00000, 0x00000000e2c00000, 0x00000000e2d00000|  0%| F|  |TAMS 0x00000000e2c00000| PB 0x00000000e2c00000| Untracked 
|  45|0x00000000e2d00000, 0x00000000e2d00000, 0x00000000e2e00000|  0%| F|  |TAMS 0x00000000e2d00000| PB 0x00000000e2d00000| Untracked 
|  46|0x00000000e2e00000, 0x00000000e2e00000, 0x00000000e2f00000|  0%| F|  |TAMS 0x00000000e2e00000| PB 0x00000000e2e00000| Untracked 
|  47|0x00000000e2f00000, 0x00000000e2f00000, 0x00000000e3000000|  0%| F|  |TAMS 0x00000000e2f00000| PB 0x00000000e2f00000| Untracked 
|  48|0x00000000e3000000, 0x00000000e3000000, 0x00000000e3100000|  0%| F|  |TAMS 0x00000000e3000000| PB 0x00000000e3000000| Untracked 
|  49|0x00000000e3100000, 0x00000000e3100000, 0x00000000e3200000|  0%| F|  |TAMS 0x00000000e3100000| PB 0x00000000e3100000| Untracked 
|  50|0x00000000e3200000, 0x00000000e3200000, 0x00000000e3300000|  0%| F|  |TAMS 0x00000000e3200000| PB 0x00000000e3200000| Untracked 
|  51|0x00000000e3300000, 0x00000000e3300000, 0x00000000e3400000|  0%| F|  |TAMS 0x00000000e3300000| PB 0x00000000e3300000| Untracked 
|  52|0x00000000e3400000, 0x00000000e3400000, 0x00000000e3500000|  0%| F|  |TAMS 0x00000000e3400000| PB 0x00000000e3400000| Untracked 
|  53|0x00000000e3500000, 0x00000000e3500000, 0x00000000e3600000|  0%| F|  |TAMS 0x00000000e3500000| PB 0x00000000e3500000| Untracked 
|  54|0x00000000e3600000, 0x00000000e3600000, 0x00000000e3700000|  0%| F|  |TAMS 0x00000000e3600000| PB 0x00000000e3600000| Untracked 
|  55|0x00000000e3700000, 0x00000000e3700000, 0x00000000e3800000|  0%| F|  |TAMS 0x00000000e3700000| PB 0x00000000e3700000| Untracked 
|  56|0x00000000e3800000, 0x00000000e3800000, 0x00000000e3900000|  0%| F|  |TAMS 0x00000000e3800000| PB 0x00000000e3800000| Untracked 
|  57|0x00000000e3900000, 0x00000000e3900000, 0x00000000e3a00000|  0%| F|  |TAMS 0x00000000e3900000| PB 0x00000000e3900000| Untracked 
|  58|0x00000000e3a00000, 0x00000000e3a00000, 0x00000000e3b00000|  0%| F|  |TAMS 0x00000000e3a00000| PB 0x00000000e3a00000| Untracked 
|  59|0x00000000e3b00000, 0x00000000e3b00000, 0x00000000e3c00000|  0%| F|  |TAMS 0x00000000e3b00000| PB 0x00000000e3b00000| Untracked 
|  60|0x00000000e3c00000, 0x00000000e3c00000, 0x00000000e3d00000|  0%| F|  |TAMS 0x00000000e3c00000| PB 0x00000000e3c00000| Untracked 
|  61|0x00000000e3d00000, 0x00000000e3d00000, 0x00000000e3e00000|  0%| F|  |TAMS 0x00000000e3d00000| PB 0x00000000e3d00000| Untracked 
|  62|0x00000000e3e00000, 0x00000000e3e00000, 0x00000000e3f00000|  0%| F|  |TAMS 0x00000000e3e00000| PB 0x00000000e3e00000| Untracked 
|  63|0x00000000e3f00000, 0x00000000e3f00000, 0x00000000e4000000|  0%| F|  |TAMS 0x00000000e3f00000| PB 0x00000000e3f00000| Untracked 
|  64|0x00000000e4000000, 0x00000000e4000000, 0x00000000e4100000|  0%| F|  |TAMS 0x00000000e4000000| PB 0x00000000e4000000| Untracked 
|  65|0x00000000e4100000, 0x00000000e4100000, 0x00000000e4200000|  0%| F|  |TAMS 0x00000000e4100000| PB 0x00000000e4100000| Untracked 
|  66|0x00000000e4200000, 0x00000000e4200000, 0x00000000e4300000|  0%| F|  |TAMS 0x00000000e4200000| PB 0x00000000e4200000| Untracked 
|  67|0x00000000e4300000, 0x00000000e4300000, 0x00000000e4400000|  0%| F|  |TAMS 0x00000000e4300000| PB 0x00000000e4300000| Untracked 
|  68|0x00000000e4400000, 0x00000000e4400000, 0x00000000e4500000|  0%| F|  |TAMS 0x00000000e4400000| PB 0x00000000e4400000| Untracked 
|  69|0x00000000e4500000, 0x00000000e4500000, 0x00000000e4600000|  0%| F|  |TAMS 0x00000000e4500000| PB 0x00000000e4500000| Untracked 
|  70|0x00000000e4600000, 0x00000000e4600000, 0x00000000e4700000|  0%| F|  |TAMS 0x00000000e4600000| PB 0x00000000e4600000| Untracked 
|  71|0x00000000e4700000, 0x00000000e4700000, 0x00000000e4800000|  0%| F|  |TAMS 0x00000000e4700000| PB 0x00000000e4700000| Untracked 
|  72|0x00000000e4800000, 0x00000000e4800000, 0x00000000e4900000|  0%| F|  |TAMS 0x00000000e4800000| PB 0x00000000e4800000| Untracked 
|  73|0x00000000e4900000, 0x00000000e4900000, 0x00000000e4a00000|  0%| F|  |TAMS 0x00000000e4900000| PB 0x00000000e4900000| Untracked 
|  74|0x00000000e4a00000, 0x00000000e4a00000, 0x00000000e4b00000|  0%| F|  |TAMS 0x00000000e4a00000| PB 0x00000000e4a00000| Untracked 
|  75|0x00000000e4b00000, 0x00000000e4b00000, 0x00000000e4c00000|  0%| F|  |TAMS 0x00000000e4b00000| PB 0x00000000e4b00000| Untracked 
|  76|0x00000000e4c00000, 0x00000000e4c00000, 0x00000000e4d00000|  0%| F|  |TAMS 0x00000000e4c00000| PB 0x00000000e4c00000| Untracked 
|  77|0x00000000e4d00000, 0x00000000e4d00000, 0x00000000e4e00000|  0%| F|  |TAMS 0x00000000e4d00000| PB 0x00000000e4d00000| Untracked 
|  78|0x00000000e4e00000, 0x00000000e4e00000, 0x00000000e4f00000|  0%| F|  |TAMS 0x00000000e4e00000| PB 0x00000000e4e00000| Untracked 
|  79|0x00000000e4f00000, 0x00000000e4f00000, 0x00000000e5000000|  0%| F|  |TAMS 0x00000000e4f00000| PB 0x00000000e4f00000| Untracked 
|  80|0x00000000e5000000, 0x00000000e5000000, 0x00000000e5100000|  0%| F|  |TAMS 0x00000000e5000000| PB 0x00000000e5000000| Untracked 
|  81|0x00000000e5100000, 0x00000000e5100000, 0x00000000e5200000|  0%| F|  |TAMS 0x00000000e5100000| PB 0x00000000e5100000| Untracked 
|  82|0x00000000e5200000, 0x00000000e5200000, 0x00000000e5300000|  0%| F|  |TAMS 0x00000000e5200000| PB 0x00000000e5200000| Untracked 
|  83|0x00000000e5300000, 0x00000000e5300000, 0x00000000e5400000|  0%| F|  |TAMS 0x00000000e5300000| PB 0x00000000e5300000| Untracked 
|  84|0x00000000e5400000, 0x00000000e5400000, 0x00000000e5500000|  0%| F|  |TAMS 0x00000000e5400000| PB 0x00000000e5400000| Untracked 
|  85|0x00000000e5500000, 0x00000000e5500000, 0x00000000e5600000|  0%| F|  |TAMS 0x00000000e5500000| PB 0x00000000e5500000| Untracked 
|  86|0x00000000e5600000, 0x00000000e5600000, 0x00000000e5700000|  0%| F|  |TAMS 0x00000000e5600000| PB 0x00000000e5600000| Untracked 
|  87|0x00000000e5700000, 0x00000000e5700000, 0x00000000e5800000|  0%| F|  |TAMS 0x00000000e5700000| PB 0x00000000e5700000| Untracked 
|  88|0x00000000e5800000, 0x00000000e5800000, 0x00000000e5900000|  0%| F|  |TAMS 0x00000000e5800000| PB 0x00000000e5800000| Untracked 
|  89|0x00000000e5900000, 0x00000000e5900000, 0x00000000e5a00000|  0%| F|  |TAMS 0x00000000e5900000| PB 0x00000000e5900000| Untracked 
|  90|0x00000000e5a00000, 0x00000000e5a00000, 0x00000000e5b00000|  0%| F|  |TAMS 0x00000000e5a00000| PB 0x00000000e5a00000| Untracked 
|  91|0x00000000e5b00000, 0x00000000e5b00000, 0x00000000e5c00000|  0%| F|  |TAMS 0x00000000e5b00000| PB 0x00000000e5b00000| Untracked 
|  92|0x00000000e5c00000, 0x00000000e5c00000, 0x00000000e5d00000|  0%| F|  |TAMS 0x00000000e5c00000| PB 0x00000000e5c00000| Untracked 
|  93|0x00000000e5d00000, 0x00000000e5d00000, 0x00000000e5e00000|  0%| F|  |TAMS 0x00000000e5d00000| PB 0x00000000e5d00000| Untracked 
|  94|0x00000000e5e00000, 0x00000000e5e00000, 0x00000000e5f00000|  0%| F|  |TAMS 0x00000000e5e00000| PB 0x00000000e5e00000| Untracked 
|  95|0x00000000e5f00000, 0x00000000e5f00000, 0x00000000e6000000|  0%| F|  |TAMS 0x00000000e5f00000| PB 0x00000000e5f00000| Untracked 
|  96|0x00000000e6000000, 0x00000000e6000000, 0x00000000e6100000|  0%| F|  |TAMS 0x00000000e6000000| PB 0x00000000e6000000| Untracked 
|  97|0x00000000e6100000, 0x00000000e6100000, 0x00000000e6200000|  0%| F|  |TAMS 0x00000000e6100000| PB 0x00000000e6100000| Untracked 
|  98|0x00000000e6200000, 0x00000000e6200000, 0x00000000e6300000|  0%| F|  |TAMS 0x00000000e6200000| PB 0x00000000e6200000| Untracked 
|  99|0x00000000e6300000, 0x00000000e6300000, 0x00000000e6400000|  0%| F|  |TAMS 0x00000000e6300000| PB 0x00000000e6300000| Untracked 
| 100|0x00000000e6400000, 0x00000000e6400000, 0x00000000e6500000|  0%| F|  |TAMS 0x00000000e6400000| PB 0x00000000e6400000| Untracked 
| 101|0x00000000e6500000, 0x00000000e6500000, 0x00000000e6600000|  0%| F|  |TAMS 0x00000000e6500000| PB 0x00000000e6500000| Untracked 
| 102|0x00000000e6600000, 0x00000000e6600000, 0x00000000e6700000|  0%| F|  |TAMS 0x00000000e6600000| PB 0x00000000e6600000| Untracked 
| 103|0x00000000e6700000, 0x00000000e6700000, 0x00000000e6800000|  0%| F|  |TAMS 0x00000000e6700000| PB 0x00000000e6700000| Untracked 
| 104|0x00000000e6800000, 0x00000000e68d6120, 0x00000000e6900000| 83%| S|CS|TAMS 0x00000000e6800000| PB 0x00000000e6800000| Complete 
| 105|0x00000000e6900000, 0x00000000e6a00000, 0x00000000e6a00000|100%| S|CS|TAMS 0x00000000e6900000| PB 0x00000000e6900000| Complete 
| 106|0x00000000e6a00000, 0x00000000e6b00000, 0x00000000e6b00000|100%| S|CS|TAMS 0x00000000e6a00000| PB 0x00000000e6a00000| Complete 
| 107|0x00000000e6b00000, 0x00000000e6c00000, 0x00000000e6c00000|100%| S|CS|TAMS 0x00000000e6b00000| PB 0x00000000e6b00000| Complete 
| 108|0x00000000e6c00000, 0x00000000e6d00000, 0x00000000e6d00000|100%| S|CS|TAMS 0x00000000e6c00000| PB 0x00000000e6c00000| Complete 
| 109|0x00000000e6d00000, 0x00000000e6e00000, 0x00000000e6e00000|100%| S|CS|TAMS 0x00000000e6d00000| PB 0x00000000e6d00000| Complete 
| 110|0x00000000e6e00000, 0x00000000e6f00000, 0x00000000e6f00000|100%| S|CS|TAMS 0x00000000e6e00000| PB 0x00000000e6e00000| Complete 
| 111|0x00000000e6f00000, 0x00000000e7000000, 0x00000000e7000000|100%| S|CS|TAMS 0x00000000e6f00000| PB 0x00000000e6f00000| Complete 
| 112|0x00000000e7000000, 0x00000000e7100000, 0x00000000e7100000|100%| S|CS|TAMS 0x00000000e7000000| PB 0x00000000e7000000| Complete 
| 113|0x00000000e7100000, 0x00000000e7100000, 0x00000000e7200000|  0%| F|  |TAMS 0x00000000e7100000| PB 0x00000000e7100000| Untracked 
| 114|0x00000000e7200000, 0x00000000e7200000, 0x00000000e7300000|  0%| F|  |TAMS 0x00000000e7200000| PB 0x00000000e7200000| Untracked 
| 115|0x00000000e7300000, 0x00000000e7300000, 0x00000000e7400000|  0%| F|  |TAMS 0x00000000e7300000| PB 0x00000000e7300000| Untracked 
| 116|0x00000000e7400000, 0x00000000e7400000, 0x00000000e7500000|  0%| F|  |TAMS 0x00000000e7400000| PB 0x00000000e7400000| Untracked 
| 117|0x00000000e7500000, 0x00000000e7500000, 0x00000000e7600000|  0%| F|  |TAMS 0x00000000e7500000| PB 0x00000000e7500000| Untracked 
| 118|0x00000000e7600000, 0x00000000e7600000, 0x00000000e7700000|  0%| F|  |TAMS 0x00000000e7600000| PB 0x00000000e7600000| Untracked 
| 119|0x00000000e7700000, 0x00000000e7700000, 0x00000000e7800000|  0%| F|  |TAMS 0x00000000e7700000| PB 0x00000000e7700000| Untracked 
| 120|0x00000000e7800000, 0x00000000e7800000, 0x00000000e7900000|  0%| F|  |TAMS 0x00000000e7800000| PB 0x00000000e7800000| Untracked 
| 121|0x00000000e7900000, 0x00000000e7900000, 0x00000000e7a00000|  0%| F|  |TAMS 0x00000000e7900000| PB 0x00000000e7900000| Untracked 
| 122|0x00000000e7a00000, 0x00000000e7a00000, 0x00000000e7b00000|  0%| F|  |TAMS 0x00000000e7a00000| PB 0x00000000e7a00000| Untracked 
| 123|0x00000000e7b00000, 0x00000000e7b00000, 0x00000000e7c00000|  0%| F|  |TAMS 0x00000000e7b00000| PB 0x00000000e7b00000| Untracked 
| 124|0x00000000e7c00000, 0x00000000e7c00000, 0x00000000e7d00000|  0%| F|  |TAMS 0x00000000e7c00000| PB 0x00000000e7c00000| Untracked 
| 125|0x00000000e7d00000, 0x00000000e7d00000, 0x00000000e7e00000|  0%| F|  |TAMS 0x00000000e7d00000| PB 0x00000000e7d00000| Untracked 
| 126|0x00000000e7e00000, 0x00000000e7e00000, 0x00000000e7f00000|  0%| F|  |TAMS 0x00000000e7e00000| PB 0x00000000e7e00000| Untracked 
| 127|0x00000000e7f00000, 0x00000000e7f00000, 0x00000000e8000000|  0%| F|  |TAMS 0x00000000e7f00000| PB 0x00000000e7f00000| Untracked 
| 128|0x00000000e8000000, 0x00000000e8000000, 0x00000000e8100000|  0%| F|  |TAMS 0x00000000e8000000| PB 0x00000000e8000000| Untracked 
| 129|0x00000000e8100000, 0x00000000e8100000, 0x00000000e8200000|  0%| F|  |TAMS 0x00000000e8100000| PB 0x00000000e8100000| Untracked 
| 130|0x00000000e8200000, 0x00000000e8200000, 0x00000000e8300000|  0%| F|  |TAMS 0x00000000e8200000| PB 0x00000000e8200000| Untracked 
| 131|0x00000000e8300000, 0x00000000e8300000, 0x00000000e8400000|  0%| F|  |TAMS 0x00000000e8300000| PB 0x00000000e8300000| Untracked 
| 132|0x00000000e8400000, 0x00000000e8400000, 0x00000000e8500000|  0%| F|  |TAMS 0x00000000e8400000| PB 0x00000000e8400000| Untracked 
| 133|0x00000000e8500000, 0x00000000e8500000, 0x00000000e8600000|  0%| F|  |TAMS 0x00000000e8500000| PB 0x00000000e8500000| Untracked 
| 134|0x00000000e8600000, 0x00000000e8600000, 0x00000000e8700000|  0%| F|  |TAMS 0x00000000e8600000| PB 0x00000000e8600000| Untracked 
| 135|0x00000000e8700000, 0x00000000e8700000, 0x00000000e8800000|  0%| F|  |TAMS 0x00000000e8700000| PB 0x00000000e8700000| Untracked 
| 136|0x00000000e8800000, 0x00000000e8800000, 0x00000000e8900000|  0%| F|  |TAMS 0x00000000e8800000| PB 0x00000000e8800000| Untracked 
| 137|0x00000000e8900000, 0x00000000e8900000, 0x00000000e8a00000|  0%| F|  |TAMS 0x00000000e8900000| PB 0x00000000e8900000| Untracked 
| 138|0x00000000e8a00000, 0x00000000e8a00000, 0x00000000e8b00000|  0%| F|  |TAMS 0x00000000e8a00000| PB 0x00000000e8a00000| Untracked 
| 139|0x00000000e8b00000, 0x00000000e8b00000, 0x00000000e8c00000|  0%| F|  |TAMS 0x00000000e8b00000| PB 0x00000000e8b00000| Untracked 
| 140|0x00000000e8c00000, 0x00000000e8c00000, 0x00000000e8d00000|  0%| F|  |TAMS 0x00000000e8c00000| PB 0x00000000e8c00000| Untracked 
| 141|0x00000000e8d00000, 0x00000000e8d00000, 0x00000000e8e00000|  0%| F|  |TAMS 0x00000000e8d00000| PB 0x00000000e8d00000| Untracked 
| 142|0x00000000e8e00000, 0x00000000e8e00000, 0x00000000e8f00000|  0%| F|  |TAMS 0x00000000e8e00000| PB 0x00000000e8e00000| Untracked 
| 143|0x00000000e8f00000, 0x00000000e8f00000, 0x00000000e9000000|  0%| F|  |TAMS 0x00000000e8f00000| PB 0x00000000e8f00000| Untracked 
| 144|0x00000000e9000000, 0x00000000e9000000, 0x00000000e9100000|  0%| F|  |TAMS 0x00000000e9000000| PB 0x00000000e9000000| Untracked 
| 145|0x00000000e9100000, 0x00000000e9100000, 0x00000000e9200000|  0%| F|  |TAMS 0x00000000e9100000| PB 0x00000000e9100000| Untracked 
| 146|0x00000000e9200000, 0x00000000e9200000, 0x00000000e9300000|  0%| F|  |TAMS 0x00000000e9200000| PB 0x00000000e9200000| Untracked 
| 147|0x00000000e9300000, 0x00000000e9300000, 0x00000000e9400000|  0%| F|  |TAMS 0x00000000e9300000| PB 0x00000000e9300000| Untracked 
| 148|0x00000000e9400000, 0x00000000e9400000, 0x00000000e9500000|  0%| F|  |TAMS 0x00000000e9400000| PB 0x00000000e9400000| Untracked 
| 149|0x00000000e9500000, 0x00000000e9500000, 0x00000000e9600000|  0%| F|  |TAMS 0x00000000e9500000| PB 0x00000000e9500000| Untracked 
| 150|0x00000000e9600000, 0x00000000e9600000, 0x00000000e9700000|  0%| F|  |TAMS 0x00000000e9600000| PB 0x00000000e9600000| Untracked 
| 151|0x00000000e9700000, 0x00000000e9700000, 0x00000000e9800000|  0%| F|  |TAMS 0x00000000e9700000| PB 0x00000000e9700000| Untracked 
| 152|0x00000000e9800000, 0x00000000e9800000, 0x00000000e9900000|  0%| F|  |TAMS 0x00000000e9800000| PB 0x00000000e9800000| Untracked 
| 153|0x00000000e9900000, 0x00000000e9900000, 0x00000000e9a00000|  0%| F|  |TAMS 0x00000000e9900000| PB 0x00000000e9900000| Untracked 
| 154|0x00000000e9a00000, 0x00000000e9a00000, 0x00000000e9b00000|  0%| F|  |TAMS 0x00000000e9a00000| PB 0x00000000e9a00000| Untracked 
| 155|0x00000000e9b00000, 0x00000000e9b00000, 0x00000000e9c00000|  0%| F|  |TAMS 0x00000000e9b00000| PB 0x00000000e9b00000| Untracked 
| 156|0x00000000e9c00000, 0x00000000e9c00000, 0x00000000e9d00000|  0%| F|  |TAMS 0x00000000e9c00000| PB 0x00000000e9c00000| Untracked 
| 157|0x00000000e9d00000, 0x00000000e9d00000, 0x00000000e9e00000|  0%| F|  |TAMS 0x00000000e9d00000| PB 0x00000000e9d00000| Untracked 
| 158|0x00000000e9e00000, 0x00000000e9e00000, 0x00000000e9f00000|  0%| F|  |TAMS 0x00000000e9e00000| PB 0x00000000e9e00000| Untracked 
| 159|0x00000000e9f00000, 0x00000000e9f00000, 0x00000000ea000000|  0%| F|  |TAMS 0x00000000e9f00000| PB 0x00000000e9f00000| Untracked 
| 160|0x00000000ea000000, 0x00000000ea000000, 0x00000000ea100000|  0%| F|  |TAMS 0x00000000ea000000| PB 0x00000000ea000000| Untracked 
| 161|0x00000000ea100000, 0x00000000ea100000, 0x00000000ea200000|  0%| F|  |TAMS 0x00000000ea100000| PB 0x00000000ea100000| Untracked 
| 162|0x00000000ea200000, 0x00000000ea200000, 0x00000000ea300000|  0%| F|  |TAMS 0x00000000ea200000| PB 0x00000000ea200000| Untracked 
| 163|0x00000000ea300000, 0x00000000ea300000, 0x00000000ea400000|  0%| F|  |TAMS 0x00000000ea300000| PB 0x00000000ea300000| Untracked 
| 164|0x00000000ea400000, 0x00000000ea400000, 0x00000000ea500000|  0%| F|  |TAMS 0x00000000ea400000| PB 0x00000000ea400000| Untracked 
| 165|0x00000000ea500000, 0x00000000ea500000, 0x00000000ea600000|  0%| F|  |TAMS 0x00000000ea500000| PB 0x00000000ea500000| Untracked 
| 166|0x00000000ea600000, 0x00000000ea600000, 0x00000000ea700000|  0%| F|  |TAMS 0x00000000ea600000| PB 0x00000000ea600000| Untracked 
| 167|0x00000000ea700000, 0x00000000ea700000, 0x00000000ea800000|  0%| F|  |TAMS 0x00000000ea700000| PB 0x00000000ea700000| Untracked 
| 168|0x00000000ea800000, 0x00000000ea800000, 0x00000000ea900000|  0%| F|  |TAMS 0x00000000ea800000| PB 0x00000000ea800000| Untracked 
| 169|0x00000000ea900000, 0x00000000ea900000, 0x00000000eaa00000|  0%| F|  |TAMS 0x00000000ea900000| PB 0x00000000ea900000| Untracked 
| 170|0x00000000eaa00000, 0x00000000eaa00000, 0x00000000eab00000|  0%| F|  |TAMS 0x00000000eaa00000| PB 0x00000000eaa00000| Untracked 
| 171|0x00000000eab00000, 0x00000000eab00000, 0x00000000eac00000|  0%| F|  |TAMS 0x00000000eab00000| PB 0x00000000eab00000| Untracked 
| 172|0x00000000eac00000, 0x00000000eac00000, 0x00000000ead00000|  0%| F|  |TAMS 0x00000000eac00000| PB 0x00000000eac00000| Untracked 
| 173|0x00000000ead00000, 0x00000000ead00000, 0x00000000eae00000|  0%| F|  |TAMS 0x00000000ead00000| PB 0x00000000ead00000| Untracked 
| 174|0x00000000eae00000, 0x00000000eae00000, 0x00000000eaf00000|  0%| F|  |TAMS 0x00000000eae00000| PB 0x00000000eae00000| Untracked 
| 175|0x00000000eaf00000, 0x00000000eaf00000, 0x00000000eb000000|  0%| F|  |TAMS 0x00000000eaf00000| PB 0x00000000eaf00000| Untracked 
| 176|0x00000000eb000000, 0x00000000eb000000, 0x00000000eb100000|  0%| F|  |TAMS 0x00000000eb000000| PB 0x00000000eb000000| Untracked 
| 177|0x00000000eb100000, 0x00000000eb100000, 0x00000000eb200000|  0%| F|  |TAMS 0x00000000eb100000| PB 0x00000000eb100000| Untracked 
| 178|0x00000000eb200000, 0x00000000eb200000, 0x00000000eb300000|  0%| F|  |TAMS 0x00000000eb200000| PB 0x00000000eb200000| Untracked 
| 179|0x00000000eb300000, 0x00000000eb300000, 0x00000000eb400000|  0%| F|  |TAMS 0x00000000eb300000| PB 0x00000000eb300000| Untracked 
| 180|0x00000000eb400000, 0x00000000eb400000, 0x00000000eb500000|  0%| F|  |TAMS 0x00000000eb400000| PB 0x00000000eb400000| Untracked 
| 181|0x00000000eb500000, 0x00000000eb500000, 0x00000000eb600000|  0%| F|  |TAMS 0x00000000eb500000| PB 0x00000000eb500000| Untracked 
| 182|0x00000000eb600000, 0x00000000eb600000, 0x00000000eb700000|  0%| F|  |TAMS 0x00000000eb600000| PB 0x00000000eb600000| Untracked 
| 183|0x00000000eb700000, 0x00000000eb700000, 0x00000000eb800000|  0%| F|  |TAMS 0x00000000eb700000| PB 0x00000000eb700000| Untracked 
| 184|0x00000000eb800000, 0x00000000eb800000, 0x00000000eb900000|  0%| F|  |TAMS 0x00000000eb800000| PB 0x00000000eb800000| Untracked 
| 185|0x00000000eb900000, 0x00000000eb900000, 0x00000000eba00000|  0%| F|  |TAMS 0x00000000eb900000| PB 0x00000000eb900000| Untracked 
| 186|0x00000000eba00000, 0x00000000eba00000, 0x00000000ebb00000|  0%| F|  |TAMS 0x00000000eba00000| PB 0x00000000eba00000| Untracked 
| 187|0x00000000ebb00000, 0x00000000ebb00000, 0x00000000ebc00000|  0%| F|  |TAMS 0x00000000ebb00000| PB 0x00000000ebb00000| Untracked 
| 188|0x00000000ebc00000, 0x00000000ebc00000, 0x00000000ebd00000|  0%| F|  |TAMS 0x00000000ebc00000| PB 0x00000000ebc00000| Untracked 
| 189|0x00000000ebd00000, 0x00000000ebdc3fe0, 0x00000000ebe00000| 76%| E|  |TAMS 0x00000000ebd00000| PB 0x00000000ebd00000| Complete 
| 190|0x00000000ebe00000, 0x00000000ebf00000, 0x00000000ebf00000|100%| E|CS|TAMS 0x00000000ebe00000| PB 0x00000000ebe00000| Complete 
| 191|0x00000000ebf00000, 0x00000000ec000000, 0x00000000ec000000|100%| E|CS|TAMS 0x00000000ebf00000| PB 0x00000000ebf00000| Complete 
| 192|0x00000000ec000000, 0x00000000ec100000, 0x00000000ec100000|100%| E|CS|TAMS 0x00000000ec000000| PB 0x00000000ec000000| Complete 
| 193|0x00000000ec100000, 0x00000000ec200000, 0x00000000ec200000|100%| E|CS|TAMS 0x00000000ec100000| PB 0x00000000ec100000| Complete 
| 194|0x00000000ec200000, 0x00000000ec300000, 0x00000000ec300000|100%| E|CS|TAMS 0x00000000ec200000| PB 0x00000000ec200000| Complete 
| 195|0x00000000ec300000, 0x00000000ec400000, 0x00000000ec400000|100%| E|  |TAMS 0x00000000ec300000| PB 0x00000000ec300000| Complete 
| 196|0x00000000ec400000, 0x00000000ec500000, 0x00000000ec500000|100%| E|CS|TAMS 0x00000000ec400000| PB 0x00000000ec400000| Complete 
| 197|0x00000000ec500000, 0x00000000ec600000, 0x00000000ec600000|100%| E|CS|TAMS 0x00000000ec500000| PB 0x00000000ec500000| Complete 
| 198|0x00000000ec600000, 0x00000000ec700000, 0x00000000ec700000|100%| E|CS|TAMS 0x00000000ec600000| PB 0x00000000ec600000| Complete 
| 199|0x00000000ec700000, 0x00000000ec800000, 0x00000000ec800000|100%| E|CS|TAMS 0x00000000ec700000| PB 0x00000000ec700000| Complete 
| 200|0x00000000ec800000, 0x00000000ec900000, 0x00000000ec900000|100%| E|CS|TAMS 0x00000000ec800000| PB 0x00000000ec800000| Complete 
| 201|0x00000000ec900000, 0x00000000eca00000, 0x00000000eca00000|100%| E|CS|TAMS 0x00000000ec900000| PB 0x00000000ec900000| Complete 
| 202|0x00000000eca00000, 0x00000000ecb00000, 0x00000000ecb00000|100%| E|CS|TAMS 0x00000000eca00000| PB 0x00000000eca00000| Complete 
| 203|0x00000000ecb00000, 0x00000000ecc00000, 0x00000000ecc00000|100%| E|CS|TAMS 0x00000000ecb00000| PB 0x00000000ecb00000| Complete 
| 204|0x00000000ecc00000, 0x00000000ecd00000, 0x00000000ecd00000|100%| E|CS|TAMS 0x00000000ecc00000| PB 0x00000000ecc00000| Complete 
| 205|0x00000000ecd00000, 0x00000000ece00000, 0x00000000ece00000|100%| E|CS|TAMS 0x00000000ecd00000| PB 0x00000000ecd00000| Complete 
| 206|0x00000000ece00000, 0x00000000ecf00000, 0x00000000ecf00000|100%| E|CS|TAMS 0x00000000ece00000| PB 0x00000000ece00000| Complete 
| 207|0x00000000ecf00000, 0x00000000ed000000, 0x00000000ed000000|100%| E|CS|TAMS 0x00000000ecf00000| PB 0x00000000ecf00000| Complete 
| 208|0x00000000ed000000, 0x00000000ed100000, 0x00000000ed100000|100%| E|CS|TAMS 0x00000000ed000000| PB 0x00000000ed000000| Complete 
| 209|0x00000000ed100000, 0x00000000ed200000, 0x00000000ed200000|100%| E|CS|TAMS 0x00000000ed100000| PB 0x00000000ed100000| Complete 
| 210|0x00000000ed200000, 0x00000000ed300000, 0x00000000ed300000|100%| E|CS|TAMS 0x00000000ed200000| PB 0x00000000ed200000| Complete 
| 211|0x00000000ed300000, 0x00000000ed400000, 0x00000000ed400000|100%| E|CS|TAMS 0x00000000ed300000| PB 0x00000000ed300000| Complete 
| 212|0x00000000ed400000, 0x00000000ed500000, 0x00000000ed500000|100%| E|CS|TAMS 0x00000000ed400000| PB 0x00000000ed400000| Complete 
| 213|0x00000000ed500000, 0x00000000ed600000, 0x00000000ed600000|100%| E|CS|TAMS 0x00000000ed500000| PB 0x00000000ed500000| Complete 
| 214|0x00000000ed600000, 0x00000000ed700000, 0x00000000ed700000|100%| E|CS|TAMS 0x00000000ed600000| PB 0x00000000ed600000| Complete 
| 215|0x00000000ed700000, 0x00000000ed800000, 0x00000000ed800000|100%| E|CS|TAMS 0x00000000ed700000| PB 0x00000000ed700000| Complete 
| 216|0x00000000ed800000, 0x00000000ed900000, 0x00000000ed900000|100%| E|CS|TAMS 0x00000000ed800000| PB 0x00000000ed800000| Complete 
| 217|0x00000000ed900000, 0x00000000eda00000, 0x00000000eda00000|100%| E|CS|TAMS 0x00000000ed900000| PB 0x00000000ed900000| Complete 
| 218|0x00000000eda00000, 0x00000000edb00000, 0x00000000edb00000|100%| E|CS|TAMS 0x00000000eda00000| PB 0x00000000eda00000| Complete 
| 219|0x00000000edb00000, 0x00000000edc00000, 0x00000000edc00000|100%| E|CS|TAMS 0x00000000edb00000| PB 0x00000000edb00000| Complete 
| 220|0x00000000edc00000, 0x00000000edd00000, 0x00000000edd00000|100%| E|CS|TAMS 0x00000000edc00000| PB 0x00000000edc00000| Complete 
| 221|0x00000000edd00000, 0x00000000ede00000, 0x00000000ede00000|100%| E|CS|TAMS 0x00000000edd00000| PB 0x00000000edd00000| Complete 
| 222|0x00000000ede00000, 0x00000000edf00000, 0x00000000edf00000|100%| E|CS|TAMS 0x00000000ede00000| PB 0x00000000ede00000| Complete 
| 223|0x00000000edf00000, 0x00000000ee000000, 0x00000000ee000000|100%| E|CS|TAMS 0x00000000edf00000| PB 0x00000000edf00000| Complete 
| 224|0x00000000ee000000, 0x00000000ee100000, 0x00000000ee100000|100%| E|CS|TAMS 0x00000000ee000000| PB 0x00000000ee000000| Complete 
| 225|0x00000000ee100000, 0x00000000ee200000, 0x00000000ee200000|100%| E|CS|TAMS 0x00000000ee100000| PB 0x00000000ee100000| Complete 
| 226|0x00000000ee200000, 0x00000000ee300000, 0x00000000ee300000|100%| E|CS|TAMS 0x00000000ee200000| PB 0x00000000ee200000| Complete 
| 227|0x00000000ee300000, 0x00000000ee400000, 0x00000000ee400000|100%| E|CS|TAMS 0x00000000ee300000| PB 0x00000000ee300000| Complete 
| 228|0x00000000ee400000, 0x00000000ee500000, 0x00000000ee500000|100%| E|CS|TAMS 0x00000000ee400000| PB 0x00000000ee400000| Complete 
| 229|0x00000000ee500000, 0x00000000ee600000, 0x00000000ee600000|100%| E|CS|TAMS 0x00000000ee500000| PB 0x00000000ee500000| Complete 
| 230|0x00000000ee600000, 0x00000000ee700000, 0x00000000ee700000|100%| E|CS|TAMS 0x00000000ee600000| PB 0x00000000ee600000| Complete 
| 231|0x00000000ee700000, 0x00000000ee800000, 0x00000000ee800000|100%| E|CS|TAMS 0x00000000ee700000| PB 0x00000000ee700000| Complete 
| 232|0x00000000ee800000, 0x00000000ee900000, 0x00000000ee900000|100%| E|CS|TAMS 0x00000000ee800000| PB 0x00000000ee800000| Complete 
| 233|0x00000000ee900000, 0x00000000eea00000, 0x00000000eea00000|100%| E|CS|TAMS 0x00000000ee900000| PB 0x00000000ee900000| Complete 
| 234|0x00000000eea00000, 0x00000000eeb00000, 0x00000000eeb00000|100%| E|CS|TAMS 0x00000000eea00000| PB 0x00000000eea00000| Complete 
| 235|0x00000000eeb00000, 0x00000000eec00000, 0x00000000eec00000|100%| E|CS|TAMS 0x00000000eeb00000| PB 0x00000000eeb00000| Complete 
| 236|0x00000000eec00000, 0x00000000eed00000, 0x00000000eed00000|100%| E|CS|TAMS 0x00000000eec00000| PB 0x00000000eec00000| Complete 
| 237|0x00000000eed00000, 0x00000000eee00000, 0x00000000eee00000|100%| E|CS|TAMS 0x00000000eed00000| PB 0x00000000eed00000| Complete 
| 238|0x00000000eee00000, 0x00000000eef00000, 0x00000000eef00000|100%| E|CS|TAMS 0x00000000eee00000| PB 0x00000000eee00000| Complete 
| 239|0x00000000eef00000, 0x00000000ef000000, 0x00000000ef000000|100%| E|CS|TAMS 0x00000000eef00000| PB 0x00000000eef00000| Complete 
| 240|0x00000000ef000000, 0x00000000ef100000, 0x00000000ef100000|100%| E|CS|TAMS 0x00000000ef000000| PB 0x00000000ef000000| Complete 
| 241|0x00000000ef100000, 0x00000000ef200000, 0x00000000ef200000|100%| E|CS|TAMS 0x00000000ef100000| PB 0x00000000ef100000| Complete 
| 242|0x00000000ef200000, 0x00000000ef300000, 0x00000000ef300000|100%| E|CS|TAMS 0x00000000ef200000| PB 0x00000000ef200000| Complete 
| 243|0x00000000ef300000, 0x00000000ef400000, 0x00000000ef400000|100%| E|CS|TAMS 0x00000000ef300000| PB 0x00000000ef300000| Complete 
| 244|0x00000000ef400000, 0x00000000ef500000, 0x00000000ef500000|100%| E|CS|TAMS 0x00000000ef400000| PB 0x00000000ef400000| Complete 
| 245|0x00000000ef500000, 0x00000000ef600000, 0x00000000ef600000|100%| E|CS|TAMS 0x00000000ef500000| PB 0x00000000ef500000| Complete 
| 246|0x00000000ef600000, 0x00000000ef700000, 0x00000000ef700000|100%| E|CS|TAMS 0x00000000ef600000| PB 0x00000000ef600000| Complete 
| 247|0x00000000ef700000, 0x00000000ef800000, 0x00000000ef800000|100%| E|CS|TAMS 0x00000000ef700000| PB 0x00000000ef700000| Complete 
| 248|0x00000000ef800000, 0x00000000ef900000, 0x00000000ef900000|100%| E|CS|TAMS 0x00000000ef800000| PB 0x00000000ef800000| Complete 
| 249|0x00000000ef900000, 0x00000000efa00000, 0x00000000efa00000|100%| E|CS|TAMS 0x00000000ef900000| PB 0x00000000ef900000| Complete 
| 250|0x00000000efa00000, 0x00000000efb00000, 0x00000000efb00000|100%| E|CS|TAMS 0x00000000efa00000| PB 0x00000000efa00000| Complete 
| 251|0x00000000efb00000, 0x00000000efc00000, 0x00000000efc00000|100%| E|CS|TAMS 0x00000000efb00000| PB 0x00000000efb00000| Complete 
| 252|0x00000000efc00000, 0x00000000efd00000, 0x00000000efd00000|100%| E|CS|TAMS 0x00000000efc00000| PB 0x00000000efc00000| Complete 
| 253|0x00000000efd00000, 0x00000000efe00000, 0x00000000efe00000|100%| E|CS|TAMS 0x00000000efd00000| PB 0x00000000efd00000| Complete 
| 254|0x00000000efe00000, 0x00000000eff00000, 0x00000000eff00000|100%| E|CS|TAMS 0x00000000efe00000| PB 0x00000000efe00000| Complete 
| 255|0x00000000eff00000, 0x00000000f0000000, 0x00000000f0000000|100%| E|CS|TAMS 0x00000000eff00000| PB 0x00000000eff00000| Complete 

Card table byte_map: [0x000002bb20260000,0x000002bb20360000] _byte_map_base: 0x000002bb1fb60000

Marking Bits: (CMBitMap*) 0x000002bb0bc696a0
 Bits: [0x000002bb20360000, 0x000002bb20b60000)

Polling page: 0x000002bb0bb20000

Metaspace:

Usage:
  Non-class:     28.28 MB used.
      Class:      4.89 MB used.
       Both:     33.18 MB used.

Virtual space:
  Non-class space:       64.00 MB reserved,      28.88 MB ( 45%) committed,  1 nodes.
      Class space:      320.00 MB reserved,       5.50 MB (  2%) committed,  1 nodes.
             Both:      384.00 MB reserved,      34.38 MB (  9%) committed. 

Chunk freelists:
   Non-Class:  2.88 MB
       Class:  10.48 MB
        Both:  13.36 MB

MaxMetaspaceSize: 384.00 MB
CompressedClassSpaceSize: 320.00 MB
Initial GC threshold: 21.00 MB
Current GC threshold: 35.25 MB
CDS: on
 - commit_granule_bytes: 65536.
 - commit_granule_words: 8192.
 - virtual_space_node_default_size: 8388608.
 - enlarge_chunks_in_place: 1.
 - use_allocation_guard: 0.


Internal statistics:

num_allocs_failed_limit: 3.
num_arena_births: 2170.
num_arena_deaths: 0.
num_vsnodes_births: 2.
num_vsnodes_deaths: 0.
num_space_committed: 550.
num_space_uncommitted: 0.
num_chunks_returned_to_freelist: 3.
num_chunks_taken_from_freelist: 3707.
num_chunk_merges: 3.
num_chunk_splits: 2383.
num_chunks_enlarged: 1452.
num_inconsistent_stats: 0.

CodeHeap 'non-profiled nmethods': size=120000Kb used=3462Kb max_used=3462Kb free=116537Kb
 bounds [0x000002bb181d0000, 0x000002bb18540000, 0x000002bb1f700000]
CodeHeap 'profiled nmethods': size=120000Kb used=9919Kb max_used=9919Kb free=110080Kb
 bounds [0x000002bb10700000, 0x000002bb110b0000, 0x000002bb17c30000]
CodeHeap 'non-nmethods': size=5760Kb used=1440Kb max_used=1513Kb free=4319Kb
 bounds [0x000002bb17c30000, 0x000002bb17ea0000, 0x000002bb181d0000]
CodeCache: size=245760Kb, used=14821Kb, max_used=14894Kb, free=230936Kb
 total_blobs=5585, nmethods=4991, adapters=498, full_count=0
Compilation: enabled, stopped_count=0, restarted_count=0

Compilation events (20 events):
Event: 4913.681 Thread 0x000002bb23650050 nmethod 4989 0x000002bb110aae90 code [0x000002bb110ab040, 0x000002bb110ab200]
Event: 14195.815 Thread 0x000002bb23650050 4991       2       java.util.stream.ReferencePipeline$2$1::begin (13 bytes)
Event: 14195.815 Thread 0x000002bb23650050 nmethod 4991 0x000002bb110ab310 code [0x000002bb110ab4c0, 0x000002bb110ab600]
Event: 14195.815 Thread 0x000002bb23650050 4992       2       java.util.stream.ReduceOps$3ReducingSink::begin (14 bytes)
Event: 14195.815 Thread 0x000002bb235dc890 4990       4       java.util.RegularEnumSet::contains (57 bytes)
Event: 14195.818 Thread 0x000002bb235dc890 nmethod 4990 0x000002bb1852af90 code [0x000002bb1852b120, 0x000002bb1852b2b8]
Event: 14195.865 Thread 0x000002bb23650050 nmethod 4992 0x000002bb110ab690 code [0x000002bb110ab840, 0x000002bb110ab9d0]
Event: 14201.379 Thread 0x000002bb235dc890 4993       4       java.lang.ThreadLocal$ThreadLocalMap::expungeStaleEntry (146 bytes)
Event: 14201.397 Thread 0x000002bb235dc890 nmethod 4993 0x000002bb1852b390 code [0x000002bb1852b560, 0x000002bb1852bc18]
Event: 14201.398 Thread 0x000002bb235dc890 4994   !   4       org.gradle.internal.concurrent.ExecutorPolicy$CatchAndRecordFailures::onExecute (29 bytes)
Event: 14201.412 Thread 0x000002bb235dc890 nmethod 4994 0x000002bb1852bf90 code [0x000002bb1852c160, 0x000002bb1852c358]
Event: 14201.412 Thread 0x000002bb235dc890 4995       4       java.lang.ThreadLocal::remove (8 bytes)
Event: 14201.440 Thread 0x000002bb235dc890 nmethod 4995 0x000002bb1852c510 code [0x000002bb1852c700, 0x000002bb1852cf08]
Event: 14201.452 Thread 0x000002bb235dc890 4996       4       java.util.ArrayList$ArrayListSpliterator::forEachRemaining (127 bytes)
Event: 14201.519 Thread 0x000002bb235dc890 nmethod 4996 0x000002bb1852d410 code [0x000002bb1852d620, 0x000002bb1852e380]
Event: 14201.519 Thread 0x000002bb235dc890 4997       4       java.util.concurrent.ThreadPoolExecutor$Worker::unlock (7 bytes)
Event: 14201.522 Thread 0x000002bb235dc890 nmethod 4997 0x000002bb1852e910 code [0x000002bb1852eac0, 0x000002bb1852ec48]
Event: 14201.561 Thread 0x000002bb235dc890 4998   !   4       java.util.concurrent.ThreadPoolExecutor::getTask (177 bytes)
Event: 14201.675 Thread 0x000002bb235dc890 nmethod 4998 0x000002bb1852ed10 code [0x000002bb1852f0c0, 0x000002bb18530670]
Event: 14201.692 Thread 0x000002bb235dc890 4999       4       java.util.concurrent.ScheduledThreadPoolExecutor$ScheduledFutureTask::run (57 bytes)

GC Heap History (12 events):
Event: 38.721 GC heap before
{Heap before GC invocations=0 (full 0):
 garbage-first heap   total 262144K, used 26624K [0x00000000e0000000, 0x0000000100000000)
  region size 1024K, 23 young (23552K), 0 survivors (0K)
 Metaspace       used 1100K, committed 1216K, reserved 393216K
  class space    used 80K, committed 128K, reserved 327680K
}
Event: 39.008 GC heap after
{Heap after GC invocations=1 (full 0):
 garbage-first heap   total 262144K, used 10282K [0x00000000e0000000, 0x0000000100000000)
  region size 1024K, 3 young (3072K), 3 survivors (3072K)
 Metaspace       used 1100K, committed 1216K, reserved 393216K
  class space    used 80K, committed 128K, reserved 327680K
}
Event: 78.495 GC heap before
{Heap before GC invocations=1 (full 0):
 garbage-first heap   total 262144K, used 41002K [0x00000000e0000000, 0x0000000100000000)
  region size 1024K, 33 young (33792K), 3 survivors (3072K)
 Metaspace       used 4312K, committed 4480K, reserved 393216K
  class space    used 545K, committed 640K, reserved 327680K
}
Event: 78.533 GC heap after
{Heap after GC invocations=2 (full 0):
 garbage-first heap   total 262144K, used 12060K [0x00000000e0000000, 0x0000000100000000)
  region size 1024K, 2 young (2048K), 2 survivors (2048K)
 Metaspace       used 4312K, committed 4480K, reserved 393216K
  class space    used 545K, committed 640K, reserved 327680K
}
Event: 153.506 GC heap before
{Heap before GC invocations=2 (full 0):
 garbage-first heap   total 262144K, used 67356K [0x00000000e0000000, 0x0000000100000000)
  region size 1024K, 54 young (55296K), 2 survivors (2048K)
 Metaspace       used 8204K, committed 8576K, reserved 393216K
  class space    used 1130K, committed 1344K, reserved 327680K
}
Event: 153.517 GC heap after
{Heap after GC invocations=3 (full 0):
 garbage-first heap   total 262144K, used 19143K [0x00000000e0000000, 0x0000000100000000)
  region size 1024K, 7 young (7168K), 7 survivors (7168K)
 Metaspace       used 8204K, committed 8576K, reserved 393216K
  class space    used 1130K, committed 1344K, reserved 327680K
}
Event: 250.710 GC heap before
{Heap before GC invocations=3 (full 0):
 garbage-first heap   total 262144K, used 99015K [0x00000000e0000000, 0x0000000100000000)
  region size 1024K, 86 young (88064K), 7 survivors (7168K)
 Metaspace       used 20846K, committed 21504K, reserved 393216K
  class space    used 3044K, committed 3328K, reserved 327680K
}
Event: 250.729 GC heap after
{Heap after GC invocations=4 (full 0):
 garbage-first heap   total 262144K, used 25496K [0x00000000e0000000, 0x0000000100000000)
  region size 1024K, 14 young (14336K), 14 survivors (14336K)
 Metaspace       used 20846K, committed 21504K, reserved 393216K
  class space    used 3044K, committed 3328K, reserved 327680K
}
Event: 1720.435 GC heap before
{Heap before GC invocations=5 (full 0):
 garbage-first heap   total 262144K, used 167832K [0x00000000e0000000, 0x0000000100000000)
  region size 1024K, 153 young (156672K), 14 survivors (14336K)
 Metaspace       used 29824K, committed 30976K, reserved 393216K
  class space    used 4521K, committed 5056K, reserved 327680K
}
Event: 1720.624 GC heap after
{Heap after GC invocations=6 (full 0):
 garbage-first heap   total 262144K, used 28809K [0x00000000e0000000, 0x0000000100000000)
  region size 1024K, 10 young (10240K), 10 survivors (10240K)
 Metaspace       used 29824K, committed 30976K, reserved 393216K
  class space    used 4521K, committed 5056K, reserved 327680K
}
Event: 4233.607 GC heap before
{Heap before GC invocations=6 (full 0):
 garbage-first heap   total 262144K, used 175241K [0x00000000e0000000, 0x0000000100000000)
  region size 1024K, 153 young (156672K), 10 survivors (10240K)
 Metaspace       used 30201K, committed 31360K, reserved 393216K
  class space    used 4571K, committed 5120K, reserved 327680K
}
Event: 4233.764 GC heap after
{Heap after GC invocations=7 (full 0):
 garbage-first heap   total 262144K, used 28994K [0x00000000e0000000, 0x0000000100000000)
  region size 1024K, 9 young (9216K), 9 survivors (9216K)
 Metaspace       used 30201K, committed 31360K, reserved 393216K
  class space    used 4571K, committed 5120K, reserved 327680K
}

Dll operation events (20 events):
Event: 8.707 Attempting to load shared library C:\Users\Dawit.DAWITA\.vscode\extensions\redhat.java-1.56.0-win32-x64\jre\21.0.12.1-win32-x86_64\bin\nio.dll
Event: 8.711 Loaded shared library C:\Users\Dawit.DAWITA\.vscode\extensions\redhat.java-1.56.0-win32-x64\jre\21.0.12.1-win32-x86_64\bin\nio.dll
Event: 8.724 Attempting to load shared library C:\Users\Dawit.DAWITA\.vscode\extensions\redhat.java-1.56.0-win32-x64\jre\21.0.12.1-win32-x86_64\bin\zip.dll
Event: 8.724 Loaded shared library C:\Users\Dawit.DAWITA\.vscode\extensions\redhat.java-1.56.0-win32-x64\jre\21.0.12.1-win32-x86_64\bin\zip.dll
Event: 31.618 Attempting to load shared library C:\Users\Dawit.DAWITA\.vscode\extensions\redhat.java-1.56.0-win32-x64\jre\21.0.12.1-win32-x86_64\bin\jimage.dll
Event: 31.618 Loaded shared library C:\Users\Dawit.DAWITA\.vscode\extensions\redhat.java-1.56.0-win32-x64\jre\21.0.12.1-win32-x86_64\bin\jimage.dll
Event: 39.041 Attempting to load shared library C:\Users\Dawit.DAWITA\.vscode\extensions\redhat.java-1.56.0-win32-x64\jre\21.0.12.1-win32-x86_64\bin\verify.dll
Event: 39.042 Loaded shared library C:\Users\Dawit.DAWITA\.vscode\extensions\redhat.java-1.56.0-win32-x64\jre\21.0.12.1-win32-x86_64\bin\verify.dll
Event: 46.725 Attempting to load shared library C:\Users\Dawit.DAWITA\.gradle\native\c067742578af261105cb4f569cf0c3c89f3d7b1fecec35dd04571415982c5e48\windows-amd64\native-platform.dll
Event: 46.734 Loaded shared library C:\Users\Dawit.DAWITA\.gradle\native\c067742578af261105cb4f569cf0c3c89f3d7b1fecec35dd04571415982c5e48\windows-amd64\native-platform.dll
Event: 46.755 Attempting to load shared library C:\Users\Dawit.DAWITA\.gradle\native\100fb08df4bc3b14c8652ba06237920a3bd2aa13389f12d3474272988ae205f9\windows-amd64\native-platform-file-events.dll
Event: 46.762 Loaded shared library C:\Users\Dawit.DAWITA\.gradle\native\100fb08df4bc3b14c8652ba06237920a3bd2aa13389f12d3474272988ae205f9\windows-amd64\native-platform-file-events.dll
Event: 139.676 Attempting to load shared library C:\Users\Dawit.DAWITA\.vscode\extensions\redhat.java-1.56.0-win32-x64\jre\21.0.12.1-win32-x86_64\bin\management.dll
Event: 139.677 Loaded shared library C:\Users\Dawit.DAWITA\.vscode\extensions\redhat.java-1.56.0-win32-x64\jre\21.0.12.1-win32-x86_64\bin\management.dll
Event: 139.683 Attempting to load shared library C:\Users\Dawit.DAWITA\.vscode\extensions\redhat.java-1.56.0-win32-x64\jre\21.0.12.1-win32-x86_64\bin\management_ext.dll
Event: 139.684 Loaded shared library C:\Users\Dawit.DAWITA\.vscode\extensions\redhat.java-1.56.0-win32-x64\jre\21.0.12.1-win32-x86_64\bin\management_ext.dll
Event: 155.233 Attempting to load shared library C:\Users\Dawit.DAWITA\.vscode\extensions\redhat.java-1.56.0-win32-x64\jre\21.0.12.1-win32-x86_64\bin\extnet.dll
Event: 155.233 Loaded shared library C:\Users\Dawit.DAWITA\.vscode\extensions\redhat.java-1.56.0-win32-x64\jre\21.0.12.1-win32-x86_64\bin\extnet.dll
Event: 177.933 Attempting to load shared library C:\Users\Dawit.DAWITA\.vscode\extensions\redhat.java-1.56.0-win32-x64\jre\21.0.12.1-win32-x86_64\bin\sunmscapi.dll
Event: 177.943 Loaded shared library C:\Users\Dawit.DAWITA\.vscode\extensions\redhat.java-1.56.0-win32-x64\jre\21.0.12.1-win32-x86_64\bin\sunmscapi.dll

Deoptimization events (20 events):
Event: 4908.728 Thread 0x000002bb3e3cee10 DEOPT PACKING pc=0x000002bb184a2348 sp=0x000000d94fcf6730
Event: 4908.728 Thread 0x000002bb3e3cee10 DEOPT UNPACKING pc=0x000002bb17c84422 sp=0x000000d94fcf6658 mode 2
Event: 4908.744 Thread 0x000002bb3e3cee10 Uncommon trap: trap_request=0xffffffde fr.pc=0x000002bb184a2348 relative=0x0000000000000208
Event: 4908.744 Thread 0x000002bb3e3cee10 Uncommon trap: reason=class_check action=maybe_recompile pc=0x000002bb184a2348 method=java.util.stream.Sink$ChainedReference.begin(J)V @ 5 c2
Event: 4908.744 Thread 0x000002bb3e3cee10 DEOPT PACKING pc=0x000002bb184a2348 sp=0x000000d94fcf6730
Event: 4908.744 Thread 0x000002bb3e3cee10 DEOPT UNPACKING pc=0x000002bb17c84422 sp=0x000000d94fcf6658 mode 2
Event: 4911.567 Thread 0x000002bb3e3cee10 Uncommon trap: trap_request=0xffffff45 fr.pc=0x000002bb1827d860 relative=0x00000000000005c0
Event: 4911.567 Thread 0x000002bb3e3cee10 Uncommon trap: reason=unstable_if action=reinterpret pc=0x000002bb1827d860 method=java.util.Properties$LineReader.readLine()I @ 95 c2
Event: 4911.567 Thread 0x000002bb3e3cee10 DEOPT PACKING pc=0x000002bb1827d860 sp=0x000000d94fcf8b60
Event: 4911.568 Thread 0x000002bb3e3cee10 DEOPT UNPACKING pc=0x000002bb17c84422 sp=0x000000d94fcf8b10 mode 2
Event: 4911.590 Thread 0x000002bb3e3cee10 Uncommon trap: trap_request=0xffffffc6 fr.pc=0x000002bb183bc148 relative=0x0000000000000268
Event: 4911.590 Thread 0x000002bb3e3cee10 Uncommon trap: reason=bimorphic_or_optimized_type_check action=maybe_recompile pc=0x000002bb183bc148 method=java.util.regex.Pattern$BmpCharProperty.match(Ljava/util/regex/Matcher;ILjava/lang/CharSequence;)Z @ 19 c2
Event: 4911.590 Thread 0x000002bb3e3cee10 DEOPT PACKING pc=0x000002bb183bc148 sp=0x000000d94fcf8830
Event: 4911.590 Thread 0x000002bb3e3cee10 DEOPT UNPACKING pc=0x000002bb17c84422 sp=0x000000d94fcf87c8 mode 2
Event: 4911.590 Thread 0x000002bb3e3cee10 Uncommon trap: trap_request=0xffffffc6 fr.pc=0x000002bb183bc148 relative=0x0000000000000268
Event: 4911.590 Thread 0x000002bb3e3cee10 Uncommon trap: reason=bimorphic_or_optimized_type_check action=maybe_recompile pc=0x000002bb183bc148 method=java.util.regex.Pattern$BmpCharProperty.match(Ljava/util/regex/Matcher;ILjava/lang/CharSequence;)Z @ 19 c2
Event: 4911.590 Thread 0x000002bb3e3cee10 DEOPT PACKING pc=0x000002bb183bc148 sp=0x000000d94fcf8830
Event: 4911.590 Thread 0x000002bb3e3cee10 DEOPT UNPACKING pc=0x000002bb17c84422 sp=0x000000d94fcf87c8 mode 2
Event: 4911.671 Thread 0x000002bb3e3cee10 DEOPT PACKING pc=0x000002bb10c5f546 sp=0x000000d94fcf7f50
Event: 4911.671 Thread 0x000002bb3e3cee10 DEOPT UNPACKING pc=0x000002bb17c84bc2 sp=0x000000d94fcf74d0 mode 0

Classes loaded (20 events):
Event: 4913.160 Loading class java/awt/LayoutManager
Event: 4913.160 Loading class java/awt/LayoutManager done
Event: 4913.160 Loading class java/awt/event/ItemEvent
Event: 4913.161 Loading class java/awt/event/ItemEvent done
Event: 4913.169 Loading class javax/swing/event/TableModelEvent
Event: 4913.169 Loading class javax/swing/event/TableModelEvent done
Event: 14201.385 Loading class java/time/YearMonth
Event: 14201.429 Loading class java/time/YearMonth done
Event: 14201.429 Loading class java/time/OffsetTime
Event: 14201.451 Loading class java/time/OffsetTime done
Event: 14201.451 Loading class java/time/ZonedDateTime
Event: 14201.511 Loading class java/time/chrono/ChronoZonedDateTime
Event: 14201.514 Loading class java/time/chrono/ChronoZonedDateTime done
Event: 14201.514 Loading class java/time/ZonedDateTime done
Event: 14201.684 Loading class java/time/OffsetDateTime
Event: 14201.686 Loading class java/time/OffsetDateTime done
Event: 14201.686 Loading class java/time/Year
Event: 14201.692 Loading class java/time/Year done
Event: 14201.693 Loading class java/time/format/FormatStyle
Event: 14201.728 Loading class java/time/format/FormatStyle done

Classes unloaded (0 events):
No events

Classes redefined (0 events):
No events

Internal exceptions (20 events):
Event: 301.193 Thread 0x000002bb3e3cee10 Exception <a 'java/lang/NoSuchMethodError'{0x00000000ebd214a8}: 'java.lang.Object java.lang.invoke.DirectMethodHandle$Holder.invokeVirtual(java.lang.Object, java.lang.Object, int)'> (0x00000000ebd214a8) 
thrown [s\src\hotspot\share\interpreter\linkResolver.cpp, line 773]
Event: 2959.746 Thread 0x000002bb3e3cee10 Exception <a 'java/lang/NoSuchMethodError'{0x00000000ebcaf8c8}: 'java.lang.Object java.lang.invoke.DirectMethodHandle$Holder.invokeStatic(java.lang.Object, java.lang.Object, int, java.lang.Object)'> (0x00000000ebcaf8c8) 
thrown [s\src\hotspot\share\interpreter\linkResolver.cpp, line 773]
Event: 2960.162 Thread 0x000002bb3e3cee10 Exception <a 'java/lang/NoSuchMethodError'{0x00000000ebcb6cb0}: 'java.lang.Object java.lang.invoke.DirectMethodHandle$Holder.newInvokeSpecial(java.lang.Object, java.lang.Object, int, java.lang.Object)'> (0x00000000ebcb6cb0) 
thrown [s\src\hotspot\share\interpreter\linkResolver.cpp, line 773]
Event: 2960.190 Thread 0x000002bb3e3cee10 Exception <a 'java/lang/NoSuchMethodError'{0x00000000ebcbb3d8}: 'java.lang.Object java.lang.invoke.DirectMethodHandle$Holder.invokeSpecial(java.lang.Object, java.lang.Object, java.lang.Object, int, java.lang.Object)'> (0x00000000ebcbb3d8) 
thrown [s\src\hotspot\share\interpreter\linkResolver.cpp, line 773]
Event: 2967.378 Thread 0x000002bb3e3cee10 Implicit null exception at 0x000002bb18446916 to 0x000002bb18446dec
Event: 2967.378 Thread 0x000002bb3e3cee10 Implicit null exception at 0x000002bb1845b158 to 0x000002bb1845b668
Event: 2967.378 Thread 0x000002bb3e3cee10 Implicit null exception at 0x000002bb18445d39 to 0x000002bb18446210
Event: 4418.753 Thread 0x000002bb3e0f8de0 Implicit null exception at 0x000002bb18232820 to 0x000002bb18232dd8
Event: 4900.277 Thread 0x000002bb3e3cee10 Exception <a 'java/lang/NoSuchMethodError'{0x00000000ed1ed8f8}: 'void java.lang.invoke.DirectMethodHandle$Holder.invokeInterface(java.lang.Object, java.lang.Object, java.lang.Object, java.lang.Object, java.lang.Object, java.lang.Object, java.lang.Object)'> (0x00000000ed1ed8f8) 
thrown [s\src\hotspot\share\interpreter\linkResolver.cpp, line 773]
Event: 4900.400 Thread 0x000002bb3e3cee10 Exception <a 'java/lang/NoSuchMethodError'{0x00000000ed1f2210}: 'void java.lang.invoke.DelegatingMethodHandle$Holder.reinvoke_L(java.lang.Object, java.lang.Object, java.lang.Object, java.lang.Object, java.lang.Object, java.lang.Object, java.lang.Object)'> (0x00000000ed1f2210) 
thrown [s\src\hotspot\share\interpreter\linkResolver.cpp, line 773]
Event: 4902.076 Thread 0x000002bb3e3cee10 Implicit null exception at 0x000002bb183c4d9a to 0x000002bb183c4ff8
Event: 4903.301 Thread 0x000002bb3e3cee10 Implicit null exception at 0x000002bb184df60b to 0x000002bb184e7530
Event: 4903.877 Thread 0x000002bb3e3cee10 Exception <a 'java/lang/NoSuchMethodError'{0x00000000ecc0f200}: 'java.lang.Object java.lang.invoke.DirectMethodHandle$Holder.invokeSpecial(java.lang.Object, java.lang.Object, java.lang.Object, int, java.lang.Object, java.lang.Object)'> (0x00000000ecc0f200) 
thrown [s\src\hotspot\share\interpreter\linkResolver.cpp, line 773]
Event: 4907.136 Thread 0x000002bb3e3cee10 Implicit null exception at 0x000002bb18308c52 to 0x000002bb183091a0
Event: 4907.139 Thread 0x000002bb3e3cee10 Implicit null exception at 0x000002bb183a5c24 to 0x000002bb183a5fb0
Event: 4907.140 Thread 0x000002bb3e3cee10 Implicit null exception at 0x000002bb183a7931 to 0x000002bb183a8244
Event: 4907.140 Thread 0x000002bb3e3cee10 Exception <a 'java/lang/NoSuchMethodError'{0x00000000ec8f1998}: 'java.lang.reflect.Method[] java.lang.Class.getDeclaredMethods(java.lang.Class)'> (0x00000000ec8f1998) 
thrown [s\src\hotspot\share\interpreter\linkResolver.cpp, line 773]
Event: 4907.899 Thread 0x000002bb3e3cee10 Exception <a 'java/lang/NoSuchMethodError'{0x00000000ec681be0}: 'void java.lang.invoke.DirectMethodHandle$Holder.invokeStaticInit(java.lang.Object, java.lang.Object, java.lang.Object)'> (0x00000000ec681be0) 
thrown [s\src\hotspot\share\interpreter\linkResolver.cpp, line 773]
Event: 4908.033 Thread 0x000002bb3e3cee10 Exception <a 'java/lang/NoSuchMethodError'{0x00000000ec6a5cd8}: 'void java.lang.invoke.DirectMethodHandle$Holder.invokeStaticInit(java.lang.Object, java.lang.Object, java.lang.Object, java.lang.Object, java.lang.Object)'> (0x00000000ec6a5cd8) 
thrown [s\src\hotspot\share\interpreter\linkResolver.cpp, line 773]
Event: 4908.656 Thread 0x000002bb3e3cee10 Exception <a 'java/lang/NoSuchMethodError'{0x00000000ec6fe978}: 'int java.lang.invoke.DirectMethodHandle$Holder.invokeStaticInit(java.lang.Object, java.lang.Object, java.lang.Object, java.lang.Object)'> (0x00000000ec6fe978) 
thrown [s\src\hotspot\share\interpreter\linkResolver.cpp, line 773]

ZGC Phase Switch (0 events):
No events

VM Operations (20 events):
Event: 4907.488 Executing safepoint VM operation: Cleanup
Event: 4907.597 Executing safepoint VM operation: Cleanup done
Event: 4908.612 Executing safepoint VM operation: Cleanup
Event: 4908.642 Executing safepoint VM operation: Cleanup done
Event: 4909.648 Executing safepoint VM operation: Cleanup
Event: 4909.679 Executing safepoint VM operation: Cleanup done
Event: 4910.685 Executing safepoint VM operation: Cleanup
Event: 4910.702 Executing safepoint VM operation: Cleanup done
Event: 4911.711 Executing safepoint VM operation: Cleanup
Event: 4911.818 Executing safepoint VM operation: Cleanup done
Event: 4912.058 Executing non-safepoint VM operation: HandshakeAllThreads (Deoptimize)
Event: 4912.058 Executing non-safepoint VM operation: HandshakeAllThreads (Deoptimize) done
Event: 4914.087 Executing safepoint VM operation: Cleanup
Event: 14195.246 Executing safepoint VM operation: Cleanup done
Event: 14195.523 Executing non-safepoint VM operation: HandshakeAllThreads (HandshakeForDeflation)
Event: 14196.971 Executing non-safepoint VM operation: HandshakeAllThreads (HandshakeForDeflation) done
Event: 14196.971 Executing safepoint VM operation: Cleanup
Event: 14201.377 Executing safepoint VM operation: Cleanup done
Event: 14201.377 Executing non-safepoint VM operation: RendezvousGCThreads
Event: 14201.377 Executing non-safepoint VM operation: RendezvousGCThreads done

Memory protections (0 events):
No events

Nmethod flushes (0 events):
No events

Events (20 events):
Event: 181.136 Thread 0x000002bb3e3cee10 Thread added: 0x000002bb3e74b290
Event: 181.152 Thread 0x000002bb3e3cee10 Thread added: 0x000002bb3e749850
Event: 199.547 Thread 0x000002bb3e3cee10 Thread added: 0x000002bb3e7484a0
Event: 199.582 Thread 0x000002bb3e3cee10 Thread added: 0x000002bb3e74ac00
Event: 201.576 Thread 0x000002bb3e74ac00 Thread added: 0x000002bb3e7491c0
Event: 201.617 Thread 0x000002bb3e3cee10 Thread added: 0x000002bb3e74b920
Event: 252.565 Thread 0x000002bb3e3cee10 Thread added: 0x000002bb3e74a570
Event: 253.436 Thread 0x000002bb3e3cee10 Thread added: 0x000002bb3e748b30
Event: 265.021 Thread 0x000002bb3e3cee10 Thread added: 0x000002bb3f624ce0
Event: 265.254 Thread 0x000002bb3e3cee10 Thread added: 0x000002bb3f626090
Event: 274.873 Thread 0x000002bb3e3cee10 Thread added: 0x000002bb3f624650
Event: 277.256 Thread 0x000002bb3e3cee10 Thread added: 0x000002bb3f622c10
Event: 285.636 Thread 0x000002bb3e3cee10 Thread added: 0x000002bb3f626720
Event: 291.964 Thread 0x000002bb3e3cee10 Thread added: 0x000002bb3f625370
Event: 389.169 Thread 0x000002bb3e7491c0 Thread exited: 0x000002bb3e7491c0
Event: 2956.335 Thread 0x000002bb3e74ac00 Thread added: 0x000002bb3f6232a0
Event: 2960.255 Thread 0x000002bb3e3cee10 Thread added: 0x000002bb3f626db0
Event: 3030.960 Thread 0x000002bb3f6232a0 Thread exited: 0x000002bb3f6232a0
Event: 4882.896 Thread 0x000002bb3e74ac00 Thread added: 0x000002bb3f6232a0
Event: 4883.379 Thread 0x000002bb3e3cee10 Thread added: 0x000002bb3f623930


Dynamic libraries:
0x00007ff78b490000 - 0x00007ff78b49e000 	C:\Users\Dawit.DAWITA\.vscode\extensions\redhat.java-1.56.0-win32-x64\jre\21.0.12.1-win32-x86_64\bin\java.exe
0x00007ffaf8ac0000 - 0x00007ffaf8d27000 	C:\WINDOWS\SYSTEM32\ntdll.dll
0x00007ffaf6c70000 - 0x00007ffaf6d3b000 	C:\WINDOWS\System32\KERNEL32.DLL
0x00007ffaf5e10000 - 0x00007ffaf6211000 	C:\WINDOWS\System32\KERNELBASE.dll
0x00007ffaf6680000 - 0x00007ffaf67cc000 	C:\WINDOWS\System32\ucrtbase.dll
0x00007ffa513b0000 - 0x00007ffa513c8000 	C:\Users\Dawit.DAWITA\.vscode\extensions\redhat.java-1.56.0-win32-x64\jre\21.0.12.1-win32-x86_64\bin\jli.dll
0x00007ffaf8050000 - 0x00007ffaf8227000 	C:\WINDOWS\System32\USER32.dll
0x00007ffaf62e0000 - 0x00007ffaf6307000 	C:\WINDOWS\System32\win32u.dll
0x00007ffaf74f0000 - 0x00007ffaf751b000 	C:\WINDOWS\System32\GDI32.dll
0x00007ffaf6550000 - 0x00007ffaf6678000 	C:\WINDOWS\System32\gdi32full.dll
0x00007ffaf6310000 - 0x00007ffaf63b3000 	C:\WINDOWS\System32\msvcp_win.dll
0x00007ffa51390000 - 0x00007ffa513ae000 	C:\Users\Dawit.DAWITA\.vscode\extensions\redhat.java-1.56.0-win32-x64\jre\21.0.12.1-win32-x86_64\bin\VCRUNTIME140.dll
0x00007ffada7a0000 - 0x00007ffadaa30000 	C:\WINDOWS\WinSxS\amd64_microsoft.windows.common-controls_6595b64144ccf1df_6.0.26100.9549_none_3e0a0396e3330090\COMCTL32.dll
0x00007ffaf6b70000 - 0x00007ffaf6c19000 	C:\WINDOWS\System32\msvcrt.dll
0x00007ffaf7d50000 - 0x00007ffaf7d81000 	C:\WINDOWS\System32\IMM32.DLL
0x00007ffabfdc0000 - 0x00007ffabfdcc000 	C:\Users\Dawit.DAWITA\.vscode\extensions\redhat.java-1.56.0-win32-x64\jre\21.0.12.1-win32-x86_64\bin\vcruntime140_1.dll
0x00007ffa51300000 - 0x00007ffa5138d000 	C:\Users\Dawit.DAWITA\.vscode\extensions\redhat.java-1.56.0-win32-x64\jre\21.0.12.1-win32-x86_64\bin\msvcp140.dll
0x00007ffa50490000 - 0x00007ffa51232000 	C:\Users\Dawit.DAWITA\.vscode\extensions\redhat.java-1.56.0-win32-x64\jre\21.0.12.1-win32-x86_64\bin\server\jvm.dll
0x00007ffaf8950000 - 0x00007ffaf8a0b000 	C:\WINDOWS\System32\ADVAPI32.dll
0x00007ffaf8230000 - 0x00007ffaf82d8000 	C:\WINDOWS\System32\sechost.dll
0x00007ffaf7f30000 - 0x00007ffaf8048000 	C:\WINDOWS\System32\RPCRT4.dll
0x00007ffaf8710000 - 0x00007ffaf8791000 	C:\WINDOWS\System32\WS2_32.dll
0x00007ffaf5b10000 - 0x00007ffaf5b6e000 	C:\WINDOWS\SYSTEM32\POWRPROF.dll
0x00007ffadc210000 - 0x00007ffadc247000 	C:\WINDOWS\SYSTEM32\WINMM.dll
0x00007ffae7c80000 - 0x00007ffae7c8b000 	C:\WINDOWS\SYSTEM32\VERSION.dll
0x00007ffaf5af0000 - 0x00007ffaf5b05000 	C:\WINDOWS\SYSTEM32\UMPDC.dll
0x00007ffaf4960000 - 0x00007ffaf497b000 	C:\WINDOWS\SYSTEM32\kernel.appcore.dll
0x00007ffaba930000 - 0x00007ffaba93a000 	C:\Users\Dawit.DAWITA\.vscode\extensions\redhat.java-1.56.0-win32-x64\jre\21.0.12.1-win32-x86_64\bin\jimage.dll
0x00007ffaf29d0000 - 0x00007ffaf2c1c000 	C:\WINDOWS\SYSTEM32\DBGHELP.DLL
0x00007ffaf67e0000 - 0x00007ffaf6b6a000 	C:\WINDOWS\System32\combase.dll
0x00007ffaf8450000 - 0x00007ffaf8529000 	C:\WINDOWS\System32\OLEAUT32.dll
0x00007ffad6b70000 - 0x00007ffad6bab000 	C:\WINDOWS\SYSTEM32\dbgcore.DLL
0x00007ffaf6220000 - 0x00007ffaf62cc000 	C:\WINDOWS\System32\bcryptPrimitives.dll
0x00007ffae81f0000 - 0x00007ffae81ff000 	C:\Users\Dawit.DAWITA\.vscode\extensions\redhat.java-1.56.0-win32-x64\jre\21.0.12.1-win32-x86_64\bin\instrument.dll
0x00007ffa50470000 - 0x00007ffa50490000 	C:\Users\Dawit.DAWITA\.vscode\extensions\redhat.java-1.56.0-win32-x64\jre\21.0.12.1-win32-x86_64\bin\java.dll
0x00007ffaf6d40000 - 0x00007ffaf74dc000 	C:\WINDOWS\System32\SHELL32.dll
0x00007ffaf3740000 - 0x00007ffaf3fed000 	C:\WINDOWS\SYSTEM32\windows.storage.dll
0x00007ffaf87a0000 - 0x00007ffaf8899000 	C:\WINDOWS\System32\SHCORE.dll
0x00007ffaf8a10000 - 0x00007ffaf8a76000 	C:\WINDOWS\System32\shlwapi.dll
0x00007ffaf5bd0000 - 0x00007ffaf5bf9000 	C:\WINDOWS\SYSTEM32\profapi.dll
0x00007ffa503f0000 - 0x00007ffa50408000 	C:\Users\Dawit.DAWITA\.vscode\extensions\redhat.java-1.56.0-win32-x64\jre\21.0.12.1-win32-x86_64\bin\zip.dll
0x00007ffaae710000 - 0x00007ffaae720000 	C:\Users\Dawit.DAWITA\.vscode\extensions\redhat.java-1.56.0-win32-x64\jre\21.0.12.1-win32-x86_64\bin\net.dll
0x00007ffae7750000 - 0x00007ffae787a000 	C:\WINDOWS\SYSTEM32\WINHTTP.dll
0x00007ffaf4f20000 - 0x00007ffaf4f8c000 	C:\WINDOWS\system32\mswsock.dll
0x00007ffa51860000 - 0x00007ffa51876000 	C:\Users\Dawit.DAWITA\.vscode\extensions\redhat.java-1.56.0-win32-x64\jre\21.0.12.1-win32-x86_64\bin\nio.dll
0x00007ffae81e0000 - 0x00007ffae81f0000 	C:\Users\Dawit.DAWITA\.vscode\extensions\redhat.java-1.56.0-win32-x64\jre\21.0.12.1-win32-x86_64\bin\verify.dll
0x00007ffa520f0000 - 0x00007ffa52117000 	C:\Users\Dawit.DAWITA\.gradle\native\c067742578af261105cb4f569cf0c3c89f3d7b1fecec35dd04571415982c5e48\windows-amd64\native-platform.dll
0x00007ffa71ca0000 - 0x00007ffa71de4000 	C:\Users\Dawit.DAWITA\.gradle\native\100fb08df4bc3b14c8652ba06237920a3bd2aa13389f12d3474272988ae205f9\windows-amd64\native-platform-file-events.dll
0x00007ffad7980000 - 0x00007ffad798a000 	C:\Users\Dawit.DAWITA\.vscode\extensions\redhat.java-1.56.0-win32-x64\jre\21.0.12.1-win32-x86_64\bin\management.dll
0x00007ffad7970000 - 0x00007ffad797c000 	C:\Users\Dawit.DAWITA\.vscode\extensions\redhat.java-1.56.0-win32-x64\jre\21.0.12.1-win32-x86_64\bin\management_ext.dll
0x00007ffaf88c0000 - 0x00007ffaf88c8000 	C:\WINDOWS\System32\PSAPI.DLL
0x00007ffaf5210000 - 0x00007ffaf522b000 	C:\WINDOWS\SYSTEM32\CRYPTSP.dll
0x00007ffaf48c0000 - 0x00007ffaf48f9000 	C:\WINDOWS\system32\rsaenh.dll
0x00007ffaf4fd0000 - 0x00007ffaf5004000 	C:\WINDOWS\SYSTEM32\USERENV.dll
0x00007ffaf5ba0000 - 0x00007ffaf5bca000 	C:\WINDOWS\SYSTEM32\bcrypt.dll
0x00007ffaf5230000 - 0x00007ffaf523c000 	C:\WINDOWS\SYSTEM32\CRYPTBASE.dll
0x00007ffaf43e0000 - 0x00007ffaf4413000 	C:\WINDOWS\SYSTEM32\IPHLPAPI.DLL
0x00007ffaf88b0000 - 0x00007ffaf88ba000 	C:\WINDOWS\System32\NSI.dll
0x00007ffa7d790000 - 0x00007ffa7d799000 	C:\Users\Dawit.DAWITA\.vscode\extensions\redhat.java-1.56.0-win32-x64\jre\21.0.12.1-win32-x86_64\bin\extnet.dll
0x00007ffa84180000 - 0x00007ffa8418e000 	C:\Users\Dawit.DAWITA\.vscode\extensions\redhat.java-1.56.0-win32-x64\jre\21.0.12.1-win32-x86_64\bin\sunmscapi.dll
0x00007ffaf63c0000 - 0x00007ffaf653f000 	C:\WINDOWS\System32\CRYPT32.dll
0x00007ffaf5470000 - 0x00007ffaf54a0000 	C:\WINDOWS\SYSTEM32\ncrypt.dll
0x00007ffaf5420000 - 0x00007ffaf545f000 	C:\WINDOWS\SYSTEM32\NTASN1.dll
0x00007ffac5700000 - 0x00007ffac5708000 	C:\WINDOWS\system32\wshunix.dll

JVMTI agents:
C:\Users\Dawit.DAWITA\.gradle\wrapper\dists\gradle-8.9-bin\90cnw93cvbtalezasaz0blq0a\gradle-8.9\lib\agents\gradle-instrumentation-agent-8.9.jar path:C:\Users\Dawit.DAWITA\.vscode\extensions\redhat.java-1.56.0-win32-x64\jre\21.0.12.1-win32-x86_64\bin\instrument.dll, loaded, initialized, instrumentlib options:none

dbghelp: loaded successfully - version: 4.0.5 - missing functions: none
symbol engine: initialized successfully - sym options: 0x614 - pdb path: .;C:\Users\Dawit.DAWITA\.vscode\extensions\redhat.java-1.56.0-win32-x64\jre\21.0.12.1-win32-x86_64\bin;C:\WINDOWS\SYSTEM32;C:\WINDOWS\WinSxS\amd64_microsoft.windows.common-controls_6595b64144ccf1df_6.0.26100.9549_none_3e0a0396e3330090;C:\Users\Dawit.DAWITA\.vscode\extensions\redhat.java-1.56.0-win32-x64\jre\21.0.12.1-win32-x86_64\bin\server;C:\Users\Dawit.DAWITA\.gradle\native\c067742578af261105cb4f569cf0c3c89f3d7b1fecec35dd04571415982c5e48\windows-amd64;C:\Users\Dawit.DAWITA\.gradle\native\100fb08df4bc3b14c8652ba06237920a3bd2aa13389f12d3474272988ae205f9\windows-amd64

VM Arguments:
jvm_args: --add-opens=java.base/java.util=ALL-UNNAMED --add-opens=java.base/java.lang=ALL-UNNAMED --add-opens=java.base/java.lang.invoke=ALL-UNNAMED --add-opens=java.prefs/java.util.prefs=ALL-UNNAMED --add-exports=jdk.compiler/com.sun.tools.javac.api=ALL-UNNAMED --add-exports=jdk.compiler/com.sun.tools.javac.util=ALL-UNNAMED --add-opens=java.base/java.nio.charset=ALL-UNNAMED --add-opens=java.base/java.net=ALL-UNNAMED --add-opens=java.base/java.util.concurrent.atomic=ALL-UNNAMED -XX:MaxMetaspaceSize=384m -XX:+HeapDumpOnOutOfMemoryError -Xms256m -Xmx512m -Dfile.encoding=utf8 -Duser.country=US -Duser.language=en -Duser.variant -javaagent:C:\Users\Dawit.DAWITA\.gradle\wrapper\dists\gradle-8.9-bin\90cnw93cvbtalezasaz0blq0a\gradle-8.9\lib\agents\gradle-instrumentation-agent-8.9.jar 
java_command: org.gradle.launcher.daemon.bootstrap.GradleDaemon 8.9
java_class_path (initial): C:\Users\Dawit.DAWITA\.gradle\wrapper\dists\gradle-8.9-bin\90cnw93cvbtalezasaz0blq0a\gradle-8.9\lib\gradle-daemon-main-8.9.jar
Launcher Type: SUN_STANDARD

[Global flags]
     intx CICompilerCount                          = 4                                         {product} {ergonomic}
   size_t CompressedClassSpaceSize                 = 335544320                                 {product} {ergonomic}
     uint ConcGCThreads                            = 2                                         {product} {ergonomic}
     uint G1ConcRefinementThreads                  = 8                                         {product} {ergonomic}
   size_t G1HeapRegionSize                         = 1048576                                   {product} {ergonomic}
    uintx GCDrainStackTargetSize                   = 64                                        {product} {ergonomic}
     bool HeapDumpOnOutOfMemoryError               = true                                   {manageable} {command line}
   size_t InitialHeapSize                          = 268435456                                 {product} {command line}
   size_t MarkStackSize                            = 4194304                                   {product} {ergonomic}
   size_t MaxHeapSize                              = 536870912                                 {product} {command line}
   size_t MaxMetaspaceSize                         = 402653184                                 {product} {command line}
   size_t MaxNewSize                               = 321912832                                 {product} {ergonomic}
   size_t MinHeapDeltaBytes                        = 1048576                                   {product} {ergonomic}
   size_t MinHeapSize                              = 268435456                                 {product} {command line}
    uintx NonNMethodCodeHeapSize                   = 5839372                                {pd product} {ergonomic}
    uintx NonProfiledCodeHeapSize                  = 122909434                              {pd product} {ergonomic}
    uintx ProfiledCodeHeapSize                     = 122909434                              {pd product} {ergonomic}
    uintx ReservedCodeCacheSize                    = 251658240                              {pd product} {ergonomic}
     bool SegmentedCodeCache                       = true                                      {product} {ergonomic}
   size_t SoftMaxHeapSize                          = 536870912                              {manageable} {ergonomic}
     bool UseCompressedOops                        = true                           {product lp64_product} {ergonomic}
     bool UseG1GC                                  = true                                      {product} {ergonomic}
     bool UseLargePagesIndividualAllocation        = false                                  {pd product} {ergonomic}

Logging:
Log output configuration:
 #0: stdout all=warning uptime,level,tags foldmultilines=false
 #1: stderr all=off uptime,level,tags foldmultilines=false

Release file:
JAVA_VERSION="21.0.12.1" 
MODULES="java.base java.compiler java.datatransfer java.xml java.prefs java.desktop java.instrument java.logging java.management java.security.sasl java.naming java.rmi java.management.rmi java.net.http java.scripting java.security.jgss java.transaction.xa java.sql java.sql.rowset java.xml.crypto java.se java.smartcardio jdk.accessibility jdk.internal.jvmstat jdk.attach jdk.charsets jdk.internal.opt jdk.zipfs jdk.compiler jdk.crypto.ec jdk.crypto.cryptoki jdk.crypto.mscapi jdk.dynalink jdk.internal.ed jdk.editpad jdk.hotspot.agent jdk.httpserver jdk.internal.le jdk.internal.vm.ci jdk.internal.vm.compiler jdk.internal.vm.compiler.management jdk.jartool jdk.javadoc jdk.jcmd jdk.management jdk.management.agent jdk.jconsole jdk.jdeps jdk.jdwp.agent jdk.jdi jdk.jfr jdk.jshell jdk.jsobject jdk.jstatd jdk.localedata jdk.management.jfr jdk.naming.dns jdk.naming.rmi jdk.net jdk.nio.mapmode jdk.random jdk.sctp jdk.security.auth jdk.security.jgss jdk.unsupported jdk.unsupported.desktop jdk.xml.dom" 

Environment Variables:
JAVA_HOME=C:\Users\Dawit.DAWITA\AppData\Local\Java\jdk-21.0.2+13
PATH=C:\Program Files (x86)\VMware\VMware Workstation\bin\;C:\Program Files (x86)\VMware\VMware Player\bin\;C:\Program Files\Common Files\Oracle\Java\javapath;C:\Program Files\Eclipse Adoptium\jdk-17.0.17.10-hotspot\bin;C:\Program Files\Eclipse Adoptium\jdk-21.0.9.10-hotspot\bin;C:\WINDOWS\system32;C:\WINDOWS;C:\WINDOWS\System32\Wbem;C:\WINDOWS\System32\WindowsPowerShell\v1.0\;C:\WINDOWS\System32\OpenSSH\;C:\Program Files\nodejs\;C:\Program Files\PyManager\;C:\Program Files\Git\cmd;C:\Program Files\WSL\;C:\Program Files\Docker\Docker\resources\bin;C:\Users\Dawit.DAWITA\AppData\Local\Java\jdk-21.0.2+13\bin;C:\Users\Dawit.DAWITA\AppData\Local\Microsoft\WindowsApps;C:\Users\Dawit.DAWITA\AppData\Local\Programs\Microsoft VS Code\bin;C:\Program Files\JetBrains\PyCharm Community Edition 2023.1.1\bin;;%USERPROFILE%\AppData\Local\Microsoft\WindowsApps
USERNAME=Dawit
OS=Windows_NT
PROCESSOR_IDENTIFIER=Intel64 Family 6 Model 142 Stepping 12, GenuineIntel
TMP=C:\Users\DAWIT~1.DAW\AppData\Local\Temp
TEMP=C:\Users\DAWIT~1.DAW\AppData\Local\Temp




Periodic native trim disabled

---------------  S Y S T E M  ---------------

OS:
 Windows 11 , 64 bit Build 26100 (10.0.26100.9549)
OS uptime: 0 days 5:28 hours
Hyper-V role detected

CPU: total 8 (initial active 8) (4 cores per cpu, 2 threads per core) family 6 model 142 stepping 12 microcode 0xfc, cx8, cmov, fxsr, ht, mmx, 3dnowpref, sse, sse2, sse3, ssse3, sse4.1, sse4.2, popcnt, lzcnt, tsc, tscinvbit, avx, avx2, aes, erms, clmul, bmi1, bmi2, adx, fma, vzeroupper, clflush, clflushopt, hv, rdtscp, f16c
Processor Information for the first 8 processors :
  Max Mhz: 1992, Current Mhz: 1792, Mhz Limit: 1792

Memory: 4k page, system-wide physical 32615M (303M free)
TotalPageFile size 130919M (AvailPageFile size 0M)
current process WorkingSet (physical memory assigned to process): 109M, peak: 236M
current process commit charge ("private bytes"): 424M, peak: 448M

vm_info: OpenJDK 64-Bit Server VM (21.0.12.1+1-LTS) for windows-amd64 JRE (21.0.12.1+1-LTS), built on 2026-08-18T00:00:00Z by "admin" with MS VC++ 17.12 (VS2022)

END.
