#
# There is insufficient memory for the Java Runtime Environment to continue.
# Native memory allocation (malloc) failed to allocate 1470576 bytes. Error detail: Chunk::new
# Possible reasons:
#   The system is out of physical RAM or swap space
#   This process is running with CompressedOops enabled, and the Java Heap may be blocking the growth of the native heap
# Possible solutions:
#   Reduce memory load on the system
#   Increase physical memory or swap space
#   Check if swap backing store is full
#   Decrease Java heap size (-Xmx/-Xms)
#   Decrease number of Java threads
#   Decrease Java thread stack sizes (-Xss)
#   Set larger code cache with -XX:ReservedCodeCacheSize=
#   JVM is running with Unscaled Compressed Oops mode in which the Java heap is
#     placed in the first 4GB address space. The Java Heap base address is the
#     maximum limit for the native heap growth. Please use -XX:HeapBaseMinAddress
#     to set the Java Heap base and to place the Java Heap above 4GB virtual address.
# This output file may be truncated or incomplete.
#
#  Out of Memory Error (arena.cpp:168), pid=89784, tid=34220
#
# JRE version: OpenJDK Runtime Environment Temurin-21.0.12.1+1 (21.0.12.1+1) (build 21.0.12.1+1-LTS)
# Java VM: OpenJDK 64-Bit Server VM Temurin-21.0.12.1+1 (21.0.12.1+1-LTS, mixed mode, sharing, tiered, compressed oops, compressed class ptrs, g1 gc, windows-amd64)
# No core dump will be written. Minidumps are not enabled by default on client versions of Windows
#

---------------  S U M M A R Y ------------

Command Line: --add-opens=java.base/java.lang=ALL-UNNAMED --add-opens=java.base/java.lang.invoke=ALL-UNNAMED --add-opens=java.base/java.util=ALL-UNNAMED --add-opens=java.prefs/java.util.prefs=ALL-UNNAMED --add-exports=jdk.compiler/com.sun.tools.javac.api=ALL-UNNAMED --add-exports=jdk.compiler/com.sun.tools.javac.util=ALL-UNNAMED --add-opens=java.base/java.util=ALL-UNNAMED --add-opens=java.prefs/java.util.prefs=ALL-UNNAMED --add-opens=java.base/java.nio.charset=ALL-UNNAMED --add-opens=java.base/java.net=ALL-UNNAMED --add-opens=java.base/java.util.concurrent.atomic=ALL-UNNAMED --add-opens=java.xml/javax.xml.namespace=ALL-UNNAMED -Xmx1536m -Dfile.encoding=UTF-8 -Duser.country=US -Duser.language=en -Duser.variant -javaagent:C:\Users\Dawit.DAWITA\.gradle\wrapper\dists\gradle-8.11.1-all\2qik7nd48slq1ooc2496ixf4i\gradle-8.11.1\lib\agents\gradle-instrumentation-agent-8.11.1.jar org.gradle.launcher.daemon.bootstrap.GradleDaemon 8.11.1

Host: Intel(R) Core(TM) i7-8565U CPU @ 1.80GHz, 8 cores, 31G,  Windows 11 , 64 bit Build 26100 (10.0.26100.9549)
Time: Wed Oct  7 16:52:56 2026 E. Africa Standard Time elapsed time: 11703.505956 seconds (0d 3h 15m 3s)

---------------  T H R E A D  ---------------

Current thread (0x000002267e76eac0):  JavaThread "C2 CompilerThread0" daemon [_thread_in_native, id=34220, stack(0x000000653f200000,0x000000653f300000) (1024K)]


Current CompileTask:
C2:11703506 4882   !   4       org.gradle.launcher.daemon.server.health.gc.GarbageCollectionCheck::run (213 bytes)

Stack: [0x000000653f200000,0x000000653f300000]
Native frames: (J=compiled Java code, j=interpreted, Vv=VM code, C=native code)
V  [jvm.dll+0x6d83e9]
V  [jvm.dll+0x8b5736]
V  [jvm.dll+0x8b7cee]
V  [jvm.dll+0x8b83d3]
V  [jvm.dll+0x284596]
V  [jvm.dll+0xc685d]
V  [jvm.dll+0xc6da1]
V  [jvm.dll+0x3bf151]
V  [jvm.dll+0x38b6d2]
V  [jvm.dll+0x38ab1a]
V  [jvm.dll+0x24c700]
V  [jvm.dll+0x24bce0]
V  [jvm.dll+0x1cb4ae]
V  [jvm.dll+0x25baad]
V  [jvm.dll+0x25a03a]
V  [jvm.dll+0x3f8aae]
V  [jvm.dll+0x8600cd]
V  [jvm.dll+0x6d6c1d]
C  [ucrtbase.dll+0x2cd30]
C  [KERNEL32.DLL+0x2cdf7]
C  [ntdll.dll+0x7ee4c]


---------------  P R O C E S S  ---------------

Threads class SMR info:
_java_thread_list=0x0000022646438c30, length=33, elements={
0x00000226678af410, 0x000002267e763b00, 0x000002267e765db0, 0x000002267e76a3d0,
0x000002267e76ae30, 0x000002267e76d2d0, 0x000002267e76dd30, 0x000002267e76eac0,
0x000002267e7e4ad0, 0x000002267e9db5b0, 0x000002267e9a7d40, 0x0000022645bda150,
0x000002267eb781f0, 0x000002264528f910, 0x0000022645b60460, 0x0000022645b60ad0,
0x0000022645c5ef50, 0x0000022645c616b0, 0x0000022645c5e230, 0x0000022645c61020,
0x0000022645c5f5e0, 0x0000022645c5fc70, 0x0000022645c5e8c0, 0x0000022645c60300,
0x0000022646019100, 0x000002264601a4b0, 0x0000022646019790, 0x00000226460183e0,
0x0000022646019e20, 0x0000022646017d50, 0x0000022646017030, 0x00000226460176c0,
0x0000022646525770
}

Java Threads: ( => current thread )
  0x00000226678af410 JavaThread "main"                              [_thread_blocked, id=32972, stack(0x000000653e300000,0x000000653e400000) (1024K)]
  0x000002267e763b00 JavaThread "Reference Handler"          daemon [_thread_blocked, id=94444, stack(0x000000653ec00000,0x000000653ed00000) (1024K)]
  0x000002267e765db0 JavaThread "Finalizer"                  daemon [_thread_blocked, id=52308, stack(0x000000653ed00000,0x000000653ee00000) (1024K)]
  0x000002267e76a3d0 JavaThread "Signal Dispatcher"          daemon [_thread_blocked, id=43132, stack(0x000000653ee00000,0x000000653ef00000) (1024K)]
  0x000002267e76ae30 JavaThread "Attach Listener"            daemon [_thread_blocked, id=95284, stack(0x000000653ef00000,0x000000653f000000) (1024K)]
  0x000002267e76d2d0 JavaThread "Service Thread"             daemon [_thread_blocked, id=85264, stack(0x000000653f000000,0x000000653f100000) (1024K)]
  0x000002267e76dd30 JavaThread "Monitor Deflation Thread"   daemon [_thread_blocked, id=34788, stack(0x000000653f100000,0x000000653f200000) (1024K)]
=>0x000002267e76eac0 JavaThread "C2 CompilerThread0"         daemon [_thread_in_native, id=34220, stack(0x000000653f200000,0x000000653f300000) (1024K)]
  0x000002267e7e4ad0 JavaThread "C1 CompilerThread0"         daemon [_thread_blocked, id=96028, stack(0x000000653f300000,0x000000653f400000) (1024K)]
  0x000002267e9db5b0 JavaThread "Common-Cleaner"             daemon [_thread_blocked, id=80800, stack(0x000000653f400000,0x000000653f500000) (1024K)]
  0x000002267e9a7d40 JavaThread "Notification Thread"        daemon [_thread_blocked, id=67008, stack(0x000000653f500000,0x000000653f600000) (1024K)]
  0x0000022645bda150 JavaThread "Daemon health stats"               [_thread_in_Java, id=94776, stack(0x000000653fe00000,0x000000653ff00000) (1024K)]
  0x000002267eb781f0 JavaThread "Incoming local TCP Connector on port 58661"        [_thread_in_native, id=98000, stack(0x000000653e200000,0x000000653e300000) (1024K)]
  0x000002264528f910 JavaThread "Daemon periodic checks"            [_thread_in_native, id=97364, stack(0x000000653ff00000,0x0000006540000000) (1024K)]
  0x0000022645b60460 JavaThread "Daemon"                            [_thread_blocked, id=96084, stack(0x0000006540200000,0x0000006540300000) (1024K)]
  0x0000022645b60ad0 JavaThread "Handler for socket connection from /127.0.0.1:58661 to /127.0.0.1:58739"        [_thread_in_native, id=93492, stack(0x0000006540300000,0x0000006540400000) (1024K)]
  0x0000022645c5ef50 JavaThread "Cancel handler"                    [_thread_blocked, id=95256, stack(0x0000006540400000,0x0000006540500000) (1024K)]
  0x0000022645c616b0 JavaThread "Daemon worker"                     [_thread_in_Java, id=37456, stack(0x000000653e400000,0x000000653e500000) (1024K)]
  0x0000022645c5e230 JavaThread "Asynchronous log dispatcher for DefaultDaemonConnection: socket connection from /127.0.0.1:58661 to /127.0.0.1:58739"        [_thread_blocked, id=60292, stack(0x000000653fd00000,0x000000653fe00000) (1024K)]
  0x0000022645c61020 JavaThread "Stdin handler"                     [_thread_blocked, id=93476, stack(0x0000006540000000,0x0000006540100000) (1024K)]
  0x0000022645c5f5e0 JavaThread "Daemon client event forwarder"        [_thread_blocked, id=23804, stack(0x0000006540100000,0x0000006540200000) (1024K)]
  0x0000022645c5fc70 JavaThread "Cache worker for journal cache (C:\Users\Dawit.DAWITA\.gradle\caches\journal-1)"        [_thread_blocked, id=48340, stack(0x0000006540600000,0x0000006540700000) (1024K)]
  0x0000022645c5e8c0 JavaThread "File lock request listener"        [_thread_in_native, id=16044, stack(0x0000006540700000,0x0000006540800000) (1024K)]
  0x0000022645c60300 JavaThread "Cache worker for file hash cache (C:\Users\Dawit.DAWITA\.gradle\caches\8.11.1\fileHashes)"        [_thread_blocked, id=99248, stack(0x0000006540800000,0x0000006540900000) (1024K)]
  0x0000022646019100 JavaThread "Cache worker for file content cache (C:\Users\Dawit.DAWITA\.gradle\caches\8.11.1\fileContent)"        [_thread_blocked, id=103348, stack(0x0000006540a00000,0x0000006540b00000) (1024K)]
  0x000002264601a4b0 JavaThread "Cache worker for file hash cache (C:\Users\Dawit.DAWITA\Documents\AfroLife_Agency_improved\afrolife\android\.gradle\8.11.1\fileHashes)"        [_thread_blocked, id=77636, stack(0x0000006540c00000,0x0000006540d00000) (1024K)]
  0x0000022646019790 JavaThread "Cache worker for Build Output Cleanup Cache (C:\Users\Dawit.DAWITA\Documents\AfroLife_Agency_improved\afrolife\android\.gradle\buildOutputCleanup)"        [_thread_blocked, id=104284, stack(0x0000006540500000,0x0000006540600000) (1024K)]
  0x00000226460183e0 JavaThread "File watcher server"        daemon [_thread_in_native, id=104976, stack(0x0000006540d00000,0x0000006540e00000) (1024K)]
  0x0000022646019e20 JavaThread "File watcher consumer"      daemon [_thread_blocked, id=100784, stack(0x0000006540e00000,0x0000006540f00000) (1024K)]
  0x0000022646017d50 JavaThread "Cache worker for checksums cache (C:\Users\Dawit.DAWITA\Documents\AfroLife_Agency_improved\afrolife\android\.gradle\8.11.1\checksums)"        [_thread_blocked, id=102908, stack(0x0000006540f00000,0x0000006541000000) (1024K)]
  0x0000022646017030 JavaThread "Cache worker for cache directory md-rule (C:\Users\Dawit.DAWITA\.gradle\caches\8.11.1\md-rule)"        [_thread_blocked, id=104584, stack(0x0000006541000000,0x0000006541100000) (1024K)]
  0x00000226460176c0 JavaThread "Cache worker for cache directory md-supplier (C:\Users\Dawit.DAWITA\.gradle\caches\8.11.1\md-supplier)"        [_thread_blocked, id=104704, stack(0x0000006540900000,0x0000006540a00000) (1024K)]
  0x0000022646525770 JavaThread "jar transforms"                    [_thread_blocked, id=85068, stack(0x0000006541200000,0x0000006541300000) (1024K)]
Total: 33

Other Threads:
  0x000002267e749f70 VMThread "VM Thread"                           [id=78316, stack(0x000000653eb00000,0x000000653ec00000) (1024K)] _threads_hazard_ptr=0x0000022646438c30
  0x000002267e73c0c0 WatcherThread "VM Periodic Task Thread"        [id=24392, stack(0x000000653ea00000,0x000000653eb00000) (1024K)]
  0x00000226678f7d80 WorkerThread "GC Thread#0"                     [id=64476, stack(0x000000653e500000,0x000000653e600000) (1024K)]
  0x000002267e866e30 WorkerThread "GC Thread#1"                     [id=56324, stack(0x000000653f600000,0x000000653f700000) (1024K)]
  0x000002267e8c5010 WorkerThread "GC Thread#2"                     [id=32648, stack(0x000000653f700000,0x000000653f800000) (1024K)]
  0x000002267e8c53c0 WorkerThread "GC Thread#3"                     [id=95808, stack(0x000000653f800000,0x000000653f900000) (1024K)]
  0x000002267ead8260 WorkerThread "GC Thread#4"                     [id=49344, stack(0x000000653f900000,0x000000653fa00000) (1024K)]
  0x000002267ead8610 WorkerThread "GC Thread#5"                     [id=88880, stack(0x000000653fa00000,0x000000653fb00000) (1024K)]
  0x000002267ead89c0 WorkerThread "GC Thread#6"                     [id=61792, stack(0x000000653fb00000,0x000000653fc00000) (1024K)]
  0x000002267ead8d70 WorkerThread "GC Thread#7"                     [id=93768, stack(0x000000653fc00000,0x000000653fd00000) (1024K)]
  0x0000022667904c80 ConcurrentGCThread "G1 Main Marker"            [id=94568, stack(0x000000653e600000,0x000000653e700000) (1024K)]
  0x0000022667906520 WorkerThread "G1 Conc#0"                       [id=95272, stack(0x000000653e700000,0x000000653e800000) (1024K)]
  0x0000022646857410 WorkerThread "G1 Conc#1"                       [id=94256, stack(0x0000006540b00000,0x0000006540c00000) (1024K)]
  0x000002267e601060 ConcurrentGCThread "G1 Refine#0"               [id=84428, stack(0x000000653e800000,0x000000653e900000) (1024K)]
  0x000002267e601890 ConcurrentGCThread "G1 Service"                [id=91668, stack(0x000000653e900000,0x000000653ea00000) (1024K)]
Total: 15

Threads with active compile tasks:
C2 CompilerThread0  11703632 4882   !   4       org.gradle.launcher.daemon.server.health.gc.GarbageCollectionCheck::run (213 bytes)
Total: 1

VM state: synchronizing (normal execution)

VM Mutex/Monitor currently owned by a thread:  ([mutex/lock_event])
[0x00007ffa5114f5b0] Threads_lock - owner thread: 0x000002267e749f70

Heap address: 0x00000000a0000000, size: 1536 MB, Compressed Oops mode: 32-bit

CDS archive(s) mapped at: [0x0000022600000000-0x0000022600ba0000-0x0000022600ba0000), size 12189696, SharedBaseAddress: 0x0000022600000000, ArchiveRelocationMode: 1.
Compressed class space mapped at: 0x0000022601000000-0x0000022641000000, reserved size: 1073741824
Narrow klass base: 0x0000022600000000, Narrow klass shift: 0, Narrow klass range: 0x100000000

GC Precious Log:
 CardTable entry size: 512
 Card Set container configuration: InlinePtr #cards 5 size 8 Array Of Cards #cards 12 size 40 Howl #buckets 4 coarsen threshold 1843 Howl Bitmap #cards 512 size 80 coarsen threshold 460 Card regions per heap region 1 cards per card region 2048
 CPUs: 8 total, 8 available
 Memory: 32615M
 Large Page Support: Disabled
 NUMA Support: Disabled
 Compressed Oops: Enabled (32-bit)
 Heap Region Size: 1M
 Heap Min Capacity: 8M
 Heap Initial Capacity: 510M
 Heap Max Capacity: 1536M
 Pre-touch: Disabled
 Parallel Workers: 8
 Concurrent Workers: 2
 Concurrent Refinement Workers: 8
 Periodic GC: Disabled

Heap:
 garbage-first heap   total 98304K, used 74782K [0x00000000a0000000, 0x0000000100000000)
  region size 1024K, 52 young (53248K), 5 survivors (5120K)
 Metaspace       used 30608K, committed 31872K, reserved 1114112K
  class space    used 4635K, committed 5248K, reserved 1048576K

Heap Regions: E=young(eden), S=young(survivor), O=old, HS=humongous(starts), HC=humongous(continues), CS=collection set, F=free, TAMS=top-at-mark-start, PB=parsable bottom
|   0|0x00000000a0000000, 0x00000000a0100000, 0x00000000a0100000|100%|HS|  |TAMS 0x00000000a0000000| PB 0x00000000a0000000| Complete 
|   1|0x00000000a0100000, 0x00000000a0200000, 0x00000000a0200000|100%|HC|  |TAMS 0x00000000a0100000| PB 0x00000000a0100000| Complete 
|   2|0x00000000a0200000, 0x00000000a0300000, 0x00000000a0300000|100%|HC|  |TAMS 0x00000000a0200000| PB 0x00000000a0200000| Complete 
|   3|0x00000000a0300000, 0x00000000a0400000, 0x00000000a0400000|100%| O|  |TAMS 0x00000000a0300000| PB 0x00000000a0300000| Untracked 
|   4|0x00000000a0400000, 0x00000000a0500000, 0x00000000a0500000|100%| O|  |TAMS 0x00000000a0400000| PB 0x00000000a0400000| Untracked 
|   5|0x00000000a0500000, 0x00000000a0600000, 0x00000000a0600000|100%| O|  |TAMS 0x00000000a0500000| PB 0x00000000a0500000| Untracked 
|   6|0x00000000a0600000, 0x00000000a0700000, 0x00000000a0700000|100%| O|  |TAMS 0x00000000a0600000| PB 0x00000000a0600000| Untracked 
|   7|0x00000000a0700000, 0x00000000a0800000, 0x00000000a0800000|100%|HS|  |TAMS 0x00000000a0700000| PB 0x00000000a0700000| Complete 
|   8|0x00000000a0800000, 0x00000000a0900000, 0x00000000a0900000|100%| O|  |TAMS 0x00000000a0800000| PB 0x00000000a0800000| Untracked 
|   9|0x00000000a0900000, 0x00000000a0a00000, 0x00000000a0a00000|100%| O|  |TAMS 0x00000000a0900000| PB 0x00000000a0900000| Untracked 
|  10|0x00000000a0a00000, 0x00000000a0b00000, 0x00000000a0b00000|100%| O|  |TAMS 0x00000000a0a00000| PB 0x00000000a0a00000| Untracked 
|  11|0x00000000a0b00000, 0x00000000a0c00000, 0x00000000a0c00000|100%| O|  |TAMS 0x00000000a0b00000| PB 0x00000000a0b00000| Untracked 
|  12|0x00000000a0c00000, 0x00000000a0c00000, 0x00000000a0d00000|  0%| F|  |TAMS 0x00000000a0c00000| PB 0x00000000a0c00000| Untracked 
|  13|0x00000000a0d00000, 0x00000000a0e00000, 0x00000000a0e00000|100%| O|  |TAMS 0x00000000a0d00000| PB 0x00000000a0d00000| Untracked 
|  14|0x00000000a0e00000, 0x00000000a0f00000, 0x00000000a0f00000|100%| O|  |TAMS 0x00000000a0e00000| PB 0x00000000a0e00000| Untracked 
|  15|0x00000000a0f00000, 0x00000000a1000000, 0x00000000a1000000|100%| O|  |TAMS 0x00000000a0f00000| PB 0x00000000a0f00000| Untracked 
|  16|0x00000000a1000000, 0x00000000a1100000, 0x00000000a1100000|100%| O|  |TAMS 0x00000000a1000000| PB 0x00000000a1000000| Untracked 
|  17|0x00000000a1100000, 0x00000000a1200000, 0x00000000a1200000|100%| O|  |TAMS 0x00000000a1100000| PB 0x00000000a1100000| Untracked 
|  18|0x00000000a1200000, 0x00000000a1300000, 0x00000000a1300000|100%| O|  |TAMS 0x00000000a1200000| PB 0x00000000a1200000| Untracked 
|  19|0x00000000a1300000, 0x00000000a1400000, 0x00000000a1400000|100%| O|  |TAMS 0x00000000a1300000| PB 0x00000000a1300000| Untracked 
|  20|0x00000000a1400000, 0x00000000a1500000, 0x00000000a1500000|100%| O|  |TAMS 0x00000000a1400000| PB 0x00000000a1400000| Untracked 
|  21|0x00000000a1500000, 0x00000000a1600000, 0x00000000a1600000|100%| O|  |TAMS 0x00000000a1500000| PB 0x00000000a1500000| Untracked 
|  22|0x00000000a1600000, 0x00000000a1700000, 0x00000000a1700000|100%| O|  |TAMS 0x00000000a1600000| PB 0x00000000a1600000| Untracked 
|  23|0x00000000a1700000, 0x00000000a17ee000, 0x00000000a1800000| 92%| O|  |TAMS 0x00000000a1700000| PB 0x00000000a1700000| Untracked 
|  24|0x00000000a1800000, 0x00000000a1800000, 0x00000000a1900000|  0%| F|  |TAMS 0x00000000a1800000| PB 0x00000000a1800000| Untracked 
|  25|0x00000000a1900000, 0x00000000a1900000, 0x00000000a1a00000|  0%| F|  |TAMS 0x00000000a1900000| PB 0x00000000a1900000| Untracked 
|  26|0x00000000a1a00000, 0x00000000a1a00000, 0x00000000a1b00000|  0%| F|  |TAMS 0x00000000a1a00000| PB 0x00000000a1a00000| Untracked 
|  27|0x00000000a1b00000, 0x00000000a1b00000, 0x00000000a1c00000|  0%| F|  |TAMS 0x00000000a1b00000| PB 0x00000000a1b00000| Untracked 
|  28|0x00000000a1c00000, 0x00000000a1c00000, 0x00000000a1d00000|  0%| F|  |TAMS 0x00000000a1c00000| PB 0x00000000a1c00000| Untracked 
|  29|0x00000000a1d00000, 0x00000000a1d00000, 0x00000000a1e00000|  0%| F|  |TAMS 0x00000000a1d00000| PB 0x00000000a1d00000| Untracked 
|  30|0x00000000a1e00000, 0x00000000a1e00000, 0x00000000a1f00000|  0%| F|  |TAMS 0x00000000a1e00000| PB 0x00000000a1e00000| Untracked 
|  31|0x00000000a1f00000, 0x00000000a1f00000, 0x00000000a2000000|  0%| F|  |TAMS 0x00000000a1f00000| PB 0x00000000a1f00000| Untracked 
|  32|0x00000000a2000000, 0x00000000a2000000, 0x00000000a2100000|  0%| F|  |TAMS 0x00000000a2000000| PB 0x00000000a2000000| Untracked 
|  33|0x00000000a2100000, 0x00000000a2100000, 0x00000000a2200000|  0%| F|  |TAMS 0x00000000a2100000| PB 0x00000000a2100000| Untracked 
|  34|0x00000000a2200000, 0x00000000a22198a8, 0x00000000a2300000|  9%| S|CS|TAMS 0x00000000a2200000| PB 0x00000000a2200000| Complete 
|  35|0x00000000a2300000, 0x00000000a2400000, 0x00000000a2400000|100%| S|CS|TAMS 0x00000000a2300000| PB 0x00000000a2300000| Complete 
|  36|0x00000000a2400000, 0x00000000a2500000, 0x00000000a2500000|100%| S|CS|TAMS 0x00000000a2400000| PB 0x00000000a2400000| Complete 
|  37|0x00000000a2500000, 0x00000000a2600000, 0x00000000a2600000|100%| S|CS|TAMS 0x00000000a2500000| PB 0x00000000a2500000| Complete 
|  38|0x00000000a2600000, 0x00000000a2700000, 0x00000000a2700000|100%| S|CS|TAMS 0x00000000a2600000| PB 0x00000000a2600000| Complete 
|  39|0x00000000a2700000, 0x00000000a2700000, 0x00000000a2800000|  0%| F|  |TAMS 0x00000000a2700000| PB 0x00000000a2700000| Untracked 
|  40|0x00000000a2800000, 0x00000000a2800000, 0x00000000a2900000|  0%| F|  |TAMS 0x00000000a2800000| PB 0x00000000a2800000| Untracked 
|  41|0x00000000a2900000, 0x00000000a2900000, 0x00000000a2a00000|  0%| F|  |TAMS 0x00000000a2900000| PB 0x00000000a2900000| Untracked 
|  42|0x00000000a2a00000, 0x00000000a2a00000, 0x00000000a2b00000|  0%| F|  |TAMS 0x00000000a2a00000| PB 0x00000000a2a00000| Untracked 
|  43|0x00000000a2b00000, 0x00000000a2b00000, 0x00000000a2c00000|  0%| F|  |TAMS 0x00000000a2b00000| PB 0x00000000a2b00000| Untracked 
|  44|0x00000000a2c00000, 0x00000000a2c00000, 0x00000000a2d00000|  0%| F|  |TAMS 0x00000000a2c00000| PB 0x00000000a2c00000| Untracked 
|  45|0x00000000a2d00000, 0x00000000a2d00000, 0x00000000a2e00000|  0%| F|  |TAMS 0x00000000a2d00000| PB 0x00000000a2d00000| Untracked 
|  46|0x00000000a2e00000, 0x00000000a2e00000, 0x00000000a2f00000|  0%| F|  |TAMS 0x00000000a2e00000| PB 0x00000000a2e00000| Untracked 
|  47|0x00000000a2f00000, 0x00000000a2f00000, 0x00000000a3000000|  0%| F|  |TAMS 0x00000000a2f00000| PB 0x00000000a2f00000| Untracked 
|  48|0x00000000a3000000, 0x00000000a3000000, 0x00000000a3100000|  0%| F|  |TAMS 0x00000000a3000000| PB 0x00000000a3000000| Untracked 
|  49|0x00000000a3100000, 0x00000000a3156208, 0x00000000a3200000| 33%| E|  |TAMS 0x00000000a3100000| PB 0x00000000a3100000| Complete 
|  50|0x00000000a3200000, 0x00000000a3300000, 0x00000000a3300000|100%| E|CS|TAMS 0x00000000a3200000| PB 0x00000000a3200000| Complete 
|  51|0x00000000a3300000, 0x00000000a3400000, 0x00000000a3400000|100%| E|CS|TAMS 0x00000000a3300000| PB 0x00000000a3300000| Complete 
|  52|0x00000000a3400000, 0x00000000a3500000, 0x00000000a3500000|100%| E|CS|TAMS 0x00000000a3400000| PB 0x00000000a3400000| Complete 
|  53|0x00000000a3500000, 0x00000000a3600000, 0x00000000a3600000|100%| E|CS|TAMS 0x00000000a3500000| PB 0x00000000a3500000| Complete 
|  54|0x00000000a3600000, 0x00000000a3700000, 0x00000000a3700000|100%| E|CS|TAMS 0x00000000a3600000| PB 0x00000000a3600000| Complete 
|  55|0x00000000a3700000, 0x00000000a3800000, 0x00000000a3800000|100%| E|CS|TAMS 0x00000000a3700000| PB 0x00000000a3700000| Complete 
|  56|0x00000000a3800000, 0x00000000a3900000, 0x00000000a3900000|100%| E|CS|TAMS 0x00000000a3800000| PB 0x00000000a3800000| Complete 
|  57|0x00000000a3900000, 0x00000000a3a00000, 0x00000000a3a00000|100%| E|CS|TAMS 0x00000000a3900000| PB 0x00000000a3900000| Complete 
|  58|0x00000000a3a00000, 0x00000000a3b00000, 0x00000000a3b00000|100%| E|CS|TAMS 0x00000000a3a00000| PB 0x00000000a3a00000| Complete 
|  59|0x00000000a3b00000, 0x00000000a3c00000, 0x00000000a3c00000|100%| E|CS|TAMS 0x00000000a3b00000| PB 0x00000000a3b00000| Complete 
|  60|0x00000000a3c00000, 0x00000000a3d00000, 0x00000000a3d00000|100%| E|CS|TAMS 0x00000000a3c00000| PB 0x00000000a3c00000| Complete 
|  61|0x00000000a3d00000, 0x00000000a3e00000, 0x00000000a3e00000|100%| E|CS|TAMS 0x00000000a3d00000| PB 0x00000000a3d00000| Complete 
|  62|0x00000000a3e00000, 0x00000000a3f00000, 0x00000000a3f00000|100%| E|CS|TAMS 0x00000000a3e00000| PB 0x00000000a3e00000| Complete 
|  63|0x00000000a3f00000, 0x00000000a4000000, 0x00000000a4000000|100%| E|CS|TAMS 0x00000000a3f00000| PB 0x00000000a3f00000| Complete 
|  64|0x00000000a4000000, 0x00000000a4100000, 0x00000000a4100000|100%| E|CS|TAMS 0x00000000a4000000| PB 0x00000000a4000000| Complete 
|  65|0x00000000a4100000, 0x00000000a4200000, 0x00000000a4200000|100%| E|CS|TAMS 0x00000000a4100000| PB 0x00000000a4100000| Complete 
|  66|0x00000000a4200000, 0x00000000a4300000, 0x00000000a4300000|100%| E|CS|TAMS 0x00000000a4200000| PB 0x00000000a4200000| Complete 
|  67|0x00000000a4300000, 0x00000000a4400000, 0x00000000a4400000|100%| E|CS|TAMS 0x00000000a4300000| PB 0x00000000a4300000| Complete 
|  68|0x00000000a4400000, 0x00000000a4500000, 0x00000000a4500000|100%| E|CS|TAMS 0x00000000a4400000| PB 0x00000000a4400000| Complete 
|  69|0x00000000a4500000, 0x00000000a4600000, 0x00000000a4600000|100%| E|CS|TAMS 0x00000000a4500000| PB 0x00000000a4500000| Complete 
|  70|0x00000000a4600000, 0x00000000a4700000, 0x00000000a4700000|100%| E|CS|TAMS 0x00000000a4600000| PB 0x00000000a4600000| Complete 
|  71|0x00000000a4700000, 0x00000000a4800000, 0x00000000a4800000|100%| E|CS|TAMS 0x00000000a4700000| PB 0x00000000a4700000| Complete 
|  72|0x00000000a4800000, 0x00000000a4900000, 0x00000000a4900000|100%| E|CS|TAMS 0x00000000a4800000| PB 0x00000000a4800000| Complete 
|  73|0x00000000a4900000, 0x00000000a4a00000, 0x00000000a4a00000|100%| E|CS|TAMS 0x00000000a4900000| PB 0x00000000a4900000| Complete 
|  74|0x00000000a4a00000, 0x00000000a4b00000, 0x00000000a4b00000|100%| E|CS|TAMS 0x00000000a4a00000| PB 0x00000000a4a00000| Complete 
|  75|0x00000000a4b00000, 0x00000000a4c00000, 0x00000000a4c00000|100%| E|CS|TAMS 0x00000000a4b00000| PB 0x00000000a4b00000| Complete 
|  76|0x00000000a4c00000, 0x00000000a4d00000, 0x00000000a4d00000|100%| E|CS|TAMS 0x00000000a4c00000| PB 0x00000000a4c00000| Complete 
|  77|0x00000000a4d00000, 0x00000000a4e00000, 0x00000000a4e00000|100%| E|CS|TAMS 0x00000000a4d00000| PB 0x00000000a4d00000| Complete 
|  78|0x00000000a4e00000, 0x00000000a4f00000, 0x00000000a4f00000|100%| E|CS|TAMS 0x00000000a4e00000| PB 0x00000000a4e00000| Complete 
|  79|0x00000000a4f00000, 0x00000000a5000000, 0x00000000a5000000|100%| E|CS|TAMS 0x00000000a4f00000| PB 0x00000000a4f00000| Complete 
|  80|0x00000000a5000000, 0x00000000a5100000, 0x00000000a5100000|100%| E|CS|TAMS 0x00000000a5000000| PB 0x00000000a5000000| Complete 
|  81|0x00000000a5100000, 0x00000000a5200000, 0x00000000a5200000|100%| E|CS|TAMS 0x00000000a5100000| PB 0x00000000a5100000| Complete 
|  82|0x00000000a5200000, 0x00000000a5300000, 0x00000000a5300000|100%| E|CS|TAMS 0x00000000a5200000| PB 0x00000000a5200000| Complete 
| 389|0x00000000b8500000, 0x00000000b8600000, 0x00000000b8600000|100%| E|CS|TAMS 0x00000000b8500000| PB 0x00000000b8500000| Complete 
| 390|0x00000000b8600000, 0x00000000b8700000, 0x00000000b8700000|100%| E|CS|TAMS 0x00000000b8600000| PB 0x00000000b8600000| Complete 
| 391|0x00000000b8700000, 0x00000000b8800000, 0x00000000b8800000|100%| E|CS|TAMS 0x00000000b8700000| PB 0x00000000b8700000| Complete 
| 392|0x00000000b8800000, 0x00000000b8900000, 0x00000000b8900000|100%| E|CS|TAMS 0x00000000b8800000| PB 0x00000000b8800000| Complete 
| 393|0x00000000b8900000, 0x00000000b8a00000, 0x00000000b8a00000|100%| E|CS|TAMS 0x00000000b8900000| PB 0x00000000b8900000| Complete 
| 394|0x00000000b8a00000, 0x00000000b8b00000, 0x00000000b8b00000|100%| E|CS|TAMS 0x00000000b8a00000| PB 0x00000000b8a00000| Complete 
| 395|0x00000000b8b00000, 0x00000000b8c00000, 0x00000000b8c00000|100%| E|CS|TAMS 0x00000000b8b00000| PB 0x00000000b8b00000| Complete 
| 396|0x00000000b8c00000, 0x00000000b8d00000, 0x00000000b8d00000|100%| E|CS|TAMS 0x00000000b8c00000| PB 0x00000000b8c00000| Complete 
| 397|0x00000000b8d00000, 0x00000000b8e00000, 0x00000000b8e00000|100%| E|CS|TAMS 0x00000000b8d00000| PB 0x00000000b8d00000| Complete 
| 398|0x00000000b8e00000, 0x00000000b8f00000, 0x00000000b8f00000|100%| E|CS|TAMS 0x00000000b8e00000| PB 0x00000000b8e00000| Complete 
| 399|0x00000000b8f00000, 0x00000000b9000000, 0x00000000b9000000|100%| E|CS|TAMS 0x00000000b8f00000| PB 0x00000000b8f00000| Complete 
| 400|0x00000000b9000000, 0x00000000b9100000, 0x00000000b9100000|100%| E|CS|TAMS 0x00000000b9000000| PB 0x00000000b9000000| Complete 
| 509|0x00000000bfd00000, 0x00000000bfe00000, 0x00000000bfe00000|100%| E|CS|TAMS 0x00000000bfd00000| PB 0x00000000bfd00000| Complete 

Card table byte_map: [0x000002267a0e0000,0x000002267a3e0000] _byte_map_base: 0x0000022679be0000

Marking Bits: (CMBitMap*) 0x00000226678f83a0
 Bits: [0x000002267a3e0000, 0x000002267bbe0000)

Polling page: 0x0000022665730000

Metaspace:

Usage:
  Non-class:     25.36 MB used.
      Class:      4.53 MB used.
       Both:     29.89 MB used.

Virtual space:
  Non-class space:       64.00 MB reserved,      26.00 MB ( 41%) committed,  1 nodes.
      Class space:        1.00 GB reserved,       5.12 MB ( <1%) committed,  1 nodes.
             Both:        1.06 GB reserved,      31.12 MB (  3%) committed. 

Chunk freelists:
   Non-Class:  5.95 MB
       Class:  10.70 MB
        Both:  16.65 MB

MaxMetaspaceSize: unlimited
CompressedClassSpaceSize: 1.00 GB
Initial GC threshold: 21.00 MB
Current GC threshold: 35.12 MB
CDS: on
 - commit_granule_bytes: 65536.
 - commit_granule_words: 8192.
 - virtual_space_node_default_size: 8388608.
 - enlarge_chunks_in_place: 1.
 - use_allocation_guard: 0.


Internal statistics:

num_allocs_failed_limit: 3.
num_arena_births: 2172.
num_arena_deaths: 0.
num_vsnodes_births: 2.
num_vsnodes_deaths: 0.
num_space_committed: 498.
num_space_uncommitted: 0.
num_chunks_returned_to_freelist: 3.
num_chunks_taken_from_freelist: 3647.
num_chunk_merges: 3.
num_chunk_splits: 2336.
num_chunks_enlarged: 1427.
num_inconsistent_stats: 0.

CodeHeap 'non-profiled nmethods': size=120000Kb used=2964Kb max_used=2964Kb free=117035Kb
 bounds [0x0000022672580000, 0x0000022672870000, 0x0000022679ab0000]
CodeHeap 'profiled nmethods': size=120000Kb used=9737Kb max_used=9737Kb free=110262Kb
 bounds [0x000002266aab0000, 0x000002266b440000, 0x0000022671fe0000]
CodeHeap 'non-nmethods': size=5760Kb used=1437Kb max_used=1488Kb free=4322Kb
 bounds [0x0000022671fe0000, 0x0000022672250000, 0x0000022672580000]
CodeCache: size=245760Kb, used=14138Kb, max_used=14189Kb, free=231619Kb
 total_blobs=5461, nmethods=4868, adapters=497, full_count=0
Compilation: enabled, stopped_count=0, restarted_count=0

Compilation events (20 events):
Event: 2114.439 Thread 0x000002267e76eac0 nmethod 4872 0x000002267285ee90 code [0x000002267285f080, 0x000002267285f838]
Event: 2148.141 Thread 0x000002267e76eac0 4873       4       java.util.HashMap$Values::spliterator (16 bytes)
Event: 2148.143 Thread 0x000002267e76eac0 nmethod 4873 0x000002267285fc10 code [0x000002267285fda0, 0x000002267285fea8]
Event: 2253.938 Thread 0x000002267e7e4ad0 4874       3       com.google.common.base.Functions$ConstantFunction::apply (5 bytes)
Event: 2253.943 Thread 0x000002267e7e4ad0 nmethod 4874 0x000002266b42e710 code [0x000002266b42e8a0, 0x000002266b42e9b0]
Event: 2272.658 Thread 0x000002267e7e4ad0 4875   !   3       org.gradle.launcher.daemon.registry.PersistentDaemonRegistry::getAll (73 bytes)
Event: 2272.670 Thread 0x000002267e7e4ad0 nmethod 4875 0x000002266b42ea90 code [0x000002266b42edc0, 0x000002266b430370]
Event: 2304.512 Thread 0x000002267e7e4ad0 4876       3       org.gradle.internal.time.ExponentialBackoff::of (22 bytes)
Event: 2304.523 Thread 0x000002267e7e4ad0 nmethod 4876 0x000002266b430b90 code [0x000002266b430d80, 0x000002266b431288]
Event: 2304.523 Thread 0x000002267e7e4ad0 4877       3       org.gradle.internal.time.ExponentialBackoff::<init> (35 bytes)
Event: 2304.524 Thread 0x000002267e7e4ad0 nmethod 4877 0x000002266b431490 code [0x000002266b431660, 0x000002266b431a58]
Event: 2342.730 Thread 0x000002267e7e4ad0 4878       3       java.io.File::getCanonicalFile (38 bytes)
Event: 2342.742 Thread 0x000002267e7e4ad0 nmethod 4878 0x000002266b431b90 code [0x000002266b431dc0, 0x000002266b4323b0]
Event: 11693.862 Thread 0x000002267e76eac0 4879       4       java.util.stream.AbstractPipeline::<init> (91 bytes)
Event: 11693.894 Thread 0x000002267e76eac0 nmethod 4879 0x000002267285ff90 code [0x0000022672860140, 0x00000226728605e0]
Event: 11702.507 Thread 0x000002267e76eac0 4880       4       java.lang.management.DefaultPlatformMBeanProvider$6::nameToMBeanMap (85 bytes)
Event: 11702.870 Thread 0x000002267e76eac0 nmethod 4880 0x0000022672860710 code [0x0000022672860a40, 0x00000226728623c0]
Event: 11702.871 Thread 0x000002267e76eac0 4881       4       sun.management.ManagementFactoryHelper::getMemoryPoolMXBeans (51 bytes)
Event: 11702.921 Thread 0x000002267e76eac0 nmethod 4881 0x0000022672864010 code [0x0000022672864200, 0x0000022672864e00]
Event: 11702.921 Thread 0x000002267e76eac0 4882   !   4       org.gradle.launcher.daemon.server.health.gc.GarbageCollectionCheck::run (213 bytes)

GC Heap History (16 events):
Event: 35.378 GC heap before
{Heap before GC invocations=0 (full 0):
 garbage-first heap   total 522240K, used 25600K [0x00000000a0000000, 0x0000000100000000)
  region size 1024K, 25 young (25600K), 0 survivors (0K)
 Metaspace       used 1098K, committed 1216K, reserved 1114112K
  class space    used 81K, committed 128K, reserved 1048576K
}
Event: 36.623 GC heap after
{Heap after GC invocations=1 (full 0):
 garbage-first heap   total 522240K, used 4064K [0x00000000a0000000, 0x0000000100000000)
  region size 1024K, 4 young (4096K), 4 survivors (4096K)
 Metaspace       used 1098K, committed 1216K, reserved 1114112K
  class space    used 81K, committed 128K, reserved 1048576K
}
Event: 117.572 GC heap before
{Heap before GC invocations=1 (full 0):
 garbage-first heap   total 522240K, used 40928K [0x00000000a0000000, 0x0000000100000000)
  region size 1024K, 38 young (38912K), 4 survivors (4096K)
 Metaspace       used 4426K, committed 4608K, reserved 1114112K
  class space    used 549K, committed 640K, reserved 1048576K
}
Event: 117.580 GC heap after
{Heap after GC invocations=2 (full 0):
 garbage-first heap   total 522240K, used 10946K [0x00000000a0000000, 0x0000000100000000)
  region size 1024K, 4 young (4096K), 4 survivors (4096K)
 Metaspace       used 4426K, committed 4608K, reserved 1114112K
  class space    used 549K, committed 640K, reserved 1048576K
}
Event: 344.396 GC heap before
{Heap before GC invocations=2 (full 0):
 garbage-first heap   total 522240K, used 60098K [0x00000000a0000000, 0x0000000100000000)
  region size 1024K, 50 young (51200K), 4 survivors (4096K)
 Metaspace       used 5390K, committed 5568K, reserved 1114112K
  class space    used 715K, committed 832K, reserved 1048576K
}
Event: 344.419 GC heap after
{Heap after GC invocations=3 (full 0):
 garbage-first heap   total 522240K, used 16833K [0x00000000a0000000, 0x0000000100000000)
  region size 1024K, 5 young (5120K), 5 survivors (5120K)
 Metaspace       used 5390K, committed 5568K, reserved 1114112K
  class space    used 715K, committed 832K, reserved 1048576K
}
Event: 787.623 GC heap before
{Heap before GC invocations=3 (full 0):
 garbage-first heap   total 522240K, used 122305K [0x00000000a0000000, 0x0000000100000000)
  region size 1024K, 109 young (111616K), 5 survivors (5120K)
 Metaspace       used 20837K, committed 21504K, reserved 1114112K
  class space    used 2999K, committed 3328K, reserved 1048576K
}
Event: 787.677 GC heap after
{Heap after GC invocations=4 (full 0):
 garbage-first heap   total 522240K, used 24129K [0x00000000a0000000, 0x0000000100000000)
  region size 1024K, 12 young (12288K), 12 survivors (12288K)
 Metaspace       used 20837K, committed 21504K, reserved 1114112K
  class space    used 2999K, committed 3328K, reserved 1048576K
}
Event: 873.173 GC heap before
{Heap before GC invocations=5 (full 0):
 garbage-first heap   total 81920K, used 80449K [0x00000000a0000000, 0x0000000100000000)
  region size 1024K, 68 young (69632K), 12 survivors (12288K)
 Metaspace       used 26877K, committed 27904K, reserved 1114112K
  class space    used 4027K, committed 4544K, reserved 1048576K
}
Event: 873.205 GC heap after
{Heap after GC invocations=6 (full 0):
 garbage-first heap   total 98304K, used 27395K [0x00000000a0000000, 0x0000000100000000)
  region size 1024K, 16 young (16384K), 16 survivors (16384K)
 Metaspace       used 26877K, committed 27904K, reserved 1114112K
  class space    used 4027K, committed 4544K, reserved 1048576K
}
Event: 1063.133 GC heap before
{Heap before GC invocations=6 (full 0):
 garbage-first heap   total 98304K, used 69379K [0x00000000a0000000, 0x0000000100000000)
  region size 1024K, 57 young (58368K), 16 survivors (16384K)
 Metaspace       used 30218K, committed 31488K, reserved 1114112K
  class space    used 4583K, committed 5184K, reserved 1048576K
}
Event: 1063.186 GC heap after
{Heap after GC invocations=7 (full 0):
 garbage-first heap   total 98304K, used 27863K [0x00000000a0000000, 0x0000000100000000)
  region size 1024K, 5 young (5120K), 5 survivors (5120K)
 Metaspace       used 30218K, committed 31488K, reserved 1114112K
  class space    used 4583K, committed 5184K, reserved 1048576K
}
Event: 1573.797 GC heap before
{Heap before GC invocations=7 (full 0):
 garbage-first heap   total 98304K, used 81111K [0x00000000a0000000, 0x0000000100000000)
  region size 1024K, 57 young (58368K), 5 survivors (5120K)
 Metaspace       used 30238K, committed 31488K, reserved 1114112K
  class space    used 4583K, committed 5184K, reserved 1048576K
}
Event: 1573.881 GC heap after
{Heap after GC invocations=8 (full 0):
 garbage-first heap   total 98304K, used 27576K [0x00000000a0000000, 0x0000000100000000)
  region size 1024K, 4 young (4096K), 4 survivors (4096K)
 Metaspace       used 30238K, committed 31488K, reserved 1114112K
  class space    used 4583K, committed 5184K, reserved 1048576K
}
Event: 2018.142 GC heap before
{Heap before GC invocations=8 (full 0):
 garbage-first heap   total 98304K, used 81848K [0x00000000a0000000, 0x0000000100000000)
  region size 1024K, 57 young (58368K), 4 survivors (4096K)
 Metaspace       used 30607K, committed 31872K, reserved 1114112K
  class space    used 4635K, committed 5248K, reserved 1048576K
}
Event: 2018.186 GC heap after
{Heap after GC invocations=9 (full 0):
 garbage-first heap   total 98304K, used 27678K [0x00000000a0000000, 0x0000000100000000)
  region size 1024K, 5 young (5120K), 5 survivors (5120K)
 Metaspace       used 30607K, committed 31872K, reserved 1114112K
  class space    used 4635K, committed 5248K, reserved 1048576K
}

Dll operation events (20 events):
Event: 7.932 Attempting to load shared library C:\Users\Dawit.DAWITA\.vscode\extensions\redhat.java-1.56.0-win32-x64\jre\21.0.12.1-win32-x86_64\bin\nio.dll
Event: 7.933 Loaded shared library C:\Users\Dawit.DAWITA\.vscode\extensions\redhat.java-1.56.0-win32-x64\jre\21.0.12.1-win32-x86_64\bin\nio.dll
Event: 8.018 Attempting to load shared library C:\Users\Dawit.DAWITA\.vscode\extensions\redhat.java-1.56.0-win32-x64\jre\21.0.12.1-win32-x86_64\bin\zip.dll
Event: 8.018 Loaded shared library C:\Users\Dawit.DAWITA\.vscode\extensions\redhat.java-1.56.0-win32-x64\jre\21.0.12.1-win32-x86_64\bin\zip.dll
Event: 29.656 Attempting to load shared library C:\Users\Dawit.DAWITA\.vscode\extensions\redhat.java-1.56.0-win32-x64\jre\21.0.12.1-win32-x86_64\bin\jimage.dll
Event: 29.656 Loaded shared library C:\Users\Dawit.DAWITA\.vscode\extensions\redhat.java-1.56.0-win32-x64\jre\21.0.12.1-win32-x86_64\bin\jimage.dll
Event: 42.898 Attempting to load shared library C:\Users\Dawit.DAWITA\.vscode\extensions\redhat.java-1.56.0-win32-x64\jre\21.0.12.1-win32-x86_64\bin\verify.dll
Event: 42.911 Loaded shared library C:\Users\Dawit.DAWITA\.vscode\extensions\redhat.java-1.56.0-win32-x64\jre\21.0.12.1-win32-x86_64\bin\verify.dll
Event: 55.091 Attempting to load shared library C:\Users\Dawit.DAWITA\.gradle\native\c067742578af261105cb4f569cf0c3c89f3d7b1fecec35dd04571415982c5e48\windows-amd64\native-platform.dll
Event: 55.178 Loaded shared library C:\Users\Dawit.DAWITA\.gradle\native\c067742578af261105cb4f569cf0c3c89f3d7b1fecec35dd04571415982c5e48\windows-amd64\native-platform.dll
Event: 55.235 Attempting to load shared library C:\Users\Dawit.DAWITA\.gradle\native\100fb08df4bc3b14c8652ba06237920a3bd2aa13389f12d3474272988ae205f9\windows-amd64\native-platform-file-events.dll
Event: 55.361 Loaded shared library C:\Users\Dawit.DAWITA\.gradle\native\100fb08df4bc3b14c8652ba06237920a3bd2aa13389f12d3474272988ae205f9\windows-amd64\native-platform-file-events.dll
Event: 353.085 Attempting to load shared library C:\Users\Dawit.DAWITA\.vscode\extensions\redhat.java-1.56.0-win32-x64\jre\21.0.12.1-win32-x86_64\bin\management.dll
Event: 353.098 Loaded shared library C:\Users\Dawit.DAWITA\.vscode\extensions\redhat.java-1.56.0-win32-x64\jre\21.0.12.1-win32-x86_64\bin\management.dll
Event: 353.111 Attempting to load shared library C:\Users\Dawit.DAWITA\.vscode\extensions\redhat.java-1.56.0-win32-x64\jre\21.0.12.1-win32-x86_64\bin\management_ext.dll
Event: 353.114 Loaded shared library C:\Users\Dawit.DAWITA\.vscode\extensions\redhat.java-1.56.0-win32-x64\jre\21.0.12.1-win32-x86_64\bin\management_ext.dll
Event: 386.624 Attempting to load shared library C:\Users\Dawit.DAWITA\.vscode\extensions\redhat.java-1.56.0-win32-x64\jre\21.0.12.1-win32-x86_64\bin\extnet.dll
Event: 386.668 Loaded shared library C:\Users\Dawit.DAWITA\.vscode\extensions\redhat.java-1.56.0-win32-x64\jre\21.0.12.1-win32-x86_64\bin\extnet.dll
Event: 624.284 Attempting to load shared library C:\Users\Dawit.DAWITA\.vscode\extensions\redhat.java-1.56.0-win32-x64\jre\21.0.12.1-win32-x86_64\bin\sunmscapi.dll
Event: 624.332 Loaded shared library C:\Users\Dawit.DAWITA\.vscode\extensions\redhat.java-1.56.0-win32-x64\jre\21.0.12.1-win32-x86_64\bin\sunmscapi.dll

Deoptimization events (20 events):
Event: 1832.358 Thread 0x0000022645c616b0 Uncommon trap: trap_request=0xffffff3d fr.pc=0x0000022672680950 relative=0x0000000000000310
Event: 1832.359 Thread 0x0000022645c616b0 Uncommon trap: reason=unstable_fused_if action=reinterpret pc=0x0000022672680950 method=java.lang.CharacterDataLatin1.equalsIgnoreCase(BB)Z @ 16 c2
Event: 1832.360 Thread 0x0000022645c616b0 DEOPT PACKING pc=0x0000022672680950 sp=0x000000653e4fa140
Event: 1832.360 Thread 0x0000022645c616b0 DEOPT UNPACKING pc=0x0000022672034422 sp=0x000000653e4f9f98 mode 2
Event: 1834.190 Thread 0x0000022645c5fc70 Uncommon trap: trap_request=0xffffffde fr.pc=0x000002267270bd38 relative=0x0000000000000b58
Event: 1834.191 Thread 0x0000022645c5fc70 Uncommon trap: reason=class_check action=maybe_recompile pc=0x000002267270bd38 method=java.io.BufferedInputStream.implRead([BII)I @ 100 c2
Event: 1834.191 Thread 0x0000022645c5fc70 DEOPT PACKING pc=0x000002267270bd38 sp=0x00000065406fe530
Event: 1834.191 Thread 0x0000022645c5fc70 DEOPT UNPACKING pc=0x0000022672034422 sp=0x00000065406fe4f8 mode 2
Event: 2032.728 Thread 0x000002264528f910 DEOPT PACKING pc=0x000002266b398a90 sp=0x000000653fffe730
Event: 2032.791 Thread 0x000002264528f910 DEOPT UNPACKING pc=0x0000022672034bc2 sp=0x000000653fffdba8 mode 0
Event: 2102.995 Thread 0x000002264528f910 DEOPT PACKING pc=0x000002266b39c23c sp=0x000000653fffe3d0
Event: 2102.995 Thread 0x000002264528f910 DEOPT UNPACKING pc=0x0000022672034bc2 sp=0x000000653fffd930 mode 0
Event: 2102.996 Thread 0x000002264528f910 DEOPT PACKING pc=0x000002266b39d951 sp=0x000000653fffe440
Event: 2102.996 Thread 0x000002264528f910 DEOPT UNPACKING pc=0x0000022672034bc2 sp=0x000000653fffd938 mode 0
Event: 2114.411 Thread 0x000002264528f910 DEOPT PACKING pc=0x000002266b39e948 sp=0x000000653fffe7b0
Event: 2114.411 Thread 0x000002264528f910 DEOPT UNPACKING pc=0x0000022672034bc2 sp=0x000000653fffdc70 mode 0
Event: 11702.499 Thread 0x0000022645c616b0 Uncommon trap: trap_request=0xffffffde fr.pc=0x000002267278b934 relative=0x00000000000002f4
Event: 11702.499 Thread 0x0000022645c616b0 Uncommon trap: reason=class_check action=maybe_recompile pc=0x000002267278b934 method=java.util.Collections$SetFromMap.remove(Ljava/lang/Object;)Z @ 5 c2
Event: 11702.499 Thread 0x0000022645c616b0 DEOPT PACKING pc=0x000002267278b934 sp=0x000000653e4fafb0
Event: 11702.500 Thread 0x0000022645c616b0 DEOPT UNPACKING pc=0x0000022672034422 sp=0x000000653e4faf88 mode 2

Classes loaded (20 events):
Event: 910.999 Loading class java/nio/file/FileTreeWalker$DirectoryNode
Event: 910.999 Loading class java/nio/file/FileTreeWalker$DirectoryNode done
Event: 910.999 Loading class java/nio/file/FileTreeWalker$Event
Event: 911.000 Loading class java/nio/file/FileTreeWalker$Event done
Event: 911.000 Loading class java/nio/file/FileTreeWalker$EventType
Event: 911.000 Loading class java/nio/file/FileTreeWalker$EventType done
Event: 911.001 Loading class java/nio/file/Files$3
Event: 911.001 Loading class java/nio/file/Files$3 done
Event: 911.007 Loading class java/nio/file/FileVisitResult
Event: 911.008 Loading class java/nio/file/FileVisitResult done
Event: 911.138 Loading class java/nio/charset/CharacterCodingException
Event: 911.139 Loading class java/nio/charset/CharacterCodingException done
Event: 912.256 Loading class java/util/stream/IntStream
Event: 912.257 Loading class java/util/stream/IntStream done
Event: 912.257 Loading class java/util/stream/Streams$RangeIntSpliterator
Event: 912.257 Loading class java/util/stream/Streams$RangeIntSpliterator done
Event: 912.258 Loading class java/util/stream/IntPipeline$Head
Event: 912.258 Loading class java/util/stream/IntPipeline
Event: 912.259 Loading class java/util/stream/IntPipeline done
Event: 912.259 Loading class java/util/stream/IntPipeline$Head done

Classes unloaded (0 events):
No events

Classes redefined (0 events):
No events

Internal exceptions (20 events):
Event: 896.590 Thread 0x0000022645c616b0 Exception <a 'java/lang/NoSuchMethodError'{0x00000000b85903b8}: 'java.lang.Object java.lang.invoke.DirectMethodHandle$Holder.invokeSpecial(java.lang.Object, java.lang.Object, java.lang.Object, java.lang.Object, java.lang.Object, java.lang.Object, java.lang.Object, java.lang.Object, java.lang.Object, java.lang.Object, java.lang.Object, java.lang.Object, java.lang.Object, java.lang.Object, java.lang.Object, java.lang.Object)'> (0x00000000b85903b8) 
thrown [s\src\hotspot\share\interpreter\linkResolver.cpp, li
Event: 896.590 Thread 0x0000022645c616b0 Exception <a 'java/lang/NoSuchMethodError'{0x00000000b8595638}: 'java.lang.Object java.lang.invoke.DelegatingMethodHandle$Holder.reinvoke_L(java.lang.Object, java.lang.Object, java.lang.Object, java.lang.Object, java.lang.Object, java.lang.Object, java.lang.Object, java.lang.Object, java.lang.Object, java.lang.Object, java.lang.Object, java.lang.Object, java.lang.Object, java.lang.Object, java.lang.Object)'> (0x00000000b8595638) 
thrown [s\src\hotspot\share\interpreter\linkResolver.cpp, line 773]
Event: 900.927 Thread 0x0000022645c616b0 Exception <a 'java/lang/NoSuchMethodError'{0x00000000a42f4600}: 'java.lang.Object java.lang.invoke.DelegatingMethodHandle$Holder.reinvoke_L(java.lang.Object, java.lang.Object, java.lang.Object, java.lang.Object, java.lang.Object, java.lang.Object, java.lang.Object, java.lang.Object, java.lang.Object, java.lang.Object, java.lang.Object, java.lang.Object, java.lang.Object, java.lang.Object, java.lang.Object, java.lang.Object, java.lang.Object, java.lang.Object, java.lang.Object, java.lang.Object, java.lang.O
Event: 901.531 Thread 0x0000022645c616b0 Exception <a 'java/lang/NoSuchMethodError'{0x00000000a41d3268}: 'java.lang.Object java.lang.invoke.DirectMethodHandle$Holder.invokeStatic(java.lang.Object, java.lang.Object, java.lang.Object, java.lang.Object, java.lang.Object, java.lang.Object, java.lang.Object, java.lang.Object, java.lang.Object, java.lang.Object, java.lang.Object, java.lang.Object, java.lang.Object, java.lang.Object, java.lang.Object, java.lang.Object, java.lang.Object, java.lang.Object, java.lang.Object, java.lang.Object, java.lang.Obj
Event: 901.828 Thread 0x0000022645c616b0 Exception <a 'java/lang/NoSuchMethodError'{0x00000000a4008528}: 'java.lang.Object java.lang.invoke.DirectMethodHandle$Holder.invokeStatic(java.lang.Object, java.lang.Object, java.lang.Object, java.lang.Object, java.lang.Object, java.lang.Object, java.lang.Object, java.lang.Object, java.lang.Object, java.lang.Object, java.lang.Object, java.lang.Object, java.lang.Object, java.lang.Object, java.lang.Object, java.lang.Object, java.lang.Object, java.lang.Object, java.lang.Object, java.lang.Object, java.lang.Obj
Event: 902.279 Thread 0x0000022645c616b0 Exception <a 'java/lang/NoSuchMethodError'{0x00000000a403f5f0}: 'java.lang.Object java.lang.invoke.DirectMethodHandle$Holder.invokeStatic(java.lang.Object, java.lang.Object, java.lang.Object, java.lang.Object, java.lang.Object, java.lang.Object, java.lang.Object, java.lang.Object, java.lang.Object, java.lang.Object, java.lang.Object, java.lang.Object, java.lang.Object, java.lang.Object, java.lang.Object, java.lang.Object, java.lang.Object, java.lang.Object, java.lang.Object, java.lang.Object, java.lang.Obj
Event: 903.154 Thread 0x0000022645c616b0 Exception <a 'java/lang/NoSuchMethodError'{0x00000000a40dbc18}: 'java.lang.Object java.lang.invoke.DirectMethodHandle$Holder.newInvokeSpecial(java.lang.Object, java.lang.Object, java.lang.Object, java.lang.Object, java.lang.Object, java.lang.Object, java.lang.Object, java.lang.Object, java.lang.Object, java.lang.Object, java.lang.Object, java.lang.Object, java.lang.Object, java.lang.Object, java.lang.Object, java.lang.Object, java.lang.Object, java.lang.Object, java.lang.Object)'> (0x00000000a40dbc18) 
thr
Event: 903.155 Thread 0x0000022645c616b0 Exception <a 'java/lang/NoSuchMethodError'{0x00000000a40e25e8}: 'java.lang.Object java.lang.invoke.DirectMethodHandle$Holder.invokeSpecial(java.lang.Object, java.lang.Object, java.lang.Object, java.lang.Object, java.lang.Object, java.lang.Object, java.lang.Object, java.lang.Object, java.lang.Object, java.lang.Object, java.lang.Object, java.lang.Object, java.lang.Object, java.lang.Object, java.lang.Object, java.lang.Object, java.lang.Object, java.lang.Object, java.lang.Object, java.lang.Object)'> (0x0000000
Event: 903.156 Thread 0x0000022645c616b0 Exception <a 'java/lang/NoSuchMethodError'{0x00000000a40e7b88}: 'java.lang.Object java.lang.invoke.DelegatingMethodHandle$Holder.reinvoke_L(java.lang.Object, java.lang.Object, java.lang.Object, java.lang.Object, java.lang.Object, java.lang.Object, java.lang.Object, java.lang.Object, java.lang.Object, java.lang.Object, java.lang.Object, java.lang.Object, java.lang.Object, java.lang.Object, java.lang.Object, java.lang.Object, java.lang.Object, java.lang.Object, java.lang.Object)'> (0x00000000a40e7b88) 
throw
Event: 910.242 Thread 0x0000022645c616b0 Exception <a 'java/lang/IncompatibleClassChangeError'{0x00000000a3944f20}: Found class java.lang.Object, but interface was expected> (0x00000000a3944f20) 
thrown [s\src\hotspot\share\interpreter\linkResolver.cpp, line 840]
Event: 910.647 Thread 0x0000022645c616b0 Exception <a 'java/lang/NoSuchMethodError'{0x00000000a38b4628}: 'java.lang.Object java.lang.invoke.DirectMethodHandle$Holder.newInvokeSpecial(java.lang.Object, java.lang.Object, long)'> (0x00000000a38b4628) 
thrown [s\src\hotspot\share\interpreter\linkResolver.cpp, line 773]
Event: 910.798 Thread 0x0000022645c616b0 Exception <a 'java/lang/NoSuchMethodError'{0x00000000a38b8960}: 'java.lang.Object java.lang.invoke.Invokers$Holder.linkToTargetMethod(java.lang.Object, long, java.lang.Object)'> (0x00000000a38b8960) 
thrown [s\src\hotspot\share\interpreter\linkResolver.cpp, line 773]
Event: 910.984 Thread 0x0000022645c5fc70 Implicit null exception at 0x000002267272cae1 to 0x000002267272d160
Event: 910.984 Thread 0x0000022645c5fc70 Implicit null exception at 0x00000226727091b4 to 0x000002267270a334
Event: 911.793 Thread 0x0000022645c616b0 Exception <a 'java/lang/NoSuchMethodError'{0x00000000a36b1bd0}: 'int java.lang.invoke.DirectMethodHandle$Holder.invokeInterface(java.lang.Object, java.lang.Object)'> (0x00000000a36b1bd0) 
thrown [s\src\hotspot\share\interpreter\linkResolver.cpp, line 773]
Event: 912.057 Thread 0x0000022645c616b0 Exception <a 'java/lang/NoSuchMethodError'{0x00000000a351ea88}: 'java.lang.Object java.lang.invoke.DirectMethodHandle$Holder.invokeVirtual(java.lang.Object, java.lang.Object, int)'> (0x00000000a351ea88) 
thrown [s\src\hotspot\share\interpreter\linkResolver.cpp, line 773]
Event: 1639.269 Thread 0x000002264528f910 Implicit null exception at 0x00000226725dca20 to 0x00000226725dd0bc
Event: 1832.857 Thread 0x0000022645c616b0 Exception <a 'java/lang/NoSuchMethodError'{0x00000000a4239e40}: 'java.lang.Object java.lang.invoke.DirectMethodHandle$Holder.invokeStatic(java.lang.Object, java.lang.Object, int, java.lang.Object)'> (0x00000000a4239e40) 
thrown [s\src\hotspot\share\interpreter\linkResolver.cpp, line 773]
Event: 1833.009 Thread 0x0000022645c616b0 Exception <a 'java/lang/NoSuchMethodError'{0x00000000a4241228}: 'java.lang.Object java.lang.invoke.DirectMethodHandle$Holder.newInvokeSpecial(java.lang.Object, java.lang.Object, int, java.lang.Object)'> (0x00000000a4241228) 
thrown [s\src\hotspot\share\interpreter\linkResolver.cpp, line 773]
Event: 1833.016 Thread 0x0000022645c616b0 Exception <a 'java/lang/NoSuchMethodError'{0x00000000a4245950}: 'java.lang.Object java.lang.invoke.DirectMethodHandle$Holder.invokeSpecial(java.lang.Object, java.lang.Object, java.lang.Object, int, java.lang.Object)'> (0x00000000a4245950) 
thrown [s\src\hotspot\share\interpreter\linkResolver.cpp, line 773]

ZGC Phase Switch (0 events):
No events

VM Operations (20 events):
Event: 1902.760 Executing safepoint VM operation: Cleanup
Event: 1902.822 Executing safepoint VM operation: Cleanup done
Event: 1906.857 Executing safepoint VM operation: Cleanup
Event: 1906.858 Executing safepoint VM operation: Cleanup done
Event: 1912.915 Executing safepoint VM operation: Cleanup
Event: 1912.915 Executing safepoint VM operation: Cleanup done
Event: 1923.067 Executing safepoint VM operation: Cleanup
Event: 1923.067 Executing safepoint VM operation: Cleanup done
Event: 1924.082 Executing safepoint VM operation: Cleanup
Event: 1924.082 Executing safepoint VM operation: Cleanup done
Event: 2018.140 Executing safepoint VM operation: G1CollectForAllocation (G1 Evacuation Pause)
Event: 2018.186 Executing safepoint VM operation: G1CollectForAllocation (G1 Evacuation Pause) done
Event: 2263.786 Executing safepoint VM operation: Cleanup
Event: 2263.787 Executing safepoint VM operation: Cleanup done
Event: 2284.004 Executing safepoint VM operation: Cleanup
Event: 2284.004 Executing safepoint VM operation: Cleanup done
Event: 11688.886 Executing safepoint VM operation: Cleanup
Event: 11693.756 Executing safepoint VM operation: Cleanup done
Event: 11694.773 Executing safepoint VM operation: Cleanup
Event: 11702.488 Executing safepoint VM operation: Cleanup done

Memory protections (0 events):
No events

Nmethod flushes (0 events):
No events

Events (20 events):
Event: 714.505 Thread 0x0000022645c616b0 Thread added: 0x0000022645c60300
Event: 731.834 Thread 0x0000022645c5e8c0 Thread added: 0x0000022645c60990
Event: 775.679 Thread 0x0000022645c616b0 Thread added: 0x0000022646019100
Event: 801.744 Thread 0x0000022645c616b0 Thread added: 0x000002264601a4b0
Event: 803.558 Thread 0x0000022645c616b0 Thread added: 0x0000022646019790
Event: 809.287 Thread 0x0000022645c60990 Thread exited: 0x0000022645c60990
Event: 821.386 Thread 0x0000022645c5e8c0 Thread added: 0x00000226460176c0
Event: 839.096 Thread 0x0000022645c616b0 Thread added: 0x00000226460183e0
Event: 839.206 Thread 0x0000022645c616b0 Thread added: 0x0000022646019e20
Event: 860.695 Thread 0x0000022645c616b0 Thread added: 0x0000022646017d50
Event: 882.073 Thread 0x0000022645c616b0 Thread added: 0x0000022646017030
Event: 887.262 Thread 0x00000226460176c0 Thread exited: 0x00000226460176c0
Event: 894.552 Thread 0x0000022645c616b0 Thread added: 0x00000226460176c0
Event: 918.438 Thread 0x0000022645c5e8c0 Thread added: 0x0000022645c60990
Event: 1012.023 Thread 0x0000022645c60990 Thread exited: 0x0000022645c60990
Event: 1752.592 Thread 0x0000022645c5e8c0 Thread added: 0x0000022645c60990
Event: 1813.044 Thread 0x0000022645c60990 Thread exited: 0x0000022645c60990
Event: 1831.943 Thread 0x0000022645c5e8c0 Thread added: 0x0000022645c60990
Event: 1833.289 Thread 0x0000022645c616b0 Thread added: 0x0000022646525770
Event: 1927.337 Thread 0x0000022645c60990 Thread exited: 0x0000022645c60990


Dynamic libraries:
0x00007ff78b490000 - 0x00007ff78b49e000 	C:\Users\Dawit.DAWITA\.vscode\extensions\redhat.java-1.56.0-win32-x64\jre\21.0.12.1-win32-x86_64\bin\java.exe
0x00007ffaf8ac0000 - 0x00007ffaf8d27000 	C:\WINDOWS\SYSTEM32\ntdll.dll
0x00007ffaf6c70000 - 0x00007ffaf6d3b000 	C:\WINDOWS\System32\KERNEL32.DLL
0x00007ffaf5e10000 - 0x00007ffaf6211000 	C:\WINDOWS\System32\KERNELBASE.dll
0x00007ffaf6680000 - 0x00007ffaf67cc000 	C:\WINDOWS\System32\ucrtbase.dll
0x00007ffa513b0000 - 0x00007ffa513c8000 	C:\Users\Dawit.DAWITA\.vscode\extensions\redhat.java-1.56.0-win32-x64\jre\21.0.12.1-win32-x86_64\bin\jli.dll
0x00007ffaf8050000 - 0x00007ffaf8227000 	C:\WINDOWS\System32\USER32.dll
0x00007ffaf62e0000 - 0x00007ffaf6307000 	C:\WINDOWS\System32\win32u.dll
0x00007ffaf74f0000 - 0x00007ffaf751b000 	C:\WINDOWS\System32\GDI32.dll
0x00007ffaf6550000 - 0x00007ffaf6678000 	C:\WINDOWS\System32\gdi32full.dll
0x00007ffaf6310000 - 0x00007ffaf63b3000 	C:\WINDOWS\System32\msvcp_win.dll
0x00007ffa51390000 - 0x00007ffa513ae000 	C:\Users\Dawit.DAWITA\.vscode\extensions\redhat.java-1.56.0-win32-x64\jre\21.0.12.1-win32-x86_64\bin\VCRUNTIME140.dll
0x00007ffada7a0000 - 0x00007ffadaa30000 	C:\WINDOWS\WinSxS\amd64_microsoft.windows.common-controls_6595b64144ccf1df_6.0.26100.9549_none_3e0a0396e3330090\COMCTL32.dll
0x00007ffaf6b70000 - 0x00007ffaf6c19000 	C:\WINDOWS\System32\msvcrt.dll
0x00007ffaf7d50000 - 0x00007ffaf7d81000 	C:\WINDOWS\System32\IMM32.DLL
0x00007ffabfdc0000 - 0x00007ffabfdcc000 	C:\Users\Dawit.DAWITA\.vscode\extensions\redhat.java-1.56.0-win32-x64\jre\21.0.12.1-win32-x86_64\bin\vcruntime140_1.dll
0x00007ffa51300000 - 0x00007ffa5138d000 	C:\Users\Dawit.DAWITA\.vscode\extensions\redhat.java-1.56.0-win32-x64\jre\21.0.12.1-win32-x86_64\bin\msvcp140.dll
0x00007ffa50490000 - 0x00007ffa51232000 	C:\Users\Dawit.DAWITA\.vscode\extensions\redhat.java-1.56.0-win32-x64\jre\21.0.12.1-win32-x86_64\bin\server\jvm.dll
0x00007ffaf8950000 - 0x00007ffaf8a0b000 	C:\WINDOWS\System32\ADVAPI32.dll
0x00007ffaf8230000 - 0x00007ffaf82d8000 	C:\WINDOWS\System32\sechost.dll
0x00007ffaf7f30000 - 0x00007ffaf8048000 	C:\WINDOWS\System32\RPCRT4.dll
0x00007ffaf8710000 - 0x00007ffaf8791000 	C:\WINDOWS\System32\WS2_32.dll
0x00007ffaf5b10000 - 0x00007ffaf5b6e000 	C:\WINDOWS\SYSTEM32\POWRPROF.dll
0x00007ffadc210000 - 0x00007ffadc247000 	C:\WINDOWS\SYSTEM32\WINMM.dll
0x00007ffae7c80000 - 0x00007ffae7c8b000 	C:\WINDOWS\SYSTEM32\VERSION.dll
0x00007ffaf5af0000 - 0x00007ffaf5b05000 	C:\WINDOWS\SYSTEM32\UMPDC.dll
0x00007ffaf4960000 - 0x00007ffaf497b000 	C:\WINDOWS\SYSTEM32\kernel.appcore.dll
0x00007ffaba930000 - 0x00007ffaba93a000 	C:\Users\Dawit.DAWITA\.vscode\extensions\redhat.java-1.56.0-win32-x64\jre\21.0.12.1-win32-x86_64\bin\jimage.dll
0x00007ffaf29d0000 - 0x00007ffaf2c1c000 	C:\WINDOWS\SYSTEM32\DBGHELP.DLL
0x00007ffaf67e0000 - 0x00007ffaf6b6a000 	C:\WINDOWS\System32\combase.dll
0x00007ffaf8450000 - 0x00007ffaf8529000 	C:\WINDOWS\System32\OLEAUT32.dll
0x00007ffad6b70000 - 0x00007ffad6bab000 	C:\WINDOWS\SYSTEM32\dbgcore.DLL
0x00007ffaf6220000 - 0x00007ffaf62cc000 	C:\WINDOWS\System32\bcryptPrimitives.dll
0x00007ffae81f0000 - 0x00007ffae81ff000 	C:\Users\Dawit.DAWITA\.vscode\extensions\redhat.java-1.56.0-win32-x64\jre\21.0.12.1-win32-x86_64\bin\instrument.dll
0x00007ffa50470000 - 0x00007ffa50490000 	C:\Users\Dawit.DAWITA\.vscode\extensions\redhat.java-1.56.0-win32-x64\jre\21.0.12.1-win32-x86_64\bin\java.dll
0x00007ffaf6d40000 - 0x00007ffaf74dc000 	C:\WINDOWS\System32\SHELL32.dll
0x00007ffaf3740000 - 0x00007ffaf3fed000 	C:\WINDOWS\SYSTEM32\windows.storage.dll
0x00007ffaf87a0000 - 0x00007ffaf8899000 	C:\WINDOWS\System32\SHCORE.dll
0x00007ffaf8a10000 - 0x00007ffaf8a76000 	C:\WINDOWS\System32\shlwapi.dll
0x00007ffaf5bd0000 - 0x00007ffaf5bf9000 	C:\WINDOWS\SYSTEM32\profapi.dll
0x00007ffa503f0000 - 0x00007ffa50408000 	C:\Users\Dawit.DAWITA\.vscode\extensions\redhat.java-1.56.0-win32-x64\jre\21.0.12.1-win32-x86_64\bin\zip.dll
0x00007ffaae710000 - 0x00007ffaae720000 	C:\Users\Dawit.DAWITA\.vscode\extensions\redhat.java-1.56.0-win32-x64\jre\21.0.12.1-win32-x86_64\bin\net.dll
0x00007ffae7750000 - 0x00007ffae787a000 	C:\WINDOWS\SYSTEM32\WINHTTP.dll
0x00007ffaf4f20000 - 0x00007ffaf4f8c000 	C:\WINDOWS\system32\mswsock.dll
0x00007ffa51860000 - 0x00007ffa51876000 	C:\Users\Dawit.DAWITA\.vscode\extensions\redhat.java-1.56.0-win32-x64\jre\21.0.12.1-win32-x86_64\bin\nio.dll
0x00007ffae81e0000 - 0x00007ffae81f0000 	C:\Users\Dawit.DAWITA\.vscode\extensions\redhat.java-1.56.0-win32-x64\jre\21.0.12.1-win32-x86_64\bin\verify.dll
0x00007ffa520f0000 - 0x00007ffa52117000 	C:\Users\Dawit.DAWITA\.gradle\native\c067742578af261105cb4f569cf0c3c89f3d7b1fecec35dd04571415982c5e48\windows-amd64\native-platform.dll
0x00007ffa71ca0000 - 0x00007ffa71de4000 	C:\Users\Dawit.DAWITA\.gradle\native\100fb08df4bc3b14c8652ba06237920a3bd2aa13389f12d3474272988ae205f9\windows-amd64\native-platform-file-events.dll
0x00007ffad7980000 - 0x00007ffad798a000 	C:\Users\Dawit.DAWITA\.vscode\extensions\redhat.java-1.56.0-win32-x64\jre\21.0.12.1-win32-x86_64\bin\management.dll
0x00007ffad7970000 - 0x00007ffad797c000 	C:\Users\Dawit.DAWITA\.vscode\extensions\redhat.java-1.56.0-win32-x64\jre\21.0.12.1-win32-x86_64\bin\management_ext.dll
0x00007ffaf88c0000 - 0x00007ffaf88c8000 	C:\WINDOWS\System32\PSAPI.DLL
0x00007ffaf5210000 - 0x00007ffaf522b000 	C:\WINDOWS\SYSTEM32\CRYPTSP.dll
0x00007ffaf48c0000 - 0x00007ffaf48f9000 	C:\WINDOWS\system32\rsaenh.dll
0x00007ffaf4fd0000 - 0x00007ffaf5004000 	C:\WINDOWS\SYSTEM32\USERENV.dll
0x00007ffaf5ba0000 - 0x00007ffaf5bca000 	C:\WINDOWS\SYSTEM32\bcrypt.dll
0x00007ffaf5230000 - 0x00007ffaf523c000 	C:\WINDOWS\SYSTEM32\CRYPTBASE.dll
0x00007ffaf43e0000 - 0x00007ffaf4413000 	C:\WINDOWS\SYSTEM32\IPHLPAPI.DLL
0x00007ffaf88b0000 - 0x00007ffaf88ba000 	C:\WINDOWS\System32\NSI.dll
0x00007ffa7d790000 - 0x00007ffa7d799000 	C:\Users\Dawit.DAWITA\.vscode\extensions\redhat.java-1.56.0-win32-x64\jre\21.0.12.1-win32-x86_64\bin\extnet.dll
0x00007ffa84180000 - 0x00007ffa8418e000 	C:\Users\Dawit.DAWITA\.vscode\extensions\redhat.java-1.56.0-win32-x64\jre\21.0.12.1-win32-x86_64\bin\sunmscapi.dll
0x00007ffaf63c0000 - 0x00007ffaf653f000 	C:\WINDOWS\System32\CRYPT32.dll
0x00007ffaf5470000 - 0x00007ffaf54a0000 	C:\WINDOWS\SYSTEM32\ncrypt.dll
0x00007ffaf5420000 - 0x00007ffaf545f000 	C:\WINDOWS\SYSTEM32\NTASN1.dll
0x00007ffac5700000 - 0x00007ffac5708000 	C:\WINDOWS\system32\wshunix.dll

JVMTI agents:
C:\Users\Dawit.DAWITA\.gradle\wrapper\dists\gradle-8.11.1-all\2qik7nd48slq1ooc2496ixf4i\gradle-8.11.1\lib\agents\gradle-instrumentation-agent-8.11.1.jar path:C:\Users\Dawit.DAWITA\.vscode\extensions\redhat.java-1.56.0-win32-x64\jre\21.0.12.1-win32-x86_64\bin\instrument.dll, loaded, initialized, instrumentlib options:none

dbghelp: loaded successfully - version: 4.0.5 - missing functions: none
symbol engine: initialized successfully - sym options: 0x614 - pdb path: .;C:\Users\Dawit.DAWITA\.vscode\extensions\redhat.java-1.56.0-win32-x64\jre\21.0.12.1-win32-x86_64\bin;C:\WINDOWS\SYSTEM32;C:\WINDOWS\WinSxS\amd64_microsoft.windows.common-controls_6595b64144ccf1df_6.0.26100.9549_none_3e0a0396e3330090;C:\Users\Dawit.DAWITA\.vscode\extensions\redhat.java-1.56.0-win32-x64\jre\21.0.12.1-win32-x86_64\bin\server;C:\Users\Dawit.DAWITA\.gradle\native\c067742578af261105cb4f569cf0c3c89f3d7b1fecec35dd04571415982c5e48\windows-amd64;C:\Users\Dawit.DAWITA\.gradle\native\100fb08df4bc3b14c8652ba06237920a3bd2aa13389f12d3474272988ae205f9\windows-amd64

VM Arguments:
jvm_args: --add-opens=java.base/java.lang=ALL-UNNAMED --add-opens=java.base/java.lang.invoke=ALL-UNNAMED --add-opens=java.base/java.util=ALL-UNNAMED --add-opens=java.prefs/java.util.prefs=ALL-UNNAMED --add-exports=jdk.compiler/com.sun.tools.javac.api=ALL-UNNAMED --add-exports=jdk.compiler/com.sun.tools.javac.util=ALL-UNNAMED --add-opens=java.base/java.util=ALL-UNNAMED --add-opens=java.prefs/java.util.prefs=ALL-UNNAMED --add-opens=java.base/java.nio.charset=ALL-UNNAMED --add-opens=java.base/java.net=ALL-UNNAMED --add-opens=java.base/java.util.concurrent.atomic=ALL-UNNAMED --add-opens=java.xml/javax.xml.namespace=ALL-UNNAMED -Xmx1536m -Dfile.encoding=UTF-8 -Duser.country=US -Duser.language=en -Duser.variant -javaagent:C:\Users\Dawit.DAWITA\.gradle\wrapper\dists\gradle-8.11.1-all\2qik7nd48slq1ooc2496ixf4i\gradle-8.11.1\lib\agents\gradle-instrumentation-agent-8.11.1.jar 
java_command: org.gradle.launcher.daemon.bootstrap.GradleDaemon 8.11.1
java_class_path (initial): C:\Users\Dawit.DAWITA\.gradle\wrapper\dists\gradle-8.11.1-all\2qik7nd48slq1ooc2496ixf4i\gradle-8.11.1\lib\gradle-daemon-main-8.11.1.jar
Launcher Type: SUN_STANDARD

[Global flags]
     intx CICompilerCount                          = 4                                         {product} {ergonomic}
     uint ConcGCThreads                            = 2                                         {product} {ergonomic}
     uint G1ConcRefinementThreads                  = 8                                         {product} {ergonomic}
   size_t G1HeapRegionSize                         = 1048576                                   {product} {ergonomic}
    uintx GCDrainStackTargetSize                   = 64                                        {product} {ergonomic}
   size_t InitialHeapSize                          = 534773760                                 {product} {ergonomic}
   size_t MarkStackSize                            = 4194304                                   {product} {ergonomic}
   size_t MaxHeapSize                              = 1610612736                                {product} {command line}
   size_t MaxNewSize                               = 965738496                                 {product} {ergonomic}
   size_t MinHeapDeltaBytes                        = 1048576                                   {product} {ergonomic}
   size_t MinHeapSize                              = 8388608                                   {product} {ergonomic}
    uintx NonNMethodCodeHeapSize                   = 5839372                                {pd product} {ergonomic}
    uintx NonProfiledCodeHeapSize                  = 122909434                              {pd product} {ergonomic}
    uintx ProfiledCodeHeapSize                     = 122909434                              {pd product} {ergonomic}
    uintx ReservedCodeCacheSize                    = 251658240                              {pd product} {ergonomic}
     bool SegmentedCodeCache                       = true                                      {product} {ergonomic}
   size_t SoftMaxHeapSize                          = 1610612736                             {manageable} {ergonomic}
     bool UseCompressedOops                        = true                           {product lp64_product} {ergonomic}
     bool UseG1GC                                  = true                                      {product} {ergonomic}
     bool UseLargePagesIndividualAllocation        = false                                  {pd product} {ergonomic}

Logging:
Log output configuration:
 #0: stdout all=warning uptime,level,tags foldmultilines=false
 #1: stderr all=off uptime,level,tags foldmultilines=false

Release file:
JAVA_VERSION="21.0.12.1" 
MODULES="java.base java.compiler java.datatransfer java.xml java.prefs java.desktop java.instrument java.logging java.management java.security.sasl java.naming java.rmi java.management.rmi java.net.http java.scripting java.security.jgss java.transaction.xa java.sql java.sql.rowset java.xml.crypto java.se java.smartcardio jdk.accessibility jdk.internal.jvmstat jdk.attach jdk.charsets jdk.internal.opt jdk.zipfs jdk.compiler jdk.crypto.ec jdk.crypto.cryptoki jdk.crypto.mscapi jdk.dynalink jdk.internal.ed jdk.editpad jdk.hotspot.agent jdk.httpserver jdk.internal.le jdk.internal.vm.ci jdk.internal.vm.compiler jdk.internal.vm.compiler.management jdk.jartool jdk.javadoc jdk.jcmd jdk.management jdk.management.agent jdk.jconsole jdk.jdeps jdk.jdwp.agent jdk.jdi jdk.jfr jdk.jshell jdk.jsobject jdk.jstatd jdk.localedata jdk.management.jfr jdk.naming.dns jdk.naming.rmi jdk.net jdk.nio.mapmode jdk.random jdk.sctp jdk.security.auth jdk.security.jgss jdk.unsupported jdk.unsupported.desktop jdk.xml.dom" 

Environment Variables:
JAVA_HOME=C:\Users\Dawit.DAWITA\AppData\Local\Java\jdk-21.0.2+13
PATH=C:\Program Files (x86)\VMware\VMware Workstation\bin\;C:\Program Files (x86)\VMware\VMware Player\bin\;C:\Program Files\Common Files\Oracle\Java\javapath;C:\Program Files\Eclipse Adoptium\jdk-17.0.17.10-hotspot\bin;C:\Program Files\Eclipse Adoptium\jdk-21.0.9.10-hotspot\bin;C:\WINDOWS\system32;C:\WINDOWS;C:\WINDOWS\System32\Wbem;C:\WINDOWS\System32\WindowsPowerShell\v1.0\;C:\WINDOWS\System32\OpenSSH\;C:\Program Files\nodejs\;C:\Program Files\PyManager\;C:\Program Files\Git\cmd;C:\Program Files\WSL\;C:\Program Files\Docker\Docker\resources\bin;C:\Users\Dawit.DAWITA\AppData\Local\Java\jdk-21.0.2+13\bin;C:\Users\Dawit.DAWITA\AppData\Local\Microsoft\WindowsApps;C:\Users\Dawit.DAWITA\AppData\Local\Programs\Microsoft VS Code\bin;C:\Program Files\JetBrains\PyCharm Community Edition 2023.1.1\bin;;%USERPROFILE%\AppData\Local\Microsoft\WindowsApps
USERNAME=Dawit
OS=Windows_NT
PROCESSOR_IDENTIFIER=Intel64 Family 6 Model 142 Stepping 12, GenuineIntel
TMP=C:\Users\DAWIT~1.DAW\AppData\Local\Temp
TEMP=C:\Users\DAWIT~1.DAW\AppData\Local\Temp




Periodic native trim disabled

---------------  S Y S T E M  ---------------

OS:
 Windows 11 , 64 bit Build 26100 (10.0.26100.9549)
OS uptime: 0 days 5:28 hours
Hyper-V role detected

CPU: total 8 (initial active 8) (4 cores per cpu, 2 threads per core) family 6 model 142 stepping 12 microcode 0xfc, cx8, cmov, fxsr, ht, mmx, 3dnowpref, sse, sse2, sse3, ssse3, sse4.1, sse4.2, popcnt, lzcnt, tsc, tscinvbit, avx, avx2, aes, erms, clmul, bmi1, bmi2, adx, fma, vzeroupper, clflush, clflushopt, hv, rdtscp, f16c
Processor Information for the first 8 processors :
  Max Mhz: 1992, Current Mhz: 1792, Mhz Limit: 1792

Memory: 4k page, system-wide physical 32615M (94M free)
TotalPageFile size 130919M (AvailPageFile size 0M)
current process WorkingSet (physical memory assigned to process): 53M, peak: 192M
current process commit charge ("private bytes"): 267M, peak: 675M

vm_info: OpenJDK 64-Bit Server VM (21.0.12.1+1-LTS) for windows-amd64 JRE (21.0.12.1+1-LTS), built on 2026-08-18T00:00:00Z by "admin" with MS VC++ 17.12 (VS2022)

END.
