#
# There is insufficient memory for the Java Runtime Environment to continue.
# Native memory allocation (mmap) failed to map 1048576 bytes. Error detail: G1 virtual space
# Possible reasons:
#   The system is out of physical RAM or swap space
#   This process is running with CompressedOops enabled, and the Java Heap may be blocking the growth of the native heap
# Possible solutions:
#   Reduce memory load on the system
#   Increase physical memory or swap space
#   Check if swap backing store is full
#   Decrease Java heap size (-Xmx/-Xms)
#   Decrease number of Java threads
#   Decrease Java thread stack sizes (-Xss)
#   Set larger code cache with -XX:ReservedCodeCacheSize=
#   JVM is running with Unscaled Compressed Oops mode in which the Java heap is
#     placed in the first 4GB address space. The Java Heap base address is the
#     maximum limit for the native heap growth. Please use -XX:HeapBaseMinAddress
#     to set the Java Heap base and to place the Java Heap above 4GB virtual address.
# This output file may be truncated or incomplete.
#
#  Out of Memory Error (os_windows.cpp:3732), pid=20828, tid=49776
#
# JRE version: OpenJDK Runtime Environment Temurin-21.0.12.1+1 (21.0.12.1+1) (build 21.0.12.1+1-LTS)
# Java VM: OpenJDK 64-Bit Server VM Temurin-21.0.12.1+1 (21.0.12.1+1-LTS, mixed mode, sharing, tiered, compressed oops, compressed class ptrs, g1 gc, windows-amd64)
# No core dump will be written. Minidumps are not enabled by default on client versions of Windows
#

---------------  S U M M A R Y ------------

Command Line: --add-opens=java.base/java.lang=ALL-UNNAMED --add-opens=java.base/java.lang.invoke=ALL-UNNAMED --add-opens=java.base/java.util=ALL-UNNAMED --add-opens=java.prefs/java.util.prefs=ALL-UNNAMED --add-exports=jdk.compiler/com.sun.tools.javac.api=ALL-UNNAMED --add-exports=jdk.compiler/com.sun.tools.javac.util=ALL-UNNAMED --add-opens=java.base/java.util=ALL-UNNAMED --add-opens=java.prefs/java.util.prefs=ALL-UNNAMED --add-opens=java.base/java.nio.charset=ALL-UNNAMED --add-opens=java.base/java.net=ALL-UNNAMED --add-opens=java.base/java.util.concurrent.atomic=ALL-UNNAMED --add-opens=java.xml/javax.xml.namespace=ALL-UNNAMED -Xmx1536m -Dfile.encoding=UTF-8 -Duser.country=US -Duser.language=en -Duser.variant -javaagent:C:\Users\Dawit.DAWITA\.gradle\wrapper\dists\gradle-8.11.1-all\2qik7nd48slq1ooc2496ixf4i\gradle-8.11.1\lib\agents\gradle-instrumentation-agent-8.11.1.jar org.gradle.launcher.daemon.bootstrap.GradleDaemon 8.11.1

Host: Intel(R) Core(TM) i7-8565U CPU @ 1.80GHz, 8 cores, 31G,  Windows 11 , 64 bit Build 26100 (10.0.26100.9549)
Time: Wed Oct  7 16:53:01 2026 E. Africa Standard Time elapsed time: 17800.496564 seconds (0d 4h 56m 40s)

---------------  T H R E A D  ---------------

Current thread (0x000001b27fa87fc0):  WorkerThread "GC Thread#3"    [id=49776, stack(0x00000036fa500000,0x00000036fa600000) (1024K)]

Stack: [0x00000036fa500000,0x00000036fa600000]
Native frames: (J=compiled Java code, j=interpreted, Vv=VM code, C=native code)
V  [jvm.dll+0x6d83e9]
V  [jvm.dll+0x8b5736]
V  [jvm.dll+0x8b7cee]
V  [jvm.dll+0x8b83d3]
V  [jvm.dll+0x284596]
V  [jvm.dll+0x6d4d05]
V  [jvm.dll+0x6c898a]
V  [jvm.dll+0x35f2f8]
V  [jvm.dll+0x366f36]
V  [jvm.dll+0x3b7d4f]
V  [jvm.dll+0x3b83e4]
V  [jvm.dll+0x3b84af]
V  [jvm.dll+0x3347ac]
V  [jvm.dll+0x334505]
V  [jvm.dll+0x3231c6]
V  [jvm.dll+0x323fda]
V  [jvm.dll+0x324445]
V  [jvm.dll+0x323e3d]
V  [jvm.dll+0x361136]
V  [jvm.dll+0x3614aa]
V  [jvm.dll+0x362593]
V  [jvm.dll+0x35ed0e]
V  [jvm.dll+0x36b96b]
V  [jvm.dll+0x36d679]
V  [jvm.dll+0x36bcda]
V  [jvm.dll+0x36d2cb]
V  [jvm.dll+0x377873]
V  [jvm.dll+0x3779bb]
V  [jvm.dll+0x8e3751]
V  [jvm.dll+0x8600cd]
V  [jvm.dll+0x6d6c1d]
C  [ucrtbase.dll+0x2cd30]
C  [KERNEL32.DLL+0x2cdf7]
C  [ntdll.dll+0x7ee4c]


---------------  P R O C E S S  ---------------

Threads class SMR info:
_java_thread_list=0x000001b248d513e0, length=61, elements={
0x000001b268bcf3c0, 0x000001b27faa55a0, 0x000001b27faa6d20, 0x000001b27faaa4b0,
0x000001b27faaaf10, 0x000001b27faab970, 0x000001b27faac3d0, 0x000001b27faad160,
0x000001b27fabbe20, 0x000001b27fcd5ab0, 0x000001b27fd7ce30, 0x000001b24583ed40,
0x000001b2456304d0, 0x000001b2456f5b80, 0x000001b245e67910, 0x000001b24570df50,
0x000001b2459bce70, 0x000001b245f33ec0, 0x000001b245f34be0, 0x000001b245f35270,
0x000001b245f35900, 0x000001b245f34550, 0x000001b245f35f90, 0x000001b245f36cb0,
0x000001b247e090b0, 0x000001b247e07670, 0x000001b247e07d00, 0x000001b247e08a20,
0x000001b247e09740, 0x000001b247e08390, 0x000001b247e09dd0, 0x000001b247e06950,
0x000001b247e0b810, 0x000001b247e0bea0, 0x000001b247e0c530, 0x000001b247e06fe0,
0x000001b247e0cbc0, 0x000001b247e0d8e0, 0x000001b246b99a50, 0x000001b246b965d0,
0x000001b246b98d30, 0x000001b246b9a0e0, 0x000001b246b9a770, 0x000001b246b972f0,
0x000001b246b98010, 0x000001b246b9ae00, 0x000001b246b97980, 0x000001b246b9b490,
0x000001b246b9bb20, 0x000001b246b9c1b0, 0x000001b246b9dbf0, 0x000001b246b9c840,
0x000001b246b9ced0, 0x000001b246c52600, 0x000001b246c53320, 0x000001b246c539b0,
0x000001b246c54040, 0x000001b246c546d0, 0x000001b246c553f0, 0x000001b246c51f70,
0x000001b246c56110
}

Java Threads: ( => current thread )
  0x000001b268bcf3c0 JavaThread "main"                              [_thread_blocked, id=36360, stack(0x00000036f9200000,0x00000036f9300000) (1024K)]
  0x000001b27faa55a0 JavaThread "Reference Handler"          daemon [_thread_blocked, id=13584, stack(0x00000036f9a00000,0x00000036f9b00000) (1024K)]
  0x000001b27faa6d20 JavaThread "Finalizer"                  daemon [_thread_blocked, id=14880, stack(0x00000036f9b00000,0x00000036f9c00000) (1024K)]
  0x000001b27faaa4b0 JavaThread "Signal Dispatcher"          daemon [_thread_blocked, id=42288, stack(0x00000036f9c00000,0x00000036f9d00000) (1024K)]
  0x000001b27faaaf10 JavaThread "Attach Listener"            daemon [_thread_blocked, id=36700, stack(0x00000036f9d00000,0x00000036f9e00000) (1024K)]
  0x000001b27faab970 JavaThread "Service Thread"             daemon [_thread_blocked, id=40284, stack(0x00000036f9e00000,0x00000036f9f00000) (1024K)]
  0x000001b27faac3d0 JavaThread "Monitor Deflation Thread"   daemon [_thread_blocked, id=39416, stack(0x00000036f9f00000,0x00000036fa000000) (1024K)]
  0x000001b27faad160 JavaThread "C2 CompilerThread0"         daemon [_thread_blocked, id=40564, stack(0x00000036fa000000,0x00000036fa100000) (1024K)]
  0x000001b27fabbe20 JavaThread "C1 CompilerThread0"         daemon [_thread_blocked, id=41432, stack(0x00000036fa100000,0x00000036fa200000) (1024K)]
  0x000001b27fcd5ab0 JavaThread "Common-Cleaner"             daemon [_thread_blocked, id=44740, stack(0x00000036fa200000,0x00000036fa300000) (1024K)]
  0x000001b27fd7ce30 JavaThread "Notification Thread"        daemon [_thread_blocked, id=35304, stack(0x00000036fa300000,0x00000036fa400000) (1024K)]
  0x000001b24583ed40 JavaThread "Daemon health stats"               [_thread_blocked, id=36808, stack(0x00000036fac00000,0x00000036fad00000) (1024K)]
  0x000001b2456304d0 JavaThread "Incoming local TCP Connector on port 49265"        [_thread_in_native, id=45604, stack(0x00000036faf00000,0x00000036fb000000) (1024K)]
  0x000001b2456f5b80 JavaThread "Daemon periodic checks"            [_thread_in_native, id=17492, stack(0x00000036fae00000,0x00000036faf00000) (1024K)]
  0x000001b245e67910 JavaThread "Daemon"                            [_thread_blocked, id=6148, stack(0x00000036fb000000,0x00000036fb100000) (1024K)]
  0x000001b24570df50 JavaThread "Handler for socket connection from /127.0.0.1:49265 to /127.0.0.1:49267"        [_thread_in_native, id=31828, stack(0x00000036fb100000,0x00000036fb200000) (1024K)]
  0x000001b2459bce70 JavaThread "Cancel handler"                    [_thread_blocked, id=44748, stack(0x00000036fb200000,0x00000036fb300000) (1024K)]
  0x000001b245f33ec0 JavaThread "Daemon worker"                     [_thread_in_native, id=39224, stack(0x00000036fb300000,0x00000036fb400000) (1024K)]
  0x000001b245f34be0 JavaThread "Asynchronous log dispatcher for DefaultDaemonConnection: socket connection from /127.0.0.1:49265 to /127.0.0.1:49267"        [_thread_blocked, id=36932, stack(0x00000036fb400000,0x00000036fb500000) (1024K)]
  0x000001b245f35270 JavaThread "Stdin handler"                     [_thread_blocked, id=3636, stack(0x00000036fb500000,0x00000036fb600000) (1024K)]
  0x000001b245f35900 JavaThread "Daemon client event forwarder"        [_thread_blocked, id=44084, stack(0x00000036fb600000,0x00000036fb700000) (1024K)]
  0x000001b245f34550 JavaThread "Cache worker for journal cache (C:\Users\Dawit.DAWITA\.gradle\caches\journal-1)"        [_thread_blocked, id=49712, stack(0x00000036fb700000,0x00000036fb800000) (1024K)]
  0x000001b245f35f90 JavaThread "File lock request listener"        [_thread_in_native, id=37280, stack(0x00000036fb800000,0x00000036fb900000) (1024K)]
  0x000001b245f36cb0 JavaThread "Cache worker for file hash cache (C:\Users\Dawit.DAWITA\.gradle\caches\8.11.1\fileHashes)"        [_thread_blocked, id=40772, stack(0x00000036fba00000,0x00000036fbb00000) (1024K)]
  0x000001b247e090b0 JavaThread "Cache worker for file content cache (C:\Users\Dawit.DAWITA\.gradle\caches\8.11.1\fileContent)"        [_thread_blocked, id=49228, stack(0x00000036fbc00000,0x00000036fbd00000) (1024K)]
  0x000001b247e07670 JavaThread "Cache worker for file hash cache (C:\Users\Dawit.DAWITA\Documents\AfroLife_Agency_improved\afrolife\android\.gradle\8.11.1\fileHashes)"        [_thread_blocked, id=23312, stack(0x00000036fbe00000,0x00000036fbf00000) (1024K)]
  0x000001b247e07d00 JavaThread "Cache worker for Build Output Cleanup Cache (C:\Users\Dawit.DAWITA\Documents\AfroLife_Agency_improved\afrolife\android\.gradle\buildOutputCleanup)"        [_thread_blocked, id=36664, stack(0x00000036fbf00000,0x00000036fc000000) (1024K)]
  0x000001b247e08a20 JavaThread "File watcher server"        daemon [_thread_in_native, id=30648, stack(0x00000036fbb00000,0x00000036fbc00000) (1024K)]
  0x000001b247e09740 JavaThread "File watcher consumer"      daemon [_thread_blocked, id=27560, stack(0x00000036fc000000,0x00000036fc100000) (1024K)]
  0x000001b247e08390 JavaThread "Cache worker for checksums cache (C:\Users\Dawit.DAWITA\Documents\AfroLife_Agency_improved\afrolife\android\.gradle\8.11.1\checksums)"        [_thread_blocked, id=48832, stack(0x00000036fc200000,0x00000036fc300000) (1024K)]
  0x000001b247e09dd0 JavaThread "Cache worker for cache directory md-rule (C:\Users\Dawit.DAWITA\.gradle\caches\8.11.1\md-rule)"        [_thread_blocked, id=32524, stack(0x00000036fc100000,0x00000036fc200000) (1024K)]
  0x000001b247e06950 JavaThread "Cache worker for cache directory md-supplier (C:\Users\Dawit.DAWITA\.gradle\caches\8.11.1\md-supplier)"        [_thread_blocked, id=2152, stack(0x00000036fc300000,0x00000036fc400000) (1024K)]
  0x000001b247e0b810 JavaThread "jar transforms"                    [_thread_blocked, id=50348, stack(0x00000036faa00000,0x00000036fab00000) (1024K)]
  0x000001b247e0bea0 JavaThread "jar transforms Thread 2"           [_thread_blocked, id=50564, stack(0x00000036fb900000,0x00000036fba00000) (1024K)]
  0x000001b247e0c530 JavaThread "jar transforms Thread 3"           [_thread_blocked, id=13624, stack(0x00000036fab00000,0x00000036fac00000) (1024K)]
  0x000001b247e06fe0 JavaThread "jar transforms Thread 4"           [_thread_blocked, id=54100, stack(0x00000036f9000000,0x00000036f9100000) (1024K)]
  0x000001b247e0cbc0 JavaThread "jar transforms Thread 5"           [_thread_blocked, id=23816, stack(0x00000036fc400000,0x00000036fc500000) (1024K)]
  0x000001b247e0d8e0 JavaThread "jar transforms Thread 6"           [_thread_blocked, id=52980, stack(0x00000036fc500000,0x00000036fc600000) (1024K)]
  0x000001b246b99a50 JavaThread "jar transforms Thread 7"           [_thread_blocked, id=56684, stack(0x00000036fc600000,0x00000036fc700000) (1024K)]
  0x000001b246b965d0 JavaThread "Unconstrained build operations"        [_thread_blocked, id=22328, stack(0x00000036fc700000,0x00000036fc800000) (1024K)]
  0x000001b246b98d30 JavaThread "Unconstrained build operations Thread 2"        [_thread_blocked, id=56012, stack(0x00000036fc800000,0x00000036fc900000) (1024K)]
  0x000001b246b9a0e0 JavaThread "Unconstrained build operations Thread 3"        [_thread_blocked, id=50248, stack(0x00000036fc900000,0x00000036fca00000) (1024K)]
  0x000001b246b9a770 JavaThread "Unconstrained build operations Thread 4"        [_thread_blocked, id=47408, stack(0x00000036fca00000,0x00000036fcb00000) (1024K)]
  0x000001b246b972f0 JavaThread "Unconstrained build operations Thread 5"        [_thread_blocked, id=56776, stack(0x00000036fcb00000,0x00000036fcc00000) (1024K)]
  0x000001b246b98010 JavaThread "Unconstrained build operations Thread 6"        [_thread_blocked, id=24988, stack(0x00000036fcc00000,0x00000036fcd00000) (1024K)]
  0x000001b246b9ae00 JavaThread "Unconstrained build operations Thread 7"        [_thread_blocked, id=33440, stack(0x00000036fcd00000,0x00000036fce00000) (1024K)]
  0x000001b246b97980 JavaThread "Unconstrained build operations Thread 8"        [_thread_blocked, id=33364, stack(0x00000036fce00000,0x00000036fcf00000) (1024K)]
  0x000001b246b9b490 JavaThread "Unconstrained build operations Thread 9"        [_thread_blocked, id=57076, stack(0x00000036fcf00000,0x00000036fd000000) (1024K)]
  0x000001b246b9bb20 JavaThread "Unconstrained build operations Thread 10"        [_thread_blocked, id=57072, stack(0x00000036fd000000,0x00000036fd100000) (1024K)]
  0x000001b246b9c1b0 JavaThread "Unconstrained build operations Thread 11"        [_thread_blocked, id=51464, stack(0x00000036fd100000,0x00000036fd200000) (1024K)]
  0x000001b246b9dbf0 JavaThread "Unconstrained build operations Thread 12"        [_thread_blocked, id=52640, stack(0x00000036fd200000,0x00000036fd300000) (1024K)]
  0x000001b246b9c840 JavaThread "Unconstrained build operations Thread 13"        [_thread_blocked, id=41292, stack(0x00000036fd300000,0x00000036fd400000) (1024K)]
  0x000001b246b9ced0 JavaThread "Unconstrained build operations Thread 14"        [_thread_blocked, id=41976, stack(0x00000036fd400000,0x00000036fd500000) (1024K)]
  0x000001b246c52600 JavaThread "Unconstrained build operations Thread 15"        [_thread_blocked, id=23880, stack(0x00000036fd600000,0x00000036fd700000) (1024K)]
  0x000001b246c53320 JavaThread "Unconstrained build operations Thread 16"        [_thread_blocked, id=55804, stack(0x00000036fd700000,0x00000036fd800000) (1024K)]
  0x000001b246c539b0 JavaThread "Unconstrained build operations Thread 17"        [_thread_blocked, id=38268, stack(0x00000036fd800000,0x00000036fd900000) (1024K)]
  0x000001b246c54040 JavaThread "Unconstrained build operations Thread 18"        [_thread_blocked, id=55848, stack(0x00000036fd900000,0x00000036fda00000) (1024K)]
  0x000001b246c546d0 JavaThread "Unconstrained build operations Thread 19"        [_thread_blocked, id=55640, stack(0x00000036fda00000,0x00000036fdb00000) (1024K)]
  0x000001b246c553f0 JavaThread "Unconstrained build operations Thread 20"        [_thread_blocked, id=28228, stack(0x00000036fdc00000,0x00000036fdd00000) (1024K)]
  0x000001b246c51f70 JavaThread "Unconstrained build operations Thread 21"        [_thread_blocked, id=56592, stack(0x00000036fdd00000,0x00000036fde00000) (1024K)]
  0x000001b246c56110 JavaThread "jar transforms Thread 8"           [_thread_blocked, id=43376, stack(0x00000036fad00000,0x00000036fae00000) (1024K)]
Total: 61

Other Threads:
  0x000001b27fa88e80 VMThread "VM Thread"                           [id=44380, stack(0x00000036f9900000,0x00000036f9a00000) (1024K)]
  0x000001b27fa7ca00 WatcherThread "VM Periodic Task Thread"        [id=20396, stack(0x00000036f9800000,0x00000036f9900000) (1024K)]
  0x000001b268c17d30 WorkerThread "GC Thread#0"                     [id=27000, stack(0x00000036f9300000,0x00000036f9400000) (1024K)]
  0x000001b27fa89990 WorkerThread "GC Thread#1"                     [id=10912, stack(0x00000036f9100000,0x00000036f9200000) (1024K)]
  0x000001b27fa89230 WorkerThread "GC Thread#2"                     [id=47880, stack(0x00000036fa400000,0x00000036fa500000) (1024K)]
=>0x000001b27fa87fc0 WorkerThread "GC Thread#3"                     [id=49776, stack(0x00000036fa500000,0x00000036fa600000) (1024K)]
  0x000001b27fa895e0 WorkerThread "GC Thread#4"                     [id=49784, stack(0x00000036fa600000,0x00000036fa700000) (1024K)]
  0x000001b27fa88720 WorkerThread "GC Thread#5"                     [id=49616, stack(0x00000036fa700000,0x00000036fa800000) (1024K)]
  0x000001b27fa88370 WorkerThread "GC Thread#6"                     [id=39040, stack(0x00000036fa800000,0x00000036fa900000) (1024K)]
  0x000001b27fcbf5d0 WorkerThread "GC Thread#7"                     [id=10800, stack(0x00000036fa900000,0x00000036faa00000) (1024K)]
  0x000001b268c24c30 ConcurrentGCThread "G1 Main Marker"            [id=47460, stack(0x00000036f9400000,0x00000036f9500000) (1024K)]
  0x000001b268c27350 WorkerThread "G1 Conc#0"                       [id=37516, stack(0x00000036f9500000,0x00000036f9600000) (1024K)]
  0x000001b24987fab0 WorkerThread "G1 Conc#1"                       [id=23832, stack(0x00000036fbd00000,0x00000036fbe00000) (1024K)]
  0x000001b268c8e980 ConcurrentGCThread "G1 Refine#0"               [id=32228, stack(0x00000036f9600000,0x00000036f9700000) (1024K)]
  0x000001b27f941710 ConcurrentGCThread "G1 Service"                [id=39200, stack(0x00000036f9700000,0x00000036f9800000) (1024K)]
Total: 15

Threads with active compile tasks:
Total: 0

VM state: at safepoint (normal execution)

VM Mutex/Monitor currently owned by a thread:  ([mutex/lock_event])
[0x00007ffa5114d030] FreeList_lock - owner thread: 0x000001b27fa87fc0
[0x00007ffa5114f5b0] Threads_lock - owner thread: 0x000001b27fa88e80
[0x00007ffa5114f6b0] Heap_lock - owner thread: 0x000001b24583ed40

Heap address: 0x00000000a0000000, size: 1536 MB, Compressed Oops mode: 32-bit

CDS archive(s) mapped at: [0x000001b200000000-0x000001b200ba0000-0x000001b200ba0000), size 12189696, SharedBaseAddress: 0x000001b200000000, ArchiveRelocationMode: 1.
Compressed class space mapped at: 0x000001b201000000-0x000001b241000000, reserved size: 1073741824
Narrow klass base: 0x000001b200000000, Narrow klass shift: 0, Narrow klass range: 0x100000000

GC Precious Log:
 CardTable entry size: 512
 Card Set container configuration: InlinePtr #cards 5 size 8 Array Of Cards #cards 12 size 40 Howl #buckets 4 coarsen threshold 1843 Howl Bitmap #cards 512 size 80 coarsen threshold 460 Card regions per heap region 1 cards per card region 2048
 CPUs: 8 total, 8 available
 Memory: 32615M
 Large Page Support: Disabled
 NUMA Support: Disabled
 Compressed Oops: Enabled (32-bit)
 Heap Region Size: 1M
 Heap Min Capacity: 8M
 Heap Initial Capacity: 510M
 Heap Max Capacity: 1536M
 Pre-touch: Disabled
 Parallel Workers: 8
 Concurrent Workers: 2
 Concurrent Refinement Workers: 8
 Periodic GC: Disabled

Heap:
 garbage-first heap   total 102400K, used 100772K [0x00000000a0000000, 0x0000000100000000)
  region size 1024K, 49 young (50176K), 1 survivors (1024K)
 Metaspace       used 49143K, committed 52288K, reserved 1114112K
  class space    used 6858K, committed 8064K, reserved 1048576K

Heap Regions: E=young(eden), S=young(survivor), O=old, HS=humongous(starts), HC=humongous(continues), CS=collection set, F=free, TAMS=top-at-mark-start, PB=parsable bottom
|   0|0x00000000a0000000, 0x00000000a0100000, 0x00000000a0100000|100%| O|  |TAMS 0x00000000a0000000| PB 0x00000000a0000000| Untracked 
|   1|0x00000000a0100000, 0x00000000a0200000, 0x00000000a0200000|100%|HS|  |TAMS 0x00000000a0100000| PB 0x00000000a0100000| Complete 
|   2|0x00000000a0200000, 0x00000000a0300000, 0x00000000a0300000|100%|HC|  |TAMS 0x00000000a0200000| PB 0x00000000a0200000| Complete 
|   3|0x00000000a0300000, 0x00000000a0400000, 0x00000000a0400000|100%|HC|  |TAMS 0x00000000a0300000| PB 0x00000000a0300000| Complete 
|   4|0x00000000a0400000, 0x00000000a0500000, 0x00000000a0500000|100%| O|  |TAMS 0x00000000a0400000| PB 0x00000000a0400000| Untracked 
|   5|0x00000000a0500000, 0x00000000a0600000, 0x00000000a0600000|100%| O|  |TAMS 0x00000000a0500000| PB 0x00000000a0500000| Untracked 
|   6|0x00000000a0600000, 0x00000000a0700000, 0x00000000a0700000|100%| O|  |TAMS 0x00000000a0600000| PB 0x00000000a0600000| Untracked 
|   7|0x00000000a0700000, 0x00000000a0800000, 0x00000000a0800000|100%| O|  |TAMS 0x00000000a0700000| PB 0x00000000a0700000| Untracked 
|   8|0x00000000a0800000, 0x00000000a0900000, 0x00000000a0900000|100%|HS|  |TAMS 0x00000000a0800000| PB 0x00000000a0800000| Complete 
|   9|0x00000000a0900000, 0x00000000a0a00000, 0x00000000a0a00000|100%| O|  |TAMS 0x00000000a0900000| PB 0x00000000a0900000| Untracked 
|  10|0x00000000a0a00000, 0x00000000a0b00000, 0x00000000a0b00000|100%| O|  |TAMS 0x00000000a0a00000| PB 0x00000000a0a00000| Untracked 
|  11|0x00000000a0b00000, 0x00000000a0c00000, 0x00000000a0c00000|100%| O|  |TAMS 0x00000000a0b00000| PB 0x00000000a0b00000| Untracked 
|  12|0x00000000a0c00000, 0x00000000a0cfa278, 0x00000000a0d00000| 97%| O|  |TAMS 0x00000000a0c00000| PB 0x00000000a0c00000| Untracked 
|  13|0x00000000a0d00000, 0x00000000a0e00000, 0x00000000a0e00000|100%| O|  |TAMS 0x00000000a0d00000| PB 0x00000000a0d00000| Untracked 
|  14|0x00000000a0e00000, 0x00000000a0f00000, 0x00000000a0f00000|100%| O|Cm|TAMS 0x00000000a0e00000| PB 0x00000000a0e00000| Complete 
|  15|0x00000000a0f00000, 0x00000000a1000000, 0x00000000a1000000|100%| O|  |TAMS 0x00000000a0f00000| PB 0x00000000a0f00000| Untracked 
|  16|0x00000000a1000000, 0x00000000a1100000, 0x00000000a1100000|100%| O|  |TAMS 0x00000000a1000000| PB 0x00000000a1000000| Untracked 
|  17|0x00000000a1100000, 0x00000000a1200000, 0x00000000a1200000|100%| O|  |TAMS 0x00000000a1100000| PB 0x00000000a1100000| Untracked 
|  18|0x00000000a1200000, 0x00000000a1300000, 0x00000000a1300000|100%| O|  |TAMS 0x00000000a1200000| PB 0x00000000a1200000| Untracked 
|  19|0x00000000a1300000, 0x00000000a1400000, 0x00000000a1400000|100%| O|  |TAMS 0x00000000a1300000| PB 0x00000000a1300000| Untracked 
|  20|0x00000000a1400000, 0x00000000a1500000, 0x00000000a1500000|100%| O|  |TAMS 0x00000000a1400000| PB 0x00000000a1400000| Untracked 
|  21|0x00000000a1500000, 0x00000000a1600000, 0x00000000a1600000|100%| O|  |TAMS 0x00000000a1500000| PB 0x00000000a1500000| Untracked 
|  22|0x00000000a1600000, 0x00000000a1700000, 0x00000000a1700000|100%| O|  |TAMS 0x00000000a1600000| PB 0x00000000a1600000| Untracked 
|  23|0x00000000a1700000, 0x00000000a1800000, 0x00000000a1800000|100%| O|  |TAMS 0x00000000a1700000| PB 0x00000000a1700000| Untracked 
|  24|0x00000000a1800000, 0x00000000a1900000, 0x00000000a1900000|100%| O|  |TAMS 0x00000000a1800000| PB 0x00000000a1800000| Untracked 
|  25|0x00000000a1900000, 0x00000000a1a00000, 0x00000000a1a00000|100%| O|  |TAMS 0x00000000a1900000| PB 0x00000000a1900000| Untracked 
|  26|0x00000000a1a00000, 0x00000000a1b00000, 0x00000000a1b00000|100%| O|Cm|TAMS 0x00000000a1a00000| PB 0x00000000a1a00000| Complete 
|  27|0x00000000a1b00000, 0x00000000a1c00000, 0x00000000a1c00000|100%| O|  |TAMS 0x00000000a1b00000| PB 0x00000000a1b00000| Untracked 
|  28|0x00000000a1c00000, 0x00000000a1d00000, 0x00000000a1d00000|100%| O|  |TAMS 0x00000000a1c00000| PB 0x00000000a1c00000| Untracked 
|  29|0x00000000a1d00000, 0x00000000a1e00000, 0x00000000a1e00000|100%| O|Cm|TAMS 0x00000000a1d00000| PB 0x00000000a1d00000| Complete 
|  30|0x00000000a1e00000, 0x00000000a1f00000, 0x00000000a1f00000|100%| O|  |TAMS 0x00000000a1e00000| PB 0x00000000a1e00000| Untracked 
|  31|0x00000000a1f00000, 0x00000000a2000000, 0x00000000a2000000|100%| O|  |TAMS 0x00000000a1f00000| PB 0x00000000a1f00000| Untracked 
|  32|0x00000000a2000000, 0x00000000a2100000, 0x00000000a2100000|100%| O|  |TAMS 0x00000000a2000000| PB 0x00000000a2000000| Untracked 
|  33|0x00000000a2100000, 0x00000000a2200000, 0x00000000a2200000|100%| O|  |TAMS 0x00000000a2100000| PB 0x00000000a2100000| Untracked 
|  34|0x00000000a2200000, 0x00000000a2300000, 0x00000000a2300000|100%| O|  |TAMS 0x00000000a2200000| PB 0x00000000a2200000| Untracked 
|  35|0x00000000a2300000, 0x00000000a2400000, 0x00000000a2400000|100%| O|  |TAMS 0x00000000a2300000| PB 0x00000000a2300000| Untracked 
|  36|0x00000000a2400000, 0x00000000a2500000, 0x00000000a2500000|100%| O|  |TAMS 0x00000000a2400000| PB 0x00000000a2400000| Untracked 
|  37|0x00000000a2500000, 0x00000000a2600000, 0x00000000a2600000|100%| O|  |TAMS 0x00000000a2500000| PB 0x00000000a2500000| Untracked 
|  38|0x00000000a2600000, 0x00000000a2700000, 0x00000000a2700000|100%| O|  |TAMS 0x00000000a2600000| PB 0x00000000a2600000| Untracked 
|  39|0x00000000a2700000, 0x00000000a2800000, 0x00000000a2800000|100%|HS|  |TAMS 0x00000000a2700000| PB 0x00000000a2700000| Complete 
|  40|0x00000000a2800000, 0x00000000a28f2e60, 0x00000000a2900000| 94%| O|  |TAMS 0x00000000a2800000| PB 0x00000000a2800000| Untracked 
|  41|0x00000000a2900000, 0x00000000a2a00000, 0x00000000a2a00000|100%|HS|  |TAMS 0x00000000a2900000| PB 0x00000000a2900000| Complete 
|  42|0x00000000a2a00000, 0x00000000a2b00000, 0x00000000a2b00000|100%| O|  |TAMS 0x00000000a2a00000| PB 0x00000000a2a00000| Untracked 
|  43|0x00000000a2b00000, 0x00000000a2c00000, 0x00000000a2c00000|100%| O|  |TAMS 0x00000000a2b00000| PB 0x00000000a2b00000| Untracked 
|  44|0x00000000a2c00000, 0x00000000a2d00000, 0x00000000a2d00000|100%| O|  |TAMS 0x00000000a2c00000| PB 0x00000000a2c00000| Untracked 
|  45|0x00000000a2d00000, 0x00000000a2e00000, 0x00000000a2e00000|100%| O|Cm|TAMS 0x00000000a2d00000| PB 0x00000000a2d00000| Complete 
|  46|0x00000000a2e00000, 0x00000000a2f00000, 0x00000000a2f00000|100%| O|  |TAMS 0x00000000a2e00000| PB 0x00000000a2e00000| Untracked 
|  47|0x00000000a2f00000, 0x00000000a3000000, 0x00000000a3000000|100%|HS|  |TAMS 0x00000000a2f00000| PB 0x00000000a2f00000| Complete 
|  48|0x00000000a3000000, 0x00000000a3100000, 0x00000000a3100000|100%|HS|  |TAMS 0x00000000a3000000| PB 0x00000000a3000000| Complete 
|  49|0x00000000a3100000, 0x00000000a3200000, 0x00000000a3200000|100%|HS|  |TAMS 0x00000000a3100000| PB 0x00000000a3100000| Complete 
|  50|0x00000000a3200000, 0x00000000a3300000, 0x00000000a3300000|100%| S|  |TAMS 0x00000000a3200000| PB 0x00000000a3200000| Complete 
|  51|0x00000000a3300000, 0x00000000a3400000, 0x00000000a3400000|100%| E|CS|TAMS 0x00000000a3300000| PB 0x00000000a3300000| Complete 
|  52|0x00000000a3400000, 0x00000000a3500000, 0x00000000a3500000|100%| E|CS|TAMS 0x00000000a3400000| PB 0x00000000a3400000| Complete 
|  53|0x00000000a3500000, 0x00000000a3600000, 0x00000000a3600000|100%| E|CS|TAMS 0x00000000a3500000| PB 0x00000000a3500000| Complete 
|  54|0x00000000a3600000, 0x00000000a3700000, 0x00000000a3700000|100%| E|CS|TAMS 0x00000000a3600000| PB 0x00000000a3600000| Complete 
|  55|0x00000000a3700000, 0x00000000a3800000, 0x00000000a3800000|100%| E|CS|TAMS 0x00000000a3700000| PB 0x00000000a3700000| Complete 
|  56|0x00000000a3800000, 0x00000000a3900000, 0x00000000a3900000|100%| E|CS|TAMS 0x00000000a3800000| PB 0x00000000a3800000| Complete 
|  57|0x00000000a3900000, 0x00000000a3a00000, 0x00000000a3a00000|100%| E|CS|TAMS 0x00000000a3900000| PB 0x00000000a3900000| Complete 
|  58|0x00000000a3a00000, 0x00000000a3b00000, 0x00000000a3b00000|100%| E|CS|TAMS 0x00000000a3a00000| PB 0x00000000a3a00000| Complete 
|  59|0x00000000a3b00000, 0x00000000a3c00000, 0x00000000a3c00000|100%| E|CS|TAMS 0x00000000a3b00000| PB 0x00000000a3b00000| Complete 
|  60|0x00000000a3c00000, 0x00000000a3d00000, 0x00000000a3d00000|100%| E|CS|TAMS 0x00000000a3c00000| PB 0x00000000a3c00000| Complete 
|  61|0x00000000a3d00000, 0x00000000a3e00000, 0x00000000a3e00000|100%| E|CS|TAMS 0x00000000a3d00000| PB 0x00000000a3d00000| Complete 
|  62|0x00000000a3e00000, 0x00000000a3f00000, 0x00000000a3f00000|100%| E|CS|TAMS 0x00000000a3e00000| PB 0x00000000a3e00000| Complete 
|  63|0x00000000a3f00000, 0x00000000a4000000, 0x00000000a4000000|100%| E|CS|TAMS 0x00000000a3f00000| PB 0x00000000a3f00000| Complete 
|  64|0x00000000a4000000, 0x00000000a4100000, 0x00000000a4100000|100%| E|CS|TAMS 0x00000000a4000000| PB 0x00000000a4000000| Complete 
|  65|0x00000000a4100000, 0x00000000a4200000, 0x00000000a4200000|100%| E|CS|TAMS 0x00000000a4100000| PB 0x00000000a4100000| Complete 
|  66|0x00000000a4200000, 0x00000000a429bf68, 0x00000000a4300000| 60%| E|CS|TAMS 0x00000000a4200000| PB 0x00000000a4200000| Complete 
|  67|0x00000000a4300000, 0x00000000a4400000, 0x00000000a4400000|100%| E|CS|TAMS 0x00000000a4300000| PB 0x00000000a4300000| Complete 
|  68|0x00000000a4400000, 0x00000000a4500000, 0x00000000a4500000|100%| E|CS|TAMS 0x00000000a4400000| PB 0x00000000a4400000| Complete 
|  69|0x00000000a4500000, 0x00000000a4600000, 0x00000000a4600000|100%| E|CS|TAMS 0x00000000a4500000| PB 0x00000000a4500000| Complete 
|  70|0x00000000a4600000, 0x00000000a4700000, 0x00000000a4700000|100%| E|CS|TAMS 0x00000000a4600000| PB 0x00000000a4600000| Complete 
|  71|0x00000000a4700000, 0x00000000a4800000, 0x00000000a4800000|100%| E|CS|TAMS 0x00000000a4700000| PB 0x00000000a4700000| Complete 
|  72|0x00000000a4800000, 0x00000000a4900000, 0x00000000a4900000|100%| E|CS|TAMS 0x00000000a4800000| PB 0x00000000a4800000| Complete 
|  73|0x00000000a4900000, 0x00000000a4a00000, 0x00000000a4a00000|100%| E|CS|TAMS 0x00000000a4900000| PB 0x00000000a4900000| Complete 
|  74|0x00000000a4a00000, 0x00000000a4b00000, 0x00000000a4b00000|100%| E|CS|TAMS 0x00000000a4a00000| PB 0x00000000a4a00000| Complete 
|  75|0x00000000a4b00000, 0x00000000a4c00000, 0x00000000a4c00000|100%| E|CS|TAMS 0x00000000a4b00000| PB 0x00000000a4b00000| Complete 
|  76|0x00000000a4c00000, 0x00000000a4d00000, 0x00000000a4d00000|100%| E|CS|TAMS 0x00000000a4c00000| PB 0x00000000a4c00000| Complete 
|  77|0x00000000a4d00000, 0x00000000a4e00000, 0x00000000a4e00000|100%| E|CS|TAMS 0x00000000a4d00000| PB 0x00000000a4d00000| Complete 
|  78|0x00000000a4e00000, 0x00000000a4f00000, 0x00000000a4f00000|100%| E|CS|TAMS 0x00000000a4e00000| PB 0x00000000a4e00000| Complete 
|  79|0x00000000a4f00000, 0x00000000a5000000, 0x00000000a5000000|100%| E|CS|TAMS 0x00000000a4f00000| PB 0x00000000a4f00000| Complete 
|  80|0x00000000a5000000, 0x00000000a5100000, 0x00000000a5100000|100%| E|CS|TAMS 0x00000000a5000000| PB 0x00000000a5000000| Complete 
|  81|0x00000000a5100000, 0x00000000a5200000, 0x00000000a5200000|100%| E|CS|TAMS 0x00000000a5100000| PB 0x00000000a5100000| Complete 
|  82|0x00000000a5200000, 0x00000000a5300000, 0x00000000a5300000|100%| E|CS|TAMS 0x00000000a5200000| PB 0x00000000a5200000| Complete 
|  83|0x00000000a5300000, 0x00000000a5400000, 0x00000000a5400000|100%| E|CS|TAMS 0x00000000a5300000| PB 0x00000000a5300000| Complete 
|  84|0x00000000a5400000, 0x00000000a5500000, 0x00000000a5500000|100%| E|CS|TAMS 0x00000000a5400000| PB 0x00000000a5400000| Complete 
|  85|0x00000000a5500000, 0x00000000a5600000, 0x00000000a5600000|100%| E|CS|TAMS 0x00000000a5500000| PB 0x00000000a5500000| Complete 
| 396|0x00000000b8c00000, 0x00000000b8d00000, 0x00000000b8d00000|100%| E|CS|TAMS 0x00000000b8c00000| PB 0x00000000b8c00000| Complete 
| 397|0x00000000b8d00000, 0x00000000b8e00000, 0x00000000b8e00000|100%| E|CS|TAMS 0x00000000b8d00000| PB 0x00000000b8d00000| Complete 
| 398|0x00000000b8e00000, 0x00000000b8f00000, 0x00000000b8f00000|100%| E|CS|TAMS 0x00000000b8e00000| PB 0x00000000b8e00000| Complete 
| 399|0x00000000b8f00000, 0x00000000b9000000, 0x00000000b9000000|100%| E|CS|TAMS 0x00000000b8f00000| PB 0x00000000b8f00000| Complete 
| 400|0x00000000b9000000, 0x00000000b9100000, 0x00000000b9100000|100%| E|CS|TAMS 0x00000000b9000000| PB 0x00000000b9000000| Complete 
| 401|0x00000000b9100000, 0x00000000b9200000, 0x00000000b9200000|100%| E|CS|TAMS 0x00000000b9100000| PB 0x00000000b9100000| Complete 
| 402|0x00000000b9200000, 0x00000000b9300000, 0x00000000b9300000|100%| E|CS|TAMS 0x00000000b9200000| PB 0x00000000b9200000| Complete 
| 403|0x00000000b9300000, 0x00000000b9400000, 0x00000000b9400000|100%| E|CS|TAMS 0x00000000b9300000| PB 0x00000000b9300000| Complete 
| 404|0x00000000b9400000, 0x00000000b9500000, 0x00000000b9500000|100%| E|CS|TAMS 0x00000000b9400000| PB 0x00000000b9400000| Complete 
| 405|0x00000000b9500000, 0x00000000b9600000, 0x00000000b9600000|100%| E|CS|TAMS 0x00000000b9500000| PB 0x00000000b9500000| Complete 
| 406|0x00000000b9600000, 0x00000000b9700000, 0x00000000b9700000|100%| E|CS|TAMS 0x00000000b9600000| PB 0x00000000b9600000| Complete 
| 407|0x00000000b9700000, 0x00000000b9800000, 0x00000000b9800000|100%| E|CS|TAMS 0x00000000b9700000| PB 0x00000000b9700000| Complete 
| 408|0x00000000b9800000, 0x00000000b9900000, 0x00000000b9900000|100%| E|CS|TAMS 0x00000000b9800000| PB 0x00000000b9800000| Complete 
| 509|0x00000000bfd00000, 0x00000000bfe00000, 0x00000000bfe00000|100%| E|CS|TAMS 0x00000000bfd00000| PB 0x00000000bfd00000| Complete 

Card table byte_map: [0x000001b27b400000,0x000001b27b700000] _byte_map_base: 0x000001b27af00000

Marking Bits: (CMBitMap*) 0x000001b268c18350
 Bits: [0x000001b27b700000, 0x000001b27cf00000)

Polling page: 0x000001b266bb0000

Metaspace:

Usage:
  Non-class:     41.29 MB used.
      Class:      6.70 MB used.
       Both:     47.99 MB used.

Virtual space:
  Non-class space:       64.00 MB reserved,      43.19 MB ( 67%) committed,  1 nodes.
      Class space:        1.00 GB reserved,       7.88 MB ( <1%) committed,  1 nodes.
             Both:        1.06 GB reserved,      51.06 MB (  5%) committed. 

Chunk freelists:
   Non-Class:  5.91 MB
       Class:  8.85 MB
        Both:  14.76 MB

MaxMetaspaceSize: unlimited
CompressedClassSpaceSize: 1.00 GB
Initial GC threshold: 21.00 MB
Current GC threshold: 85.00 MB
CDS: on
 - commit_granule_bytes: 65536.
 - commit_granule_words: 8192.
 - virtual_space_node_default_size: 8388608.
 - enlarge_chunks_in_place: 1.
 - use_allocation_guard: 0.


Internal statistics:

num_allocs_failed_limit: 6.
num_arena_births: 3206.
num_arena_deaths: 1968.
num_vsnodes_births: 2.
num_vsnodes_deaths: 0.
num_space_committed: 817.
num_space_uncommitted: 0.
num_chunks_returned_to_freelist: 2185.
num_chunks_taken_from_freelist: 5715.
num_chunk_merges: 799.
num_chunk_splits: 3542.
num_chunks_enlarged: 2146.
num_inconsistent_stats: 0.

CodeHeap 'non-profiled nmethods': size=120000Kb used=5259Kb max_used=5328Kb free=114740Kb
 bounds [0x000001b2738a0000, 0x000001b273de0000, 0x000001b27add0000]
CodeHeap 'profiled nmethods': size=120000Kb used=15431Kb max_used=15714Kb free=104568Kb
 bounds [0x000001b26bdd0000, 0x000001b26cd40000, 0x000001b273300000]
CodeHeap 'non-nmethods': size=5760Kb used=2596Kb max_used=2680Kb free=3163Kb
 bounds [0x000001b273300000, 0x000001b2735b0000, 0x000001b2738a0000]
CodeCache: size=245760Kb, used=23286Kb, max_used=23722Kb, free=222471Kb
 total_blobs=9030, nmethods=8162, adapters=772, full_count=0
Compilation: enabled, stopped_count=0, restarted_count=0

Compilation events (20 events):
Event: 17794.898 Thread 0x000001b27fabbe20 8968       3       org.gradle.internal.problems.failure.CompositeStackTraceClassifier::classify (51 bytes)
Event: 17794.898 Thread 0x000001b27fabbe20 nmethod 8968 0x000001b26c44e910 code [0x000001b26c44eb20, 0x000001b26c44f168]
Event: 17794.898 Thread 0x000001b27fabbe20 8967       3       java.lang.StackTraceElement::isHashedInJavaBase (31 bytes)
Event: 17794.899 Thread 0x000001b27fabbe20 nmethod 8967 0x000001b26c1c8b10 code [0x000001b26c1c8d00, 0x000001b26c1c9198]
Event: 17794.918 Thread 0x000001b27fabbe20 8969       1       java.lang.StackTraceElement::getLineNumber (5 bytes)
Event: 17794.918 Thread 0x000001b27fabbe20 nmethod 8969 0x000001b2739fa910 code [0x000001b2739faaa0, 0x000001b2739fab68]
Event: 17794.918 Thread 0x000001b27fabbe20 8970       1       java.lang.StackTraceElement::getFileName (5 bytes)
Event: 17794.918 Thread 0x000001b27fabbe20 nmethod 8970 0x000001b2739fa610 code [0x000001b2739fa7a0, 0x000001b2739fa868]
Event: 17798.814 Thread 0x000001b27fabbe20 8971       3       org.gradle.internal.problems.failure.InternalStackTraceClassifier::classify (18 bytes)
Event: 17798.814 Thread 0x000001b27faad160 8974       4       com.google.common.collect.ImmutableList::iterator (5 bytes)
Event: 17798.815 Thread 0x000001b27fabbe20 nmethod 8971 0x000001b26c19af10 code [0x000001b26c19b0c0, 0x000001b26c19b298]
Event: 17798.815 Thread 0x000001b27fabbe20 8972       3       org.gradle.internal.problems.failure.InternalStackTraceClassifier::isInternal (67 bytes)
Event: 17798.816 Thread 0x000001b27fabbe20 nmethod 8972 0x000001b26bead410 code [0x000001b26bead680, 0x000001b26beadee0]
Event: 17798.816 Thread 0x000001b27fabbe20 8973       3       org.gradle.internal.problems.failure.InternalStackTraceClassifier::isGradleCall (24 bytes)
Event: 17798.816 Thread 0x000001b27fabbe20 nmethod 8973 0x000001b26c255610 code [0x000001b26c2557e0, 0x000001b26c255aa8]
Event: 17798.825 Thread 0x000001b27faad160 nmethod 8974 0x000001b2739f9f10 code [0x000001b2739fa0c0, 0x000001b2739fa3f8]
Event: 17799.186 Thread 0x000001b27fabbe20 8975       3       java.util.regex.Pattern$TreeInfo::reset (21 bytes)
Event: 17799.186 Thread 0x000001b27fabbe20 nmethod 8975 0x000001b26c0f8e90 code [0x000001b26c0f9020, 0x000001b26c0f9140]
Event: 17799.194 Thread 0x000001b27fabbe20 8976       3       org.codehaus.groovy.runtime.StackTraceUtils::isApplicationClass (84 bytes)
Event: 17799.196 Thread 0x000001b27fabbe20 nmethod 8976 0x000001b26c3bf690 code [0x000001b26c3bf8e0, 0x000001b26c3c02b0]

GC Heap History (20 events):
Event: 4501.854 GC heap after
{Heap after GC invocations=22 (full 0):
 garbage-first heap   total 102400K, used 46049K [0x00000000a0000000, 0x0000000100000000)
  region size 1024K, 3 young (3072K), 3 survivors (3072K)
 Metaspace       used 50427K, committed 52160K, reserved 1114112K
  class space    used 7199K, committed 8064K, reserved 1048576K
}
Event: 4965.684 GC heap before
{Heap before GC invocations=22 (full 0):
 garbage-first heap   total 102400K, used 95201K [0x00000000a0000000, 0x0000000100000000)
  region size 1024K, 52 young (53248K), 3 survivors (3072K)
 Metaspace       used 50427K, committed 52160K, reserved 1114112K
  class space    used 7199K, committed 8064K, reserved 1048576K
}
Event: 4965.794 GC heap after
{Heap after GC invocations=23 (full 0):
 garbage-first heap   total 102400K, used 46281K [0x00000000a0000000, 0x0000000100000000)
  region size 1024K, 3 young (3072K), 3 survivors (3072K)
 Metaspace       used 50427K, committed 52160K, reserved 1114112K
  class space    used 7199K, committed 8064K, reserved 1048576K
}
Event: 5421.912 GC heap before
{Heap before GC invocations=23 (full 0):
 garbage-first heap   total 102400K, used 96457K [0x00000000a0000000, 0x0000000100000000)
  region size 1024K, 52 young (53248K), 3 survivors (3072K)
 Metaspace       used 50431K, committed 52160K, reserved 1114112K
  class space    used 7199K, committed 8064K, reserved 1048576K
}
Event: 5421.976 GC heap after
{Heap after GC invocations=24 (full 0):
 garbage-first heap   total 102400K, used 46406K [0x00000000a0000000, 0x0000000100000000)
  region size 1024K, 3 young (3072K), 3 survivors (3072K)
 Metaspace       used 50431K, committed 52160K, reserved 1114112K
  class space    used 7199K, committed 8064K, reserved 1048576K
}
Event: 5871.919 GC heap before
{Heap before GC invocations=24 (full 0):
 garbage-first heap   total 102400K, used 95558K [0x00000000a0000000, 0x0000000100000000)
  region size 1024K, 52 young (53248K), 3 survivors (3072K)
 Metaspace       used 50435K, committed 52160K, reserved 1114112K
  class space    used 7199K, committed 8064K, reserved 1048576K
}
Event: 5871.984 GC heap after
{Heap after GC invocations=25 (full 0):
 garbage-first heap   total 102400K, used 46202K [0x00000000a0000000, 0x0000000100000000)
  region size 1024K, 3 young (3072K), 3 survivors (3072K)
 Metaspace       used 50435K, committed 52160K, reserved 1114112K
  class space    used 7199K, committed 8064K, reserved 1048576K
}
Event: 6332.776 GC heap before
{Heap before GC invocations=25 (full 0):
 garbage-first heap   total 102400K, used 96378K [0x00000000a0000000, 0x0000000100000000)
  region size 1024K, 52 young (53248K), 3 survivors (3072K)
 Metaspace       used 50439K, committed 52160K, reserved 1114112K
  class space    used 7199K, committed 8064K, reserved 1048576K
}
Event: 6332.823 GC heap after
{Heap after GC invocations=26 (full 0):
 garbage-first heap   total 102400K, used 46201K [0x00000000a0000000, 0x0000000100000000)
  region size 1024K, 3 young (3072K), 3 survivors (3072K)
 Metaspace       used 50439K, committed 52160K, reserved 1114112K
  class space    used 7199K, committed 8064K, reserved 1048576K
}
Event: 6761.920 GC heap before
{Heap before GC invocations=26 (full 0):
 garbage-first heap   total 102400K, used 96377K [0x00000000a0000000, 0x0000000100000000)
  region size 1024K, 52 young (53248K), 3 survivors (3072K)
 Metaspace       used 50439K, committed 52160K, reserved 1114112K
  class space    used 7199K, committed 8064K, reserved 1048576K
}
Event: 6761.985 GC heap after
{Heap after GC invocations=27 (full 0):
 garbage-first heap   total 102400K, used 46421K [0x00000000a0000000, 0x0000000100000000)
  region size 1024K, 3 young (3072K), 3 survivors (3072K)
 Metaspace       used 50439K, committed 52160K, reserved 1114112K
  class space    used 7199K, committed 8064K, reserved 1048576K
}
Event: 7231.874 GC heap before
{Heap before GC invocations=27 (full 0):
 garbage-first heap   total 102400K, used 95573K [0x00000000a0000000, 0x0000000100000000)
  region size 1024K, 52 young (53248K), 3 survivors (3072K)
 Metaspace       used 50439K, committed 52160K, reserved 1114112K
  class space    used 7199K, committed 8064K, reserved 1048576K
}
Event: 7231.951 GC heap after
{Heap after GC invocations=28 (full 0):
 garbage-first heap   total 102400K, used 46218K [0x00000000a0000000, 0x0000000100000000)
  region size 1024K, 3 young (3072K), 3 survivors (3072K)
 Metaspace       used 50439K, committed 52160K, reserved 1114112K
  class space    used 7199K, committed 8064K, reserved 1048576K
}
Event: 7687.204 GC heap before
{Heap before GC invocations=28 (full 0):
 garbage-first heap   total 102400K, used 96394K [0x00000000a0000000, 0x0000000100000000)
  region size 1024K, 52 young (53248K), 3 survivors (3072K)
 Metaspace       used 50447K, committed 52160K, reserved 1114112K
  class space    used 7199K, committed 8064K, reserved 1048576K
}
Event: 7687.246 GC heap after
{Heap after GC invocations=29 (full 0):
 garbage-first heap   total 102400K, used 46421K [0x00000000a0000000, 0x0000000100000000)
  region size 1024K, 3 young (3072K), 3 survivors (3072K)
 Metaspace       used 50447K, committed 52160K, reserved 1114112K
  class space    used 7199K, committed 8064K, reserved 1048576K
}
Event: 8122.044 GC heap before
{Heap before GC invocations=29 (full 0):
 garbage-first heap   total 102400K, used 96597K [0x00000000a0000000, 0x0000000100000000)
  region size 1024K, 52 young (53248K), 3 survivors (3072K)
 Metaspace       used 50447K, committed 52160K, reserved 1114112K
  class space    used 7199K, committed 8064K, reserved 1048576K
}
Event: 8122.103 GC heap after
{Heap after GC invocations=30 (full 0):
 garbage-first heap   total 102400K, used 46223K [0x00000000a0000000, 0x0000000100000000)
  region size 1024K, 2 young (2048K), 2 survivors (2048K)
 Metaspace       used 50447K, committed 52160K, reserved 1114112K
  class space    used 7199K, committed 8064K, reserved 1048576K
}
Event: 8390.399 GC heap before
{Heap before GC invocations=30 (full 0):
 garbage-first heap   total 102400K, used 78991K [0x00000000a0000000, 0x0000000100000000)
  region size 1024K, 35 young (35840K), 2 survivors (2048K)
 Metaspace       used 50456K, committed 52224K, reserved 1114112K
  class space    used 7200K, committed 8064K, reserved 1048576K
}
Event: 8390.533 GC heap after
{Heap after GC invocations=31 (full 0):
 garbage-first heap   total 102400K, used 47524K [0x00000000a0000000, 0x0000000100000000)
  region size 1024K, 1 young (1024K), 1 survivors (1024K)
 Metaspace       used 50456K, committed 52224K, reserved 1114112K
  class space    used 7200K, committed 8064K, reserved 1048576K
}
Event: 17800.478 GC heap before
{Heap before GC invocations=32 (full 0):
 garbage-first heap   total 102400K, used 99748K [0x00000000a0000000, 0x0000000100000000)
  region size 1024K, 49 young (50176K), 1 survivors (1024K)
 Metaspace       used 49143K, committed 52288K, reserved 1114112K
  class space    used 6858K, committed 8064K, reserved 1048576K
}

Dll operation events (20 events):
Event: 10.907 Attempting to load shared library C:\Users\Dawit.DAWITA\.vscode\extensions\redhat.java-1.56.0-win32-x64\jre\21.0.12.1-win32-x86_64\bin\nio.dll
Event: 10.908 Loaded shared library C:\Users\Dawit.DAWITA\.vscode\extensions\redhat.java-1.56.0-win32-x64\jre\21.0.12.1-win32-x86_64\bin\nio.dll
Event: 10.918 Attempting to load shared library C:\Users\Dawit.DAWITA\.vscode\extensions\redhat.java-1.56.0-win32-x64\jre\21.0.12.1-win32-x86_64\bin\zip.dll
Event: 10.918 Loaded shared library C:\Users\Dawit.DAWITA\.vscode\extensions\redhat.java-1.56.0-win32-x64\jre\21.0.12.1-win32-x86_64\bin\zip.dll
Event: 161.165 Attempting to load shared library C:\Users\Dawit.DAWITA\.vscode\extensions\redhat.java-1.56.0-win32-x64\jre\21.0.12.1-win32-x86_64\bin\jimage.dll
Event: 161.165 Loaded shared library C:\Users\Dawit.DAWITA\.vscode\extensions\redhat.java-1.56.0-win32-x64\jre\21.0.12.1-win32-x86_64\bin\jimage.dll
Event: 266.909 Attempting to load shared library C:\Users\Dawit.DAWITA\.vscode\extensions\redhat.java-1.56.0-win32-x64\jre\21.0.12.1-win32-x86_64\bin\verify.dll
Event: 266.911 Loaded shared library C:\Users\Dawit.DAWITA\.vscode\extensions\redhat.java-1.56.0-win32-x64\jre\21.0.12.1-win32-x86_64\bin\verify.dll
Event: 267.641 Attempting to load shared library C:\Users\Dawit.DAWITA\.gradle\native\c067742578af261105cb4f569cf0c3c89f3d7b1fecec35dd04571415982c5e48\windows-amd64\native-platform.dll
Event: 267.642 Loaded shared library C:\Users\Dawit.DAWITA\.gradle\native\c067742578af261105cb4f569cf0c3c89f3d7b1fecec35dd04571415982c5e48\windows-amd64\native-platform.dll
Event: 267.657 Attempting to load shared library C:\Users\Dawit.DAWITA\.gradle\native\100fb08df4bc3b14c8652ba06237920a3bd2aa13389f12d3474272988ae205f9\windows-amd64\native-platform-file-events.dll
Event: 267.659 Loaded shared library C:\Users\Dawit.DAWITA\.gradle\native\100fb08df4bc3b14c8652ba06237920a3bd2aa13389f12d3474272988ae205f9\windows-amd64\native-platform-file-events.dll
Event: 324.472 Attempting to load shared library C:\Users\Dawit.DAWITA\.vscode\extensions\redhat.java-1.56.0-win32-x64\jre\21.0.12.1-win32-x86_64\bin\management.dll
Event: 324.478 Loaded shared library C:\Users\Dawit.DAWITA\.vscode\extensions\redhat.java-1.56.0-win32-x64\jre\21.0.12.1-win32-x86_64\bin\management.dll
Event: 324.491 Attempting to load shared library C:\Users\Dawit.DAWITA\.vscode\extensions\redhat.java-1.56.0-win32-x64\jre\21.0.12.1-win32-x86_64\bin\management_ext.dll
Event: 324.788 Loaded shared library C:\Users\Dawit.DAWITA\.vscode\extensions\redhat.java-1.56.0-win32-x64\jre\21.0.12.1-win32-x86_64\bin\management_ext.dll
Event: 330.686 Attempting to load shared library C:\Users\Dawit.DAWITA\.vscode\extensions\redhat.java-1.56.0-win32-x64\jre\21.0.12.1-win32-x86_64\bin\extnet.dll
Event: 330.716 Loaded shared library C:\Users\Dawit.DAWITA\.vscode\extensions\redhat.java-1.56.0-win32-x64\jre\21.0.12.1-win32-x86_64\bin\extnet.dll
Event: 345.147 Attempting to load shared library C:\Users\Dawit.DAWITA\.vscode\extensions\redhat.java-1.56.0-win32-x64\jre\21.0.12.1-win32-x86_64\bin\sunmscapi.dll
Event: 345.372 Loaded shared library C:\Users\Dawit.DAWITA\.vscode\extensions\redhat.java-1.56.0-win32-x64\jre\21.0.12.1-win32-x86_64\bin\sunmscapi.dll

Deoptimization events (20 events):
Event: 17779.343 Thread 0x000001b245f33ec0 Uncommon trap: trap_request=0xffffff45 fr.pc=0x000001b273bdddb0 relative=0x0000000000005150
Event: 17779.344 Thread 0x000001b245f33ec0 Uncommon trap: reason=unstable_if action=reinterpret pc=0x000001b273bdddb0 method=org.gradle.internal.time.ExponentialBackoff.retryUntil(Lorg/gradle/internal/time/ExponentialBackoff$Query;)Ljava/lang/Object; @ 25 c2
Event: 17779.344 Thread 0x000001b245f33ec0 DEOPT PACKING pc=0x000001b273bdddb0 sp=0x00000036fb3f8fa0
Event: 17779.344 Thread 0x000001b245f33ec0 DEOPT UNPACKING pc=0x000001b273354422 sp=0x00000036fb3f8fe8 mode 2
Event: 17785.287 Thread 0x000001b245f33ec0 Uncommon trap: trap_request=0xffffff45 fr.pc=0x000001b273da249c relative=0x000000000000027c
Event: 17785.287 Thread 0x000001b245f33ec0 Uncommon trap: reason=unstable_if action=reinterpret pc=0x000001b273da249c method=java.util.HashMap.clear()V @ 23 c2
Event: 17785.287 Thread 0x000001b245f33ec0 DEOPT PACKING pc=0x000001b273da249c sp=0x00000036fb3f9030
Event: 17785.287 Thread 0x000001b245f33ec0 DEOPT UNPACKING pc=0x000001b273354422 sp=0x00000036fb3f8fd8 mode 2
Event: 17790.818 Thread 0x000001b245f34be0 Uncommon trap: trap_request=0xffffffde fr.pc=0x000001b273b08594 relative=0x0000000000000634
Event: 17790.818 Thread 0x000001b245f34be0 Uncommon trap: reason=class_check action=maybe_recompile pc=0x000001b273b08594 method=org.gradle.launcher.daemon.server.exec.LogToClient$AsynchronousLogDispatcher.run()V @ 16 c2
Event: 17790.818 Thread 0x000001b245f34be0 DEOPT PACKING pc=0x000001b273b08594 sp=0x00000036fb4ff6a0
Event: 17790.818 Thread 0x000001b245f34be0 DEOPT UNPACKING pc=0x000001b273354422 sp=0x00000036fb4ff690 mode 2
Event: 17799.186 Thread 0x000001b245f33ec0 Uncommon trap: trap_request=0xffffff45 fr.pc=0x000001b273bcc6c8 relative=0x0000000000000308
Event: 17799.186 Thread 0x000001b245f33ec0 Uncommon trap: reason=unstable_if action=reinterpret pc=0x000001b273bcc6c8 method=java.util.regex.Matcher.search(I)Z @ 76 c2
Event: 17799.186 Thread 0x000001b245f33ec0 DEOPT PACKING pc=0x000001b273bcc6c8 sp=0x00000036fb3fb5d0
Event: 17799.186 Thread 0x000001b245f33ec0 DEOPT UNPACKING pc=0x000001b273354422 sp=0x00000036fb3fb570 mode 2
Event: 17799.187 Thread 0x000001b245f33ec0 Uncommon trap: trap_request=0xffffffcc fr.pc=0x000001b2739694dc relative=0x00000000000028bc
Event: 17799.187 Thread 0x000001b245f33ec0 Uncommon trap: reason=intrinsic_or_type_checked_inlining action=make_not_entrant pc=0x000001b2739694dc method=java.util.ArrayList$SubList.toArray([Ljava/lang/Object;)[Ljava/lang/Object; @ 58 c2
Event: 17799.187 Thread 0x000001b245f33ec0 DEOPT PACKING pc=0x000001b2739694dc sp=0x00000036fb3fb620
Event: 17799.187 Thread 0x000001b245f33ec0 DEOPT UNPACKING pc=0x000001b273354422 sp=0x00000036fb3fb570 mode 2

Classes loaded (20 events):
Event: 1541.643 Loading class java/util/stream/SortedOps$AbstractRefSortingSink done
Event: 1541.643 Loading class java/util/stream/SortedOps$SizedRefSortingSink done
Event: 8393.013 Loading class java/lang/ThreadDeath
Event: 8393.013 Loading class java/lang/ThreadDeath done
Event: 8393.018 Loading class sun/misc/SharedSecrets
Event: 8393.018 Loading class sun/misc/SharedSecrets done
Event: 8394.164 Loading class java/util/AbstractList$RandomAccessSubList
Event: 8394.165 Loading class java/util/AbstractList$SubList
Event: 8394.166 Loading class java/util/AbstractList$SubList done
Event: 8394.166 Loading class java/util/AbstractList$RandomAccessSubList done
Event: 8394.167 Loading class java/util/AbstractList$SubList$1
Event: 8394.167 Loading class java/util/AbstractList$SubList$1 done
Event: 8394.167 Loading class java/util/AbstractList$ListItr
Event: 8394.167 Loading class java/util/AbstractList$ListItr done
Event: 8394.552 Loading class sun/reflect/generics/tree/LongSignature
Event: 8394.613 Loading class sun/reflect/generics/tree/LongSignature done
Event: 17794.835 Loading class java/lang/StackTraceElement$HashedModules
Event: 17794.836 Loading class java/lang/StackTraceElement$HashedModules done
Event: 17799.188 Loading class java/util/logging/LogRecord
Event: 17799.190 Loading class java/util/logging/LogRecord done

Classes unloaded (20 events):
Event: 8391.101 Thread 0x000001b27fa88e80 Unloading class 0x000001b2010a9400 'java/lang/invoke/LambdaForm$MH+0x000001b2010a9400'
Event: 8391.101 Thread 0x000001b27fa88e80 Unloading class 0x000001b2010a9000 'java/lang/invoke/LambdaForm$MH+0x000001b2010a9000'
Event: 8391.101 Thread 0x000001b27fa88e80 Unloading class 0x000001b2010a8c00 'java/lang/invoke/LambdaForm$MH+0x000001b2010a8c00'
Event: 8391.101 Thread 0x000001b27fa88e80 Unloading class 0x000001b201099800 'java/lang/invoke/LambdaForm$MH+0x000001b201099800'
Event: 8391.102 Thread 0x000001b27fa88e80 Unloading class 0x000001b201099000 'java/lang/invoke/LambdaForm$MH+0x000001b201099000'
Event: 8391.102 Thread 0x000001b27fa88e80 Unloading class 0x000001b201098c00 'java/lang/invoke/LambdaForm$MH+0x000001b201098c00'
Event: 8391.102 Thread 0x000001b27fa88e80 Unloading class 0x000001b201098000 'java/lang/invoke/LambdaForm$MH+0x000001b201098000'
Event: 8391.102 Thread 0x000001b27fa88e80 Unloading class 0x000001b20103c800 'java/lang/invoke/LambdaForm$DMH+0x000001b20103c800'
Event: 8391.103 Thread 0x000001b27fa88e80 Unloading class 0x000001b20102ec00 'java/lang/invoke/LambdaForm$MH+0x000001b20102ec00'
Event: 8391.104 Thread 0x000001b27fa88e80 Unloading class 0x000001b20102e800 'java/lang/invoke/LambdaForm$MH+0x000001b20102e800'
Event: 8391.104 Thread 0x000001b27fa88e80 Unloading class 0x000001b20102e000 'java/lang/invoke/LambdaForm$MH+0x000001b20102e000'
Event: 8391.104 Thread 0x000001b27fa88e80 Unloading class 0x000001b20102dc00 'java/lang/invoke/LambdaForm$MH+0x000001b20102dc00'
Event: 8391.105 Thread 0x000001b27fa88e80 Unloading class 0x000001b20102d800 'java/lang/invoke/LambdaForm$MH+0x000001b20102d800'
Event: 8391.106 Thread 0x000001b27fa88e80 Unloading class 0x000001b20102c000 'java/lang/invoke/LambdaForm$MH+0x000001b20102c000'
Event: 8391.106 Thread 0x000001b27fa88e80 Unloading class 0x000001b20101c400 'java/lang/invoke/LambdaForm$MH+0x000001b20101c400'
Event: 8391.106 Thread 0x000001b27fa88e80 Unloading class 0x000001b201002400 'java/lang/invoke/LambdaForm$MH+0x000001b201002400'
Event: 8391.106 Thread 0x000001b27fa88e80 Unloading class 0x000001b201002000 'java/lang/invoke/LambdaForm$MH+0x000001b201002000'
Event: 8391.106 Thread 0x000001b27fa88e80 Unloading class 0x000001b201001c00 'java/lang/invoke/LambdaForm$MH+0x000001b201001c00'
Event: 8391.107 Thread 0x000001b27fa88e80 Unloading class 0x000001b201001400 'java/lang/invoke/LambdaForm$MH+0x000001b201001400'
Event: 8391.107 Thread 0x000001b27fa88e80 Unloading class 0x000001b201000400 'java/lang/invoke/LambdaForm$MH+0x000001b201000400'

Classes redefined (0 events):
No events

Internal exceptions (20 events):
Event: 8393.830 Thread 0x000001b245f33ec0 Exception <a 'java/lang/ClassNotFoundException'{0x00000000b8e811b8}: org/gradle/api/internal/ConventionTaskBeanInfo> (0x00000000b8e811b8) 
thrown [s\src\hotspot\share\classfile\systemDictionary.cpp, line 313]
Event: 8393.836 Thread 0x000001b245f33ec0 Exception <a 'java/lang/ClassNotFoundException'{0x00000000b8e93cc0}: org/gradle/api/DefaultTaskBeanInfo> (0x00000000b8e93cc0) 
thrown [s\src\hotspot\share\classfile\systemDictionary.cpp, line 313]
Event: 8393.842 Thread 0x000001b245f33ec0 Exception <a 'java/lang/ClassNotFoundException'{0x00000000b8ea67b0}: org/gradle/api/internal/AbstractTaskBeanInfo> (0x00000000b8ea67b0) 
thrown [s\src\hotspot\share\classfile\systemDictionary.cpp, line 313]
Event: 8393.847 Thread 0x000001b245f33ec0 Exception <a 'java/lang/ClassNotFoundException'{0x00000000b8eb9310}: org/gradle/api/internal/AbstractTaskCustomizer> (0x00000000b8eb9310) 
thrown [s\src\hotspot\share\classfile\systemDictionary.cpp, line 313]
Event: 8393.862 Thread 0x000001b245f33ec0 Exception <a 'java/lang/ClassNotFoundException'{0x00000000b8d21358}: org/gradle/api/DefaultTaskCustomizer> (0x00000000b8d21358) 
thrown [s\src\hotspot\share\classfile\systemDictionary.cpp, line 313]
Event: 8393.893 Thread 0x000001b245f33ec0 Exception <a 'java/lang/ClassNotFoundException'{0x00000000b8c0fad0}: org/gradle/api/internal/ConventionTaskCustomizer> (0x00000000b8c0fad0) 
thrown [s\src\hotspot\share\classfile\systemDictionary.cpp, line 313]
Event: 8393.910 Thread 0x000001b245f33ec0 Exception <a 'java/lang/ClassNotFoundException'{0x00000000b8c317d0}: org/gradle/api/tasks/DeleteCustomizer> (0x00000000b8c317d0) 
thrown [s\src\hotspot\share\classfile\systemDictionary.cpp, line 313]
Event: 8393.915 Thread 0x000001b245f33ec0 Exception <a 'java/lang/ClassNotFoundException'{0x00000000b8c58b08}: org/gradle/api/tasks/Delete_DecoratedCustomizer> (0x00000000b8c58b08) 
thrown [s\src\hotspot\share\classfile\systemDictionary.cpp, line 313]
Event: 8394.162 Thread 0x000001b245f33ec0 Exception <a 'java/lang/NoSuchMethodError'{0x00000000a5504198}: 'void java.lang.invoke.DirectMethodHandle$Holder.invokeInterface(java.lang.Object, java.lang.Object, java.lang.Object, java.lang.Object)'> (0x00000000a5504198) 
thrown [s\src\hotspot\share\interpreter\linkResolver.cpp, line 773]
Event: 8394.249 Thread 0x000001b245f33ec0 Exception <a 'java/lang/ClassNotFoundException'{0x00000000a5549128}: groovy/lang/ReferenceBeanInfo> (0x00000000a5549128) 
thrown [s\src\hotspot\share\classfile\systemDictionary.cpp, line 313]
Event: 8394.252 Thread 0x000001b245f33ec0 Exception <a 'java/lang/ClassNotFoundException'{0x00000000a55526e0}: groovy/lang/ReferenceCustomizer> (0x00000000a55526e0) 
thrown [s\src\hotspot\share\classfile\systemDictionary.cpp, line 313]
Event: 8394.406 Thread 0x000001b245f33ec0 Exception <a 'java/lang/ClassNotFoundException'{0x00000000a52fa3f8}: org/gradle/api/internal/tasks/DefaultTaskContainer_DecoratedBeanInfo> (0x00000000a52fa3f8) 
thrown [s\src\hotspot\share\classfile\systemDictionary.cpp, line 313]
Event: 8394.409 Thread 0x000001b245f33ec0 Exception <a 'java/lang/ClassNotFoundException'{0x00000000a5104058}: org/gradle/api/internal/tasks/DefaultTaskContainerBeanInfo> (0x00000000a5104058) 
thrown [s\src\hotspot\share\classfile\systemDictionary.cpp, line 313]
Event: 8394.410 Thread 0x000001b245f33ec0 Exception <a 'java/lang/ClassNotFoundException'{0x00000000a510eaa8}: org/gradle/api/internal/tasks/DefaultTaskCollectionBeanInfo> (0x00000000a510eaa8) 
thrown [s\src\hotspot\share\classfile\systemDictionary.cpp, line 313]
Event: 8394.411 Thread 0x000001b245f33ec0 Exception <a 'java/lang/ClassNotFoundException'{0x00000000a51194e8}: org/gradle/api/internal/DefaultNamedDomainObjectSetBeanInfo> (0x00000000a51194e8) 
thrown [s\src\hotspot\share\classfile\systemDictionary.cpp, line 313]
Event: 8394.448 Thread 0x000001b245f33ec0 Exception <a 'java/lang/ClassNotFoundException'{0x00000000a51241b0}: org/gradle/api/internal/DefaultNamedDomainObjectSetCustomizer> (0x00000000a51241b0) 
thrown [s\src\hotspot\share\classfile\systemDictionary.cpp, line 313]
Event: 8394.506 Thread 0x000001b245f33ec0 Exception <a 'java/lang/ClassNotFoundException'{0x00000000a508fc90}: org/gradle/api/internal/tasks/DefaultTaskCollectionCustomizer> (0x00000000a508fc90) 
thrown [s\src\hotspot\share\classfile\systemDictionary.cpp, line 313]
Event: 8394.546 Thread 0x000001b245f33ec0 Exception <a 'java/lang/ClassNotFoundException'{0x00000000a4f8e4f0}: org/gradle/api/internal/tasks/DefaultTaskContainerCustomizer> (0x00000000a4f8e4f0) 
thrown [s\src\hotspot\share\classfile\systemDictionary.cpp, line 313]
Event: 8394.726 Thread 0x000001b245f33ec0 Exception <a 'java/lang/ClassNotFoundException'{0x00000000a4dc2168}: org/gradle/api/internal/tasks/DefaultTaskContainer_DecoratedCustomizer> (0x00000000a4dc2168) 
thrown [s\src\hotspot\share\classfile\systemDictionary.cpp, line 313]
Event: 8395.296 Thread 0x000001b245f33ec0 Exception <a 'java/lang/NoSuchMethodError'{0x00000000a4ba5000}: 'java.lang.Object java.lang.invoke.DelegatingMethodHandle$Holder.reinvoke_L(java.lang.Object, java.lang.Object, java.lang.Object, java.lang.Object, java.lang.Object, java.lang.Object, java.lang.Object, java.lang.Object, java.lang.Object, java.lang.Object, java.lang.Object, java.lang.Object, java.lang.Object, java.lang.Object, java.lang.Object, java.lang.Object, java.lang.Object, java.lang.Object, java.lang.Object)'> (0x00000000a4ba5000) 
throw

ZGC Phase Switch (0 events):
No events

VM Operations (20 events):
Event: 8395.185 Executing safepoint VM operation: Cleanup done
Event: 8396.200 Executing safepoint VM operation: Cleanup
Event: 8396.200 Executing safepoint VM operation: Cleanup done
Event: 8418.928 Executing non-safepoint VM operation: HandshakeAllThreads (HandshakeForDeflation)
Event: 8418.928 Executing non-safepoint VM operation: HandshakeAllThreads (HandshakeForDeflation) done
Event: 8418.928 Executing non-safepoint VM operation: RendezvousGCThreads
Event: 8418.928 Executing non-safepoint VM operation: RendezvousGCThreads done
Event: 17780.392 Executing safepoint VM operation: Cleanup
Event: 17785.278 Executing safepoint VM operation: Cleanup done
Event: 17786.292 Executing safepoint VM operation: Cleanup
Event: 17787.837 Executing safepoint VM operation: Cleanup done
Event: 17790.031 Executing non-safepoint VM operation: HandshakeAllThreads (Deoptimize)
Event: 17790.805 Executing non-safepoint VM operation: HandshakeAllThreads (Deoptimize) done
Event: 17791.820 Executing safepoint VM operation: Cleanup
Event: 17794.723 Executing safepoint VM operation: Cleanup done
Event: 17795.735 Executing safepoint VM operation: Cleanup
Event: 17798.813 Executing safepoint VM operation: Cleanup done
Event: 17799.822 Executing safepoint VM operation: Cleanup
Event: 17800.411 Executing safepoint VM operation: Cleanup done
Event: 17800.478 Executing safepoint VM operation: G1CollectForAllocation (G1 Evacuation Pause)

Memory protections (0 events):
No events

Nmethod flushes (20 events):
Event: 8391.783 Thread 0x000001b27fa88e80 flushing  nmethod 0x000001b26bdde910
Event: 8391.783 Thread 0x000001b27fa88e80 flushing  nmethod 0x000001b26bebac10
Event: 8391.783 Thread 0x000001b27fa88e80 flushing  nmethod 0x000001b26bebb110
Event: 8391.783 Thread 0x000001b27fa88e80 flushing  nmethod 0x000001b26c01c910
Event: 8391.783 Thread 0x000001b27fa88e80 flushing  nmethod 0x000001b26c01d490
Event: 8391.784 Thread 0x000001b27fa88e80 flushing  nmethod 0x000001b26c01ef90
Event: 8391.784 Thread 0x000001b27fa88e80 flushing  nmethod 0x000001b26c038910
Event: 8391.784 Thread 0x000001b27fa88e80 flushing  nmethod 0x000001b26c103090
Event: 8391.784 Thread 0x000001b27fa88e80 flushing  nmethod 0x000001b26c103d90
Event: 8391.784 Thread 0x000001b27fa88e80 flushing  nmethod 0x000001b26c108b10
Event: 8391.784 Thread 0x000001b27fa88e80 flushing  nmethod 0x000001b26c10d210
Event: 8391.784 Thread 0x000001b27fa88e80 flushing  nmethod 0x000001b26c10de90
Event: 8391.784 Thread 0x000001b27fa88e80 flushing  nmethod 0x000001b26c23b310
Event: 8391.784 Thread 0x000001b27fa88e80 flushing  nmethod 0x000001b26c244e90
Event: 8391.784 Thread 0x000001b27fa88e80 flushing  nmethod 0x000001b26c245710
Event: 8391.784 Thread 0x000001b27fa88e80 flushing  nmethod 0x000001b26c246310
Event: 8391.785 Thread 0x000001b27fa88e80 flushing  nmethod 0x000001b26c24be90
Event: 8391.785 Thread 0x000001b27fa88e80 flushing  nmethod 0x000001b26c3bf690
Event: 8391.785 Thread 0x000001b27fa88e80 flushing  nmethod 0x000001b26c695f90
Event: 8391.785 Thread 0x000001b27fa88e80 flushing  nmethod 0x000001b26c696a10

Events (20 events):
Event: 1513.982 Thread 0x000001b245f33ec0 Thread added: 0x000001b246b9bb20
Event: 1513.988 Thread 0x000001b245f33ec0 Thread added: 0x000001b246b9c1b0
Event: 1513.998 Thread 0x000001b245f33ec0 Thread added: 0x000001b246b9dbf0
Event: 1514.012 Thread 0x000001b245f33ec0 Thread added: 0x000001b246b9c840
Event: 1514.026 Thread 0x000001b245f33ec0 Thread added: 0x000001b246b9ced0
Event: 1521.428 Thread 0x000001b245f33ec0 Thread added: 0x000001b246c52600
Event: 1521.429 Thread 0x000001b245f33ec0 Thread added: 0x000001b246c53320
Event: 1521.430 Thread 0x000001b245f33ec0 Thread added: 0x000001b246c539b0
Event: 1521.430 Thread 0x000001b245f33ec0 Thread added: 0x000001b246c54040
Event: 1522.270 Thread 0x000001b245f33ec0 Thread added: 0x000001b246c546d0
Event: 1522.275 Thread 0x000001b245f35f90 Thread added: 0x000001b246c54d60
Event: 1522.277 Thread 0x000001b245f33ec0 Thread added: 0x000001b246c553f0
Event: 1522.279 Thread 0x000001b245f33ec0 Thread added: 0x000001b246c51f70
Event: 1582.292 Thread 0x000001b246b993c0 Thread exited: 0x000001b246b993c0
Event: 1597.715 Thread 0x000001b245f33ec0 Thread added: 0x000001b246c56110
Event: 1683.672 Thread 0x000001b246c54d60 Thread exited: 0x000001b246c54d60
Event: 3055.146 Thread 0x000001b245f35f90 Thread added: 0x000001b246c54d60
Event: 3125.562 Thread 0x000001b246c54d60 Thread exited: 0x000001b246c54d60
Event: 8386.702 Thread 0x000001b245f35f90 Thread added: 0x000001b246c54d60
Event: 8457.738 Thread 0x000001b246c54d60 Thread exited: 0x000001b246c54d60


Dynamic libraries:
0x00007ff78b490000 - 0x00007ff78b49e000 	C:\Users\Dawit.DAWITA\.vscode\extensions\redhat.java-1.56.0-win32-x64\jre\21.0.12.1-win32-x86_64\bin\java.exe
0x00007ffaf8ac0000 - 0x00007ffaf8d27000 	C:\WINDOWS\SYSTEM32\ntdll.dll
0x00007ffaf6c70000 - 0x00007ffaf6d3b000 	C:\WINDOWS\System32\KERNEL32.DLL
0x00007ffaf5e10000 - 0x00007ffaf6211000 	C:\WINDOWS\System32\KERNELBASE.dll
0x00007ffaf6680000 - 0x00007ffaf67cc000 	C:\WINDOWS\System32\ucrtbase.dll
0x00007ffa513b0000 - 0x00007ffa513c8000 	C:\Users\Dawit.DAWITA\.vscode\extensions\redhat.java-1.56.0-win32-x64\jre\21.0.12.1-win32-x86_64\bin\jli.dll
0x00007ffaf8050000 - 0x00007ffaf8227000 	C:\WINDOWS\System32\USER32.dll
0x00007ffaf62e0000 - 0x00007ffaf6307000 	C:\WINDOWS\System32\win32u.dll
0x00007ffaf74f0000 - 0x00007ffaf751b000 	C:\WINDOWS\System32\GDI32.dll
0x00007ffaf6550000 - 0x00007ffaf6678000 	C:\WINDOWS\System32\gdi32full.dll
0x00007ffaf6310000 - 0x00007ffaf63b3000 	C:\WINDOWS\System32\msvcp_win.dll
0x00007ffa51390000 - 0x00007ffa513ae000 	C:\Users\Dawit.DAWITA\.vscode\extensions\redhat.java-1.56.0-win32-x64\jre\21.0.12.1-win32-x86_64\bin\VCRUNTIME140.dll
0x00007ffada7a0000 - 0x00007ffadaa30000 	C:\WINDOWS\WinSxS\amd64_microsoft.windows.common-controls_6595b64144ccf1df_6.0.26100.9549_none_3e0a0396e3330090\COMCTL32.dll
0x00007ffaf6b70000 - 0x00007ffaf6c19000 	C:\WINDOWS\System32\msvcrt.dll
0x00007ffaf7d50000 - 0x00007ffaf7d81000 	C:\WINDOWS\System32\IMM32.DLL
0x00007ffabfdc0000 - 0x00007ffabfdcc000 	C:\Users\Dawit.DAWITA\.vscode\extensions\redhat.java-1.56.0-win32-x64\jre\21.0.12.1-win32-x86_64\bin\vcruntime140_1.dll
0x00007ffa51300000 - 0x00007ffa5138d000 	C:\Users\Dawit.DAWITA\.vscode\extensions\redhat.java-1.56.0-win32-x64\jre\21.0.12.1-win32-x86_64\bin\msvcp140.dll
0x00007ffa50490000 - 0x00007ffa51232000 	C:\Users\Dawit.DAWITA\.vscode\extensions\redhat.java-1.56.0-win32-x64\jre\21.0.12.1-win32-x86_64\bin\server\jvm.dll
0x00007ffaf8950000 - 0x00007ffaf8a0b000 	C:\WINDOWS\System32\ADVAPI32.dll
0x00007ffaf8230000 - 0x00007ffaf82d8000 	C:\WINDOWS\System32\sechost.dll
0x00007ffaf7f30000 - 0x00007ffaf8048000 	C:\WINDOWS\System32\RPCRT4.dll
0x00007ffaf8710000 - 0x00007ffaf8791000 	C:\WINDOWS\System32\WS2_32.dll
0x00007ffaf5b10000 - 0x00007ffaf5b6e000 	C:\WINDOWS\SYSTEM32\POWRPROF.dll
0x00007ffadc210000 - 0x00007ffadc247000 	C:\WINDOWS\SYSTEM32\WINMM.dll
0x00007ffae7c80000 - 0x00007ffae7c8b000 	C:\WINDOWS\SYSTEM32\VERSION.dll
0x00007ffaf5af0000 - 0x00007ffaf5b05000 	C:\WINDOWS\SYSTEM32\UMPDC.dll
0x00007ffaf4960000 - 0x00007ffaf497b000 	C:\WINDOWS\SYSTEM32\kernel.appcore.dll
0x00007ffaba930000 - 0x00007ffaba93a000 	C:\Users\Dawit.DAWITA\.vscode\extensions\redhat.java-1.56.0-win32-x64\jre\21.0.12.1-win32-x86_64\bin\jimage.dll
0x00007ffaf29d0000 - 0x00007ffaf2c1c000 	C:\WINDOWS\SYSTEM32\DBGHELP.DLL
0x00007ffaf67e0000 - 0x00007ffaf6b6a000 	C:\WINDOWS\System32\combase.dll
0x00007ffaf8450000 - 0x00007ffaf8529000 	C:\WINDOWS\System32\OLEAUT32.dll
0x00007ffad6b70000 - 0x00007ffad6bab000 	C:\WINDOWS\SYSTEM32\dbgcore.DLL
0x00007ffaf6220000 - 0x00007ffaf62cc000 	C:\WINDOWS\System32\bcryptPrimitives.dll
0x00007ffae81f0000 - 0x00007ffae81ff000 	C:\Users\Dawit.DAWITA\.vscode\extensions\redhat.java-1.56.0-win32-x64\jre\21.0.12.1-win32-x86_64\bin\instrument.dll
0x00007ffa50470000 - 0x00007ffa50490000 	C:\Users\Dawit.DAWITA\.vscode\extensions\redhat.java-1.56.0-win32-x64\jre\21.0.12.1-win32-x86_64\bin\java.dll
0x00007ffaf6d40000 - 0x00007ffaf74dc000 	C:\WINDOWS\System32\SHELL32.dll
0x00007ffaf3740000 - 0x00007ffaf3fed000 	C:\WINDOWS\SYSTEM32\windows.storage.dll
0x00007ffaf87a0000 - 0x00007ffaf8899000 	C:\WINDOWS\System32\SHCORE.dll
0x00007ffaf8a10000 - 0x00007ffaf8a76000 	C:\WINDOWS\System32\shlwapi.dll
0x00007ffaf5bd0000 - 0x00007ffaf5bf9000 	C:\WINDOWS\SYSTEM32\profapi.dll
0x00007ffa503f0000 - 0x00007ffa50408000 	C:\Users\Dawit.DAWITA\.vscode\extensions\redhat.java-1.56.0-win32-x64\jre\21.0.12.1-win32-x86_64\bin\zip.dll
0x00007ffaae710000 - 0x00007ffaae720000 	C:\Users\Dawit.DAWITA\.vscode\extensions\redhat.java-1.56.0-win32-x64\jre\21.0.12.1-win32-x86_64\bin\net.dll
0x00007ffae7750000 - 0x00007ffae787a000 	C:\WINDOWS\SYSTEM32\WINHTTP.dll
0x00007ffaf4f20000 - 0x00007ffaf4f8c000 	C:\WINDOWS\system32\mswsock.dll
0x00007ffa51860000 - 0x00007ffa51876000 	C:\Users\Dawit.DAWITA\.vscode\extensions\redhat.java-1.56.0-win32-x64\jre\21.0.12.1-win32-x86_64\bin\nio.dll
0x00007ffae81e0000 - 0x00007ffae81f0000 	C:\Users\Dawit.DAWITA\.vscode\extensions\redhat.java-1.56.0-win32-x64\jre\21.0.12.1-win32-x86_64\bin\verify.dll
0x00007ffa520f0000 - 0x00007ffa52117000 	C:\Users\Dawit.DAWITA\.gradle\native\c067742578af261105cb4f569cf0c3c89f3d7b1fecec35dd04571415982c5e48\windows-amd64\native-platform.dll
0x00007ffa71ca0000 - 0x00007ffa71de4000 	C:\Users\Dawit.DAWITA\.gradle\native\100fb08df4bc3b14c8652ba06237920a3bd2aa13389f12d3474272988ae205f9\windows-amd64\native-platform-file-events.dll
0x00007ffad7980000 - 0x00007ffad798a000 	C:\Users\Dawit.DAWITA\.vscode\extensions\redhat.java-1.56.0-win32-x64\jre\21.0.12.1-win32-x86_64\bin\management.dll
0x00007ffad7970000 - 0x00007ffad797c000 	C:\Users\Dawit.DAWITA\.vscode\extensions\redhat.java-1.56.0-win32-x64\jre\21.0.12.1-win32-x86_64\bin\management_ext.dll
0x00007ffaf88c0000 - 0x00007ffaf88c8000 	C:\WINDOWS\System32\PSAPI.DLL
0x00007ffaf5210000 - 0x00007ffaf522b000 	C:\WINDOWS\SYSTEM32\CRYPTSP.dll
0x00007ffaf48c0000 - 0x00007ffaf48f9000 	C:\WINDOWS\system32\rsaenh.dll
0x00007ffaf4fd0000 - 0x00007ffaf5004000 	C:\WINDOWS\SYSTEM32\USERENV.dll
0x00007ffaf5ba0000 - 0x00007ffaf5bca000 	C:\WINDOWS\SYSTEM32\bcrypt.dll
0x00007ffaf5230000 - 0x00007ffaf523c000 	C:\WINDOWS\SYSTEM32\CRYPTBASE.dll
0x00007ffaf43e0000 - 0x00007ffaf4413000 	C:\WINDOWS\SYSTEM32\IPHLPAPI.DLL
0x00007ffaf88b0000 - 0x00007ffaf88ba000 	C:\WINDOWS\System32\NSI.dll
0x00007ffa7d790000 - 0x00007ffa7d799000 	C:\Users\Dawit.DAWITA\.vscode\extensions\redhat.java-1.56.0-win32-x64\jre\21.0.12.1-win32-x86_64\bin\extnet.dll
0x00007ffa84180000 - 0x00007ffa8418e000 	C:\Users\Dawit.DAWITA\.vscode\extensions\redhat.java-1.56.0-win32-x64\jre\21.0.12.1-win32-x86_64\bin\sunmscapi.dll
0x00007ffaf63c0000 - 0x00007ffaf653f000 	C:\WINDOWS\System32\CRYPT32.dll
0x00007ffaf5470000 - 0x00007ffaf54a0000 	C:\WINDOWS\SYSTEM32\ncrypt.dll
0x00007ffaf5420000 - 0x00007ffaf545f000 	C:\WINDOWS\SYSTEM32\NTASN1.dll
0x00007ffac5700000 - 0x00007ffac5708000 	C:\WINDOWS\system32\wshunix.dll

JVMTI agents:
C:\Users\Dawit.DAWITA\.gradle\wrapper\dists\gradle-8.11.1-all\2qik7nd48slq1ooc2496ixf4i\gradle-8.11.1\lib\agents\gradle-instrumentation-agent-8.11.1.jar path:C:\Users\Dawit.DAWITA\.vscode\extensions\redhat.java-1.56.0-win32-x64\jre\21.0.12.1-win32-x86_64\bin\instrument.dll, loaded, initialized, instrumentlib options:none

dbghelp: loaded successfully - version: 4.0.5 - missing functions: none
symbol engine: initialized successfully - sym options: 0x614 - pdb path: .;C:\Users\Dawit.DAWITA\.vscode\extensions\redhat.java-1.56.0-win32-x64\jre\21.0.12.1-win32-x86_64\bin;C:\WINDOWS\SYSTEM32;C:\WINDOWS\WinSxS\amd64_microsoft.windows.common-controls_6595b64144ccf1df_6.0.26100.9549_none_3e0a0396e3330090;C:\Users\Dawit.DAWITA\.vscode\extensions\redhat.java-1.56.0-win32-x64\jre\21.0.12.1-win32-x86_64\bin\server;C:\Users\Dawit.DAWITA\.gradle\native\c067742578af261105cb4f569cf0c3c89f3d7b1fecec35dd04571415982c5e48\windows-amd64;C:\Users\Dawit.DAWITA\.gradle\native\100fb08df4bc3b14c8652ba06237920a3bd2aa13389f12d3474272988ae205f9\windows-amd64

VM Arguments:
jvm_args: --add-opens=java.base/java.lang=ALL-UNNAMED --add-opens=java.base/java.lang.invoke=ALL-UNNAMED --add-opens=java.base/java.util=ALL-UNNAMED --add-opens=java.prefs/java.util.prefs=ALL-UNNAMED --add-exports=jdk.compiler/com.sun.tools.javac.api=ALL-UNNAMED --add-exports=jdk.compiler/com.sun.tools.javac.util=ALL-UNNAMED --add-opens=java.base/java.util=ALL-UNNAMED --add-opens=java.prefs/java.util.prefs=ALL-UNNAMED --add-opens=java.base/java.nio.charset=ALL-UNNAMED --add-opens=java.base/java.net=ALL-UNNAMED --add-opens=java.base/java.util.concurrent.atomic=ALL-UNNAMED --add-opens=java.xml/javax.xml.namespace=ALL-UNNAMED -Xmx1536m -Dfile.encoding=UTF-8 -Duser.country=US -Duser.language=en -Duser.variant -javaagent:C:\Users\Dawit.DAWITA\.gradle\wrapper\dists\gradle-8.11.1-all\2qik7nd48slq1ooc2496ixf4i\gradle-8.11.1\lib\agents\gradle-instrumentation-agent-8.11.1.jar 
java_command: org.gradle.launcher.daemon.bootstrap.GradleDaemon 8.11.1
java_class_path (initial): C:\Users\Dawit.DAWITA\.gradle\wrapper\dists\gradle-8.11.1-all\2qik7nd48slq1ooc2496ixf4i\gradle-8.11.1\lib\gradle-daemon-main-8.11.1.jar
Launcher Type: SUN_STANDARD

[Global flags]
     intx CICompilerCount                          = 4                                         {product} {ergonomic}
     uint ConcGCThreads                            = 2                                         {product} {ergonomic}
     uint G1ConcRefinementThreads                  = 8                                         {product} {ergonomic}
   size_t G1HeapRegionSize                         = 1048576                                   {product} {ergonomic}
    uintx GCDrainStackTargetSize                   = 64                                        {product} {ergonomic}
   size_t InitialHeapSize                          = 534773760                                 {product} {ergonomic}
   size_t MarkStackSize                            = 4194304                                   {product} {ergonomic}
   size_t MaxHeapSize                              = 1610612736                                {product} {command line}
   size_t MaxNewSize                               = 965738496                                 {product} {ergonomic}
   size_t MinHeapDeltaBytes                        = 1048576                                   {product} {ergonomic}
   size_t MinHeapSize                              = 8388608                                   {product} {ergonomic}
    uintx NonNMethodCodeHeapSize                   = 5839372                                {pd product} {ergonomic}
    uintx NonProfiledCodeHeapSize                  = 122909434                              {pd product} {ergonomic}
    uintx ProfiledCodeHeapSize                     = 122909434                              {pd product} {ergonomic}
    uintx ReservedCodeCacheSize                    = 251658240                              {pd product} {ergonomic}
     bool SegmentedCodeCache                       = true                                      {product} {ergonomic}
   size_t SoftMaxHeapSize                          = 1610612736                             {manageable} {ergonomic}
     bool UseCompressedOops                        = true                           {product lp64_product} {ergonomic}
     bool UseG1GC                                  = true                                      {product} {ergonomic}
     bool UseLargePagesIndividualAllocation        = false                                  {pd product} {ergonomic}

Logging:
Log output configuration:
 #0: stdout all=warning uptime,level,tags foldmultilines=false
 #1: stderr all=off uptime,level,tags foldmultilines=false

Release file:
JAVA_VERSION="21.0.12.1" 
MODULES="java.base java.compiler java.datatransfer java.xml java.prefs java.desktop java.instrument java.logging java.management java.security.sasl java.naming java.rmi java.management.rmi java.net.http java.scripting java.security.jgss java.transaction.xa java.sql java.sql.rowset java.xml.crypto java.se java.smartcardio jdk.accessibility jdk.internal.jvmstat jdk.attach jdk.charsets jdk.internal.opt jdk.zipfs jdk.compiler jdk.crypto.ec jdk.crypto.cryptoki jdk.crypto.mscapi jdk.dynalink jdk.internal.ed jdk.editpad jdk.hotspot.agent jdk.httpserver jdk.internal.le jdk.internal.vm.ci jdk.internal.vm.compiler jdk.internal.vm.compiler.management jdk.jartool jdk.javadoc jdk.jcmd jdk.management jdk.management.agent jdk.jconsole jdk.jdeps jdk.jdwp.agent jdk.jdi jdk.jfr jdk.jshell jdk.jsobject jdk.jstatd jdk.localedata jdk.management.jfr jdk.naming.dns jdk.naming.rmi jdk.net jdk.nio.mapmode jdk.random jdk.sctp jdk.security.auth jdk.security.jgss jdk.unsupported jdk.unsupported.desktop jdk.xml.dom" 

Environment Variables:
JAVA_HOME=C:\Users\Dawit.DAWITA\AppData\Local\Java\jdk-21.0.2+13
PATH=C:\Program Files (x86)\VMware\VMware Workstation\bin\;C:\Program Files (x86)\VMware\VMware Player\bin\;C:\Program Files\Common Files\Oracle\Java\javapath;C:\Program Files\Eclipse Adoptium\jdk-17.0.17.10-hotspot\bin;C:\Program Files\Eclipse Adoptium\jdk-21.0.9.10-hotspot\bin;C:\WINDOWS\system32;C:\WINDOWS;C:\WINDOWS\System32\Wbem;C:\WINDOWS\System32\WindowsPowerShell\v1.0\;C:\WINDOWS\System32\OpenSSH\;C:\Program Files\nodejs\;C:\Program Files\PyManager\;C:\Program Files\Git\cmd;C:\Program Files\WSL\;C:\Program Files\Docker\Docker\resources\bin;C:\Users\Dawit.DAWITA\AppData\Local\Java\jdk-21.0.2+13\bin;C:\Users\Dawit.DAWITA\AppData\Local\Microsoft\WindowsApps;C:\Users\Dawit.DAWITA\AppData\Local\Programs\Microsoft VS Code\bin;C:\Program Files\JetBrains\PyCharm Community Edition 2023.1.1\bin;;%USERPROFILE%\AppData\Local\Microsoft\WindowsApps
USERNAME=Dawit
OS=Windows_NT
PROCESSOR_IDENTIFIER=Intel64 Family 6 Model 142 Stepping 12, GenuineIntel
TMP=C:\Users\DAWIT~1.DAW\AppData\Local\Temp
TEMP=C:\Users\DAWIT~1.DAW\AppData\Local\Temp




Periodic native trim disabled

---------------  S Y S T E M  ---------------

OS:
 Windows 11 , 64 bit Build 26100 (10.0.26100.9549)
OS uptime: 0 days 5:28 hours
Hyper-V role detected

CPU: total 8 (initial active 8) (4 cores per cpu, 2 threads per core) family 6 model 142 stepping 12 microcode 0xfc, cx8, cmov, fxsr, ht, mmx, 3dnowpref, sse, sse2, sse3, ssse3, sse4.1, sse4.2, popcnt, lzcnt, tsc, tscinvbit, avx, avx2, aes, erms, clmul, bmi1, bmi2, adx, fma, vzeroupper, clflush, clflushopt, hv, rdtscp, f16c
Processor Information for the first 8 processors :
  Max Mhz: 1992, Current Mhz: 1792, Mhz Limit: 1792

Memory: 4k page, system-wide physical 32615M (41M free)
TotalPageFile size 130919M (AvailPageFile size 644M)
current process WorkingSet (physical memory assigned to process): 208M, peak: 256M
current process commit charge ("private bytes"): 311M, peak: 702M

vm_info: OpenJDK 64-Bit Server VM (21.0.12.1+1-LTS) for windows-amd64 JRE (21.0.12.1+1-LTS), built on 2026-08-18T00:00:00Z by "admin" with MS VC++ 17.12 (VS2022)

END.
