#
# There is insufficient memory for the Java Runtime Environment to continue.
# Native memory allocation (malloc) failed to allocate 137616 bytes. Error detail: Chunk::new
# Possible reasons:
#   The system is out of physical RAM or swap space
#   This process is running with CompressedOops enabled, and the Java Heap may be blocking the growth of the native heap
# Possible solutions:
#   Reduce memory load on the system
#   Increase physical memory or swap space
#   Check if swap backing store is full
#   Decrease Java heap size (-Xmx/-Xms)
#   Decrease number of Java threads
#   Decrease Java thread stack sizes (-Xss)
#   Set larger code cache with -XX:ReservedCodeCacheSize=
#   JVM is running with Unscaled Compressed Oops mode in which the Java heap is
#     placed in the first 4GB address space. The Java Heap base address is the
#     maximum limit for the native heap growth. Please use -XX:HeapBaseMinAddress
#     to set the Java Heap base and to place the Java Heap above 4GB virtual address.
# This output file may be truncated or incomplete.
#
#  Out of Memory Error (arena.cpp:168), pid=87676, tid=32732
#
# JRE version: OpenJDK Runtime Environment Temurin-21.0.12.1+1 (21.0.12.1+1) (build 21.0.12.1+1-LTS)
# Java VM: OpenJDK 64-Bit Server VM Temurin-21.0.12.1+1 (21.0.12.1+1-LTS, mixed mode, sharing, tiered, compressed oops, compressed class ptrs, g1 gc, windows-amd64)
# No core dump will be written. Minidumps are not enabled by default on client versions of Windows
#

---------------  S U M M A R Y ------------

Command Line: --add-opens=java.base/java.lang=ALL-UNNAMED --add-opens=java.base/java.lang.invoke=ALL-UNNAMED --add-opens=java.base/java.util=ALL-UNNAMED --add-opens=java.prefs/java.util.prefs=ALL-UNNAMED --add-exports=jdk.compiler/com.sun.tools.javac.api=ALL-UNNAMED --add-exports=jdk.compiler/com.sun.tools.javac.util=ALL-UNNAMED --add-opens=java.base/java.util=ALL-UNNAMED --add-opens=java.prefs/java.util.prefs=ALL-UNNAMED --add-opens=java.base/java.nio.charset=ALL-UNNAMED --add-opens=java.base/java.net=ALL-UNNAMED --add-opens=java.base/java.util.concurrent.atomic=ALL-UNNAMED --add-opens=java.xml/javax.xml.namespace=ALL-UNNAMED -Xmx1536m -Dfile.encoding=UTF-8 -Duser.country=US -Duser.language=en -Duser.variant -javaagent:C:\Users\Dawit.DAWITA\.gradle\wrapper\dists\gradle-8.11.1-all\2qik7nd48slq1ooc2496ixf4i\gradle-8.11.1\lib\agents\gradle-instrumentation-agent-8.11.1.jar org.gradle.launcher.daemon.bootstrap.GradleDaemon 8.11.1

Host: Intel(R) Core(TM) i7-8565U CPU @ 1.80GHz, 8 cores, 31G,  Windows 11 , 64 bit Build 26100 (10.0.26100.9549)
Time: Wed Oct  7 16:53:08 2026 E. Africa Standard Time elapsed time: 13472.726771 seconds (0d 3h 44m 32s)

---------------  T H R E A D  ---------------

Current thread (0x000001c69455b2e0):  JavaThread "C2 CompilerThread0" daemon [_thread_in_native, id=32732, stack(0x0000000483c00000,0x0000000483d00000) (1024K)]


Current CompileTask:
C2:13472726 5498       4       java.lang.ThreadLocal$ThreadLocalMap::set (133 bytes)

Stack: [0x0000000483c00000,0x0000000483d00000]
Native frames: (J=compiled Java code, j=interpreted, Vv=VM code, C=native code)
V  [jvm.dll+0x6d83e9]
V  [jvm.dll+0x8b5736]
V  [jvm.dll+0x8b7cee]
V  [jvm.dll+0x8b83d3]
V  [jvm.dll+0x284596]
V  [jvm.dll+0xc685d]
V  [jvm.dll+0xc6da1]
V  [jvm.dll+0x3bf151]
V  [jvm.dll+0x38b6d2]
V  [jvm.dll+0x38ab1a]
V  [jvm.dll+0x24c700]
V  [jvm.dll+0x24bce0]
V  [jvm.dll+0x1cb4ae]
V  [jvm.dll+0x25baad]
V  [jvm.dll+0x25a03a]
V  [jvm.dll+0x3f8aae]
V  [jvm.dll+0x8600cd]
V  [jvm.dll+0x6d6c1d]
C  [ucrtbase.dll+0x2cd30]
C  [KERNEL32.DLL+0x2cdf7]
C  [ntdll.dll+0x7ee4c]


---------------  P R O C E S S  ---------------

Threads class SMR info:
_java_thread_list=0x000001c6daa7e040, length=33, elements={
0x000001c6fd67f3c0, 0x000001c694553720, 0x000001c694554ea0, 0x000001c694558630,
0x000001c694559090, 0x000001c694559af0, 0x000001c69455a550, 0x000001c69455b2e0,
0x000001c694563020, 0x000001c69476e530, 0x000001c694827710, 0x000001c6dac63690,
0x000001c6dab02560, 0x000001c6db8ef500, 0x000001c6daa1f890, 0x000001c6da9f7420,
0x000001c6da9f6070, 0x000001c6da9f8140, 0x000001c6da9f7ab0, 0x000001c6da9f6d90,
0x000001c6da9f6700, 0x000001c6da9f87d0, 0x000001c6da9f8e60, 0x000001c6db8bcf40,
0x000001c6db8bf010, 0x000001c6db8bc220, 0x000001c6db8bdc60, 0x000001c6db8bc8b0,
0x000001c6db8be980, 0x000001c6db8bf6a0, 0x000001c6db8bfd30, 0x000001c6db8c03c0,
0x000001c6db8be2f0
}

Java Threads: ( => current thread )
  0x000001c6fd67f3c0 JavaThread "main"                              [_thread_blocked, id=87956, stack(0x0000000482e00000,0x0000000482f00000) (1024K)]
  0x000001c694553720 JavaThread "Reference Handler"          daemon [_thread_blocked, id=77928, stack(0x0000000483600000,0x0000000483700000) (1024K)]
  0x000001c694554ea0 JavaThread "Finalizer"                  daemon [_thread_blocked, id=51784, stack(0x0000000483700000,0x0000000483800000) (1024K)]
  0x000001c694558630 JavaThread "Signal Dispatcher"          daemon [_thread_blocked, id=86488, stack(0x0000000483800000,0x0000000483900000) (1024K)]
  0x000001c694559090 JavaThread "Attach Listener"            daemon [_thread_blocked, id=58292, stack(0x0000000483900000,0x0000000483a00000) (1024K)]
  0x000001c694559af0 JavaThread "Service Thread"             daemon [_thread_blocked, id=82492, stack(0x0000000483a00000,0x0000000483b00000) (1024K)]
  0x000001c69455a550 JavaThread "Monitor Deflation Thread"   daemon [_thread_blocked, id=64944, stack(0x0000000483b00000,0x0000000483c00000) (1024K)]
=>0x000001c69455b2e0 JavaThread "C2 CompilerThread0"         daemon [_thread_in_native, id=32732, stack(0x0000000483c00000,0x0000000483d00000) (1024K)]
  0x000001c694563020 JavaThread "C1 CompilerThread0"         daemon [_thread_blocked, id=79576, stack(0x0000000483d00000,0x0000000483e00000) (1024K)]
  0x000001c69476e530 JavaThread "Common-Cleaner"             daemon [_thread_blocked, id=86196, stack(0x0000000483e00000,0x0000000483f00000) (1024K)]
  0x000001c694827710 JavaThread "Notification Thread"        daemon [_thread_blocked, id=87224, stack(0x0000000483f00000,0x0000000484000000) (1024K)]
  0x000001c6dac63690 JavaThread "Daemon health stats"               [_thread_in_Java, id=87660, stack(0x0000000484700000,0x0000000484800000) (1024K)]
  0x000001c6dab02560 JavaThread "Incoming local TCP Connector on port 62642"        [_thread_in_native, id=84684, stack(0x0000000484800000,0x0000000484900000) (1024K)]
  0x000001c6db8ef500 JavaThread "Daemon periodic checks"            [_thread_in_native, id=87536, stack(0x0000000484900000,0x0000000484a00000) (1024K)]
  0x000001c6daa1f890 JavaThread "Daemon"                            [_thread_blocked, id=86616, stack(0x0000000484a00000,0x0000000484b00000) (1024K)]
  0x000001c6da9f7420 JavaThread "Daemon worker"                     [_thread_in_vm, id=84864, stack(0x0000000484d00000,0x0000000484e00000) (1024K)]
  0x000001c6da9f6070 JavaThread "Handler for socket connection from /127.0.0.1:62642 to /127.0.0.1:59097"        [_thread_in_native, id=86868, stack(0x0000000484b00000,0x0000000484c00000) (1024K)]
  0x000001c6da9f8140 JavaThread "Cancel handler"                    [_thread_blocked, id=84772, stack(0x0000000484c00000,0x0000000484d00000) (1024K)]
  0x000001c6da9f7ab0 JavaThread "Asynchronous log dispatcher for DefaultDaemonConnection: socket connection from /127.0.0.1:62642 to /127.0.0.1:59097"        [_thread_in_Java, id=43872, stack(0x0000000484e00000,0x0000000484f00000) (1024K)]
  0x000001c6da9f6d90 JavaThread "Stdin handler"                     [_thread_blocked, id=84596, stack(0x0000000484f00000,0x0000000485000000) (1024K)]
  0x000001c6da9f6700 JavaThread "Daemon client event forwarder"        [_thread_blocked, id=85432, stack(0x0000000485000000,0x0000000485100000) (1024K)]
  0x000001c6da9f87d0 JavaThread "Cache worker for journal cache (C:\Users\Dawit.DAWITA\.gradle\caches\journal-1)"        [_thread_blocked, id=87768, stack(0x0000000485100000,0x0000000485200000) (1024K)]
  0x000001c6da9f8e60 JavaThread "File lock request listener"        [_thread_in_native, id=87120, stack(0x0000000485200000,0x0000000485300000) (1024K)]
  0x000001c6db8bcf40 JavaThread "Cache worker for file hash cache (C:\Users\Dawit.DAWITA\.gradle\caches\8.11.1\fileHashes)"        [_thread_blocked, id=71160, stack(0x0000000485400000,0x0000000485500000) (1024K)]
  0x000001c6db8bf010 JavaThread "Cache worker for file content cache (C:\Users\Dawit.DAWITA\.gradle\caches\8.11.1\fileContent)"        [_thread_blocked, id=82816, stack(0x0000000485500000,0x0000000485600000) (1024K)]
  0x000001c6db8bc220 JavaThread "Cache worker for file hash cache (C:\Users\Dawit.DAWITA\Documents\AfroLife_Agency_improved\afrolife\android\.gradle\8.11.1\fileHashes)"        [_thread_blocked, id=83900, stack(0x0000000485700000,0x0000000485800000) (1024K)]
  0x000001c6db8bdc60 JavaThread "Cache worker for Build Output Cleanup Cache (C:\Users\Dawit.DAWITA\Documents\AfroLife_Agency_improved\afrolife\android\.gradle\buildOutputCleanup)"        [_thread_blocked, id=40852, stack(0x0000000485800000,0x0000000485900000) (1024K)]
  0x000001c6db8bc8b0 JavaThread "File watcher server"        daemon [_thread_in_native, id=87588, stack(0x0000000485900000,0x0000000485a00000) (1024K)]
  0x000001c6db8be980 JavaThread "File watcher consumer"      daemon [_thread_blocked, id=87524, stack(0x0000000485a00000,0x0000000485b00000) (1024K)]
  0x000001c6db8bf6a0 JavaThread "Cache worker for checksums cache (C:\Users\Dawit.DAWITA\Documents\AfroLife_Agency_improved\afrolife\android\.gradle\8.11.1\checksums)"        [_thread_blocked, id=37840, stack(0x0000000485b00000,0x0000000485c00000) (1024K)]
  0x000001c6db8bfd30 JavaThread "Cache worker for cache directory md-rule (C:\Users\Dawit.DAWITA\.gradle\caches\8.11.1\md-rule)"        [_thread_blocked, id=85168, stack(0x0000000485c00000,0x0000000485d00000) (1024K)]
  0x000001c6db8c03c0 JavaThread "Cache worker for cache directory md-supplier (C:\Users\Dawit.DAWITA\.gradle\caches\8.11.1\md-supplier)"        [_thread_blocked, id=87672, stack(0x0000000485d00000,0x0000000485e00000) (1024K)]
  0x000001c6db8be2f0 JavaThread "jar transforms"                    [_thread_blocked, id=27268, stack(0x0000000482d00000,0x0000000482e00000) (1024K)]
Total: 33

Other Threads:
  0x000001c69444e5a0 VMThread "VM Thread"                           [id=69484, stack(0x0000000483500000,0x0000000483600000) (1024K)]
  0x000001c69452ca00 WatcherThread "VM Periodic Task Thread"        [id=79868, stack(0x0000000483400000,0x0000000483500000) (1024K)]
  0x000001c6fd6c7c30 WorkerThread "GC Thread#0"                     [id=23420, stack(0x0000000482f00000,0x0000000483000000) (1024K)]
  0x000001c6da32e840 WorkerThread "GC Thread#1"                     [id=87780, stack(0x0000000484000000,0x0000000484100000) (1024K)]
  0x000001c6da5ec040 WorkerThread "GC Thread#2"                     [id=87400, stack(0x0000000484100000,0x0000000484200000) (1024K)]
  0x000001c6da5ec3f0 WorkerThread "GC Thread#3"                     [id=86552, stack(0x0000000484200000,0x0000000484300000) (1024K)]
  0x000001c6da5ec7a0 WorkerThread "GC Thread#4"                     [id=85368, stack(0x0000000484300000,0x0000000484400000) (1024K)]
  0x000001c6da02bd40 WorkerThread "GC Thread#5"                     [id=85440, stack(0x0000000484400000,0x0000000484500000) (1024K)]
  0x000001c6da02c0f0 WorkerThread "GC Thread#6"                     [id=86784, stack(0x0000000484500000,0x0000000484600000) (1024K)]
  0x000001c6da02c4a0 WorkerThread "GC Thread#7"                     [id=83628, stack(0x0000000484600000,0x0000000484700000) (1024K)]
  0x000001c6fd6d4b30 ConcurrentGCThread "G1 Main Marker"            [id=79256, stack(0x0000000483000000,0x0000000483100000) (1024K)]
  0x000001c6fd6d5550 WorkerThread "G1 Conc#0"                       [id=45172, stack(0x0000000483100000,0x0000000483200000) (1024K)]
  0x000001c6dba8b4a0 WorkerThread "G1 Conc#1"                       [id=86640, stack(0x0000000485600000,0x0000000485700000) (1024K)]
  0x000001c6fd73e9c0 ConcurrentGCThread "G1 Refine#0"               [id=85420, stack(0x0000000483200000,0x0000000483300000) (1024K)]
  0x000001c6943f05b0 ConcurrentGCThread "G1 Service"                [id=49820, stack(0x0000000483300000,0x0000000483400000) (1024K)]
Total: 15

Threads with active compile tasks:
C2 CompilerThread0  13477401 5498       4       java.lang.ThreadLocal$ThreadLocalMap::set (133 bytes)
Total: 1

VM state: not at safepoint (normal execution)

VM Mutex/Monitor currently owned by a thread: None

Heap address: 0x00000000a0000000, size: 1536 MB, Compressed Oops mode: 32-bit

CDS archive(s) mapped at: [0x000001c695000000-0x000001c695ba0000-0x000001c695ba0000), size 12189696, SharedBaseAddress: 0x000001c695000000, ArchiveRelocationMode: 1.
Compressed class space mapped at: 0x000001c696000000-0x000001c6d6000000, reserved size: 1073741824
Narrow klass base: 0x000001c695000000, Narrow klass shift: 0, Narrow klass range: 0x100000000

GC Precious Log:
 CardTable entry size: 512
 Card Set container configuration: InlinePtr #cards 5 size 8 Array Of Cards #cards 12 size 40 Howl #buckets 4 coarsen threshold 1843 Howl Bitmap #cards 512 size 80 coarsen threshold 460 Card regions per heap region 1 cards per card region 2048
 CPUs: 8 total, 8 available
 Memory: 32615M
 Large Page Support: Disabled
 NUMA Support: Disabled
 Compressed Oops: Enabled (32-bit)
 Heap Region Size: 1M
 Heap Min Capacity: 8M
 Heap Initial Capacity: 510M
 Heap Max Capacity: 1536M
 Pre-touch: Disabled
 Parallel Workers: 8
 Concurrent Workers: 2
 Concurrent Refinement Workers: 8
 Periodic GC: Disabled

Heap:
 garbage-first heap   total 97280K, used 67478K [0x00000000a0000000, 0x0000000100000000)
  region size 1024K, 38 young (38912K), 3 survivors (3072K)
 Metaspace       used 37207K, committed 38592K, reserved 1114112K
  class space    used 5388K, committed 6080K, reserved 1048576K

Heap Regions: E=young(eden), S=young(survivor), O=old, HS=humongous(starts), HC=humongous(continues), CS=collection set, F=free, TAMS=top-at-mark-start, PB=parsable bottom
|   0|0x00000000a0000000, 0x00000000a0100000, 0x00000000a0100000|100%|HS|  |TAMS 0x00000000a0000000| PB 0x00000000a0000000| Complete 
|   1|0x00000000a0100000, 0x00000000a0200000, 0x00000000a0200000|100%|HC|  |TAMS 0x00000000a0100000| PB 0x00000000a0100000| Complete 
|   2|0x00000000a0200000, 0x00000000a0300000, 0x00000000a0300000|100%|HC|  |TAMS 0x00000000a0200000| PB 0x00000000a0200000| Complete 
|   3|0x00000000a0300000, 0x00000000a0400000, 0x00000000a0400000|100%| O|  |TAMS 0x00000000a0300000| PB 0x00000000a0300000| Untracked 
|   4|0x00000000a0400000, 0x00000000a0400000, 0x00000000a0500000|  0%| F|  |TAMS 0x00000000a0400000| PB 0x00000000a0400000| Untracked 
|   5|0x00000000a0500000, 0x00000000a0600000, 0x00000000a0600000|100%| O|  |TAMS 0x00000000a0500000| PB 0x00000000a0500000| Untracked 
|   6|0x00000000a0600000, 0x00000000a0700000, 0x00000000a0700000|100%| O|  |TAMS 0x00000000a0600000| PB 0x00000000a0600000| Untracked 
|   7|0x00000000a0700000, 0x00000000a0800000, 0x00000000a0800000|100%|HS|  |TAMS 0x00000000a0700000| PB 0x00000000a0700000| Complete 
|   8|0x00000000a0800000, 0x00000000a0900000, 0x00000000a0900000|100%| O|  |TAMS 0x00000000a0800000| PB 0x00000000a0800000| Untracked 
|   9|0x00000000a0900000, 0x00000000a0a00000, 0x00000000a0a00000|100%| O|  |TAMS 0x00000000a0900000| PB 0x00000000a0900000| Untracked 
|  10|0x00000000a0a00000, 0x00000000a0b00000, 0x00000000a0b00000|100%| O|  |TAMS 0x00000000a0a00000| PB 0x00000000a0a00000| Untracked 
|  11|0x00000000a0b00000, 0x00000000a0c00000, 0x00000000a0c00000|100%| O|  |TAMS 0x00000000a0b00000| PB 0x00000000a0b00000| Untracked 
|  12|0x00000000a0c00000, 0x00000000a0d00000, 0x00000000a0d00000|100%| O|  |TAMS 0x00000000a0c00000| PB 0x00000000a0c00000| Untracked 
|  13|0x00000000a0d00000, 0x00000000a0e00000, 0x00000000a0e00000|100%| O|  |TAMS 0x00000000a0d00000| PB 0x00000000a0d00000| Untracked 
|  14|0x00000000a0e00000, 0x00000000a0f00000, 0x00000000a0f00000|100%| O|  |TAMS 0x00000000a0e00000| PB 0x00000000a0e00000| Untracked 
|  15|0x00000000a0f00000, 0x00000000a1000000, 0x00000000a1000000|100%| O|  |TAMS 0x00000000a0f00000| PB 0x00000000a0f00000| Untracked 
|  16|0x00000000a1000000, 0x00000000a1100000, 0x00000000a1100000|100%| O|  |TAMS 0x00000000a1000000| PB 0x00000000a1000000| Untracked 
|  17|0x00000000a1100000, 0x00000000a1200000, 0x00000000a1200000|100%| O|  |TAMS 0x00000000a1100000| PB 0x00000000a1100000| Untracked 
|  18|0x00000000a1200000, 0x00000000a1300000, 0x00000000a1300000|100%| O|  |TAMS 0x00000000a1200000| PB 0x00000000a1200000| Untracked 
|  19|0x00000000a1300000, 0x00000000a1400000, 0x00000000a1400000|100%| O|  |TAMS 0x00000000a1300000| PB 0x00000000a1300000| Untracked 
|  20|0x00000000a1400000, 0x00000000a1500000, 0x00000000a1500000|100%| O|  |TAMS 0x00000000a1400000| PB 0x00000000a1400000| Untracked 
|  21|0x00000000a1500000, 0x00000000a1600000, 0x00000000a1600000|100%| O|  |TAMS 0x00000000a1500000| PB 0x00000000a1500000| Untracked 
|  22|0x00000000a1600000, 0x00000000a1700000, 0x00000000a1700000|100%| O|  |TAMS 0x00000000a1600000| PB 0x00000000a1600000| Untracked 
|  23|0x00000000a1700000, 0x00000000a1800000, 0x00000000a1800000|100%| O|  |TAMS 0x00000000a1700000| PB 0x00000000a1700000| Untracked 
|  24|0x00000000a1800000, 0x00000000a1900000, 0x00000000a1900000|100%| O|  |TAMS 0x00000000a1800000| PB 0x00000000a1800000| Untracked 
|  25|0x00000000a1900000, 0x00000000a1a00000, 0x00000000a1a00000|100%| O|  |TAMS 0x00000000a1900000| PB 0x00000000a1900000| Untracked 
|  26|0x00000000a1a00000, 0x00000000a1b00000, 0x00000000a1b00000|100%| O|  |TAMS 0x00000000a1a00000| PB 0x00000000a1a00000| Untracked 
|  27|0x00000000a1b00000, 0x00000000a1c00000, 0x00000000a1c00000|100%| O|  |TAMS 0x00000000a1b00000| PB 0x00000000a1b00000| Untracked 
|  28|0x00000000a1c00000, 0x00000000a1d00000, 0x00000000a1d00000|100%| O|  |TAMS 0x00000000a1c00000| PB 0x00000000a1c00000| Untracked 
|  29|0x00000000a1d00000, 0x00000000a1e00000, 0x00000000a1e00000|100%| O|  |TAMS 0x00000000a1d00000| PB 0x00000000a1d00000| Untracked 
|  30|0x00000000a1e00000, 0x00000000a1eabfb8, 0x00000000a1f00000| 67%| O|  |TAMS 0x00000000a1e00000| PB 0x00000000a1e00000| Untracked 
|  31|0x00000000a1f00000, 0x00000000a1f00000, 0x00000000a2000000|  0%| F|  |TAMS 0x00000000a1f00000| PB 0x00000000a1f00000| Untracked 
|  32|0x00000000a2000000, 0x00000000a2000000, 0x00000000a2100000|  0%| F|  |TAMS 0x00000000a2000000| PB 0x00000000a2000000| Untracked 
|  33|0x00000000a2100000, 0x00000000a2100000, 0x00000000a2200000|  0%| F|  |TAMS 0x00000000a2100000| PB 0x00000000a2100000| Untracked 
|  34|0x00000000a2200000, 0x00000000a2200000, 0x00000000a2300000|  0%| F|  |TAMS 0x00000000a2200000| PB 0x00000000a2200000| Untracked 
|  35|0x00000000a2300000, 0x00000000a23398a0, 0x00000000a2400000| 22%| S|CS|TAMS 0x00000000a2300000| PB 0x00000000a2300000| Complete 
|  36|0x00000000a2400000, 0x00000000a2500000, 0x00000000a2500000|100%| S|CS|TAMS 0x00000000a2400000| PB 0x00000000a2400000| Complete 
|  37|0x00000000a2500000, 0x00000000a2600000, 0x00000000a2600000|100%| S|CS|TAMS 0x00000000a2500000| PB 0x00000000a2500000| Complete 
|  38|0x00000000a2600000, 0x00000000a2600000, 0x00000000a2700000|  0%| F|  |TAMS 0x00000000a2600000| PB 0x00000000a2600000| Untracked 
|  39|0x00000000a2700000, 0x00000000a2700000, 0x00000000a2800000|  0%| F|  |TAMS 0x00000000a2700000| PB 0x00000000a2700000| Untracked 
|  40|0x00000000a2800000, 0x00000000a2800000, 0x00000000a2900000|  0%| F|  |TAMS 0x00000000a2800000| PB 0x00000000a2800000| Untracked 
|  41|0x00000000a2900000, 0x00000000a2900000, 0x00000000a2a00000|  0%| F|  |TAMS 0x00000000a2900000| PB 0x00000000a2900000| Untracked 
|  42|0x00000000a2a00000, 0x00000000a2a00000, 0x00000000a2b00000|  0%| F|  |TAMS 0x00000000a2a00000| PB 0x00000000a2a00000| Untracked 
|  43|0x00000000a2b00000, 0x00000000a2b00000, 0x00000000a2c00000|  0%| F|  |TAMS 0x00000000a2b00000| PB 0x00000000a2b00000| Untracked 
|  44|0x00000000a2c00000, 0x00000000a2c00000, 0x00000000a2d00000|  0%| F|  |TAMS 0x00000000a2c00000| PB 0x00000000a2c00000| Untracked 
|  45|0x00000000a2d00000, 0x00000000a2d00000, 0x00000000a2e00000|  0%| F|  |TAMS 0x00000000a2d00000| PB 0x00000000a2d00000| Untracked 
|  46|0x00000000a2e00000, 0x00000000a2e00000, 0x00000000a2f00000|  0%| F|  |TAMS 0x00000000a2e00000| PB 0x00000000a2e00000| Untracked 
|  47|0x00000000a2f00000, 0x00000000a2f00000, 0x00000000a3000000|  0%| F|  |TAMS 0x00000000a2f00000| PB 0x00000000a2f00000| Untracked 
|  48|0x00000000a3000000, 0x00000000a3000000, 0x00000000a3100000|  0%| F|  |TAMS 0x00000000a3000000| PB 0x00000000a3000000| Untracked 
|  49|0x00000000a3100000, 0x00000000a3100000, 0x00000000a3200000|  0%| F|  |TAMS 0x00000000a3100000| PB 0x00000000a3100000| Untracked 
|  50|0x00000000a3200000, 0x00000000a3200000, 0x00000000a3300000|  0%| F|  |TAMS 0x00000000a3200000| PB 0x00000000a3200000| Untracked 
|  51|0x00000000a3300000, 0x00000000a3300000, 0x00000000a3400000|  0%| F|  |TAMS 0x00000000a3300000| PB 0x00000000a3300000| Untracked 
|  52|0x00000000a3400000, 0x00000000a3400000, 0x00000000a3500000|  0%| F|  |TAMS 0x00000000a3400000| PB 0x00000000a3400000| Untracked 
|  53|0x00000000a3500000, 0x00000000a3500000, 0x00000000a3600000|  0%| F|  |TAMS 0x00000000a3500000| PB 0x00000000a3500000| Untracked 
|  54|0x00000000a3600000, 0x00000000a3600000, 0x00000000a3700000|  0%| F|  |TAMS 0x00000000a3600000| PB 0x00000000a3600000| Untracked 
|  55|0x00000000a3700000, 0x00000000a3700000, 0x00000000a3800000|  0%| F|  |TAMS 0x00000000a3700000| PB 0x00000000a3700000| Untracked 
|  56|0x00000000a3800000, 0x00000000a3800000, 0x00000000a3900000|  0%| F|  |TAMS 0x00000000a3800000| PB 0x00000000a3800000| Untracked 
|  57|0x00000000a3900000, 0x00000000a3900000, 0x00000000a3a00000|  0%| F|  |TAMS 0x00000000a3900000| PB 0x00000000a3900000| Untracked 
|  58|0x00000000a3a00000, 0x00000000a3a00000, 0x00000000a3b00000|  0%| F|  |TAMS 0x00000000a3a00000| PB 0x00000000a3a00000| Untracked 
|  59|0x00000000a3b00000, 0x00000000a3b00000, 0x00000000a3c00000|  0%| F|  |TAMS 0x00000000a3b00000| PB 0x00000000a3b00000| Untracked 
|  60|0x00000000a3c00000, 0x00000000a3cbffd8, 0x00000000a3d00000| 74%| E|  |TAMS 0x00000000a3c00000| PB 0x00000000a3c00000| Complete 
|  61|0x00000000a3d00000, 0x00000000a3e00000, 0x00000000a3e00000|100%| E|CS|TAMS 0x00000000a3d00000| PB 0x00000000a3d00000| Complete 
|  62|0x00000000a3e00000, 0x00000000a3f00000, 0x00000000a3f00000|100%| E|CS|TAMS 0x00000000a3e00000| PB 0x00000000a3e00000| Complete 
|  63|0x00000000a3f00000, 0x00000000a4000000, 0x00000000a4000000|100%| E|CS|TAMS 0x00000000a3f00000| PB 0x00000000a3f00000| Complete 
|  64|0x00000000a4000000, 0x00000000a4100000, 0x00000000a4100000|100%| E|CS|TAMS 0x00000000a4000000| PB 0x00000000a4000000| Complete 
|  65|0x00000000a4100000, 0x00000000a4200000, 0x00000000a4200000|100%| E|CS|TAMS 0x00000000a4100000| PB 0x00000000a4100000| Complete 
|  66|0x00000000a4200000, 0x00000000a4300000, 0x00000000a4300000|100%| E|CS|TAMS 0x00000000a4200000| PB 0x00000000a4200000| Complete 
|  67|0x00000000a4300000, 0x00000000a4400000, 0x00000000a4400000|100%| E|CS|TAMS 0x00000000a4300000| PB 0x00000000a4300000| Complete 
|  68|0x00000000a4400000, 0x00000000a4500000, 0x00000000a4500000|100%| E|CS|TAMS 0x00000000a4400000| PB 0x00000000a4400000| Complete 
|  69|0x00000000a4500000, 0x00000000a4600000, 0x00000000a4600000|100%| E|CS|TAMS 0x00000000a4500000| PB 0x00000000a4500000| Complete 
|  70|0x00000000a4600000, 0x00000000a4700000, 0x00000000a4700000|100%| E|CS|TAMS 0x00000000a4600000| PB 0x00000000a4600000| Complete 
|  71|0x00000000a4700000, 0x00000000a4800000, 0x00000000a4800000|100%| E|CS|TAMS 0x00000000a4700000| PB 0x00000000a4700000| Complete 
|  72|0x00000000a4800000, 0x00000000a4900000, 0x00000000a4900000|100%| E|CS|TAMS 0x00000000a4800000| PB 0x00000000a4800000| Complete 
|  73|0x00000000a4900000, 0x00000000a4a00000, 0x00000000a4a00000|100%| E|CS|TAMS 0x00000000a4900000| PB 0x00000000a4900000| Complete 
|  74|0x00000000a4a00000, 0x00000000a4b00000, 0x00000000a4b00000|100%| E|CS|TAMS 0x00000000a4a00000| PB 0x00000000a4a00000| Complete 
|  75|0x00000000a4b00000, 0x00000000a4c00000, 0x00000000a4c00000|100%| E|CS|TAMS 0x00000000a4b00000| PB 0x00000000a4b00000| Complete 
|  76|0x00000000a4c00000, 0x00000000a4d00000, 0x00000000a4d00000|100%| E|CS|TAMS 0x00000000a4c00000| PB 0x00000000a4c00000| Complete 
| 399|0x00000000b8f00000, 0x00000000b9000000, 0x00000000b9000000|100%| E|CS|TAMS 0x00000000b8f00000| PB 0x00000000b8f00000| Complete 
| 400|0x00000000b9000000, 0x00000000b9100000, 0x00000000b9100000|100%| E|CS|TAMS 0x00000000b9000000| PB 0x00000000b9000000| Complete 
| 401|0x00000000b9100000, 0x00000000b9200000, 0x00000000b9200000|100%| E|CS|TAMS 0x00000000b9100000| PB 0x00000000b9100000| Complete 
| 402|0x00000000b9200000, 0x00000000b9300000, 0x00000000b9300000|100%| E|CS|TAMS 0x00000000b9200000| PB 0x00000000b9200000| Complete 
| 403|0x00000000b9300000, 0x00000000b9400000, 0x00000000b9400000|100%| E|CS|TAMS 0x00000000b9300000| PB 0x00000000b9300000| Complete 
| 404|0x00000000b9400000, 0x00000000b9500000, 0x00000000b9500000|100%| E|CS|TAMS 0x00000000b9400000| PB 0x00000000b9400000| Complete 
| 405|0x00000000b9500000, 0x00000000b9600000, 0x00000000b9600000|100%| E|CS|TAMS 0x00000000b9500000| PB 0x00000000b9500000| Complete 
| 406|0x00000000b9600000, 0x00000000b9700000, 0x00000000b9700000|100%| E|CS|TAMS 0x00000000b9600000| PB 0x00000000b9600000| Complete 
| 407|0x00000000b9700000, 0x00000000b9800000, 0x00000000b9800000|100%| E|CS|TAMS 0x00000000b9700000| PB 0x00000000b9700000| Complete 
| 408|0x00000000b9800000, 0x00000000b9900000, 0x00000000b9900000|100%| E|CS|TAMS 0x00000000b9800000| PB 0x00000000b9800000| Complete 
| 409|0x00000000b9900000, 0x00000000b9a00000, 0x00000000b9a00000|100%| E|CS|TAMS 0x00000000b9900000| PB 0x00000000b9900000| Complete 
| 410|0x00000000b9a00000, 0x00000000b9b00000, 0x00000000b9b00000|100%| E|CS|TAMS 0x00000000b9a00000| PB 0x00000000b9a00000| Complete 
| 504|0x00000000bf800000, 0x00000000bf900000, 0x00000000bf900000|100%| E|CS|TAMS 0x00000000bf800000| PB 0x00000000bf800000| Complete 
| 505|0x00000000bf900000, 0x00000000bfa00000, 0x00000000bfa00000|100%| E|CS|TAMS 0x00000000bf900000| PB 0x00000000bf900000| Complete 
| 506|0x00000000bfa00000, 0x00000000bfb00000, 0x00000000bfb00000|100%| E|CS|TAMS 0x00000000bfa00000| PB 0x00000000bfa00000| Complete 
| 507|0x00000000bfb00000, 0x00000000bfc00000, 0x00000000bfc00000|100%| E|CS|TAMS 0x00000000bfb00000| PB 0x00000000bfb00000| Complete 
| 508|0x00000000bfc00000, 0x00000000bfd00000, 0x00000000bfd00000|100%| E|CS|TAMS 0x00000000bfc00000| PB 0x00000000bfc00000| Complete 
| 509|0x00000000bfd00000, 0x00000000bfe00000, 0x00000000bfe00000|100%| E|CS|TAMS 0x00000000bfd00000| PB 0x00000000bfd00000| Complete 

Card table byte_map: [0x000001c6fdd70000,0x000001c6fe070000] _byte_map_base: 0x000001c6fd870000

Marking Bits: (CMBitMap*) 0x000001c6fd6c8250
 Bits: [0x000001c6fe070000, 0x000001c6ff870000)

Polling page: 0x000001c6fb4a0000

Metaspace:

Usage:
  Non-class:     31.07 MB used.
      Class:      5.26 MB used.
       Both:     36.34 MB used.

Virtual space:
  Non-class space:       64.00 MB reserved,      31.75 MB ( 50%) committed,  1 nodes.
      Class space:        1.00 GB reserved,       5.94 MB ( <1%) committed,  1 nodes.
             Both:        1.06 GB reserved,      37.69 MB (  3%) committed. 

Chunk freelists:
   Non-Class:  16.00 KB
       Class:  9.92 MB
        Both:  9.93 MB

MaxMetaspaceSize: unlimited
CompressedClassSpaceSize: 1.00 GB
Initial GC threshold: 21.00 MB
Current GC threshold: 60.56 MB
CDS: on
 - commit_granule_bytes: 65536.
 - commit_granule_words: 8192.
 - virtual_space_node_default_size: 8388608.
 - enlarge_chunks_in_place: 1.
 - use_allocation_guard: 0.


Internal statistics:

num_allocs_failed_limit: 12.
num_arena_births: 2268.
num_arena_deaths: 0.
num_vsnodes_births: 2.
num_vsnodes_deaths: 0.
num_space_committed: 603.
num_space_uncommitted: 0.
num_chunks_returned_to_freelist: 12.
num_chunks_taken_from_freelist: 3936.
num_chunk_merges: 12.
num_chunk_splits: 2550.
num_chunks_enlarged: 1582.
num_inconsistent_stats: 0.

CodeHeap 'non-profiled nmethods': size=120000Kb used=3143Kb max_used=3143Kb free=116856Kb
 bounds [0x000001c68ac10000, 0x000001c68af30000, 0x000001c692140000]
CodeHeap 'profiled nmethods': size=120000Kb used=9233Kb max_used=9241Kb free=110766Kb
 bounds [0x000001c683140000, 0x000001c683a50000, 0x000001c68a670000]
CodeHeap 'non-nmethods': size=5760Kb used=1816Kb max_used=1890Kb free=3944Kb
 bounds [0x000001c68a670000, 0x000001c68a8e0000, 0x000001c68ac10000]
CodeCache: size=245760Kb, used=14192Kb, max_used=14274Kb, free=231566Kb
 total_blobs=5594, nmethods=4903, adapters=595, full_count=0
Compilation: enabled, stopped_count=0, restarted_count=0

Compilation events (20 events):
Event: 3865.673 Thread 0x000001c694563020 nmethod 5488 0x000001c6835baf90 code [0x000001c6835bb1c0, 0x000001c6835bb920]
Event: 3865.674 Thread 0x000001c694563020 5489       3       org.gradle.util.internal.CollectionUtils::filter (49 bytes)
Event: 3865.677 Thread 0x000001c694563020 nmethod 5489 0x000001c6835ba590 code [0x000001c6835ba7a0, 0x000001c6835bad68]
Event: 3865.677 Thread 0x000001c694563020 5490       3       org.gradle.util.internal.GFileUtils::mkdirs (253 bytes)
Event: 3865.708 Thread 0x000001c694563020 nmethod 5490 0x000001c68329bc10 code [0x000001c68329c580, 0x000001c6832a2000]
Event: 3876.120 Thread 0x000001c694563020 5491       3       org.gradle.launcher.daemon.registry.DaemonDir::<init> (52 bytes)
Event: 3876.126 Thread 0x000001c694563020 nmethod 5491 0x000001c68329b390 code [0x000001c68329b580, 0x000001c68329ba58]
Event: 3917.884 Thread 0x000001c69455b2e0 5492       4       java.util.stream.ReferencePipeline$3::opWrapSink (10 bytes)
Event: 3917.890 Thread 0x000001c69455b2e0 nmethod 5492 0x000001c68af1ea10 code [0x000001c68af1eba0, 0x000001c68af1edd0]
Event: 3917.890 Thread 0x000001c69455b2e0 5493       4       java.util.stream.Sink$ChainedReference::begin (11 bytes)
Event: 3917.896 Thread 0x000001c69455b2e0 nmethod 5493 0x000001c68af1ef10 code [0x000001c68af1f0a0, 0x000001c68af1f2a0]
Event: 3935.682 Thread 0x000001c69455b2e0 5494       4       org.gradle.launcher.daemon.registry.DaemonRegistryContent$Serializer::readStopEvents (52 bytes)
Event: 3935.794 Thread 0x000001c69455b2e0 nmethod 5494 0x000001c68af1f390 code [0x000001c68af1f640, 0x000001c68af20d28]
Event: 4056.008 Thread 0x000001c694563020 5495 % !   3       org.gradle.launcher.daemon.server.exec.LogToClient$AsynchronousLogDispatcher::run @ 0 (62 bytes)
Event: 4056.026 Thread 0x000001c694563020 nmethod 5495% 0x000001c6835b8f90 code [0x000001c6835b9240, 0x000001c6835b9ff8]
Event: 4084.287 Thread 0x000001c694563020 5496   !   3       org.gradle.launcher.daemon.server.exec.LogToClient$AsynchronousLogDispatcher::run (62 bytes)
Event: 4084.289 Thread 0x000001c694563020 nmethod 5496 0x000001c683a46410 code [0x000001c683a466c0, 0x000001c683a473a0]
Event: 13450.707 Thread 0x000001c694563020 5497       1       java.util.Formatter$FixedString::index (3 bytes)
Event: 13450.707 Thread 0x000001c694563020 nmethod 5497 0x000001c68af21990 code [0x000001c68af21b20, 0x000001c68af21be8]
Event: 13470.511 Thread 0x000001c69455b2e0 5498       4       java.lang.ThreadLocal$ThreadLocalMap::set (133 bytes)

GC Heap History (20 events):
Event: 86.332 GC heap before
{Heap before GC invocations=6 (full 0):
 garbage-first heap   total 97280K, used 69144K [0x00000000a0000000, 0x0000000100000000)
  region size 1024K, 57 young (58368K), 15 survivors (15360K)
 Metaspace       used 35222K, committed 36416K, reserved 1114112K
  class space    used 5108K, committed 5696K, reserved 1048576K
}
Event: 86.350 GC heap after
{Heap after GC invocations=7 (full 0):
 garbage-first heap   total 97280K, used 31678K [0x00000000a0000000, 0x0000000100000000)
  region size 1024K, 8 young (8192K), 8 survivors (8192K)
 Metaspace       used 35222K, committed 36416K, reserved 1114112K
  class space    used 5108K, committed 5696K, reserved 1048576K
}
Event: 86.831 GC heap before
{Heap before GC invocations=7 (full 0):
 garbage-first heap   total 97280K, used 52158K [0x00000000a0000000, 0x0000000100000000)
  region size 1024K, 29 young (29696K), 8 survivors (8192K)
 Metaspace       used 35846K, committed 37056K, reserved 1114112K
  class space    used 5184K, committed 5760K, reserved 1048576K
}
Event: 86.843 GC heap after
{Heap after GC invocations=8 (full 0):
 garbage-first heap   total 97280K, used 32575K [0x00000000a0000000, 0x0000000100000000)
  region size 1024K, 6 young (6144K), 6 survivors (6144K)
 Metaspace       used 35846K, committed 37056K, reserved 1114112K
  class space    used 5184K, committed 5760K, reserved 1048576K
}
Event: 497.424 GC heap before
{Heap before GC invocations=9 (full 0):
 garbage-first heap   total 97280K, used 81727K [0x00000000a0000000, 0x0000000100000000)
  region size 1024K, 55 young (56320K), 6 survivors (6144K)
 Metaspace       used 36734K, committed 38080K, reserved 1114112K
  class space    used 5335K, committed 6016K, reserved 1048576K
}
Event: 497.567 GC heap after
{Heap after GC invocations=10 (full 0):
 garbage-first heap   total 97280K, used 32682K [0x00000000a0000000, 0x0000000100000000)
  region size 1024K, 3 young (3072K), 3 survivors (3072K)
 Metaspace       used 36734K, committed 38080K, reserved 1114112K
  class space    used 5335K, committed 6016K, reserved 1048576K
}
Event: 955.721 GC heap before
{Heap before GC invocations=10 (full 0):
 garbage-first heap   total 97280K, used 83882K [0x00000000a0000000, 0x0000000100000000)
  region size 1024K, 54 young (55296K), 3 survivors (3072K)
 Metaspace       used 36774K, committed 38144K, reserved 1114112K
  class space    used 5335K, committed 6016K, reserved 1048576K
}
Event: 955.817 GC heap after
{Heap after GC invocations=11 (full 0):
 garbage-first heap   total 97280K, used 32632K [0x00000000a0000000, 0x0000000100000000)
  region size 1024K, 3 young (3072K), 3 survivors (3072K)
 Metaspace       used 36774K, committed 38144K, reserved 1114112K
  class space    used 5335K, committed 6016K, reserved 1048576K
}
Event: 1437.296 GC heap before
{Heap before GC invocations=11 (full 0):
 garbage-first heap   total 97280K, used 85880K [0x00000000a0000000, 0x0000000100000000)
  region size 1024K, 55 young (56320K), 3 survivors (3072K)
 Metaspace       used 36851K, committed 38208K, reserved 1114112K
  class space    used 5335K, committed 6016K, reserved 1048576K
}
Event: 1437.324 GC heap after
{Heap after GC invocations=12 (full 0):
 garbage-first heap   total 97280K, used 32486K [0x00000000a0000000, 0x0000000100000000)
  region size 1024K, 3 young (3072K), 3 survivors (3072K)
 Metaspace       used 36851K, committed 38208K, reserved 1114112K
  class space    used 5335K, committed 6016K, reserved 1048576K
}
Event: 1947.068 GC heap before
{Heap before GC invocations=12 (full 0):
 garbage-first heap   total 97280K, used 87782K [0x00000000a0000000, 0x0000000100000000)
  region size 1024K, 57 young (58368K), 3 survivors (3072K)
 Metaspace       used 36881K, committed 38208K, reserved 1114112K
  class space    used 5335K, committed 6016K, reserved 1048576K
}
Event: 1947.100 GC heap after
{Heap after GC invocations=13 (full 0):
 garbage-first heap   total 97280K, used 32431K [0x00000000a0000000, 0x0000000100000000)
  region size 1024K, 2 young (2048K), 2 survivors (2048K)
 Metaspace       used 36881K, committed 38208K, reserved 1114112K
  class space    used 5335K, committed 6016K, reserved 1048576K
}
Event: 2409.033 GC heap before
{Heap before GC invocations=13 (full 0):
 garbage-first heap   total 97280K, used 88751K [0x00000000a0000000, 0x0000000100000000)
  region size 1024K, 57 young (58368K), 2 survivors (2048K)
 Metaspace       used 36892K, committed 38208K, reserved 1114112K
  class space    used 5335K, committed 6016K, reserved 1048576K
}
Event: 2409.079 GC heap after
{Heap after GC invocations=14 (full 0):
 garbage-first heap   total 97280K, used 32348K [0x00000000a0000000, 0x0000000100000000)
  region size 1024K, 2 young (2048K), 2 survivors (2048K)
 Metaspace       used 36892K, committed 38208K, reserved 1114112K
  class space    used 5335K, committed 6016K, reserved 1048576K
}
Event: 2927.548 GC heap before
{Heap before GC invocations=14 (full 0):
 garbage-first heap   total 97280K, used 88668K [0x00000000a0000000, 0x0000000100000000)
  region size 1024K, 57 young (58368K), 2 survivors (2048K)
 Metaspace       used 36929K, committed 38272K, reserved 1114112K
  class space    used 5335K, committed 6016K, reserved 1048576K
}
Event: 2927.620 GC heap after
{Heap after GC invocations=15 (full 0):
 garbage-first heap   total 97280K, used 32827K [0x00000000a0000000, 0x0000000100000000)
  region size 1024K, 3 young (3072K), 3 survivors (3072K)
 Metaspace       used 36929K, committed 38272K, reserved 1114112K
  class space    used 5335K, committed 6016K, reserved 1048576K
}
Event: 3436.045 GC heap before
{Heap before GC invocations=15 (full 0):
 garbage-first heap   total 97280K, used 87099K [0x00000000a0000000, 0x0000000100000000)
  region size 1024K, 57 young (58368K), 3 survivors (3072K)
 Metaspace       used 36933K, committed 38272K, reserved 1114112K
  class space    used 5335K, committed 6016K, reserved 1048576K
}
Event: 3436.078 GC heap after
{Heap after GC invocations=16 (full 0):
 garbage-first heap   total 97280K, used 32431K [0x00000000a0000000, 0x0000000100000000)
  region size 1024K, 2 young (2048K), 2 survivors (2048K)
 Metaspace       used 36933K, committed 38272K, reserved 1114112K
  class space    used 5335K, committed 6016K, reserved 1048576K
}
Event: 3905.670 GC heap before
{Heap before GC invocations=16 (full 0):
 garbage-first heap   total 97280K, used 87727K [0x00000000a0000000, 0x0000000100000000)
  region size 1024K, 57 young (58368K), 2 survivors (2048K)
 Metaspace       used 37200K, committed 38592K, reserved 1114112K
  class space    used 5387K, committed 6080K, reserved 1048576K
}
Event: 3905.705 GC heap after
{Heap after GC invocations=17 (full 0):
 garbage-first heap   total 97280K, used 32662K [0x00000000a0000000, 0x0000000100000000)
  region size 1024K, 3 young (3072K), 3 survivors (3072K)
 Metaspace       used 37200K, committed 38592K, reserved 1114112K
  class space    used 5387K, committed 6080K, reserved 1048576K
}

Dll operation events (20 events):
Event: 2.768 Attempting to load shared library C:\Users\Dawit.DAWITA\.vscode\extensions\redhat.java-1.56.0-win32-x64\jre\21.0.12.1-win32-x86_64\bin\nio.dll
Event: 2.779 Loaded shared library C:\Users\Dawit.DAWITA\.vscode\extensions\redhat.java-1.56.0-win32-x64\jre\21.0.12.1-win32-x86_64\bin\nio.dll
Event: 2.789 Attempting to load shared library C:\Users\Dawit.DAWITA\.vscode\extensions\redhat.java-1.56.0-win32-x64\jre\21.0.12.1-win32-x86_64\bin\zip.dll
Event: 2.789 Loaded shared library C:\Users\Dawit.DAWITA\.vscode\extensions\redhat.java-1.56.0-win32-x64\jre\21.0.12.1-win32-x86_64\bin\zip.dll
Event: 5.789 Attempting to load shared library C:\Users\Dawit.DAWITA\.vscode\extensions\redhat.java-1.56.0-win32-x64\jre\21.0.12.1-win32-x86_64\bin\jimage.dll
Event: 5.789 Loaded shared library C:\Users\Dawit.DAWITA\.vscode\extensions\redhat.java-1.56.0-win32-x64\jre\21.0.12.1-win32-x86_64\bin\jimage.dll
Event: 9.915 Attempting to load shared library C:\Users\Dawit.DAWITA\.vscode\extensions\redhat.java-1.56.0-win32-x64\jre\21.0.12.1-win32-x86_64\bin\verify.dll
Event: 9.916 Loaded shared library C:\Users\Dawit.DAWITA\.vscode\extensions\redhat.java-1.56.0-win32-x64\jre\21.0.12.1-win32-x86_64\bin\verify.dll
Event: 10.448 Attempting to load shared library C:\Users\Dawit.DAWITA\.gradle\native\c067742578af261105cb4f569cf0c3c89f3d7b1fecec35dd04571415982c5e48\windows-amd64\native-platform.dll
Event: 10.503 Loaded shared library C:\Users\Dawit.DAWITA\.gradle\native\c067742578af261105cb4f569cf0c3c89f3d7b1fecec35dd04571415982c5e48\windows-amd64\native-platform.dll
Event: 10.529 Attempting to load shared library C:\Users\Dawit.DAWITA\.gradle\native\100fb08df4bc3b14c8652ba06237920a3bd2aa13389f12d3474272988ae205f9\windows-amd64\native-platform-file-events.dll
Event: 10.533 Loaded shared library C:\Users\Dawit.DAWITA\.gradle\native\100fb08df4bc3b14c8652ba06237920a3bd2aa13389f12d3474272988ae205f9\windows-amd64\native-platform-file-events.dll
Event: 19.588 Attempting to load shared library C:\Users\Dawit.DAWITA\.vscode\extensions\redhat.java-1.56.0-win32-x64\jre\21.0.12.1-win32-x86_64\bin\management.dll
Event: 19.590 Loaded shared library C:\Users\Dawit.DAWITA\.vscode\extensions\redhat.java-1.56.0-win32-x64\jre\21.0.12.1-win32-x86_64\bin\management.dll
Event: 19.603 Attempting to load shared library C:\Users\Dawit.DAWITA\.vscode\extensions\redhat.java-1.56.0-win32-x64\jre\21.0.12.1-win32-x86_64\bin\management_ext.dll
Event: 19.607 Loaded shared library C:\Users\Dawit.DAWITA\.vscode\extensions\redhat.java-1.56.0-win32-x64\jre\21.0.12.1-win32-x86_64\bin\management_ext.dll
Event: 28.616 Attempting to load shared library C:\Users\Dawit.DAWITA\.vscode\extensions\redhat.java-1.56.0-win32-x64\jre\21.0.12.1-win32-x86_64\bin\extnet.dll
Event: 28.787 Loaded shared library C:\Users\Dawit.DAWITA\.vscode\extensions\redhat.java-1.56.0-win32-x64\jre\21.0.12.1-win32-x86_64\bin\extnet.dll
Event: 37.016 Attempting to load shared library C:\Users\Dawit.DAWITA\.vscode\extensions\redhat.java-1.56.0-win32-x64\jre\21.0.12.1-win32-x86_64\bin\sunmscapi.dll
Event: 37.071 Loaded shared library C:\Users\Dawit.DAWITA\.vscode\extensions\redhat.java-1.56.0-win32-x64\jre\21.0.12.1-win32-x86_64\bin\sunmscapi.dll

Deoptimization events (20 events):
Event: 3645.513 Thread 0x000001c6da9f87d0 DEOPT PACKING pc=0x000001c68ae5f748 sp=0x00000004851fe330
Event: 3645.524 Thread 0x000001c6da9f87d0 DEOPT UNPACKING pc=0x000001c68a6c4422 sp=0x00000004851fe2f8 mode 2
Event: 3655.339 Thread 0x000001c6da9f7420 Uncommon trap: trap_request=0xffffff45 fr.pc=0x000001c68aefa9a0 relative=0x00000000000001e0
Event: 3655.340 Thread 0x000001c6da9f7420 Uncommon trap: reason=unstable_if action=reinterpret pc=0x000001c68aefa9a0 method=java.util.ArrayList$ArrayListSpliterator.forEachRemaining(Ljava/util/function/Consumer;)V @ 31 c2
Event: 3655.340 Thread 0x000001c6da9f7420 DEOPT PACKING pc=0x000001c68aefa9a0 sp=0x0000000484dfa1a0
Event: 3655.340 Thread 0x000001c6da9f7420 DEOPT UNPACKING pc=0x000001c68a6c4422 sp=0x0000000484dfa128 mode 2
Event: 4063.916 Thread 0x000001c6da9f6700 DEOPT PACKING pc=0x000001c6834727c7 sp=0x00000004850ff0a0
Event: 4063.919 Thread 0x000001c6da9f6700 DEOPT UNPACKING pc=0x000001c68a6c4bc2 sp=0x00000004850fe588 mode 0
Event: 13442.806 Thread 0x000001c6da9f7420 Uncommon trap: trap_request=0xffffff45 fr.pc=0x000001c68aee4124 relative=0x0000000000000164
Event: 13444.601 Thread 0x000001c6da9f7420 Uncommon trap: reason=unstable_if action=reinterpret pc=0x000001c68aee4124 method=org.gradle.internal.time.DefaultCountdownTimer.hasExpired()Z @ 6 c2
Event: 13444.601 Thread 0x000001c6da9f7420 DEOPT PACKING pc=0x000001c68aee4124 sp=0x0000000484df96a0
Event: 13445.310 Thread 0x000001c6da9f7420 DEOPT UNPACKING pc=0x000001c68a6c4422 sp=0x0000000484df9658 mode 2
Event: 13445.757 Thread 0x000001c6da9f7420 Uncommon trap: trap_request=0xffffff45 fr.pc=0x000001c68aecdc38 relative=0x0000000000004d98
Event: 13445.939 Thread 0x000001c6da9f7420 Uncommon trap: reason=unstable_if action=reinterpret pc=0x000001c68aecdc38 method=org.gradle.internal.time.ExponentialBackoff.retryUntil(Lorg/gradle/internal/time/ExponentialBackoff$Query;)Ljava/lang/Object; @ 25 c2
Event: 13445.940 Thread 0x000001c6da9f7420 DEOPT PACKING pc=0x000001c68aecdc38 sp=0x0000000484df96f0
Event: 13446.018 Thread 0x000001c6da9f7420 DEOPT UNPACKING pc=0x000001c68a6c4422 sp=0x0000000484df9738 mode 2
Event: 13467.187 Thread 0x000001c6da9f7420 Uncommon trap: trap_request=0xffffffde fr.pc=0x000001c68add1534 relative=0x00000000000002f4
Event: 13467.187 Thread 0x000001c6da9f7420 Uncommon trap: reason=class_check action=maybe_recompile pc=0x000001c68add1534 method=java.util.Collections$SetFromMap.remove(Ljava/lang/Object;)Z @ 5 c2
Event: 13467.189 Thread 0x000001c6da9f7420 DEOPT PACKING pc=0x000001c68add1534 sp=0x0000000484dfaae0
Event: 13467.196 Thread 0x000001c6da9f7420 DEOPT UNPACKING pc=0x000001c68a6c4422 sp=0x0000000484dfaab8 mode 2

Classes loaded (20 events):
Event: 86.392 Loading class java/util/function/BooleanSupplier
Event: 86.392 Loading class java/util/function/BooleanSupplier done
Event: 86.393 Loading class jdk/internal/jimage/ImageReader$Resource
Event: 86.393 Loading class jdk/internal/jimage/ImageReader$Resource done
Event: 86.662 Loading class java/util/WeakHashMap$KeyIterator
Event: 86.662 Loading class java/util/WeakHashMap$HashIterator
Event: 86.662 Loading class java/util/WeakHashMap$HashIterator done
Event: 86.662 Loading class java/util/WeakHashMap$KeyIterator done
Event: 86.760 Loading class sun/nio/fs/WindowsPath$1
Event: 86.760 Loading class sun/nio/fs/WindowsPath$1 done
Event: 86.761 Loading class sun/nio/fs/WindowsException
Event: 86.762 Loading class sun/nio/fs/WindowsException done
Event: 86.798 Loading class java/io/StringReader
Event: 86.798 Loading class java/io/StringReader done
Event: 86.854 Loading class java/math/MutableBigInteger
Event: 86.855 Loading class java/math/MutableBigInteger done
Event: 87.828 Loading class java/security/CodeSigner
Event: 87.828 Loading class java/security/CodeSigner done
Event: 88.018 Loading class java/util/stream/Streams$RangeIntSpliterator
Event: 88.018 Loading class java/util/stream/Streams$RangeIntSpliterator done

Classes unloaded (0 events):
No events

Classes redefined (0 events):
No events

Internal exceptions (20 events):
Event: 85.810 Thread 0x000001c6da9f7420 Exception <a 'java/lang/ClassNotFoundException'{0x00000000a2dd2bc0}: groovy/lang/MetaClassImplCustomizer> (0x00000000a2dd2bc0) 
thrown [s\src\hotspot\share\classfile\systemDictionary.cpp, line 313]
Event: 85.824 Thread 0x000001c6da9f7420 Exception <a 'java/lang/ClassNotFoundException'{0x00000000a2dfc430}: groovy/lang/ExpandoMetaClassCustomizer> (0x00000000a2dfc430) 
thrown [s\src\hotspot\share\classfile\systemDictionary.cpp, line 313]
Event: 86.679 Thread 0x000001c6da9f7420 Exception <a 'java/lang/ClassNotFoundException'{0x00000000a4cf94d0}: org/gradle/internal/extensibility/DefaultExtraPropertiesExtensionBeanInfo> (0x00000000a4cf94d0) 
thrown [s\src\hotspot\share\classfile\systemDictionary.cpp, line 313]
Event: 86.680 Thread 0x000001c6da9f7420 Exception <a 'java/lang/ClassNotFoundException'{0x00000000a4b01de8}: groovy/lang/GroovyObjectSupportBeanInfo> (0x00000000a4b01de8) 
thrown [s\src\hotspot\share\classfile\systemDictionary.cpp, line 313]
Event: 86.681 Thread 0x000001c6da9f7420 Exception <a 'java/lang/ClassNotFoundException'{0x00000000a4b0a258}: groovy/lang/GroovyObjectSupportCustomizer> (0x00000000a4b0a258) 
thrown [s\src\hotspot\share\classfile\systemDictionary.cpp, line 313]
Event: 86.690 Thread 0x000001c6da9f7420 Exception <a 'java/lang/ClassNotFoundException'{0x00000000a4b242b8}: org/gradle/internal/extensibility/DefaultExtraPropertiesExtensionCustomizer> (0x00000000a4b242b8) 
thrown [s\src\hotspot\share\classfile\systemDictionary.cpp, line 313]
Event: 86.696 Thread 0x000001c6da9f7420 Exception <a 'java/lang/IncompatibleClassChangeError'{0x00000000a4b3ed80}: Found class java.lang.Object, but interface was expected> (0x00000000a4b3ed80) 
thrown [s\src\hotspot\share\interpreter\linkResolver.cpp, line 840]
Event: 86.762 Thread 0x000001c6da9f7420 Exception <a 'sun/nio/fs/WindowsException'{0x00000000a4a0d170}> (0x00000000a4a0d170) 
thrown [s\src\hotspot\share\prims\jni.cpp, line 520]
Event: 86.764 Thread 0x000001c6da9f7420 Exception <a 'sun/nio/fs/WindowsException'{0x00000000a4a0e6e8}> (0x00000000a4a0e6e8) 
thrown [s\src\hotspot\share\prims\jni.cpp, line 520]
Event: 86.765 Thread 0x000001c6da9f7420 Exception <a 'sun/nio/fs/WindowsException'{0x00000000a4a0fc10}> (0x00000000a4a0fc10) 
thrown [s\src\hotspot\share\prims\jni.cpp, line 520]
Event: 86.765 Thread 0x000001c6da9f7420 Exception <a 'sun/nio/fs/WindowsException'{0x00000000a4a10d50}> (0x00000000a4a10d50) 
thrown [s\src\hotspot\share\prims\jni.cpp, line 520]
Event: 87.705 Thread 0x000001c6da9f7420 Exception <a 'java/lang/IncompatibleClassChangeError'{0x00000000bfd63740}: Found class java.lang.Object, but interface was expected> (0x00000000bfd63740) 
thrown [s\src\hotspot\share\interpreter\linkResolver.cpp, line 840]
Event: 87.777 Thread 0x000001c6da9f7420 Exception <a 'java/lang/NoSuchMethodError'{0x00000000bfc5e790}: 'java.lang.Object java.lang.invoke.DirectMethodHandle$Holder.newInvokeSpecial(java.lang.Object, java.lang.Object, long)'> (0x00000000bfc5e790) 
thrown [s\src\hotspot\share\interpreter\linkResolver.cpp, line 773]
Event: 87.778 Thread 0x000001c6da9f7420 Exception <a 'java/lang/NoSuchMethodError'{0x00000000bfc62de8}: 'java.lang.Object java.lang.invoke.Invokers$Holder.linkToTargetMethod(java.lang.Object, long, java.lang.Object)'> (0x00000000bfc62de8) 
thrown [s\src\hotspot\share\interpreter\linkResolver.cpp, line 773]
Event: 87.809 Thread 0x000001c6da9f87d0 Implicit null exception at 0x000001c68adbb261 to 0x000001c68adbb900
Event: 87.986 Thread 0x000001c6da9f7420 Exception <a 'java/lang/NoSuchMethodError'{0x00000000bfad10c0}: 'int java.lang.invoke.DirectMethodHandle$Holder.invokeInterface(java.lang.Object, java.lang.Object)'> (0x00000000bfad10c0) 
thrown [s\src\hotspot\share\interpreter\linkResolver.cpp, line 773]
Event: 88.015 Thread 0x000001c6da9f7420 Exception <a 'java/lang/NoSuchMethodError'{0x00000000bf93a950}: 'java.lang.Object java.lang.invoke.DirectMethodHandle$Holder.invokeVirtual(java.lang.Object, java.lang.Object, int)'> (0x00000000bf93a950) 
thrown [s\src\hotspot\share\interpreter\linkResolver.cpp, line 773]
Event: 3643.463 Thread 0x000001c6da9f7420 Exception <a 'java/lang/NoSuchMethodError'{0x00000000a48bf2e8}: 'java.lang.Object java.lang.invoke.DirectMethodHandle$Holder.newInvokeSpecial(java.lang.Object, java.lang.Object, int, java.lang.Object)'> (0x00000000a48bf2e8) 
thrown [s\src\hotspot\share\interpreter\linkResolver.cpp, line 773]
Event: 3643.537 Thread 0x000001c6da9f7420 Exception <a 'java/lang/NoSuchMethodError'{0x00000000a48c3978}: 'java.lang.Object java.lang.invoke.DirectMethodHandle$Holder.invokeSpecial(java.lang.Object, java.lang.Object, java.lang.Object, int, java.lang.Object)'> (0x00000000a48c3978) 
thrown [s\src\hotspot\share\interpreter\linkResolver.cpp, line 773]
Event: 3655.332 Thread 0x000001c6da9f7420 Exception <a 'java/lang/IncompatibleClassChangeError'{0x00000000a4494798}: Found class java.lang.Object, but interface was expected> (0x00000000a4494798) 
thrown [s\src\hotspot\share\interpreter\linkResolver.cpp, line 840]

ZGC Phase Switch (0 events):
No events

VM Operations (20 events):
Event: 3655.525 Executing safepoint VM operation: Cleanup
Event: 3655.542 Executing safepoint VM operation: Cleanup done
Event: 3656.557 Executing safepoint VM operation: Cleanup
Event: 3656.557 Executing safepoint VM operation: Cleanup done
Event: 3657.571 Executing safepoint VM operation: Cleanup
Event: 3657.571 Executing safepoint VM operation: Cleanup done
Event: 3734.497 Executing safepoint VM operation: Cleanup
Event: 3734.497 Executing safepoint VM operation: Cleanup done
Event: 3777.946 Executing safepoint VM operation: Cleanup
Event: 3777.946 Executing safepoint VM operation: Cleanup done
Event: 3905.668 Executing safepoint VM operation: G1CollectForAllocation (G1 Evacuation Pause)
Event: 3905.705 Executing safepoint VM operation: G1CollectForAllocation (G1 Evacuation Pause) done
Event: 13446.676 Executing safepoint VM operation: Cleanup
Event: 13450.692 Executing safepoint VM operation: Cleanup done
Event: 13451.705 Executing safepoint VM operation: Cleanup
Event: 13466.424 Executing safepoint VM operation: Cleanup done
Event: 13467.457 Executing safepoint VM operation: Cleanup
Event: 13467.554 Executing safepoint VM operation: Cleanup done
Event: 13468.575 Executing safepoint VM operation: Cleanup
Event: 13469.935 Executing safepoint VM operation: Cleanup done

Memory protections (0 events):
No events

Nmethod flushes (20 events):
Event: 87.675 Thread 0x000001c69444e5a0 flushing  nmethod 0x000001c6835c7490
Event: 87.675 Thread 0x000001c69444e5a0 flushing  nmethod 0x000001c683603a10
Event: 87.675 Thread 0x000001c69444e5a0 flushing  nmethod 0x000001c683604290
Event: 87.675 Thread 0x000001c69444e5a0 flushing  nmethod 0x000001c68362ba10
Event: 87.675 Thread 0x000001c69444e5a0 flushing  nmethod 0x000001c6836ac090
Event: 87.675 Thread 0x000001c69444e5a0 flushing  nmethod 0x000001c68376d210
Event: 87.675 Thread 0x000001c69444e5a0 flushing  nmethod 0x000001c683285190
Event: 87.675 Thread 0x000001c69444e5a0 flushing  nmethod 0x000001c683285810
Event: 87.675 Thread 0x000001c69444e5a0 flushing  nmethod 0x000001c683288890
Event: 87.675 Thread 0x000001c69444e5a0 flushing  nmethod 0x000001c6832d1810
Event: 87.675 Thread 0x000001c69444e5a0 flushing  nmethod 0x000001c6832d2190
Event: 87.675 Thread 0x000001c69444e5a0 flushing  nmethod 0x000001c6832d3490
Event: 87.675 Thread 0x000001c69444e5a0 flushing  nmethod 0x000001c683537e90
Event: 87.675 Thread 0x000001c69444e5a0 flushing  nmethod 0x000001c683572890
Event: 87.675 Thread 0x000001c69444e5a0 flushing  nmethod 0x000001c6835afc90
Event: 87.675 Thread 0x000001c69444e5a0 flushing  nmethod 0x000001c6835b0e10
Event: 87.675 Thread 0x000001c69444e5a0 flushing  nmethod 0x000001c6835b8290
Event: 87.675 Thread 0x000001c69444e5a0 flushing  nmethod 0x000001c6835b9890
Event: 87.675 Thread 0x000001c69444e5a0 flushing  nmethod 0x000001c6835bff90
Event: 87.675 Thread 0x000001c69444e5a0 flushing  nmethod 0x000001c683616990

Events (20 events):
Event: 73.427 Thread 0x000001c6da9f7420 Thread added: 0x000001c6db8bf010
Event: 74.166 Thread 0x000001c694563020 Thread added: 0x000001c6dbd2e030
Event: 74.534 Thread 0x000001c6dbd2e030 Thread exited: 0x000001c6dbd2e030
Event: 75.076 Thread 0x000001c6da9f7420 Thread added: 0x000001c6db8bc220
Event: 75.156 Thread 0x000001c6da9f7420 Thread added: 0x000001c6db8bdc60
Event: 75.816 Thread 0x000001c69455b2e0 Thread added: 0x000001c6dbd2edd0
Event: 75.977 Thread 0x000001c6dbd2edd0 Thread exited: 0x000001c6dbd2edd0
Event: 76.608 Thread 0x000001c6da9f7420 Thread added: 0x000001c6db8bc8b0
Event: 76.681 Thread 0x000001c6da9f7420 Thread added: 0x000001c6db8be980
Event: 81.058 Thread 0x000001c6da9f7420 Thread added: 0x000001c6db8bf6a0
Event: 82.654 Thread 0x000001c6da9f7420 Thread added: 0x000001c6db8bfd30
Event: 83.362 Thread 0x000001c6da9f7420 Thread added: 0x000001c6db8c03c0
Event: 84.555 Thread 0x000001c69455b2e0 Thread added: 0x000001c6dbbdfa20
Event: 85.400 Thread 0x000001c6dbbdfa20 Thread exited: 0x000001c6dbbdfa20
Event: 86.227 Thread 0x000001c694563020 Thread added: 0x000001c6dbbe00f0
Event: 88.912 Thread 0x000001c6dbbe00f0 Thread exited: 0x000001c6dbbe00f0
Event: 195.926 Thread 0x000001c6da9f94f0 Thread exited: 0x000001c6da9f94f0
Event: 3642.420 Thread 0x000001c6da9f8e60 Thread added: 0x000001c6db8c1770
Event: 3643.650 Thread 0x000001c6da9f7420 Thread added: 0x000001c6db8be2f0
Event: 3733.677 Thread 0x000001c6db8c1770 Thread exited: 0x000001c6db8c1770


Dynamic libraries:
0x00007ff78b490000 - 0x00007ff78b49e000 	C:\Users\Dawit.DAWITA\.vscode\extensions\redhat.java-1.56.0-win32-x64\jre\21.0.12.1-win32-x86_64\bin\java.exe
0x00007ffaf8ac0000 - 0x00007ffaf8d27000 	C:\WINDOWS\SYSTEM32\ntdll.dll
0x00007ffaf6c70000 - 0x00007ffaf6d3b000 	C:\WINDOWS\System32\KERNEL32.DLL
0x00007ffaf5e10000 - 0x00007ffaf6211000 	C:\WINDOWS\System32\KERNELBASE.dll
0x00007ffaf6680000 - 0x00007ffaf67cc000 	C:\WINDOWS\System32\ucrtbase.dll
0x00007ffa513b0000 - 0x00007ffa513c8000 	C:\Users\Dawit.DAWITA\.vscode\extensions\redhat.java-1.56.0-win32-x64\jre\21.0.12.1-win32-x86_64\bin\jli.dll
0x00007ffaf8050000 - 0x00007ffaf8227000 	C:\WINDOWS\System32\USER32.dll
0x00007ffaf62e0000 - 0x00007ffaf6307000 	C:\WINDOWS\System32\win32u.dll
0x00007ffaf74f0000 - 0x00007ffaf751b000 	C:\WINDOWS\System32\GDI32.dll
0x00007ffaf6550000 - 0x00007ffaf6678000 	C:\WINDOWS\System32\gdi32full.dll
0x00007ffaf6310000 - 0x00007ffaf63b3000 	C:\WINDOWS\System32\msvcp_win.dll
0x00007ffa51390000 - 0x00007ffa513ae000 	C:\Users\Dawit.DAWITA\.vscode\extensions\redhat.java-1.56.0-win32-x64\jre\21.0.12.1-win32-x86_64\bin\VCRUNTIME140.dll
0x00007ffada7a0000 - 0x00007ffadaa30000 	C:\WINDOWS\WinSxS\amd64_microsoft.windows.common-controls_6595b64144ccf1df_6.0.26100.9549_none_3e0a0396e3330090\COMCTL32.dll
0x00007ffaf6b70000 - 0x00007ffaf6c19000 	C:\WINDOWS\System32\msvcrt.dll
0x00007ffaf7d50000 - 0x00007ffaf7d81000 	C:\WINDOWS\System32\IMM32.DLL
0x00007ffabfdc0000 - 0x00007ffabfdcc000 	C:\Users\Dawit.DAWITA\.vscode\extensions\redhat.java-1.56.0-win32-x64\jre\21.0.12.1-win32-x86_64\bin\vcruntime140_1.dll
0x00007ffa51300000 - 0x00007ffa5138d000 	C:\Users\Dawit.DAWITA\.vscode\extensions\redhat.java-1.56.0-win32-x64\jre\21.0.12.1-win32-x86_64\bin\msvcp140.dll
0x00007ffa50490000 - 0x00007ffa51232000 	C:\Users\Dawit.DAWITA\.vscode\extensions\redhat.java-1.56.0-win32-x64\jre\21.0.12.1-win32-x86_64\bin\server\jvm.dll
0x00007ffaf8950000 - 0x00007ffaf8a0b000 	C:\WINDOWS\System32\ADVAPI32.dll
0x00007ffaf8230000 - 0x00007ffaf82d8000 	C:\WINDOWS\System32\sechost.dll
0x00007ffaf7f30000 - 0x00007ffaf8048000 	C:\WINDOWS\System32\RPCRT4.dll
0x00007ffaf8710000 - 0x00007ffaf8791000 	C:\WINDOWS\System32\WS2_32.dll
0x00007ffaf5b10000 - 0x00007ffaf5b6e000 	C:\WINDOWS\SYSTEM32\POWRPROF.dll
0x00007ffadc210000 - 0x00007ffadc247000 	C:\WINDOWS\SYSTEM32\WINMM.dll
0x00007ffae7c80000 - 0x00007ffae7c8b000 	C:\WINDOWS\SYSTEM32\VERSION.dll
0x00007ffaf5af0000 - 0x00007ffaf5b05000 	C:\WINDOWS\SYSTEM32\UMPDC.dll
0x00007ffaf4960000 - 0x00007ffaf497b000 	C:\WINDOWS\SYSTEM32\kernel.appcore.dll
0x00007ffaba930000 - 0x00007ffaba93a000 	C:\Users\Dawit.DAWITA\.vscode\extensions\redhat.java-1.56.0-win32-x64\jre\21.0.12.1-win32-x86_64\bin\jimage.dll
0x00007ffaf29d0000 - 0x00007ffaf2c1c000 	C:\WINDOWS\SYSTEM32\DBGHELP.DLL
0x00007ffaf67e0000 - 0x00007ffaf6b6a000 	C:\WINDOWS\System32\combase.dll
0x00007ffaf8450000 - 0x00007ffaf8529000 	C:\WINDOWS\System32\OLEAUT32.dll
0x00007ffad6b70000 - 0x00007ffad6bab000 	C:\WINDOWS\SYSTEM32\dbgcore.DLL
0x00007ffaf6220000 - 0x00007ffaf62cc000 	C:\WINDOWS\System32\bcryptPrimitives.dll
0x00007ffae81f0000 - 0x00007ffae81ff000 	C:\Users\Dawit.DAWITA\.vscode\extensions\redhat.java-1.56.0-win32-x64\jre\21.0.12.1-win32-x86_64\bin\instrument.dll
0x00007ffa50470000 - 0x00007ffa50490000 	C:\Users\Dawit.DAWITA\.vscode\extensions\redhat.java-1.56.0-win32-x64\jre\21.0.12.1-win32-x86_64\bin\java.dll
0x00007ffaf6d40000 - 0x00007ffaf74dc000 	C:\WINDOWS\System32\SHELL32.dll
0x00007ffaf3740000 - 0x00007ffaf3fed000 	C:\WINDOWS\SYSTEM32\windows.storage.dll
0x00007ffaf87a0000 - 0x00007ffaf8899000 	C:\WINDOWS\System32\SHCORE.dll
0x00007ffaf8a10000 - 0x00007ffaf8a76000 	C:\WINDOWS\System32\shlwapi.dll
0x00007ffaf5bd0000 - 0x00007ffaf5bf9000 	C:\WINDOWS\SYSTEM32\profapi.dll
0x00007ffa503f0000 - 0x00007ffa50408000 	C:\Users\Dawit.DAWITA\.vscode\extensions\redhat.java-1.56.0-win32-x64\jre\21.0.12.1-win32-x86_64\bin\zip.dll
0x00007ffaae710000 - 0x00007ffaae720000 	C:\Users\Dawit.DAWITA\.vscode\extensions\redhat.java-1.56.0-win32-x64\jre\21.0.12.1-win32-x86_64\bin\net.dll
0x00007ffae7750000 - 0x00007ffae787a000 	C:\WINDOWS\SYSTEM32\WINHTTP.dll
0x00007ffaf4f20000 - 0x00007ffaf4f8c000 	C:\WINDOWS\system32\mswsock.dll
0x00007ffa51860000 - 0x00007ffa51876000 	C:\Users\Dawit.DAWITA\.vscode\extensions\redhat.java-1.56.0-win32-x64\jre\21.0.12.1-win32-x86_64\bin\nio.dll
0x00007ffae81e0000 - 0x00007ffae81f0000 	C:\Users\Dawit.DAWITA\.vscode\extensions\redhat.java-1.56.0-win32-x64\jre\21.0.12.1-win32-x86_64\bin\verify.dll
0x00007ffa520f0000 - 0x00007ffa52117000 	C:\Users\Dawit.DAWITA\.gradle\native\c067742578af261105cb4f569cf0c3c89f3d7b1fecec35dd04571415982c5e48\windows-amd64\native-platform.dll
0x00007ffa71ca0000 - 0x00007ffa71de4000 	C:\Users\Dawit.DAWITA\.gradle\native\100fb08df4bc3b14c8652ba06237920a3bd2aa13389f12d3474272988ae205f9\windows-amd64\native-platform-file-events.dll
0x00007ffad7980000 - 0x00007ffad798a000 	C:\Users\Dawit.DAWITA\.vscode\extensions\redhat.java-1.56.0-win32-x64\jre\21.0.12.1-win32-x86_64\bin\management.dll
0x00007ffad7970000 - 0x00007ffad797c000 	C:\Users\Dawit.DAWITA\.vscode\extensions\redhat.java-1.56.0-win32-x64\jre\21.0.12.1-win32-x86_64\bin\management_ext.dll
0x00007ffaf88c0000 - 0x00007ffaf88c8000 	C:\WINDOWS\System32\PSAPI.DLL
0x00007ffaf5210000 - 0x00007ffaf522b000 	C:\WINDOWS\SYSTEM32\CRYPTSP.dll
0x00007ffaf48c0000 - 0x00007ffaf48f9000 	C:\WINDOWS\system32\rsaenh.dll
0x00007ffaf4fd0000 - 0x00007ffaf5004000 	C:\WINDOWS\SYSTEM32\USERENV.dll
0x00007ffaf5ba0000 - 0x00007ffaf5bca000 	C:\WINDOWS\SYSTEM32\bcrypt.dll
0x00007ffaf5230000 - 0x00007ffaf523c000 	C:\WINDOWS\SYSTEM32\CRYPTBASE.dll
0x00007ffaf43e0000 - 0x00007ffaf4413000 	C:\WINDOWS\SYSTEM32\IPHLPAPI.DLL
0x00007ffaf88b0000 - 0x00007ffaf88ba000 	C:\WINDOWS\System32\NSI.dll
0x00007ffa7d790000 - 0x00007ffa7d799000 	C:\Users\Dawit.DAWITA\.vscode\extensions\redhat.java-1.56.0-win32-x64\jre\21.0.12.1-win32-x86_64\bin\extnet.dll
0x00007ffa84180000 - 0x00007ffa8418e000 	C:\Users\Dawit.DAWITA\.vscode\extensions\redhat.java-1.56.0-win32-x64\jre\21.0.12.1-win32-x86_64\bin\sunmscapi.dll
0x00007ffaf63c0000 - 0x00007ffaf653f000 	C:\WINDOWS\System32\CRYPT32.dll
0x00007ffaf5470000 - 0x00007ffaf54a0000 	C:\WINDOWS\SYSTEM32\ncrypt.dll
0x00007ffaf5420000 - 0x00007ffaf545f000 	C:\WINDOWS\SYSTEM32\NTASN1.dll
0x00007ffac5700000 - 0x00007ffac5708000 	C:\WINDOWS\system32\wshunix.dll

JVMTI agents:
C:\Users\Dawit.DAWITA\.gradle\wrapper\dists\gradle-8.11.1-all\2qik7nd48slq1ooc2496ixf4i\gradle-8.11.1\lib\agents\gradle-instrumentation-agent-8.11.1.jar path:C:\Users\Dawit.DAWITA\.vscode\extensions\redhat.java-1.56.0-win32-x64\jre\21.0.12.1-win32-x86_64\bin\instrument.dll, loaded, initialized, instrumentlib options:none

dbghelp: loaded successfully - version: 4.0.5 - missing functions: none
symbol engine: initialized successfully - sym options: 0x614 - pdb path: .;C:\Users\Dawit.DAWITA\.vscode\extensions\redhat.java-1.56.0-win32-x64\jre\21.0.12.1-win32-x86_64\bin;C:\WINDOWS\SYSTEM32;C:\WINDOWS\WinSxS\amd64_microsoft.windows.common-controls_6595b64144ccf1df_6.0.26100.9549_none_3e0a0396e3330090;C:\Users\Dawit.DAWITA\.vscode\extensions\redhat.java-1.56.0-win32-x64\jre\21.0.12.1-win32-x86_64\bin\server;C:\Users\Dawit.DAWITA\.gradle\native\c067742578af261105cb4f569cf0c3c89f3d7b1fecec35dd04571415982c5e48\windows-amd64;C:\Users\Dawit.DAWITA\.gradle\native\100fb08df4bc3b14c8652ba06237920a3bd2aa13389f12d3474272988ae205f9\windows-amd64

VM Arguments:
jvm_args: --add-opens=java.base/java.lang=ALL-UNNAMED --add-opens=java.base/java.lang.invoke=ALL-UNNAMED --add-opens=java.base/java.util=ALL-UNNAMED --add-opens=java.prefs/java.util.prefs=ALL-UNNAMED --add-exports=jdk.compiler/com.sun.tools.javac.api=ALL-UNNAMED --add-exports=jdk.compiler/com.sun.tools.javac.util=ALL-UNNAMED --add-opens=java.base/java.util=ALL-UNNAMED --add-opens=java.prefs/java.util.prefs=ALL-UNNAMED --add-opens=java.base/java.nio.charset=ALL-UNNAMED --add-opens=java.base/java.net=ALL-UNNAMED --add-opens=java.base/java.util.concurrent.atomic=ALL-UNNAMED --add-opens=java.xml/javax.xml.namespace=ALL-UNNAMED -Xmx1536m -Dfile.encoding=UTF-8 -Duser.country=US -Duser.language=en -Duser.variant -javaagent:C:\Users\Dawit.DAWITA\.gradle\wrapper\dists\gradle-8.11.1-all\2qik7nd48slq1ooc2496ixf4i\gradle-8.11.1\lib\agents\gradle-instrumentation-agent-8.11.1.jar 
java_command: org.gradle.launcher.daemon.bootstrap.GradleDaemon 8.11.1
java_class_path (initial): C:\Users\Dawit.DAWITA\.gradle\wrapper\dists\gradle-8.11.1-all\2qik7nd48slq1ooc2496ixf4i\gradle-8.11.1\lib\gradle-daemon-main-8.11.1.jar
Launcher Type: SUN_STANDARD

[Global flags]
     intx CICompilerCount                          = 4                                         {product} {ergonomic}
     uint ConcGCThreads                            = 2                                         {product} {ergonomic}
     uint G1ConcRefinementThreads                  = 8                                         {product} {ergonomic}
   size_t G1HeapRegionSize                         = 1048576                                   {product} {ergonomic}
    uintx GCDrainStackTargetSize                   = 64                                        {product} {ergonomic}
   size_t InitialHeapSize                          = 534773760                                 {product} {ergonomic}
   size_t MarkStackSize                            = 4194304                                   {product} {ergonomic}
   size_t MaxHeapSize                              = 1610612736                                {product} {command line}
   size_t MaxNewSize                               = 965738496                                 {product} {ergonomic}
   size_t MinHeapDeltaBytes                        = 1048576                                   {product} {ergonomic}
   size_t MinHeapSize                              = 8388608                                   {product} {ergonomic}
    uintx NonNMethodCodeHeapSize                   = 5839372                                {pd product} {ergonomic}
    uintx NonProfiledCodeHeapSize                  = 122909434                              {pd product} {ergonomic}
    uintx ProfiledCodeHeapSize                     = 122909434                              {pd product} {ergonomic}
    uintx ReservedCodeCacheSize                    = 251658240                              {pd product} {ergonomic}
     bool SegmentedCodeCache                       = true                                      {product} {ergonomic}
   size_t SoftMaxHeapSize                          = 1610612736                             {manageable} {ergonomic}
     bool UseCompressedOops                        = true                           {product lp64_product} {ergonomic}
     bool UseG1GC                                  = true                                      {product} {ergonomic}
     bool UseLargePagesIndividualAllocation        = false                                  {pd product} {ergonomic}

Logging:
Log output configuration:
 #0: stdout all=warning uptime,level,tags foldmultilines=false
 #1: stderr all=off uptime,level,tags foldmultilines=false

Release file:
JAVA_VERSION="21.0.12.1" 
MODULES="java.base java.compiler java.datatransfer java.xml java.prefs java.desktop java.instrument java.logging java.management java.security.sasl java.naming java.rmi java.management.rmi java.net.http java.scripting java.security.jgss java.transaction.xa java.sql java.sql.rowset java.xml.crypto java.se java.smartcardio jdk.accessibility jdk.internal.jvmstat jdk.attach jdk.charsets jdk.internal.opt jdk.zipfs jdk.compiler jdk.crypto.ec jdk.crypto.cryptoki jdk.crypto.mscapi jdk.dynalink jdk.internal.ed jdk.editpad jdk.hotspot.agent jdk.httpserver jdk.internal.le jdk.internal.vm.ci jdk.internal.vm.compiler jdk.internal.vm.compiler.management jdk.jartool jdk.javadoc jdk.jcmd jdk.management jdk.management.agent jdk.jconsole jdk.jdeps jdk.jdwp.agent jdk.jdi jdk.jfr jdk.jshell jdk.jsobject jdk.jstatd jdk.localedata jdk.management.jfr jdk.naming.dns jdk.naming.rmi jdk.net jdk.nio.mapmode jdk.random jdk.sctp jdk.security.auth jdk.security.jgss jdk.unsupported jdk.unsupported.desktop jdk.xml.dom" 

Environment Variables:
JAVA_HOME=C:\Users\Dawit.DAWITA\AppData\Local\Java\jdk-21.0.2+13
PATH=C:\Program Files (x86)\VMware\VMware Workstation\bin\;C:\Program Files (x86)\VMware\VMware Player\bin\;C:\Program Files\Common Files\Oracle\Java\javapath;C:\Program Files\Eclipse Adoptium\jdk-17.0.17.10-hotspot\bin;C:\Program Files\Eclipse Adoptium\jdk-21.0.9.10-hotspot\bin;C:\WINDOWS\system32;C:\WINDOWS;C:\WINDOWS\System32\Wbem;C:\WINDOWS\System32\WindowsPowerShell\v1.0\;C:\WINDOWS\System32\OpenSSH\;C:\Program Files\nodejs\;C:\Program Files\PyManager\;C:\Program Files\Git\cmd;C:\Program Files\WSL\;C:\Program Files\Docker\Docker\resources\bin;C:\Users\Dawit.DAWITA\AppData\Local\Java\jdk-21.0.2+13\bin;C:\Users\Dawit.DAWITA\AppData\Local\Microsoft\WindowsApps;C:\Users\Dawit.DAWITA\AppData\Local\Programs\Microsoft VS Code\bin;C:\Program Files\JetBrains\PyCharm Community Edition 2023.1.1\bin;;%USERPROFILE%\AppData\Local\Microsoft\WindowsApps
USERNAME=Dawit
OS=Windows_NT
PROCESSOR_IDENTIFIER=Intel64 Family 6 Model 142 Stepping 12, GenuineIntel
TMP=C:\Users\DAWIT~1.DAW\AppData\Local\Temp
TEMP=C:\Users\DAWIT~1.DAW\AppData\Local\Temp




Periodic native trim disabled

---------------  S Y S T E M  ---------------

OS:
 Windows 11 , 64 bit Build 26100 (10.0.26100.9549)
OS uptime: 0 days 5:28 hours
Hyper-V role detected

CPU: total 8 (initial active 8) (4 cores per cpu, 2 threads per core) family 6 model 142 stepping 12 microcode 0xfc, cx8, cmov, fxsr, ht, mmx, 3dnowpref, sse, sse2, sse3, ssse3, sse4.1, sse4.2, popcnt, lzcnt, tsc, tscinvbit, avx, avx2, aes, erms, clmul, bmi1, bmi2, adx, fma, vzeroupper, clflush, clflushopt, hv, rdtscp, f16c
Processor Information for the first 8 processors :
  Max Mhz: 1992, Current Mhz: 1792, Mhz Limit: 1792

Memory: 4k page, system-wide physical 32615M (87M free)
TotalPageFile size 130919M (AvailPageFile size 1240M)
current process WorkingSet (physical memory assigned to process): 29M, peak: 245M
current process commit charge ("private bytes"): 263M, peak: 677M

vm_info: OpenJDK 64-Bit Server VM (21.0.12.1+1-LTS) for windows-amd64 JRE (21.0.12.1+1-LTS), built on 2026-08-18T00:00:00Z by "admin" with MS VC++ 17.12 (VS2022)

END.
