#
# There is insufficient memory for the Java Runtime Environment to continue.
# Native memory allocation (malloc) failed to allocate 255776 bytes. Error detail: Chunk::new
# Possible reasons:
#   The system is out of physical RAM or swap space
#   This process is running with CompressedOops enabled, and the Java Heap may be blocking the growth of the native heap
# Possible solutions:
#   Reduce memory load on the system
#   Increase physical memory or swap space
#   Check if swap backing store is full
#   Decrease Java heap size (-Xmx/-Xms)
#   Decrease number of Java threads
#   Decrease Java thread stack sizes (-Xss)
#   Set larger code cache with -XX:ReservedCodeCacheSize=
#   JVM is running with Unscaled Compressed Oops mode in which the Java heap is
#     placed in the first 4GB address space. The Java Heap base address is the
#     maximum limit for the native heap growth. Please use -XX:HeapBaseMinAddress
#     to set the Java Heap base and to place the Java Heap above 4GB virtual address.
# This output file may be truncated or incomplete.
#
#  Out of Memory Error (arena.cpp:168), pid=13484, tid=28944
#
# JRE version: OpenJDK Runtime Environment Temurin-21.0.12.1+1 (21.0.12.1+1) (build 21.0.12.1+1-LTS)
# Java VM: OpenJDK 64-Bit Server VM Temurin-21.0.12.1+1 (21.0.12.1+1-LTS, mixed mode, sharing, tiered, compressed oops, compressed class ptrs, g1 gc, windows-amd64)
# No core dump will be written. Minidumps are not enabled by default on client versions of Windows
#

---------------  S U M M A R Y ------------

Command Line: --add-opens=java.base/java.lang=ALL-UNNAMED --add-opens=java.base/java.lang.invoke=ALL-UNNAMED --add-opens=java.base/java.util=ALL-UNNAMED --add-opens=java.prefs/java.util.prefs=ALL-UNNAMED --add-exports=jdk.compiler/com.sun.tools.javac.api=ALL-UNNAMED --add-exports=jdk.compiler/com.sun.tools.javac.util=ALL-UNNAMED --add-opens=java.base/java.util=ALL-UNNAMED --add-opens=java.prefs/java.util.prefs=ALL-UNNAMED --add-opens=java.base/java.nio.charset=ALL-UNNAMED --add-opens=java.base/java.net=ALL-UNNAMED --add-opens=java.base/java.util.concurrent.atomic=ALL-UNNAMED --add-opens=java.xml/javax.xml.namespace=ALL-UNNAMED -Xmx1536m -Dfile.encoding=UTF-8 -Duser.country=US -Duser.language=en -Duser.variant -javaagent:C:\Users\Dawit.DAWITA\.gradle\wrapper\dists\gradle-8.11.1-all\2qik7nd48slq1ooc2496ixf4i\gradle-8.11.1\lib\agents\gradle-instrumentation-agent-8.11.1.jar org.gradle.launcher.daemon.bootstrap.GradleDaemon 8.11.1

Host: Intel(R) Core(TM) i7-8565U CPU @ 1.80GHz, 8 cores, 31G,  Windows 11 , 64 bit Build 26100 (10.0.26100.9549)
Time: Wed Oct  7 16:52:48 2026 E. Africa Standard Time elapsed time: 11696.599084 seconds (0d 3h 14m 56s)

---------------  T H R E A D  ---------------

Current thread (0x000001ba9a10e0f0):  JavaThread "C2 CompilerThread0" daemon [_thread_in_native, id=28944, stack(0x0000009ca7300000,0x0000009ca7400000) (1024K)]


Current CompileTask:
C2:11696599 5498       4       java.lang.management.DefaultPlatformMBeanProvider$6::nameToMBeanMap (85 bytes)

Stack: [0x0000009ca7300000,0x0000009ca7400000]
Native frames: (J=compiled Java code, j=interpreted, Vv=VM code, C=native code)
V  [jvm.dll+0x6d83e9]
V  [jvm.dll+0x8b5736]
V  [jvm.dll+0x8b7cee]
V  [jvm.dll+0x8b83d3]
V  [jvm.dll+0x284596]
V  [jvm.dll+0xc685d]
V  [jvm.dll+0xc6da1]
V  [jvm.dll+0x2fb5ae]
V  [jvm.dll+0x5fee94]
V  [jvm.dll+0x255d67]
V  [jvm.dll+0x24e2ca]
V  [jvm.dll+0x24bbe6]
V  [jvm.dll+0x1cb4ae]
V  [jvm.dll+0x25baad]
V  [jvm.dll+0x25a03a]
V  [jvm.dll+0x3f8aae]
V  [jvm.dll+0x8600cd]
V  [jvm.dll+0x6d6c1d]
C  [ucrtbase.dll+0x2cd30]
C  [KERNEL32.DLL+0x2cdf7]
C  [ntdll.dll+0x7ee4c]


---------------  P R O C E S S  ---------------

Threads class SMR info:
_java_thread_list=0x000001baa1376ef0, length=33, elements={
0x000001ba41f3f410, 0x000001ba9a1040f0, 0x000001ba9a105870, 0x000001ba9a109000,
0x000001ba9a109a60, 0x000001ba9a10c6a0, 0x000001ba9a10d360, 0x000001ba9a10e0f0,
0x000001ba9a11a5c0, 0x000001ba9a32afa0, 0x000001ba9a3ae620, 0x000001ba9a2e82f0,
0x000001ba9f8371a0, 0x000001ba9ffa4330, 0x000001ba9fb51ef0, 0x000001ba9a290450,
0x000001ba9fbb8f40, 0x000001ba9fbb95d0, 0x000001ba9fbb9c60, 0x000001ba9fbb7b90,
0x000001ba9fbba2f0, 0x000001ba9fbba980, 0x000001ba9fbb7500, 0x000001ba9fbb8220,
0x000001baa08d5ff0, 0x000001baa08d3f20, 0x000001baa08d6680, 0x000001baa08d4c40,
0x000001baa08d3200, 0x000001baa08d5960, 0x000001baa08d52d0, 0x000001baa08d8de0,
0x000001baa08d6d10
}

Java Threads: ( => current thread )
  0x000001ba41f3f410 JavaThread "main"                              [_thread_blocked, id=84328, stack(0x0000009ca6400000,0x0000009ca6500000) (1024K)]
  0x000001ba9a1040f0 JavaThread "Reference Handler"          daemon [_thread_blocked, id=57060, stack(0x0000009ca6d00000,0x0000009ca6e00000) (1024K)]
  0x000001ba9a105870 JavaThread "Finalizer"                  daemon [_thread_blocked, id=30340, stack(0x0000009ca6e00000,0x0000009ca6f00000) (1024K)]
  0x000001ba9a109000 JavaThread "Signal Dispatcher"          daemon [_thread_blocked, id=71748, stack(0x0000009ca6f00000,0x0000009ca7000000) (1024K)]
  0x000001ba9a109a60 JavaThread "Attach Listener"            daemon [_thread_blocked, id=23644, stack(0x0000009ca7000000,0x0000009ca7100000) (1024K)]
  0x000001ba9a10c6a0 JavaThread "Service Thread"             daemon [_thread_blocked, id=94688, stack(0x0000009ca7100000,0x0000009ca7200000) (1024K)]
  0x000001ba9a10d360 JavaThread "Monitor Deflation Thread"   daemon [_thread_blocked, id=79216, stack(0x0000009ca7200000,0x0000009ca7300000) (1024K)]
=>0x000001ba9a10e0f0 JavaThread "C2 CompilerThread0"         daemon [_thread_in_native, id=28944, stack(0x0000009ca7300000,0x0000009ca7400000) (1024K)]
  0x000001ba9a11a5c0 JavaThread "C1 CompilerThread0"         daemon [_thread_blocked, id=19996, stack(0x0000009ca7400000,0x0000009ca7500000) (1024K)]
  0x000001ba9a32afa0 JavaThread "Common-Cleaner"             daemon [_thread_blocked, id=93104, stack(0x0000009ca7500000,0x0000009ca7600000) (1024K)]
  0x000001ba9a3ae620 JavaThread "Notification Thread"        daemon [_thread_blocked, id=86612, stack(0x0000009ca7600000,0x0000009ca7700000) (1024K)]
  0x000001ba9a2e82f0 JavaThread "Daemon health stats"               [_thread_in_Java, id=98240, stack(0x0000009ca7f00000,0x0000009ca8000000) (1024K)]
  0x000001ba9f8371a0 JavaThread "Incoming local TCP Connector on port 58662"        [_thread_in_native, id=13400, stack(0x0000009ca6300000,0x0000009ca6400000) (1024K)]
  0x000001ba9ffa4330 JavaThread "Daemon periodic checks"            [_thread_in_native, id=57796, stack(0x0000009ca6500000,0x0000009ca6600000) (1024K)]
  0x000001ba9fb51ef0 JavaThread "Daemon"                            [_thread_blocked, id=93504, stack(0x0000009ca8300000,0x0000009ca8400000) (1024K)]
  0x000001ba9a290450 JavaThread "Handler for socket connection from /127.0.0.1:58662 to /127.0.0.1:58685"        [_thread_in_native, id=94612, stack(0x0000009ca8400000,0x0000009ca8500000) (1024K)]
  0x000001ba9fbb8f40 JavaThread "Cancel handler"                    [_thread_blocked, id=1744, stack(0x0000009ca8500000,0x0000009ca8600000) (1024K)]
  0x000001ba9fbb95d0 JavaThread "Daemon worker"                     [_thread_in_vm, id=96416, stack(0x0000009ca8600000,0x0000009ca8700000) (1024K)]
  0x000001ba9fbb9c60 JavaThread "Asynchronous log dispatcher for DefaultDaemonConnection: socket connection from /127.0.0.1:58662 to /127.0.0.1:58685"        [_thread_blocked, id=18876, stack(0x0000009ca8700000,0x0000009ca8800000) (1024K)]
  0x000001ba9fbb7b90 JavaThread "Stdin handler"                     [_thread_blocked, id=10736, stack(0x0000009ca8800000,0x0000009ca8900000) (1024K)]
  0x000001ba9fbba2f0 JavaThread "Daemon client event forwarder"        [_thread_blocked, id=4284, stack(0x0000009ca8900000,0x0000009ca8a00000) (1024K)]
  0x000001ba9fbba980 JavaThread "Cache worker for journal cache (C:\Users\Dawit.DAWITA\.gradle\caches\journal-1)"        [_thread_blocked, id=11640, stack(0x0000009ca7e00000,0x0000009ca7f00000) (1024K)]
  0x000001ba9fbb7500 JavaThread "File lock request listener"        [_thread_in_native, id=78128, stack(0x0000009ca8000000,0x0000009ca8100000) (1024K)]
  0x000001ba9fbb8220 JavaThread "Cache worker for file hash cache (C:\Users\Dawit.DAWITA\.gradle\caches\8.11.1\fileHashes)"        [_thread_blocked, id=90576, stack(0x0000009ca8100000,0x0000009ca8200000) (1024K)]
  0x000001baa08d5ff0 JavaThread "Cache worker for file content cache (C:\Users\Dawit.DAWITA\.gradle\caches\8.11.1\fileContent)"        [_thread_blocked, id=99936, stack(0x0000009ca8b00000,0x0000009ca8c00000) (1024K)]
  0x000001baa08d3f20 JavaThread "Cache worker for file hash cache (C:\Users\Dawit.DAWITA\Documents\AfroLife_Agency_improved\afrolife\android\.gradle\8.11.1\fileHashes)"        [_thread_blocked, id=97156, stack(0x0000009ca8c00000,0x0000009ca8d00000) (1024K)]
  0x000001baa08d6680 JavaThread "Cache worker for Build Output Cleanup Cache (C:\Users\Dawit.DAWITA\Documents\AfroLife_Agency_improved\afrolife\android\.gradle\buildOutputCleanup)"        [_thread_blocked, id=103360, stack(0x0000009ca8d00000,0x0000009ca8e00000) (1024K)]
  0x000001baa08d4c40 JavaThread "File watcher server"        daemon [_thread_in_native, id=99076, stack(0x0000009ca8f00000,0x0000009ca9000000) (1024K)]
  0x000001baa08d3200 JavaThread "File watcher consumer"      daemon [_thread_blocked, id=100404, stack(0x0000009ca9000000,0x0000009ca9100000) (1024K)]
  0x000001baa08d5960 JavaThread "Cache worker for checksums cache (C:\Users\Dawit.DAWITA\Documents\AfroLife_Agency_improved\afrolife\android\.gradle\8.11.1\checksums)"        [_thread_blocked, id=25568, stack(0x0000009ca8200000,0x0000009ca8300000) (1024K)]
  0x000001baa08d52d0 JavaThread "Cache worker for cache directory md-rule (C:\Users\Dawit.DAWITA\.gradle\caches\8.11.1\md-rule)"        [_thread_blocked, id=104180, stack(0x0000009ca9100000,0x0000009ca9200000) (1024K)]
  0x000001baa08d8de0 JavaThread "Cache worker for cache directory md-supplier (C:\Users\Dawit.DAWITA\.gradle\caches\8.11.1\md-supplier)"        [_thread_blocked, id=87964, stack(0x0000009ca9200000,0x0000009ca9300000) (1024K)]
  0x000001baa08d6d10 JavaThread "jar transforms"                    [_thread_blocked, id=58664, stack(0x0000009ca9300000,0x0000009ca9400000) (1024K)]
Total: 33

Other Threads:
  0x000001ba9a0e9690 VMThread "VM Thread"                           [id=73196, stack(0x0000009ca6c00000,0x0000009ca6d00000) (1024K)]
  0x000001ba9a0dca00 WatcherThread "VM Periodic Task Thread"        [id=14328, stack(0x0000009ca6b00000,0x0000009ca6c00000) (1024K)]
  0x000001ba41f87d80 WorkerThread "GC Thread#0"                     [id=19952, stack(0x0000009ca6600000,0x0000009ca6700000) (1024K)]
  0x000001ba9a59a1d0 WorkerThread "GC Thread#1"                     [id=86492, stack(0x0000009ca7700000,0x0000009ca7800000) (1024K)]
  0x000001ba9a557720 WorkerThread "GC Thread#2"                     [id=96204, stack(0x0000009ca7800000,0x0000009ca7900000) (1024K)]
  0x000001ba9a557ad0 WorkerThread "GC Thread#3"                     [id=96236, stack(0x0000009ca7900000,0x0000009ca7a00000) (1024K)]
  0x000001ba9a4b50f0 WorkerThread "GC Thread#4"                     [id=94596, stack(0x0000009ca7a00000,0x0000009ca7b00000) (1024K)]
  0x000001ba9a3b14b0 WorkerThread "GC Thread#5"                     [id=92904, stack(0x0000009ca7b00000,0x0000009ca7c00000) (1024K)]
  0x000001ba9a4b54a0 WorkerThread "GC Thread#6"                     [id=4828, stack(0x0000009ca7c00000,0x0000009ca7d00000) (1024K)]
  0x000001ba9a4b5850 WorkerThread "GC Thread#7"                     [id=79848, stack(0x0000009ca7d00000,0x0000009ca7e00000) (1024K)]
  0x000001ba41f94c80 ConcurrentGCThread "G1 Main Marker"            [id=72424, stack(0x0000009ca6700000,0x0000009ca6800000) (1024K)]
  0x000001ba41f96520 WorkerThread "G1 Conc#0"                       [id=19508, stack(0x0000009ca6800000,0x0000009ca6900000) (1024K)]
  0x000001ba9a5ed2e0 WorkerThread "G1 Conc#1"                       [id=99500, stack(0x0000009ca8a00000,0x0000009ca8b00000) (1024K)]
  0x000001ba58cb1460 ConcurrentGCThread "G1 Refine#0"               [id=20196, stack(0x0000009ca6900000,0x0000009ca6a00000) (1024K)]
  0x000001ba58cb1c90 ConcurrentGCThread "G1 Service"                [id=79016, stack(0x0000009ca6a00000,0x0000009ca6b00000) (1024K)]
Total: 15

Threads with active compile tasks:
C2 CompilerThread0  11696838 5498       4       java.lang.management.DefaultPlatformMBeanProvider$6::nameToMBeanMap (85 bytes)
Total: 1

VM state: not at safepoint (normal execution)

VM Mutex/Monitor currently owned by a thread: None

Heap address: 0x00000000a0000000, size: 1536 MB, Compressed Oops mode: 32-bit

CDS archive(s) mapped at: [0x000001ba59000000-0x000001ba59ba0000-0x000001ba59ba0000), size 12189696, SharedBaseAddress: 0x000001ba59000000, ArchiveRelocationMode: 1.
Compressed class space mapped at: 0x000001ba5a000000-0x000001ba9a000000, reserved size: 1073741824
Narrow klass base: 0x000001ba59000000, Narrow klass shift: 0, Narrow klass range: 0x100000000

GC Precious Log:
 CardTable entry size: 512
 Card Set container configuration: InlinePtr #cards 5 size 8 Array Of Cards #cards 12 size 40 Howl #buckets 4 coarsen threshold 1843 Howl Bitmap #cards 512 size 80 coarsen threshold 460 Card regions per heap region 1 cards per card region 2048
 CPUs: 8 total, 8 available
 Memory: 32615M
 Large Page Support: Disabled
 NUMA Support: Disabled
 Compressed Oops: Enabled (32-bit)
 Heap Region Size: 1M
 Heap Min Capacity: 8M
 Heap Initial Capacity: 510M
 Heap Max Capacity: 1536M
 Pre-touch: Disabled
 Parallel Workers: 8
 Concurrent Workers: 2
 Concurrent Refinement Workers: 8
 Periodic GC: Disabled

Heap:
 garbage-first heap   total 100352K, used 72348K [0x00000000a0000000, 0x0000000100000000)
  region size 1024K, 45 young (46080K), 4 survivors (4096K)
 Metaspace       used 36897K, committed 38272K, reserved 1114112K
  class space    used 5338K, committed 6016K, reserved 1048576K

Heap Regions: E=young(eden), S=young(survivor), O=old, HS=humongous(starts), HC=humongous(continues), CS=collection set, F=free, TAMS=top-at-mark-start, PB=parsable bottom
|   0|0x00000000a0000000, 0x00000000a0100000, 0x00000000a0100000|100%|HS|  |TAMS 0x00000000a0000000| PB 0x00000000a0000000| Complete 
|   1|0x00000000a0100000, 0x00000000a0200000, 0x00000000a0200000|100%|HC|  |TAMS 0x00000000a0100000| PB 0x00000000a0100000| Complete 
|   2|0x00000000a0200000, 0x00000000a0300000, 0x00000000a0300000|100%|HC|  |TAMS 0x00000000a0200000| PB 0x00000000a0200000| Complete 
|   3|0x00000000a0300000, 0x00000000a0400000, 0x00000000a0400000|100%| O|  |TAMS 0x00000000a0300000| PB 0x00000000a0300000| Untracked 
|   4|0x00000000a0400000, 0x00000000a0500000, 0x00000000a0500000|100%| O|  |TAMS 0x00000000a0400000| PB 0x00000000a0400000| Untracked 
|   5|0x00000000a0500000, 0x00000000a0600000, 0x00000000a0600000|100%| O|  |TAMS 0x00000000a0500000| PB 0x00000000a0500000| Untracked 
|   6|0x00000000a0600000, 0x00000000a0700000, 0x00000000a0700000|100%| O|  |TAMS 0x00000000a0600000| PB 0x00000000a0600000| Untracked 
|   7|0x00000000a0700000, 0x00000000a0800000, 0x00000000a0800000|100%|HS|  |TAMS 0x00000000a0700000| PB 0x00000000a0700000| Complete 
|   8|0x00000000a0800000, 0x00000000a0900000, 0x00000000a0900000|100%| O|  |TAMS 0x00000000a0800000| PB 0x00000000a0800000| Untracked 
|   9|0x00000000a0900000, 0x00000000a0a00000, 0x00000000a0a00000|100%| O|  |TAMS 0x00000000a0900000| PB 0x00000000a0900000| Untracked 
|  10|0x00000000a0a00000, 0x00000000a0b00000, 0x00000000a0b00000|100%| O|  |TAMS 0x00000000a0a00000| PB 0x00000000a0a00000| Untracked 
|  11|0x00000000a0b00000, 0x00000000a0c00000, 0x00000000a0c00000|100%| O|  |TAMS 0x00000000a0b00000| PB 0x00000000a0b00000| Untracked 
|  12|0x00000000a0c00000, 0x00000000a0d00000, 0x00000000a0d00000|100%| O|  |TAMS 0x00000000a0c00000| PB 0x00000000a0c00000| Untracked 
|  13|0x00000000a0d00000, 0x00000000a0e00000, 0x00000000a0e00000|100%| O|  |TAMS 0x00000000a0d00000| PB 0x00000000a0d00000| Untracked 
|  14|0x00000000a0e00000, 0x00000000a0f00000, 0x00000000a0f00000|100%| O|  |TAMS 0x00000000a0e00000| PB 0x00000000a0e00000| Untracked 
|  15|0x00000000a0f00000, 0x00000000a1000000, 0x00000000a1000000|100%| O|  |TAMS 0x00000000a0f00000| PB 0x00000000a0f00000| Untracked 
|  16|0x00000000a1000000, 0x00000000a1100000, 0x00000000a1100000|100%| O|  |TAMS 0x00000000a1000000| PB 0x00000000a1000000| Untracked 
|  17|0x00000000a1100000, 0x00000000a1200000, 0x00000000a1200000|100%| O|  |TAMS 0x00000000a1100000| PB 0x00000000a1100000| Untracked 
|  18|0x00000000a1200000, 0x00000000a1300000, 0x00000000a1300000|100%| O|  |TAMS 0x00000000a1200000| PB 0x00000000a1200000| Untracked 
|  19|0x00000000a1300000, 0x00000000a1400000, 0x00000000a1400000|100%| O|  |TAMS 0x00000000a1300000| PB 0x00000000a1300000| Untracked 
|  20|0x00000000a1400000, 0x00000000a1500000, 0x00000000a1500000|100%| O|  |TAMS 0x00000000a1400000| PB 0x00000000a1400000| Untracked 
|  21|0x00000000a1500000, 0x00000000a1600000, 0x00000000a1600000|100%| O|  |TAMS 0x00000000a1500000| PB 0x00000000a1500000| Untracked 
|  22|0x00000000a1600000, 0x00000000a1700000, 0x00000000a1700000|100%| O|  |TAMS 0x00000000a1600000| PB 0x00000000a1600000| Untracked 
|  23|0x00000000a1700000, 0x00000000a1700000, 0x00000000a1800000|  0%| F|  |TAMS 0x00000000a1700000| PB 0x00000000a1700000| Untracked 
|  24|0x00000000a1800000, 0x00000000a1900000, 0x00000000a1900000|100%| O|  |TAMS 0x00000000a1800000| PB 0x00000000a1800000| Untracked 
|  25|0x00000000a1900000, 0x00000000a1a00000, 0x00000000a1a00000|100%| O|  |TAMS 0x00000000a1900000| PB 0x00000000a1900000| Untracked 
|  26|0x00000000a1a00000, 0x00000000a1b00000, 0x00000000a1b00000|100%| O|  |TAMS 0x00000000a1a00000| PB 0x00000000a1a00000| Untracked 
|  27|0x00000000a1b00000, 0x00000000a1c00000, 0x00000000a1c00000|100%| O|  |TAMS 0x00000000a1b00000| PB 0x00000000a1b00000| Untracked 
|  28|0x00000000a1c00000, 0x00000000a1d00000, 0x00000000a1d00000|100%| O|  |TAMS 0x00000000a1c00000| PB 0x00000000a1c00000| Untracked 
|  29|0x00000000a1d00000, 0x00000000a1d925a0, 0x00000000a1e00000| 57%| O|  |TAMS 0x00000000a1d00000| PB 0x00000000a1d00000| Untracked 
|  30|0x00000000a1e00000, 0x00000000a1e00000, 0x00000000a1f00000|  0%| F|  |TAMS 0x00000000a1e00000| PB 0x00000000a1e00000| Untracked 
|  31|0x00000000a1f00000, 0x00000000a1f00000, 0x00000000a2000000|  0%| F|  |TAMS 0x00000000a1f00000| PB 0x00000000a1f00000| Untracked 
|  32|0x00000000a2000000, 0x00000000a2000000, 0x00000000a2100000|  0%| F|  |TAMS 0x00000000a2000000| PB 0x00000000a2000000| Untracked 
|  33|0x00000000a2100000, 0x00000000a2100000, 0x00000000a2200000|  0%| F|  |TAMS 0x00000000a2100000| PB 0x00000000a2100000| Untracked 
|  34|0x00000000a2200000, 0x00000000a2200000, 0x00000000a2300000|  0%| F|  |TAMS 0x00000000a2200000| PB 0x00000000a2200000| Untracked 
|  35|0x00000000a2300000, 0x00000000a2300000, 0x00000000a2400000|  0%| F|  |TAMS 0x00000000a2300000| PB 0x00000000a2300000| Untracked 
|  36|0x00000000a2400000, 0x00000000a2400000, 0x00000000a2500000|  0%| F|  |TAMS 0x00000000a2400000| PB 0x00000000a2400000| Untracked 
|  37|0x00000000a2500000, 0x00000000a2514e58, 0x00000000a2600000|  8%| S|CS|TAMS 0x00000000a2500000| PB 0x00000000a2500000| Complete 
|  38|0x00000000a2600000, 0x00000000a2700000, 0x00000000a2700000|100%| S|CS|TAMS 0x00000000a2600000| PB 0x00000000a2600000| Complete 
|  39|0x00000000a2700000, 0x00000000a2800000, 0x00000000a2800000|100%| S|CS|TAMS 0x00000000a2700000| PB 0x00000000a2700000| Complete 
|  40|0x00000000a2800000, 0x00000000a2900000, 0x00000000a2900000|100%| S|CS|TAMS 0x00000000a2800000| PB 0x00000000a2800000| Complete 
|  41|0x00000000a2900000, 0x00000000a2900000, 0x00000000a2a00000|  0%| F|  |TAMS 0x00000000a2900000| PB 0x00000000a2900000| Untracked 
|  42|0x00000000a2a00000, 0x00000000a2a00000, 0x00000000a2b00000|  0%| F|  |TAMS 0x00000000a2a00000| PB 0x00000000a2a00000| Untracked 
|  43|0x00000000a2b00000, 0x00000000a2b00000, 0x00000000a2c00000|  0%| F|  |TAMS 0x00000000a2b00000| PB 0x00000000a2b00000| Untracked 
|  44|0x00000000a2c00000, 0x00000000a2c00000, 0x00000000a2d00000|  0%| F|  |TAMS 0x00000000a2c00000| PB 0x00000000a2c00000| Untracked 
|  45|0x00000000a2d00000, 0x00000000a2d00000, 0x00000000a2e00000|  0%| F|  |TAMS 0x00000000a2d00000| PB 0x00000000a2d00000| Untracked 
|  46|0x00000000a2e00000, 0x00000000a2e00000, 0x00000000a2f00000|  0%| F|  |TAMS 0x00000000a2e00000| PB 0x00000000a2e00000| Untracked 
|  47|0x00000000a2f00000, 0x00000000a2f00000, 0x00000000a3000000|  0%| F|  |TAMS 0x00000000a2f00000| PB 0x00000000a2f00000| Untracked 
|  48|0x00000000a3000000, 0x00000000a3000000, 0x00000000a3100000|  0%| F|  |TAMS 0x00000000a3000000| PB 0x00000000a3000000| Untracked 
|  49|0x00000000a3100000, 0x00000000a3100000, 0x00000000a3200000|  0%| F|  |TAMS 0x00000000a3100000| PB 0x00000000a3100000| Untracked 
|  50|0x00000000a3200000, 0x00000000a3200000, 0x00000000a3300000|  0%| F|  |TAMS 0x00000000a3200000| PB 0x00000000a3200000| Untracked 
|  51|0x00000000a3300000, 0x00000000a3300000, 0x00000000a3400000|  0%| F|  |TAMS 0x00000000a3300000| PB 0x00000000a3300000| Untracked 
|  52|0x00000000a3400000, 0x00000000a3400000, 0x00000000a3500000|  0%| F|  |TAMS 0x00000000a3400000| PB 0x00000000a3400000| Untracked 
|  53|0x00000000a3500000, 0x00000000a3500000, 0x00000000a3600000|  0%| F|  |TAMS 0x00000000a3500000| PB 0x00000000a3500000| Untracked 
|  54|0x00000000a3600000, 0x00000000a3600000, 0x00000000a3700000|  0%| F|  |TAMS 0x00000000a3600000| PB 0x00000000a3600000| Untracked 
|  55|0x00000000a3700000, 0x00000000a3700000, 0x00000000a3800000|  0%| F|  |TAMS 0x00000000a3700000| PB 0x00000000a3700000| Untracked 
|  56|0x00000000a3800000, 0x00000000a3800000, 0x00000000a3900000|  0%| F|  |TAMS 0x00000000a3800000| PB 0x00000000a3800000| Untracked 
|  57|0x00000000a3900000, 0x00000000a394cc70, 0x00000000a3a00000| 29%| E|  |TAMS 0x00000000a3900000| PB 0x00000000a3900000| Complete 
|  58|0x00000000a3a00000, 0x00000000a3b00000, 0x00000000a3b00000|100%| E|CS|TAMS 0x00000000a3a00000| PB 0x00000000a3a00000| Complete 
|  59|0x00000000a3b00000, 0x00000000a3c00000, 0x00000000a3c00000|100%| E|CS|TAMS 0x00000000a3b00000| PB 0x00000000a3b00000| Complete 
|  60|0x00000000a3c00000, 0x00000000a3d00000, 0x00000000a3d00000|100%| E|CS|TAMS 0x00000000a3c00000| PB 0x00000000a3c00000| Complete 
|  61|0x00000000a3d00000, 0x00000000a3e00000, 0x00000000a3e00000|100%| E|CS|TAMS 0x00000000a3d00000| PB 0x00000000a3d00000| Complete 
|  62|0x00000000a3e00000, 0x00000000a3f00000, 0x00000000a3f00000|100%| E|CS|TAMS 0x00000000a3e00000| PB 0x00000000a3e00000| Complete 
|  63|0x00000000a3f00000, 0x00000000a4000000, 0x00000000a4000000|100%| E|CS|TAMS 0x00000000a3f00000| PB 0x00000000a3f00000| Complete 
|  64|0x00000000a4000000, 0x00000000a4100000, 0x00000000a4100000|100%| E|CS|TAMS 0x00000000a4000000| PB 0x00000000a4000000| Complete 
|  65|0x00000000a4100000, 0x00000000a4200000, 0x00000000a4200000|100%| E|CS|TAMS 0x00000000a4100000| PB 0x00000000a4100000| Complete 
|  66|0x00000000a4200000, 0x00000000a4300000, 0x00000000a4300000|100%| E|CS|TAMS 0x00000000a4200000| PB 0x00000000a4200000| Complete 
|  67|0x00000000a4300000, 0x00000000a4400000, 0x00000000a4400000|100%| E|CS|TAMS 0x00000000a4300000| PB 0x00000000a4300000| Complete 
|  68|0x00000000a4400000, 0x00000000a4500000, 0x00000000a4500000|100%| E|CS|TAMS 0x00000000a4400000| PB 0x00000000a4400000| Complete 
|  69|0x00000000a4500000, 0x00000000a4600000, 0x00000000a4600000|100%| E|CS|TAMS 0x00000000a4500000| PB 0x00000000a4500000| Complete 
|  70|0x00000000a4600000, 0x00000000a4700000, 0x00000000a4700000|100%| E|CS|TAMS 0x00000000a4600000| PB 0x00000000a4600000| Complete 
|  71|0x00000000a4700000, 0x00000000a4800000, 0x00000000a4800000|100%| E|CS|TAMS 0x00000000a4700000| PB 0x00000000a4700000| Complete 
|  72|0x00000000a4800000, 0x00000000a4900000, 0x00000000a4900000|100%| E|CS|TAMS 0x00000000a4800000| PB 0x00000000a4800000| Complete 
|  73|0x00000000a4900000, 0x00000000a4a00000, 0x00000000a4a00000|100%| E|CS|TAMS 0x00000000a4900000| PB 0x00000000a4900000| Complete 
|  74|0x00000000a4a00000, 0x00000000a4b00000, 0x00000000a4b00000|100%| E|CS|TAMS 0x00000000a4a00000| PB 0x00000000a4a00000| Complete 
|  75|0x00000000a4b00000, 0x00000000a4c00000, 0x00000000a4c00000|100%| E|CS|TAMS 0x00000000a4b00000| PB 0x00000000a4b00000| Complete 
|  76|0x00000000a4c00000, 0x00000000a4d00000, 0x00000000a4d00000|100%| E|CS|TAMS 0x00000000a4c00000| PB 0x00000000a4c00000| Complete 
|  77|0x00000000a4d00000, 0x00000000a4e00000, 0x00000000a4e00000|100%| E|CS|TAMS 0x00000000a4d00000| PB 0x00000000a4d00000| Complete 
|  78|0x00000000a4e00000, 0x00000000a4f00000, 0x00000000a4f00000|100%| E|  |TAMS 0x00000000a4e00000| PB 0x00000000a4e00000| Complete 
|  79|0x00000000a4f00000, 0x00000000a5000000, 0x00000000a5000000|100%| E|CS|TAMS 0x00000000a4f00000| PB 0x00000000a4f00000| Complete 
|  80|0x00000000a5000000, 0x00000000a5100000, 0x00000000a5100000|100%| E|CS|TAMS 0x00000000a5000000| PB 0x00000000a5000000| Complete 
|  81|0x00000000a5100000, 0x00000000a5200000, 0x00000000a5200000|100%| E|CS|TAMS 0x00000000a5100000| PB 0x00000000a5100000| Complete 
| 373|0x00000000b7500000, 0x00000000b7600000, 0x00000000b7600000|100%| E|CS|TAMS 0x00000000b7500000| PB 0x00000000b7500000| Complete 
| 374|0x00000000b7600000, 0x00000000b7700000, 0x00000000b7700000|100%| E|CS|TAMS 0x00000000b7600000| PB 0x00000000b7600000| Complete 
| 375|0x00000000b7700000, 0x00000000b7800000, 0x00000000b7800000|100%| E|CS|TAMS 0x00000000b7700000| PB 0x00000000b7700000| Complete 
| 376|0x00000000b7800000, 0x00000000b7900000, 0x00000000b7900000|100%| E|CS|TAMS 0x00000000b7800000| PB 0x00000000b7800000| Complete 
| 377|0x00000000b7900000, 0x00000000b7a00000, 0x00000000b7a00000|100%| E|CS|TAMS 0x00000000b7900000| PB 0x00000000b7900000| Complete 
| 378|0x00000000b7a00000, 0x00000000b7b00000, 0x00000000b7b00000|100%| E|CS|TAMS 0x00000000b7a00000| PB 0x00000000b7a00000| Complete 
| 379|0x00000000b7b00000, 0x00000000b7c00000, 0x00000000b7c00000|100%| E|CS|TAMS 0x00000000b7b00000| PB 0x00000000b7b00000| Complete 
| 380|0x00000000b7c00000, 0x00000000b7d00000, 0x00000000b7d00000|100%| E|CS|TAMS 0x00000000b7c00000| PB 0x00000000b7c00000| Complete 
| 381|0x00000000b7d00000, 0x00000000b7e00000, 0x00000000b7e00000|100%| E|CS|TAMS 0x00000000b7d00000| PB 0x00000000b7d00000| Complete 
| 382|0x00000000b7e00000, 0x00000000b7f00000, 0x00000000b7f00000|100%| E|CS|TAMS 0x00000000b7e00000| PB 0x00000000b7e00000| Complete 
| 383|0x00000000b7f00000, 0x00000000b8000000, 0x00000000b8000000|100%| E|CS|TAMS 0x00000000b7f00000| PB 0x00000000b7f00000| Complete 
| 384|0x00000000b8000000, 0x00000000b8100000, 0x00000000b8100000|100%| E|CS|TAMS 0x00000000b8000000| PB 0x00000000b8000000| Complete 
| 385|0x00000000b8100000, 0x00000000b8200000, 0x00000000b8200000|100%| E|CS|TAMS 0x00000000b8100000| PB 0x00000000b8100000| Complete 
| 386|0x00000000b8200000, 0x00000000b8300000, 0x00000000b8300000|100%| E|CS|TAMS 0x00000000b8200000| PB 0x00000000b8200000| Complete 
| 387|0x00000000b8300000, 0x00000000b8400000, 0x00000000b8400000|100%| E|CS|TAMS 0x00000000b8300000| PB 0x00000000b8300000| Complete 
| 509|0x00000000bfd00000, 0x00000000bfe00000, 0x00000000bfe00000|100%| E|CS|TAMS 0x00000000bfd00000| PB 0x00000000bfd00000| Complete 

Card table byte_map: [0x000001ba54790000,0x000001ba54a90000] _byte_map_base: 0x000001ba54290000

Marking Bits: (CMBitMap*) 0x000001ba41f883a0
 Bits: [0x000001ba54a90000, 0x000001ba56290000)

Polling page: 0x000001ba3fb70000

Metaspace:

Usage:
  Non-class:     30.82 MB used.
      Class:      5.21 MB used.
       Both:     36.03 MB used.

Virtual space:
  Non-class space:       64.00 MB reserved,      31.50 MB ( 49%) committed,  1 nodes.
      Class space:        1.00 GB reserved,       5.88 MB ( <1%) committed,  1 nodes.
             Both:        1.06 GB reserved,      37.38 MB (  3%) committed. 

Chunk freelists:
   Non-Class:  96.00 KB
       Class:  9.98 MB
        Both:  10.07 MB

MaxMetaspaceSize: unlimited
CompressedClassSpaceSize: 1.00 GB
Initial GC threshold: 21.00 MB
Current GC threshold: 58.69 MB
CDS: on
 - commit_granule_bytes: 65536.
 - commit_granule_words: 8192.
 - virtual_space_node_default_size: 8388608.
 - enlarge_chunks_in_place: 1.
 - use_allocation_guard: 0.


Internal statistics:

num_allocs_failed_limit: 6.
num_arena_births: 2254.
num_arena_deaths: 0.
num_vsnodes_births: 2.
num_vsnodes_deaths: 0.
num_space_committed: 598.
num_space_uncommitted: 0.
num_chunks_returned_to_freelist: 6.
num_chunks_taken_from_freelist: 3878.
num_chunk_merges: 6.
num_chunk_splits: 2528.
num_chunks_enlarged: 1593.
num_inconsistent_stats: 0.

CodeHeap 'non-profiled nmethods': size=120000Kb used=3080Kb max_used=3080Kb free=116920Kb
 bounds [0x000001ba4cc10000, 0x000001ba4cf20000, 0x000001ba54140000]
CodeHeap 'profiled nmethods': size=120000Kb used=9095Kb max_used=9451Kb free=110904Kb
 bounds [0x000001ba45140000, 0x000001ba45a80000, 0x000001ba4c670000]
CodeHeap 'non-nmethods': size=5760Kb used=1810Kb max_used=1875Kb free=3949Kb
 bounds [0x000001ba4c670000, 0x000001ba4c8e0000, 0x000001ba4cc10000]
CodeCache: size=245760Kb, used=13985Kb, max_used=14406Kb, free=231773Kb
 total_blobs=5505, nmethods=4816, adapters=593, full_count=0
Compilation: enabled, stopped_count=0, restarted_count=0

Compilation events (20 events):
Event: 2291.757 Thread 0x000001ba9a11a5c0 nmethod 5488 0x000001ba4521d890 code [0x000001ba4521da40, 0x000001ba4521db80]
Event: 2291.757 Thread 0x000001ba9a11a5c0 5489   !   3       org.gradle.cache.internal.DefaultFileLockManager$DefaultFileLock::lambda$close$1 (52 bytes)
Event: 2291.760 Thread 0x000001ba9a11a5c0 nmethod 5489 0x000001ba4549ae90 code [0x000001ba4549b0e0, 0x000001ba4549b790]
Event: 2291.760 Thread 0x000001ba9a11a5c0 5490   !   3       org.gradle.cache.internal.locklistener.DefaultFileLockContentionHandler::stop (48 bytes)
Event: 2291.763 Thread 0x000001ba9a11a5c0 nmethod 5490 0x000001ba4549a610 code [0x000001ba4549a800, 0x000001ba4549acd0]
Event: 2301.935 Thread 0x000001ba9a10e0f0 5491       4       java.util.stream.ReferencePipeline$2$1::begin (13 bytes)
Event: 2301.936 Thread 0x000001ba9a10e0f0 nmethod 5491 0x000001ba4cf11910 code [0x000001ba4cf11aa0, 0x000001ba4cf11b58]
Event: 2349.346 Thread 0x000001ba9a11a5c0 5492       3       java.io.FileInputStream::<init> (107 bytes)
Event: 2349.351 Thread 0x000001ba9a11a5c0 nmethod 5492 0x000001ba45499710 code [0x000001ba45499980, 0x000001ba4549a2b0]
Event: 2349.354 Thread 0x000001ba9a11a5c0 5493       3       org.gradle.launcher.daemon.registry.DaemonRegistryContent$Serializer::read (6 bytes)
Event: 2349.356 Thread 0x000001ba9a11a5c0 nmethod 5493 0x000001ba45194890 code [0x000001ba45194a40, 0x000001ba45194b98]
Event: 2349.357 Thread 0x000001ba9a11a5c0 5494       3       org.gradle.launcher.daemon.registry.DaemonRegistryContent$Serializer::read (43 bytes)
Event: 2349.358 Thread 0x000001ba9a11a5c0 nmethod 5494 0x000001ba45498d90 code [0x000001ba45498fa0, 0x000001ba45499500]
Event: 11686.893 Thread 0x000001ba9a10e0f0 5495       4       java.util.stream.ReduceOps$3ReducingSink::begin (14 bytes)
Event: 11689.596 Thread 0x000001ba9a10e0f0 nmethod 5495 0x000001ba4cf11c10 code [0x000001ba4cf11da0, 0x000001ba4cf11f38]
Event: 11692.485 Thread 0x000001ba9a11a5c0 5496       3       java.lang.Character::isUpperCase (5 bytes)
Event: 11692.487 Thread 0x000001ba9a11a5c0 nmethod 5496 0x000001ba45498890 code [0x000001ba45498a60, 0x000001ba45498cb8]
Event: 11692.487 Thread 0x000001ba9a11a5c0 5497       3       java.lang.Character::isUpperCase (9 bytes)
Event: 11692.488 Thread 0x000001ba9a11a5c0 nmethod 5497 0x000001ba45498410 code [0x000001ba454985c0, 0x000001ba454987b8]
Event: 11695.685 Thread 0x000001ba9a10e0f0 5498       4       java.lang.management.DefaultPlatformMBeanProvider$6::nameToMBeanMap (85 bytes)

GC Heap History (20 events):
Event: 52.722 GC heap before
{Heap before GC invocations=0 (full 0):
 garbage-first heap   total 522240K, used 25600K [0x00000000a0000000, 0x0000000100000000)
  region size 1024K, 25 young (25600K), 0 survivors (0K)
 Metaspace       used 1100K, committed 1216K, reserved 1114112K
  class space    used 81K, committed 128K, reserved 1048576K
}
Event: 55.412 GC heap after
{Heap after GC invocations=1 (full 0):
 garbage-first heap   total 522240K, used 4096K [0x00000000a0000000, 0x0000000100000000)
  region size 1024K, 4 young (4096K), 4 survivors (4096K)
 Metaspace       used 1100K, committed 1216K, reserved 1114112K
  class space    used 81K, committed 128K, reserved 1048576K
}
Event: 162.355 GC heap before
{Heap before GC invocations=1 (full 0):
 garbage-first heap   total 522240K, used 40960K [0x00000000a0000000, 0x0000000100000000)
  region size 1024K, 38 young (38912K), 4 survivors (4096K)
 Metaspace       used 4395K, committed 4544K, reserved 1114112K
  class space    used 552K, committed 640K, reserved 1048576K
}
Event: 162.363 GC heap after
{Heap after GC invocations=2 (full 0):
 garbage-first heap   total 522240K, used 10800K [0x00000000a0000000, 0x0000000100000000)
  region size 1024K, 4 young (4096K), 4 survivors (4096K)
 Metaspace       used 4395K, committed 4544K, reserved 1114112K
  class space    used 552K, committed 640K, reserved 1048576K
}
Event: 346.218 GC heap before
{Heap before GC invocations=2 (full 0):
 garbage-first heap   total 522240K, used 59952K [0x00000000a0000000, 0x0000000100000000)
  region size 1024K, 50 young (51200K), 4 survivors (4096K)
 Metaspace       used 5408K, committed 5696K, reserved 1114112K
  class space    used 717K, committed 832K, reserved 1048576K
}
Event: 346.230 GC heap after
{Heap after GC invocations=3 (full 0):
 garbage-first heap   total 522240K, used 16225K [0x00000000a0000000, 0x0000000100000000)
  region size 1024K, 7 young (7168K), 7 survivors (7168K)
 Metaspace       used 5408K, committed 5696K, reserved 1114112K
  class space    used 717K, committed 832K, reserved 1048576K
}
Event: 755.301 GC heap before
{Heap before GC invocations=3 (full 0):
 garbage-first heap   total 522240K, used 132961K [0x00000000a0000000, 0x0000000100000000)
  region size 1024K, 122 young (124928K), 7 survivors (7168K)
 Metaspace       used 20791K, committed 21504K, reserved 1114112K
  class space    used 3009K, committed 3392K, reserved 1048576K
}
Event: 755.348 GC heap after
{Heap after GC invocations=4 (full 0):
 garbage-first heap   total 522240K, used 24288K [0x00000000a0000000, 0x0000000100000000)
  region size 1024K, 15 young (15360K), 15 survivors (15360K)
 Metaspace       used 20791K, committed 21504K, reserved 1114112K
  class space    used 3009K, committed 3392K, reserved 1048576K
}
Event: 849.017 GC heap before
{Heap before GC invocations=5 (full 0):
 garbage-first heap   total 81920K, used 80608K [0x00000000a0000000, 0x0000000100000000)
  region size 1024K, 71 young (72704K), 15 survivors (15360K)
 Metaspace       used 26908K, committed 27968K, reserved 1114112K
  class space    used 4017K, committed 4544K, reserved 1048576K
}
Event: 849.038 GC heap after
{Heap after GC invocations=6 (full 0):
 garbage-first heap   total 100352K, used 26906K [0x00000000a0000000, 0x0000000100000000)
  region size 1024K, 18 young (18432K), 18 survivors (18432K)
 Metaspace       used 26908K, committed 27968K, reserved 1114112K
  class space    used 4017K, committed 4544K, reserved 1048576K
}
Event: 906.719 GC heap before
{Heap before GC invocations=6 (full 0):
 garbage-first heap   total 100352K, used 66842K [0x00000000a0000000, 0x0000000100000000)
  region size 1024K, 58 young (59392K), 18 survivors (18432K)
 Metaspace       used 33077K, committed 34432K, reserved 1114112K
  class space    used 4849K, committed 5504K, reserved 1048576K
}
Event: 906.740 GC heap after
{Heap after GC invocations=7 (full 0):
 garbage-first heap   total 100352K, used 30082K [0x00000000a0000000, 0x0000000100000000)
  region size 1024K, 7 young (7168K), 7 survivors (7168K)
 Metaspace       used 33077K, committed 34432K, reserved 1114112K
  class space    used 4849K, committed 5504K, reserved 1048576K
}
Event: 915.268 GC heap before
{Heap before GC invocations=7 (full 0):
 garbage-first heap   total 100352K, used 37250K [0x00000000a0000000, 0x0000000100000000)
  region size 1024K, 16 young (16384K), 7 survivors (7168K)
 Metaspace       used 34769K, committed 35968K, reserved 1114112K
  class space    used 5021K, committed 5632K, reserved 1048576K
}
Event: 915.280 GC heap after
{Heap after GC invocations=8 (full 0):
 garbage-first heap   total 100352K, used 30894K [0x00000000a0000000, 0x0000000100000000)
  region size 1024K, 5 young (5120K), 5 survivors (5120K)
 Metaspace       used 34769K, committed 35968K, reserved 1114112K
  class space    used 5021K, committed 5632K, reserved 1048576K
}
Event: 1197.297 GC heap before
{Heap before GC invocations=9 (full 0):
 garbage-first heap   total 100352K, used 81070K [0x00000000a0000000, 0x0000000100000000)
  region size 1024K, 55 young (56320K), 5 survivors (5120K)
 Metaspace       used 36495K, committed 37824K, reserved 1114112K
  class space    used 5286K, committed 5952K, reserved 1048576K
}
Event: 1197.439 GC heap after
{Heap after GC invocations=10 (full 0):
 garbage-first heap   total 100352K, used 33240K [0x00000000a0000000, 0x0000000100000000)
  region size 1024K, 7 young (7168K), 7 survivors (7168K)
 Metaspace       used 36495K, committed 37824K, reserved 1114112K
  class space    used 5286K, committed 5952K, reserved 1048576K
}
Event: 1692.183 GC heap before
{Heap before GC invocations=10 (full 0):
 garbage-first heap   total 100352K, used 84440K [0x00000000a0000000, 0x0000000100000000)
  region size 1024K, 57 young (58368K), 7 survivors (7168K)
 Metaspace       used 36826K, committed 38144K, reserved 1114112K
  class space    used 5338K, committed 6016K, reserved 1048576K
}
Event: 1692.234 GC heap after
{Heap after GC invocations=11 (full 0):
 garbage-first heap   total 100352K, used 32458K [0x00000000a0000000, 0x0000000100000000)
  region size 1024K, 4 young (4096K), 4 survivors (4096K)
 Metaspace       used 36826K, committed 38144K, reserved 1114112K
  class space    used 5338K, committed 6016K, reserved 1048576K
}
Event: 2080.019 GC heap before
{Heap before GC invocations=11 (full 0):
 garbage-first heap   total 100352K, used 86730K [0x00000000a0000000, 0x0000000100000000)
  region size 1024K, 57 young (58368K), 4 survivors (4096K)
 Metaspace       used 36885K, committed 38272K, reserved 1114112K
  class space    used 5338K, committed 6016K, reserved 1048576K
}
Event: 2080.052 GC heap after
{Heap after GC invocations=12 (full 0):
 garbage-first heap   total 100352K, used 32412K [0x00000000a0000000, 0x0000000100000000)
  region size 1024K, 4 young (4096K), 4 survivors (4096K)
 Metaspace       used 36885K, committed 38272K, reserved 1114112K
  class space    used 5338K, committed 6016K, reserved 1048576K
}

Dll operation events (20 events):
Event: 10.226 Attempting to load shared library C:\Users\Dawit.DAWITA\.vscode\extensions\redhat.java-1.56.0-win32-x64\jre\21.0.12.1-win32-x86_64\bin\nio.dll
Event: 10.227 Loaded shared library C:\Users\Dawit.DAWITA\.vscode\extensions\redhat.java-1.56.0-win32-x64\jre\21.0.12.1-win32-x86_64\bin\nio.dll
Event: 10.286 Attempting to load shared library C:\Users\Dawit.DAWITA\.vscode\extensions\redhat.java-1.56.0-win32-x64\jre\21.0.12.1-win32-x86_64\bin\zip.dll
Event: 10.287 Loaded shared library C:\Users\Dawit.DAWITA\.vscode\extensions\redhat.java-1.56.0-win32-x64\jre\21.0.12.1-win32-x86_64\bin\zip.dll
Event: 43.622 Attempting to load shared library C:\Users\Dawit.DAWITA\.vscode\extensions\redhat.java-1.56.0-win32-x64\jre\21.0.12.1-win32-x86_64\bin\jimage.dll
Event: 43.622 Loaded shared library C:\Users\Dawit.DAWITA\.vscode\extensions\redhat.java-1.56.0-win32-x64\jre\21.0.12.1-win32-x86_64\bin\jimage.dll
Event: 68.180 Attempting to load shared library C:\Users\Dawit.DAWITA\.vscode\extensions\redhat.java-1.56.0-win32-x64\jre\21.0.12.1-win32-x86_64\bin\verify.dll
Event: 68.256 Loaded shared library C:\Users\Dawit.DAWITA\.vscode\extensions\redhat.java-1.56.0-win32-x64\jre\21.0.12.1-win32-x86_64\bin\verify.dll
Event: 89.233 Attempting to load shared library C:\Users\Dawit.DAWITA\.gradle\native\c067742578af261105cb4f569cf0c3c89f3d7b1fecec35dd04571415982c5e48\windows-amd64\native-platform.dll
Event: 115.649 Loaded shared library C:\Users\Dawit.DAWITA\.gradle\native\c067742578af261105cb4f569cf0c3c89f3d7b1fecec35dd04571415982c5e48\windows-amd64\native-platform.dll
Event: 117.051 Attempting to load shared library C:\Users\Dawit.DAWITA\.gradle\native\100fb08df4bc3b14c8652ba06237920a3bd2aa13389f12d3474272988ae205f9\windows-amd64\native-platform-file-events.dll
Event: 121.123 Loaded shared library C:\Users\Dawit.DAWITA\.gradle\native\100fb08df4bc3b14c8652ba06237920a3bd2aa13389f12d3474272988ae205f9\windows-amd64\native-platform-file-events.dll
Event: 362.070 Attempting to load shared library C:\Users\Dawit.DAWITA\.vscode\extensions\redhat.java-1.56.0-win32-x64\jre\21.0.12.1-win32-x86_64\bin\management.dll
Event: 362.071 Loaded shared library C:\Users\Dawit.DAWITA\.vscode\extensions\redhat.java-1.56.0-win32-x64\jre\21.0.12.1-win32-x86_64\bin\management.dll
Event: 362.080 Attempting to load shared library C:\Users\Dawit.DAWITA\.vscode\extensions\redhat.java-1.56.0-win32-x64\jre\21.0.12.1-win32-x86_64\bin\management_ext.dll
Event: 362.475 Loaded shared library C:\Users\Dawit.DAWITA\.vscode\extensions\redhat.java-1.56.0-win32-x64\jre\21.0.12.1-win32-x86_64\bin\management_ext.dll
Event: 391.371 Attempting to load shared library C:\Users\Dawit.DAWITA\.vscode\extensions\redhat.java-1.56.0-win32-x64\jre\21.0.12.1-win32-x86_64\bin\extnet.dll
Event: 391.405 Loaded shared library C:\Users\Dawit.DAWITA\.vscode\extensions\redhat.java-1.56.0-win32-x64\jre\21.0.12.1-win32-x86_64\bin\extnet.dll
Event: 599.111 Attempting to load shared library C:\Users\Dawit.DAWITA\.vscode\extensions\redhat.java-1.56.0-win32-x64\jre\21.0.12.1-win32-x86_64\bin\sunmscapi.dll
Event: 599.115 Loaded shared library C:\Users\Dawit.DAWITA\.vscode\extensions\redhat.java-1.56.0-win32-x64\jre\21.0.12.1-win32-x86_64\bin\sunmscapi.dll

Deoptimization events (20 events):
Event: 1227.209 Thread 0x000001ba9fbba980 Uncommon trap: trap_request=0xffffffc6 fr.pc=0x000001ba4ced673c relative=0x0000000000000bbc
Event: 1227.209 Thread 0x000001ba9fbba980 Uncommon trap: reason=bimorphic_or_optimized_type_check action=maybe_recompile pc=0x000001ba4ced673c method=java.io.BufferedInputStream.implRead([BII)I @ 100 c2
Event: 1227.209 Thread 0x000001ba9fbba980 DEOPT PACKING pc=0x000001ba4ced673c sp=0x0000009ca7efe010
Event: 1227.209 Thread 0x000001ba9fbba980 DEOPT UNPACKING pc=0x000001ba4c6c4422 sp=0x0000009ca7efdfd8 mode 2
Event: 1714.687 Thread 0x000001ba9ffa4330 DEOPT PACKING pc=0x000001ba452f78b9 sp=0x0000009ca65fe730
Event: 1714.688 Thread 0x000001ba9ffa4330 DEOPT UNPACKING pc=0x000001ba4c6c4bc2 sp=0x0000009ca65fdc30 mode 0
Event: 1749.380 Thread 0x000001ba9ffa4330 DEOPT PACKING pc=0x000001ba452a12bc sp=0x0000009ca65fe9b0
Event: 1749.380 Thread 0x000001ba9ffa4330 DEOPT UNPACKING pc=0x000001ba4c6c4bc2 sp=0x0000009ca65fdf10 mode 0
Event: 1750.026 Thread 0x000001ba9ffa4330 DEOPT PACKING pc=0x000001ba4540ff51 sp=0x0000009ca65fea20
Event: 1750.028 Thread 0x000001ba9ffa4330 DEOPT UNPACKING pc=0x000001ba4c6c4bc2 sp=0x0000009ca65fdf18 mode 0
Event: 1908.838 Thread 0x000001ba9ffa4330 DEOPT PACKING pc=0x000001ba453e9848 sp=0x0000009ca65feca0
Event: 1908.839 Thread 0x000001ba9ffa4330 DEOPT UNPACKING pc=0x000001ba4c6c4bc2 sp=0x0000009ca65fe160 mode 0
Event: 1908.850 Thread 0x000001ba9ffa4330 DEOPT PACKING pc=0x000001ba4540ff51 sp=0x0000009ca65febe0
Event: 1908.850 Thread 0x000001ba9ffa4330 DEOPT UNPACKING pc=0x000001ba4c6c4bc2 sp=0x0000009ca65fe0d8 mode 0
Event: 1908.852 Thread 0x000001ba9ffa4330 DEOPT PACKING pc=0x000001ba459e9d90 sp=0x0000009ca65fee90
Event: 1908.853 Thread 0x000001ba9ffa4330 DEOPT UNPACKING pc=0x000001ba4c6c4bc2 sp=0x0000009ca65fe308 mode 0
Event: 1918.949 Thread 0x000001ba9ffa4330 DEOPT PACKING pc=0x000001ba452a12bc sp=0x0000009ca65fe900
Event: 1918.949 Thread 0x000001ba9ffa4330 DEOPT UNPACKING pc=0x000001ba4c6c4bc2 sp=0x0000009ca65fde60 mode 0
Event: 2079.993 Thread 0x000001ba9ffa4330 DEOPT PACKING pc=0x000001ba459e9d90 sp=0x0000009ca65fed10
Event: 2079.993 Thread 0x000001ba9ffa4330 DEOPT UNPACKING pc=0x000001ba4c6c4bc2 sp=0x0000009ca65fe188 mode 0

Classes loaded (20 events):
Event: 930.165 Loading class jdk/internal/jimage/ImageReader$Resource
Event: 930.166 Loading class jdk/internal/jimage/ImageReader$Resource done
Event: 940.600 Loading class java/util/WeakHashMap$KeyIterator
Event: 940.762 Loading class java/util/WeakHashMap$HashIterator
Event: 940.763 Loading class java/util/WeakHashMap$HashIterator done
Event: 940.763 Loading class java/util/WeakHashMap$KeyIterator done
Event: 943.469 Loading class java/security/CodeSigner
Event: 943.470 Loading class java/security/CodeSigner done
Event: 943.471 Loading class sun/nio/fs/WindowsPath$1
Event: 943.471 Loading class sun/nio/fs/WindowsPath$1 done
Event: 943.472 Loading class sun/nio/fs/WindowsException
Event: 943.472 Loading class sun/nio/fs/WindowsException done
Event: 944.517 Loading class java/io/StringReader
Event: 944.517 Loading class java/io/StringReader done
Event: 945.553 Loading class java/math/MutableBigInteger
Event: 945.559 Loading class java/math/MutableBigInteger done
Event: 949.684 Loading class java/nio/charset/CharacterCodingException
Event: 949.684 Loading class java/nio/charset/CharacterCodingException done
Event: 953.564 Loading class java/util/stream/Streams$RangeIntSpliterator
Event: 953.567 Loading class java/util/stream/Streams$RangeIntSpliterator done

Classes unloaded (0 events):
No events

Classes redefined (0 events):
No events

Internal exceptions (20 events):
Event: 912.309 Thread 0x000001ba9fbb95d0 Exception <a 'java/lang/ClassNotFoundException'{0x00000000b8087370}: groovy/lang/ExpandoMetaClassCustomizer> (0x00000000b8087370) 
thrown [s\src\hotspot\share\classfile\systemDictionary.cpp, line 313]
Event: 940.830 Thread 0x000001ba9fbb95d0 Exception <a 'java/lang/ClassNotFoundException'{0x00000000a452cbe8}: org/gradle/internal/extensibility/DefaultExtraPropertiesExtensionBeanInfo> (0x00000000a452cbe8) 
thrown [s\src\hotspot\share\classfile\systemDictionary.cpp, line 313]
Event: 940.832 Thread 0x000001ba9fbb95d0 Exception <a 'java/lang/ClassNotFoundException'{0x00000000a4535050}: groovy/lang/GroovyObjectSupportBeanInfo> (0x00000000a4535050) 
thrown [s\src\hotspot\share\classfile\systemDictionary.cpp, line 313]
Event: 940.835 Thread 0x000001ba9fbb95d0 Exception <a 'java/lang/ClassNotFoundException'{0x00000000a453d4c0}: groovy/lang/GroovyObjectSupportCustomizer> (0x00000000a453d4c0) 
thrown [s\src\hotspot\share\classfile\systemDictionary.cpp, line 313]
Event: 941.019 Thread 0x000001ba9fbb95d0 Exception <a 'java/lang/ClassNotFoundException'{0x00000000a4557520}: org/gradle/internal/extensibility/DefaultExtraPropertiesExtensionCustomizer> (0x00000000a4557520) 
thrown [s\src\hotspot\share\classfile\systemDictionary.cpp, line 313]
Event: 941.029 Thread 0x000001ba9fbb95d0 Exception <a 'java/lang/IncompatibleClassChangeError'{0x00000000a4571fe8}: Found class java.lang.Object, but interface was expected> (0x00000000a4571fe8) 
thrown [s\src\hotspot\share\interpreter\linkResolver.cpp, line 840]
Event: 943.472 Thread 0x000001ba9fbb95d0 Exception <a 'sun/nio/fs/WindowsException'{0x00000000a4450ee0}> (0x00000000a4450ee0) 
thrown [s\src\hotspot\share\prims\jni.cpp, line 520]
Event: 943.473 Thread 0x000001ba9fbb95d0 Exception <a 'sun/nio/fs/WindowsException'{0x00000000a4452458}> (0x00000000a4452458) 
thrown [s\src\hotspot\share\prims\jni.cpp, line 520]
Event: 943.474 Thread 0x000001ba9fbb95d0 Exception <a 'sun/nio/fs/WindowsException'{0x00000000a4453980}> (0x00000000a4453980) 
thrown [s\src\hotspot\share\prims\jni.cpp, line 520]
Event: 943.475 Thread 0x000001ba9fbb95d0 Exception <a 'sun/nio/fs/WindowsException'{0x00000000a4454ac0}> (0x00000000a4454ac0) 
thrown [s\src\hotspot\share\prims\jni.cpp, line 520]
Event: 947.244 Thread 0x000001ba9fbb95d0 Exception <a 'java/lang/IncompatibleClassChangeError'{0x00000000a4395df8}: Found class java.lang.Object, but interface was expected> (0x00000000a4395df8) 
thrown [s\src\hotspot\share\interpreter\linkResolver.cpp, line 840]
Event: 948.588 Thread 0x000001ba9fbb95d0 Exception <a 'java/lang/NoSuchMethodError'{0x00000000a4255270}: 'java.lang.Object java.lang.invoke.DirectMethodHandle$Holder.newInvokeSpecial(java.lang.Object, java.lang.Object, long)'> (0x00000000a4255270) 
thrown [s\src\hotspot\share\interpreter\linkResolver.cpp, line 773]
Event: 948.589 Thread 0x000001ba9fbb95d0 Exception <a 'java/lang/NoSuchMethodError'{0x00000000a4259858}: 'java.lang.Object java.lang.invoke.Invokers$Holder.linkToTargetMethod(java.lang.Object, long, java.lang.Object)'> (0x00000000a4259858) 
thrown [s\src\hotspot\share\interpreter\linkResolver.cpp, line 773]
Event: 949.084 Thread 0x000001ba9fbba980 Implicit null exception at 0x000001ba4cdb8761 to 0x000001ba4cdb8de0
Event: 949.084 Thread 0x000001ba9fbba980 Implicit null exception at 0x000001ba4ced3134 to 0x000001ba4ced4388
Event: 952.686 Thread 0x000001ba9fbb95d0 Exception <a 'java/lang/NoSuchMethodError'{0x00000000a40ee280}: 'int java.lang.invoke.DirectMethodHandle$Holder.invokeInterface(java.lang.Object, java.lang.Object)'> (0x00000000a40ee280) 
thrown [s\src\hotspot\share\interpreter\linkResolver.cpp, line 773]
Event: 953.560 Thread 0x000001ba9fbb95d0 Exception <a 'java/lang/NoSuchMethodError'{0x00000000a3f583b0}: 'java.lang.Object java.lang.invoke.DirectMethodHandle$Holder.invokeVirtual(java.lang.Object, java.lang.Object, int)'> (0x00000000a3f583b0) 
thrown [s\src\hotspot\share\interpreter\linkResolver.cpp, line 773]
Event: 1223.881 Thread 0x000001ba9fbb95d0 Exception <a 'java/lang/NoSuchMethodError'{0x00000000b83ec2c0}: 'java.lang.Object java.lang.invoke.DirectMethodHandle$Holder.newInvokeSpecial(java.lang.Object, java.lang.Object, int, java.lang.Object)'> (0x00000000b83ec2c0) 
thrown [s\src\hotspot\share\interpreter\linkResolver.cpp, line 773]
Event: 1223.886 Thread 0x000001ba9fbb95d0 Exception <a 'java/lang/NoSuchMethodError'{0x00000000b83f08e0}: 'java.lang.Object java.lang.invoke.DirectMethodHandle$Holder.invokeSpecial(java.lang.Object, java.lang.Object, java.lang.Object, int, java.lang.Object)'> (0x00000000b83f08e0) 
thrown [s\src\hotspot\share\interpreter\linkResolver.cpp, line 773]
Event: 1245.368 Thread 0x000001ba9fbb95d0 Exception <a 'java/lang/IncompatibleClassChangeError'{0x00000000b7fb85f8}: Found class java.lang.Object, but interface was expected> (0x00000000b7fb85f8) 
thrown [s\src\hotspot\share\interpreter\linkResolver.cpp, line 840]

ZGC Phase Switch (0 events):
No events

VM Operations (20 events):
Event: 1990.330 Executing safepoint VM operation: Cleanup
Event: 1990.331 Executing safepoint VM operation: Cleanup done
Event: 1991.336 Executing safepoint VM operation: Cleanup
Event: 1991.336 Executing safepoint VM operation: Cleanup done
Event: 2020.688 Executing safepoint VM operation: Cleanup
Event: 2020.718 Executing safepoint VM operation: Cleanup done
Event: 2055.174 Executing safepoint VM operation: Cleanup
Event: 2055.174 Executing safepoint VM operation: Cleanup done
Event: 2080.019 Executing safepoint VM operation: G1CollectForAllocation (G1 Evacuation Pause)
Event: 2080.053 Executing safepoint VM operation: G1CollectForAllocation (G1 Evacuation Pause) done
Event: 2089.135 Executing safepoint VM operation: Cleanup
Event: 2089.135 Executing safepoint VM operation: Cleanup done
Event: 2196.262 Executing safepoint VM operation: Cleanup
Event: 2196.262 Executing safepoint VM operation: Cleanup done
Event: 2302.478 Executing safepoint VM operation: Cleanup
Event: 2302.478 Executing safepoint VM operation: Cleanup done
Event: 2303.496 Executing safepoint VM operation: Cleanup
Event: 2303.496 Executing safepoint VM operation: Cleanup done
Event: 2360.141 Executing safepoint VM operation: Cleanup
Event: 2360.607 Executing safepoint VM operation: Cleanup done

Memory protections (0 events):
No events

Nmethod flushes (20 events):
Event: 915.343 Thread 0x000001ba9a0e9690 flushing  nmethod 0x000001ba454dd990
Event: 915.343 Thread 0x000001ba9a0e9690 flushing  nmethod 0x000001ba454df010
Event: 915.343 Thread 0x000001ba9a0e9690 flushing  nmethod 0x000001ba454dfb90
Event: 915.343 Thread 0x000001ba9a0e9690 flushing  nmethod 0x000001ba454dff90
Event: 915.343 Thread 0x000001ba9a0e9690 flushing  nmethod 0x000001ba45513d10
Event: 915.343 Thread 0x000001ba9a0e9690 flushing  nmethod 0x000001ba45514990
Event: 915.343 Thread 0x000001ba9a0e9690 flushing  nmethod 0x000001ba45520c10
Event: 915.343 Thread 0x000001ba9a0e9690 flushing  nmethod 0x000001ba45581490
Event: 915.343 Thread 0x000001ba9a0e9690 flushing  nmethod 0x000001ba455cdc90
Event: 915.343 Thread 0x000001ba9a0e9690 flushing  nmethod 0x000001ba455d4710
Event: 915.343 Thread 0x000001ba9a0e9690 flushing  nmethod 0x000001ba4563dc10
Event: 915.343 Thread 0x000001ba9a0e9690 flushing  nmethod 0x000001ba4563ed10
Event: 915.343 Thread 0x000001ba9a0e9690 flushing  nmethod 0x000001ba4563f110
Event: 915.344 Thread 0x000001ba9a0e9690 flushing  nmethod 0x000001ba45641510
Event: 915.344 Thread 0x000001ba9a0e9690 flushing  nmethod 0x000001ba45643390
Event: 915.344 Thread 0x000001ba9a0e9690 flushing  nmethod 0x000001ba45644510
Event: 915.344 Thread 0x000001ba9a0e9690 flushing  nmethod 0x000001ba4569ce90
Event: 915.344 Thread 0x000001ba9a0e9690 flushing  nmethod 0x000001ba4569d390
Event: 915.344 Thread 0x000001ba9a0e9690 flushing  nmethod 0x000001ba456a0190
Event: 915.344 Thread 0x000001ba9a0e9690 flushing  nmethod 0x000001ba456a5210

Events (20 events):
Event: 679.785 Thread 0x000001baa09d3020 Thread exited: 0x000001baa09d3020
Event: 684.745 Thread 0x000001ba9fbb7500 Thread added: 0x000001ba9fbb88b0
Event: 734.701 Thread 0x000001ba9fbb95d0 Thread added: 0x000001baa08d5ff0
Event: 745.491 Thread 0x000001ba9fbb88b0 Thread exited: 0x000001ba9fbb88b0
Event: 764.674 Thread 0x000001ba9fbb95d0 Thread added: 0x000001baa08d3f20
Event: 770.011 Thread 0x000001ba9fbb95d0 Thread added: 0x000001baa08d6680
Event: 777.412 Thread 0x000001ba9fbb7500 Thread added: 0x000001baa08d45b0
Event: 792.770 Thread 0x000001ba9fbb95d0 Thread added: 0x000001baa08d4c40
Event: 793.079 Thread 0x000001ba9fbb95d0 Thread added: 0x000001baa08d3200
Event: 842.182 Thread 0x000001ba9fbb95d0 Thread added: 0x000001baa08d5960
Event: 856.486 Thread 0x000001ba9fbb95d0 Thread added: 0x000001baa08d52d0
Event: 863.197 Thread 0x000001ba9fbb95d0 Thread added: 0x000001baa08d8de0
Event: 883.588 Thread 0x000001ba9a10e0f0 Thread added: 0x000001baa06f8820
Event: 885.694 Thread 0x000001baa06f8820 Thread exited: 0x000001baa06f8820
Event: 887.557 Thread 0x000001ba9a11a5c0 Thread added: 0x000001baa06f8820
Event: 888.101 Thread 0x000001baa06f8820 Thread exited: 0x000001baa06f8820
Event: 1015.530 Thread 0x000001baa08d45b0 Thread exited: 0x000001baa08d45b0
Event: 1221.966 Thread 0x000001ba9fbb7500 Thread added: 0x000001baa08d73a0
Event: 1223.913 Thread 0x000001ba9fbb95d0 Thread added: 0x000001baa08d6d10
Event: 1345.590 Thread 0x000001baa08d73a0 Thread exited: 0x000001baa08d73a0


Dynamic libraries:
0x00007ff78b490000 - 0x00007ff78b49e000 	C:\Users\Dawit.DAWITA\.vscode\extensions\redhat.java-1.56.0-win32-x64\jre\21.0.12.1-win32-x86_64\bin\java.exe
0x00007ffaf8ac0000 - 0x00007ffaf8d27000 	C:\WINDOWS\SYSTEM32\ntdll.dll
0x00007ffaf6c70000 - 0x00007ffaf6d3b000 	C:\WINDOWS\System32\KERNEL32.DLL
0x00007ffaf5e10000 - 0x00007ffaf6211000 	C:\WINDOWS\System32\KERNELBASE.dll
0x00007ffaf6680000 - 0x00007ffaf67cc000 	C:\WINDOWS\System32\ucrtbase.dll
0x00007ffa513b0000 - 0x00007ffa513c8000 	C:\Users\Dawit.DAWITA\.vscode\extensions\redhat.java-1.56.0-win32-x64\jre\21.0.12.1-win32-x86_64\bin\jli.dll
0x00007ffaf8050000 - 0x00007ffaf8227000 	C:\WINDOWS\System32\USER32.dll
0x00007ffaf62e0000 - 0x00007ffaf6307000 	C:\WINDOWS\System32\win32u.dll
0x00007ffaf74f0000 - 0x00007ffaf751b000 	C:\WINDOWS\System32\GDI32.dll
0x00007ffaf6550000 - 0x00007ffaf6678000 	C:\WINDOWS\System32\gdi32full.dll
0x00007ffaf6310000 - 0x00007ffaf63b3000 	C:\WINDOWS\System32\msvcp_win.dll
0x00007ffa51390000 - 0x00007ffa513ae000 	C:\Users\Dawit.DAWITA\.vscode\extensions\redhat.java-1.56.0-win32-x64\jre\21.0.12.1-win32-x86_64\bin\VCRUNTIME140.dll
0x00007ffada7a0000 - 0x00007ffadaa30000 	C:\WINDOWS\WinSxS\amd64_microsoft.windows.common-controls_6595b64144ccf1df_6.0.26100.9549_none_3e0a0396e3330090\COMCTL32.dll
0x00007ffaf6b70000 - 0x00007ffaf6c19000 	C:\WINDOWS\System32\msvcrt.dll
0x00007ffaf7d50000 - 0x00007ffaf7d81000 	C:\WINDOWS\System32\IMM32.DLL
0x00007ffabfdc0000 - 0x00007ffabfdcc000 	C:\Users\Dawit.DAWITA\.vscode\extensions\redhat.java-1.56.0-win32-x64\jre\21.0.12.1-win32-x86_64\bin\vcruntime140_1.dll
0x00007ffa51300000 - 0x00007ffa5138d000 	C:\Users\Dawit.DAWITA\.vscode\extensions\redhat.java-1.56.0-win32-x64\jre\21.0.12.1-win32-x86_64\bin\msvcp140.dll
0x00007ffa50490000 - 0x00007ffa51232000 	C:\Users\Dawit.DAWITA\.vscode\extensions\redhat.java-1.56.0-win32-x64\jre\21.0.12.1-win32-x86_64\bin\server\jvm.dll
0x00007ffaf8950000 - 0x00007ffaf8a0b000 	C:\WINDOWS\System32\ADVAPI32.dll
0x00007ffaf8230000 - 0x00007ffaf82d8000 	C:\WINDOWS\System32\sechost.dll
0x00007ffaf7f30000 - 0x00007ffaf8048000 	C:\WINDOWS\System32\RPCRT4.dll
0x00007ffaf8710000 - 0x00007ffaf8791000 	C:\WINDOWS\System32\WS2_32.dll
0x00007ffaf5b10000 - 0x00007ffaf5b6e000 	C:\WINDOWS\SYSTEM32\POWRPROF.dll
0x00007ffadc210000 - 0x00007ffadc247000 	C:\WINDOWS\SYSTEM32\WINMM.dll
0x00007ffae7c80000 - 0x00007ffae7c8b000 	C:\WINDOWS\SYSTEM32\VERSION.dll
0x00007ffaf5af0000 - 0x00007ffaf5b05000 	C:\WINDOWS\SYSTEM32\UMPDC.dll
0x00007ffaf4960000 - 0x00007ffaf497b000 	C:\WINDOWS\SYSTEM32\kernel.appcore.dll
0x00007ffaba930000 - 0x00007ffaba93a000 	C:\Users\Dawit.DAWITA\.vscode\extensions\redhat.java-1.56.0-win32-x64\jre\21.0.12.1-win32-x86_64\bin\jimage.dll
0x00007ffaf29d0000 - 0x00007ffaf2c1c000 	C:\WINDOWS\SYSTEM32\DBGHELP.DLL
0x00007ffaf67e0000 - 0x00007ffaf6b6a000 	C:\WINDOWS\System32\combase.dll
0x00007ffaf8450000 - 0x00007ffaf8529000 	C:\WINDOWS\System32\OLEAUT32.dll
0x00007ffad6b70000 - 0x00007ffad6bab000 	C:\WINDOWS\SYSTEM32\dbgcore.DLL
0x00007ffaf6220000 - 0x00007ffaf62cc000 	C:\WINDOWS\System32\bcryptPrimitives.dll
0x00007ffae81f0000 - 0x00007ffae81ff000 	C:\Users\Dawit.DAWITA\.vscode\extensions\redhat.java-1.56.0-win32-x64\jre\21.0.12.1-win32-x86_64\bin\instrument.dll
0x00007ffa50470000 - 0x00007ffa50490000 	C:\Users\Dawit.DAWITA\.vscode\extensions\redhat.java-1.56.0-win32-x64\jre\21.0.12.1-win32-x86_64\bin\java.dll
0x00007ffaf6d40000 - 0x00007ffaf74dc000 	C:\WINDOWS\System32\SHELL32.dll
0x00007ffaf3740000 - 0x00007ffaf3fed000 	C:\WINDOWS\SYSTEM32\windows.storage.dll
0x00007ffaf87a0000 - 0x00007ffaf8899000 	C:\WINDOWS\System32\SHCORE.dll
0x00007ffaf8a10000 - 0x00007ffaf8a76000 	C:\WINDOWS\System32\shlwapi.dll
0x00007ffaf5bd0000 - 0x00007ffaf5bf9000 	C:\WINDOWS\SYSTEM32\profapi.dll
0x00007ffa503f0000 - 0x00007ffa50408000 	C:\Users\Dawit.DAWITA\.vscode\extensions\redhat.java-1.56.0-win32-x64\jre\21.0.12.1-win32-x86_64\bin\zip.dll
0x00007ffaae710000 - 0x00007ffaae720000 	C:\Users\Dawit.DAWITA\.vscode\extensions\redhat.java-1.56.0-win32-x64\jre\21.0.12.1-win32-x86_64\bin\net.dll
0x00007ffae7750000 - 0x00007ffae787a000 	C:\WINDOWS\SYSTEM32\WINHTTP.dll
0x00007ffaf4f20000 - 0x00007ffaf4f8c000 	C:\WINDOWS\system32\mswsock.dll
0x00007ffa51860000 - 0x00007ffa51876000 	C:\Users\Dawit.DAWITA\.vscode\extensions\redhat.java-1.56.0-win32-x64\jre\21.0.12.1-win32-x86_64\bin\nio.dll
0x00007ffae81e0000 - 0x00007ffae81f0000 	C:\Users\Dawit.DAWITA\.vscode\extensions\redhat.java-1.56.0-win32-x64\jre\21.0.12.1-win32-x86_64\bin\verify.dll
0x00007ffa520f0000 - 0x00007ffa52117000 	C:\Users\Dawit.DAWITA\.gradle\native\c067742578af261105cb4f569cf0c3c89f3d7b1fecec35dd04571415982c5e48\windows-amd64\native-platform.dll
0x00007ffa71ca0000 - 0x00007ffa71de4000 	C:\Users\Dawit.DAWITA\.gradle\native\100fb08df4bc3b14c8652ba06237920a3bd2aa13389f12d3474272988ae205f9\windows-amd64\native-platform-file-events.dll
0x00007ffad7980000 - 0x00007ffad798a000 	C:\Users\Dawit.DAWITA\.vscode\extensions\redhat.java-1.56.0-win32-x64\jre\21.0.12.1-win32-x86_64\bin\management.dll
0x00007ffad7970000 - 0x00007ffad797c000 	C:\Users\Dawit.DAWITA\.vscode\extensions\redhat.java-1.56.0-win32-x64\jre\21.0.12.1-win32-x86_64\bin\management_ext.dll
0x00007ffaf88c0000 - 0x00007ffaf88c8000 	C:\WINDOWS\System32\PSAPI.DLL
0x00007ffaf5210000 - 0x00007ffaf522b000 	C:\WINDOWS\SYSTEM32\CRYPTSP.dll
0x00007ffaf48c0000 - 0x00007ffaf48f9000 	C:\WINDOWS\system32\rsaenh.dll
0x00007ffaf4fd0000 - 0x00007ffaf5004000 	C:\WINDOWS\SYSTEM32\USERENV.dll
0x00007ffaf5ba0000 - 0x00007ffaf5bca000 	C:\WINDOWS\SYSTEM32\bcrypt.dll
0x00007ffaf5230000 - 0x00007ffaf523c000 	C:\WINDOWS\SYSTEM32\CRYPTBASE.dll
0x00007ffaf43e0000 - 0x00007ffaf4413000 	C:\WINDOWS\SYSTEM32\IPHLPAPI.DLL
0x00007ffaf88b0000 - 0x00007ffaf88ba000 	C:\WINDOWS\System32\NSI.dll
0x00007ffa7d790000 - 0x00007ffa7d799000 	C:\Users\Dawit.DAWITA\.vscode\extensions\redhat.java-1.56.0-win32-x64\jre\21.0.12.1-win32-x86_64\bin\extnet.dll
0x00007ffa84180000 - 0x00007ffa8418e000 	C:\Users\Dawit.DAWITA\.vscode\extensions\redhat.java-1.56.0-win32-x64\jre\21.0.12.1-win32-x86_64\bin\sunmscapi.dll
0x00007ffaf63c0000 - 0x00007ffaf653f000 	C:\WINDOWS\System32\CRYPT32.dll
0x00007ffaf5470000 - 0x00007ffaf54a0000 	C:\WINDOWS\SYSTEM32\ncrypt.dll
0x00007ffaf5420000 - 0x00007ffaf545f000 	C:\WINDOWS\SYSTEM32\NTASN1.dll
0x00007ffac5700000 - 0x00007ffac5708000 	C:\WINDOWS\system32\wshunix.dll

JVMTI agents:
C:\Users\Dawit.DAWITA\.gradle\wrapper\dists\gradle-8.11.1-all\2qik7nd48slq1ooc2496ixf4i\gradle-8.11.1\lib\agents\gradle-instrumentation-agent-8.11.1.jar path:C:\Users\Dawit.DAWITA\.vscode\extensions\redhat.java-1.56.0-win32-x64\jre\21.0.12.1-win32-x86_64\bin\instrument.dll, loaded, initialized, instrumentlib options:none

dbghelp: loaded successfully - version: 4.0.5 - missing functions: none
symbol engine: initialized successfully - sym options: 0x614 - pdb path: .;C:\Users\Dawit.DAWITA\.vscode\extensions\redhat.java-1.56.0-win32-x64\jre\21.0.12.1-win32-x86_64\bin;C:\WINDOWS\SYSTEM32;C:\WINDOWS\WinSxS\amd64_microsoft.windows.common-controls_6595b64144ccf1df_6.0.26100.9549_none_3e0a0396e3330090;C:\Users\Dawit.DAWITA\.vscode\extensions\redhat.java-1.56.0-win32-x64\jre\21.0.12.1-win32-x86_64\bin\server;C:\Users\Dawit.DAWITA\.gradle\native\c067742578af261105cb4f569cf0c3c89f3d7b1fecec35dd04571415982c5e48\windows-amd64;C:\Users\Dawit.DAWITA\.gradle\native\100fb08df4bc3b14c8652ba06237920a3bd2aa13389f12d3474272988ae205f9\windows-amd64

VM Arguments:
jvm_args: --add-opens=java.base/java.lang=ALL-UNNAMED --add-opens=java.base/java.lang.invoke=ALL-UNNAMED --add-opens=java.base/java.util=ALL-UNNAMED --add-opens=java.prefs/java.util.prefs=ALL-UNNAMED --add-exports=jdk.compiler/com.sun.tools.javac.api=ALL-UNNAMED --add-exports=jdk.compiler/com.sun.tools.javac.util=ALL-UNNAMED --add-opens=java.base/java.util=ALL-UNNAMED --add-opens=java.prefs/java.util.prefs=ALL-UNNAMED --add-opens=java.base/java.nio.charset=ALL-UNNAMED --add-opens=java.base/java.net=ALL-UNNAMED --add-opens=java.base/java.util.concurrent.atomic=ALL-UNNAMED --add-opens=java.xml/javax.xml.namespace=ALL-UNNAMED -Xmx1536m -Dfile.encoding=UTF-8 -Duser.country=US -Duser.language=en -Duser.variant -javaagent:C:\Users\Dawit.DAWITA\.gradle\wrapper\dists\gradle-8.11.1-all\2qik7nd48slq1ooc2496ixf4i\gradle-8.11.1\lib\agents\gradle-instrumentation-agent-8.11.1.jar 
java_command: org.gradle.launcher.daemon.bootstrap.GradleDaemon 8.11.1
java_class_path (initial): C:\Users\Dawit.DAWITA\.gradle\wrapper\dists\gradle-8.11.1-all\2qik7nd48slq1ooc2496ixf4i\gradle-8.11.1\lib\gradle-daemon-main-8.11.1.jar
Launcher Type: SUN_STANDARD

[Global flags]
     intx CICompilerCount                          = 4                                         {product} {ergonomic}
     uint ConcGCThreads                            = 2                                         {product} {ergonomic}
     uint G1ConcRefinementThreads                  = 8                                         {product} {ergonomic}
   size_t G1HeapRegionSize                         = 1048576                                   {product} {ergonomic}
    uintx GCDrainStackTargetSize                   = 64                                        {product} {ergonomic}
   size_t InitialHeapSize                          = 534773760                                 {product} {ergonomic}
   size_t MarkStackSize                            = 4194304                                   {product} {ergonomic}
   size_t MaxHeapSize                              = 1610612736                                {product} {command line}
   size_t MaxNewSize                               = 965738496                                 {product} {ergonomic}
   size_t MinHeapDeltaBytes                        = 1048576                                   {product} {ergonomic}
   size_t MinHeapSize                              = 8388608                                   {product} {ergonomic}
    uintx NonNMethodCodeHeapSize                   = 5839372                                {pd product} {ergonomic}
    uintx NonProfiledCodeHeapSize                  = 122909434                              {pd product} {ergonomic}
    uintx ProfiledCodeHeapSize                     = 122909434                              {pd product} {ergonomic}
    uintx ReservedCodeCacheSize                    = 251658240                              {pd product} {ergonomic}
     bool SegmentedCodeCache                       = true                                      {product} {ergonomic}
   size_t SoftMaxHeapSize                          = 1610612736                             {manageable} {ergonomic}
     bool UseCompressedOops                        = true                           {product lp64_product} {ergonomic}
     bool UseG1GC                                  = true                                      {product} {ergonomic}
     bool UseLargePagesIndividualAllocation        = false                                  {pd product} {ergonomic}

Logging:
Log output configuration:
 #0: stdout all=warning uptime,level,tags foldmultilines=false
 #1: stderr all=off uptime,level,tags foldmultilines=false

Release file:
JAVA_VERSION="21.0.12.1" 
MODULES="java.base java.compiler java.datatransfer java.xml java.prefs java.desktop java.instrument java.logging java.management java.security.sasl java.naming java.rmi java.management.rmi java.net.http java.scripting java.security.jgss java.transaction.xa java.sql java.sql.rowset java.xml.crypto java.se java.smartcardio jdk.accessibility jdk.internal.jvmstat jdk.attach jdk.charsets jdk.internal.opt jdk.zipfs jdk.compiler jdk.crypto.ec jdk.crypto.cryptoki jdk.crypto.mscapi jdk.dynalink jdk.internal.ed jdk.editpad jdk.hotspot.agent jdk.httpserver jdk.internal.le jdk.internal.vm.ci jdk.internal.vm.compiler jdk.internal.vm.compiler.management jdk.jartool jdk.javadoc jdk.jcmd jdk.management jdk.management.agent jdk.jconsole jdk.jdeps jdk.jdwp.agent jdk.jdi jdk.jfr jdk.jshell jdk.jsobject jdk.jstatd jdk.localedata jdk.management.jfr jdk.naming.dns jdk.naming.rmi jdk.net jdk.nio.mapmode jdk.random jdk.sctp jdk.security.auth jdk.security.jgss jdk.unsupported jdk.unsupported.desktop jdk.xml.dom" 

Environment Variables:
JAVA_HOME=C:\Users\Dawit.DAWITA\AppData\Local\Java\jdk-21.0.2+13
PATH=C:\Program Files (x86)\VMware\VMware Workstation\bin\;C:\Program Files (x86)\VMware\VMware Player\bin\;C:\Program Files\Common Files\Oracle\Java\javapath;C:\Program Files\Eclipse Adoptium\jdk-17.0.17.10-hotspot\bin;C:\Program Files\Eclipse Adoptium\jdk-21.0.9.10-hotspot\bin;C:\WINDOWS\system32;C:\WINDOWS;C:\WINDOWS\System32\Wbem;C:\WINDOWS\System32\WindowsPowerShell\v1.0\;C:\WINDOWS\System32\OpenSSH\;C:\Program Files\nodejs\;C:\Program Files\PyManager\;C:\Program Files\Git\cmd;C:\Program Files\WSL\;C:\Program Files\Docker\Docker\resources\bin;C:\Users\Dawit.DAWITA\AppData\Local\Java\jdk-21.0.2+13\bin;C:\Users\Dawit.DAWITA\AppData\Local\Microsoft\WindowsApps;C:\Users\Dawit.DAWITA\AppData\Local\Programs\Microsoft VS Code\bin;C:\Program Files\JetBrains\PyCharm Community Edition 2023.1.1\bin;;%USERPROFILE%\AppData\Local\Microsoft\WindowsApps
USERNAME=Dawit
OS=Windows_NT
PROCESSOR_IDENTIFIER=Intel64 Family 6 Model 142 Stepping 12, GenuineIntel
TMP=C:\Users\DAWIT~1.DAW\AppData\Local\Temp
TEMP=C:\Users\DAWIT~1.DAW\AppData\Local\Temp




Periodic native trim disabled

---------------  S Y S T E M  ---------------

OS:
 Windows 11 , 64 bit Build 26100 (10.0.26100.9549)
OS uptime: 0 days 5:28 hours
Hyper-V role detected

CPU: total 8 (initial active 8) (4 cores per cpu, 2 threads per core) family 6 model 142 stepping 12 microcode 0xfc, cx8, cmov, fxsr, ht, mmx, 3dnowpref, sse, sse2, sse3, ssse3, sse4.1, sse4.2, popcnt, lzcnt, tsc, tscinvbit, avx, avx2, aes, erms, clmul, bmi1, bmi2, adx, fma, vzeroupper, clflush, clflushopt, hv, rdtscp, f16c
Processor Information for the first 8 processors :
  Max Mhz: 1992, Current Mhz: 1792, Mhz Limit: 1792

Memory: 4k page, system-wide physical 32615M (185M free)
TotalPageFile size 130919M (AvailPageFile size 36M)
current process WorkingSet (physical memory assigned to process): 54M, peak: 224M
current process commit charge ("private bytes"): 268M, peak: 678M

vm_info: OpenJDK 64-Bit Server VM (21.0.12.1+1-LTS) for windows-amd64 JRE (21.0.12.1+1-LTS), built on 2026-08-18T00:00:00Z by "admin" with MS VC++ 17.12 (VS2022)

END.
