#
# There is insufficient memory for the Java Runtime Environment to continue.
# Native memory allocation (malloc) failed to allocate 262160 bytes. Error detail: Chunk::new
# Possible reasons:
#   The system is out of physical RAM or swap space
#   This process is running with CompressedOops enabled, and the Java Heap may be blocking the growth of the native heap
# Possible solutions:
#   Reduce memory load on the system
#   Increase physical memory or swap space
#   Check if swap backing store is full
#   Decrease Java heap size (-Xmx/-Xms)
#   Decrease number of Java threads
#   Decrease Java thread stack sizes (-Xss)
#   Set larger code cache with -XX:ReservedCodeCacheSize=
#   JVM is running with Unscaled Compressed Oops mode in which the Java heap is
#     placed in the first 4GB address space. The Java Heap base address is the
#     maximum limit for the native heap growth. Please use -XX:HeapBaseMinAddress
#     to set the Java Heap base and to place the Java Heap above 4GB virtual address.
# This output file may be truncated or incomplete.
#
#  Out of Memory Error (arena.cpp:168), pid=63336, tid=43400
#
# JRE version: OpenJDK Runtime Environment Temurin-21.0.12.1+1 (21.0.12.1+1) (build 21.0.12.1+1-LTS)
# Java VM: OpenJDK 64-Bit Server VM Temurin-21.0.12.1+1 (21.0.12.1+1-LTS, mixed mode, sharing, tiered, compressed oops, compressed class ptrs, g1 gc, windows-amd64)
# No core dump will be written. Minidumps are not enabled by default on client versions of Windows
#

---------------  S U M M A R Y ------------

Command Line: --add-opens=java.base/java.lang=ALL-UNNAMED --add-opens=java.base/java.lang.invoke=ALL-UNNAMED --add-opens=java.base/java.util=ALL-UNNAMED --add-opens=java.prefs/java.util.prefs=ALL-UNNAMED --add-exports=jdk.compiler/com.sun.tools.javac.api=ALL-UNNAMED --add-exports=jdk.compiler/com.sun.tools.javac.util=ALL-UNNAMED --add-opens=java.base/java.util=ALL-UNNAMED --add-opens=java.prefs/java.util.prefs=ALL-UNNAMED --add-opens=java.base/java.nio.charset=ALL-UNNAMED --add-opens=java.base/java.net=ALL-UNNAMED --add-opens=java.base/java.util.concurrent.atomic=ALL-UNNAMED --add-opens=java.xml/javax.xml.namespace=ALL-UNNAMED -Xmx1536m -Dfile.encoding=UTF-8 -Duser.country=US -Duser.language=en -Duser.variant -javaagent:C:\Users\Dawit.DAWITA\.gradle\wrapper\dists\gradle-8.11.1-all\2qik7nd48slq1ooc2496ixf4i\gradle-8.11.1\lib\agents\gradle-instrumentation-agent-8.11.1.jar org.gradle.launcher.daemon.bootstrap.GradleDaemon 8.11.1

Host: Intel(R) Core(TM) i7-8565U CPU @ 1.80GHz, 8 cores, 31G,  Windows 11 , 64 bit Build 26100 (10.0.26100.9549)
Time: Wed Oct  7 16:52:48 2026 E. Africa Standard Time elapsed time: 11697.114917 seconds (0d 3h 14m 57s)

---------------  T H R E A D  ---------------

Current thread (0x0000020e7592bd50):  JavaThread "C2 CompilerThread0" daemon [_thread_in_native, id=43400, stack(0x0000001a6fb00000,0x0000001a6fc00000) (1024K)]


Current CompileTask:
C2:11697115 4856   !   4       org.gradle.launcher.daemon.server.health.gc.GarbageCollectionCheck::run (213 bytes)

Stack: [0x0000001a6fb00000,0x0000001a6fc00000]
Native frames: (J=compiled Java code, j=interpreted, Vv=VM code, C=native code)
V  [jvm.dll+0x6d83e9]
V  [jvm.dll+0x8b5736]
V  [jvm.dll+0x8b7cee]
V  [jvm.dll+0x8b83d3]
V  [jvm.dll+0x284596]
V  [jvm.dll+0xc685d]
V  [jvm.dll+0xc6da1]
V  [jvm.dll+0xc6985]
V  [jvm.dll+0x6ff5d1]
V  [jvm.dll+0x39caf1]
V  [jvm.dll+0x39a182]
V  [jvm.dll+0x3a37c5]
V  [jvm.dll+0x1cef2b]
V  [jvm.dll+0x2fa7dc]
V  [jvm.dll+0x6f2873]
V  [jvm.dll+0x6ea969]
V  [jvm.dll+0x6ea069]
V  [jvm.dll+0x6e80ee]
V  [jvm.dll+0x1ce4fc]
V  [jvm.dll+0x1cf09e]
V  [jvm.dll+0x1cf09e]
V  [jvm.dll+0x2fa7dc]
V  [jvm.dll+0x6f2873]
V  [jvm.dll+0x6ea969]
V  [jvm.dll+0x6ea069]
V  [jvm.dll+0x6e80ee]
V  [jvm.dll+0x1ce4fc]
V  [jvm.dll+0x1cf09e]
V  [jvm.dll+0x2fa7dc]
V  [jvm.dll+0x6f2873]
V  [jvm.dll+0x6ea969]
V  [jvm.dll+0x6ea069]
V  [jvm.dll+0x6e80ee]
V  [jvm.dll+0x1ce4fc]
V  [jvm.dll+0x1cf09e]
V  [jvm.dll+0x2fa7dc]
V  [jvm.dll+0x6f2873]
V  [jvm.dll+0x6ea969]
V  [jvm.dll+0x6ea069]
V  [jvm.dll+0x6e80ee]
V  [jvm.dll+0x1ce4fc]
V  [jvm.dll+0x1cf09e]
V  [jvm.dll+0x2fa7dc]
V  [jvm.dll+0x6f2873]
V  [jvm.dll+0x6ea969]
V  [jvm.dll+0x6ea069]
V  [jvm.dll+0x6e80ee]
V  [jvm.dll+0x1ce4fc]
V  [jvm.dll+0x1cf09e]
V  [jvm.dll+0x2fa7dc]
V  [jvm.dll+0x6f2873]
V  [jvm.dll+0x6ea969]
V  [jvm.dll+0x6ea069]
V  [jvm.dll+0x6e80ee]
V  [jvm.dll+0x1ce4fc]
V  [jvm.dll+0x1cf09e]
V  [jvm.dll+0x1cf09e]
V  [jvm.dll+0x2fa7dc]
V  [jvm.dll+0x6f2873]
V  [jvm.dll+0x6ea969]
V  [jvm.dll+0x6ea069]
V  [jvm.dll+0x6e80ee]
V  [jvm.dll+0x1ce4fc]
V  [jvm.dll+0x24b919]
V  [jvm.dll+0x1cb4ae]
V  [jvm.dll+0x25baad]
V  [jvm.dll+0x25a03a]
V  [jvm.dll+0x3f8aae]
V  [jvm.dll+0x8600cd]
V  [jvm.dll+0x6d6c1d]
C  [ucrtbase.dll+0x2cd30]
C  [KERNEL32.DLL+0x2cdf7]
C  [ntdll.dll+0x7ee4c]


---------------  P R O C E S S  ---------------

Threads class SMR info:
_java_thread_list=0x0000020e7a6eaf40, length=34, elements={
0x0000020e5c9cf410, 0x0000020e75923770, 0x0000020e75924ef0, 0x0000020e759290a0,
0x0000020e75929b00, 0x0000020e7592a560, 0x0000020e7592afc0, 0x0000020e7592bd50,
0x0000020e759373b0, 0x0000020e75b68be0, 0x0000020e75beb2f0, 0x0000020e7a8360e0,
0x0000020e75b36cb0, 0x0000020e7b7a57a0, 0x0000020e7aaeb770, 0x0000020e7a1646a0,
0x0000020e7b7a7e20, 0x0000020e7a15e260, 0x0000020e7a15f610, 0x0000020e7a15ef80,
0x0000020e7a15d540, 0x0000020e7a160330, 0x0000020e7a15fca0, 0x0000020e7a15ceb0,
0x0000020e7c34af50, 0x0000020e7c34bc70, 0x0000020e7c34c300, 0x0000020e7c34d6b0,
0x0000020e7c34b5e0, 0x0000020e7c34dd40, 0x0000020e7c34e3d0, 0x0000020e7c34ea60,
0x0000020e7c34f780, 0x0000020e7c34f0f0
}

Java Threads: ( => current thread )
  0x0000020e5c9cf410 JavaThread "main"                              [_thread_blocked, id=87616, stack(0x0000001a6ec00000,0x0000001a6ed00000) (1024K)]
  0x0000020e75923770 JavaThread "Reference Handler"          daemon [_thread_blocked, id=88872, stack(0x0000001a6f500000,0x0000001a6f600000) (1024K)]
  0x0000020e75924ef0 JavaThread "Finalizer"                  daemon [_thread_blocked, id=87504, stack(0x0000001a6f600000,0x0000001a6f700000) (1024K)]
  0x0000020e759290a0 JavaThread "Signal Dispatcher"          daemon [_thread_blocked, id=95340, stack(0x0000001a6f700000,0x0000001a6f800000) (1024K)]
  0x0000020e75929b00 JavaThread "Attach Listener"            daemon [_thread_blocked, id=22548, stack(0x0000001a6f800000,0x0000001a6f900000) (1024K)]
  0x0000020e7592a560 JavaThread "Service Thread"             daemon [_thread_blocked, id=29476, stack(0x0000001a6f900000,0x0000001a6fa00000) (1024K)]
  0x0000020e7592afc0 JavaThread "Monitor Deflation Thread"   daemon [_thread_blocked, id=95728, stack(0x0000001a6fa00000,0x0000001a6fb00000) (1024K)]
=>0x0000020e7592bd50 JavaThread "C2 CompilerThread0"         daemon [_thread_in_native, id=43400, stack(0x0000001a6fb00000,0x0000001a6fc00000) (1024K)]
  0x0000020e759373b0 JavaThread "C1 CompilerThread0"         daemon [_thread_blocked, id=50060, stack(0x0000001a6fc00000,0x0000001a6fd00000) (1024K)]
  0x0000020e75b68be0 JavaThread "Common-Cleaner"             daemon [_thread_blocked, id=14304, stack(0x0000001a6fd00000,0x0000001a6fe00000) (1024K)]
  0x0000020e75beb2f0 JavaThread "Notification Thread"        daemon [_thread_blocked, id=74208, stack(0x0000001a6fe00000,0x0000001a6ff00000) (1024K)]
  0x0000020e7a8360e0 JavaThread "Daemon health stats"               [_thread_in_Java, id=88520, stack(0x0000001a70700000,0x0000001a70800000) (1024K)]
  0x0000020e75b36cb0 JavaThread "Incoming local TCP Connector on port 58658"        [_thread_in_native, id=98152, stack(0x0000001a70900000,0x0000001a70a00000) (1024K)]
  0x0000020e7b7a57a0 JavaThread "Daemon periodic checks"            [_thread_blocked, id=11620, stack(0x0000001a6eb00000,0x0000001a6ec00000) (1024K)]
  0x0000020e7aaeb770 JavaThread "Daemon"                            [_thread_blocked, id=90172, stack(0x0000001a70b00000,0x0000001a70c00000) (1024K)]
  0x0000020e7a1646a0 JavaThread "Handler for socket connection from /127.0.0.1:58658 to /127.0.0.1:58682"        [_thread_in_native, id=95940, stack(0x0000001a70c00000,0x0000001a70d00000) (1024K)]
  0x0000020e7b7a7e20 JavaThread "Cancel handler"                    [_thread_blocked, id=92192, stack(0x0000001a70d00000,0x0000001a70e00000) (1024K)]
  0x0000020e7a15e260 JavaThread "Daemon worker"                     [_thread_in_vm, id=6232, stack(0x0000001a70f00000,0x0000001a71000000) (1024K)]
  0x0000020e7a15f610 JavaThread "Asynchronous log dispatcher for DefaultDaemonConnection: socket connection from /127.0.0.1:58658 to /127.0.0.1:58682"        [_thread_blocked, id=97504, stack(0x0000001a71000000,0x0000001a71100000) (1024K)]
  0x0000020e7a15ef80 JavaThread "Stdin handler"                     [_thread_blocked, id=97564, stack(0x0000001a71100000,0x0000001a71200000) (1024K)]
  0x0000020e7a15d540 JavaThread "Daemon client event forwarder"        [_thread_blocked, id=65160, stack(0x0000001a71200000,0x0000001a71300000) (1024K)]
  0x0000020e7a160330 JavaThread "Cache worker for journal cache (C:\Users\Dawit.DAWITA\.gradle\caches\journal-1)"        [_thread_blocked, id=84568, stack(0x0000001a70e00000,0x0000001a70f00000) (1024K)]
  0x0000020e7a15fca0 JavaThread "File lock request listener"        [_thread_in_native, id=87548, stack(0x0000001a71300000,0x0000001a71400000) (1024K)]
  0x0000020e7a15ceb0 JavaThread "Cache worker for file hash cache (C:\Users\Dawit.DAWITA\.gradle\caches\8.11.1\fileHashes)"        [_thread_blocked, id=35512, stack(0x0000001a71400000,0x0000001a71500000) (1024K)]
  0x0000020e7c34af50 JavaThread "Cache worker for file content cache (C:\Users\Dawit.DAWITA\.gradle\caches\8.11.1\fileContent)"        [_thread_blocked, id=95896, stack(0x0000001a71700000,0x0000001a71800000) (1024K)]
  0x0000020e7c34bc70 JavaThread "Cache worker for file hash cache (C:\Users\Dawit.DAWITA\Documents\AfroLife_Agency_improved\afrolife\android\.gradle\8.11.1\fileHashes)"        [_thread_blocked, id=94512, stack(0x0000001a71800000,0x0000001a71900000) (1024K)]
  0x0000020e7c34c300 JavaThread "Cache worker for Build Output Cleanup Cache (C:\Users\Dawit.DAWITA\Documents\AfroLife_Agency_improved\afrolife\android\.gradle\buildOutputCleanup)"        [_thread_blocked, id=46780, stack(0x0000001a71900000,0x0000001a71a00000) (1024K)]
  0x0000020e7c34d6b0 JavaThread "File watcher server"        daemon [_thread_in_native, id=97680, stack(0x0000001a71a00000,0x0000001a71b00000) (1024K)]
  0x0000020e7c34b5e0 JavaThread "File watcher consumer"      daemon [_thread_blocked, id=39744, stack(0x0000001a71b00000,0x0000001a71c00000) (1024K)]
  0x0000020e7c34dd40 JavaThread "Cache worker for checksums cache (C:\Users\Dawit.DAWITA\Documents\AfroLife_Agency_improved\afrolife\android\.gradle\8.11.1\checksums)"        [_thread_blocked, id=91856, stack(0x0000001a71c00000,0x0000001a71d00000) (1024K)]
  0x0000020e7c34e3d0 JavaThread "Cache worker for cache directory md-rule (C:\Users\Dawit.DAWITA\.gradle\caches\8.11.1\md-rule)"        [_thread_blocked, id=93700, stack(0x0000001a71d00000,0x0000001a71e00000) (1024K)]
  0x0000020e7c34ea60 JavaThread "Cache worker for cache directory md-supplier (C:\Users\Dawit.DAWITA\.gradle\caches\8.11.1\md-supplier)"        [_thread_blocked, id=71224, stack(0x0000001a71e00000,0x0000001a71f00000) (1024K)]
  0x0000020e7c34f780 JavaThread "File lock release action executor Thread 2"        [_thread_blocked, id=23084, stack(0x0000001a6ed00000,0x0000001a6ee00000) (1024K)]
  0x0000020e7c34f0f0 JavaThread "jar transforms"                    [_thread_blocked, id=83692, stack(0x0000001a70600000,0x0000001a70700000) (1024K)]
Total: 34

Other Threads:
  0x0000020e75908f80 VMThread "VM Thread"                           [id=26092, stack(0x0000001a6f400000,0x0000001a6f500000) (1024K)] _threads_hazard_ptr=0x0000020e7a6eaf40
  0x0000020e758fca00 WatcherThread "VM Periodic Task Thread"        [id=15836, stack(0x0000001a6f300000,0x0000001a6f400000) (1024K)]
  0x0000020e5ca17d80 WorkerThread "GC Thread#0"                     [id=22204, stack(0x0000001a6ee00000,0x0000001a6ef00000) (1024K)]
  0x0000020e7a2ee5a0 WorkerThread "GC Thread#1"                     [id=94300, stack(0x0000001a6ff00000,0x0000001a70000000) (1024K)]
  0x0000020e75a57a60 WorkerThread "GC Thread#2"                     [id=90756, stack(0x0000001a70000000,0x0000001a70100000) (1024K)]
  0x0000020e75a57e10 WorkerThread "GC Thread#3"                     [id=92156, stack(0x0000001a70100000,0x0000001a70200000) (1024K)]
  0x0000020e5c9d7d10 WorkerThread "GC Thread#4"                     [id=30724, stack(0x0000001a70200000,0x0000001a70300000) (1024K)]
  0x0000020e5c9d80c0 WorkerThread "GC Thread#5"                     [id=4832, stack(0x0000001a70300000,0x0000001a70400000) (1024K)]
  0x0000020e5c9d8470 WorkerThread "GC Thread#6"                     [id=35164, stack(0x0000001a70400000,0x0000001a70500000) (1024K)]
  0x0000020e5c9d8820 WorkerThread "GC Thread#7"                     [id=91796, stack(0x0000001a70500000,0x0000001a70600000) (1024K)]
  0x0000020e5ca24c80 ConcurrentGCThread "G1 Main Marker"            [id=84912, stack(0x0000001a6ef00000,0x0000001a6f000000) (1024K)]
  0x0000020e5ca26520 WorkerThread "G1 Conc#0"                       [id=92396, stack(0x0000001a6f000000,0x0000001a6f100000) (1024K)]
  0x0000020e7c0333d0 WorkerThread "G1 Conc#1"                       [id=88488, stack(0x0000001a71600000,0x0000001a71700000) (1024K)]
  0x0000020e5ca8ea00 ConcurrentGCThread "G1 Refine#0"               [id=93076, stack(0x0000001a6f100000,0x0000001a6f200000) (1024K)]
  0x0000020e757c05b0 ConcurrentGCThread "G1 Service"                [id=21212, stack(0x0000001a6f200000,0x0000001a6f300000) (1024K)]
Total: 15

Threads with active compile tasks:
C2 CompilerThread0  11697849 4856   !   4       org.gradle.launcher.daemon.server.health.gc.GarbageCollectionCheck::run (213 bytes)
Total: 1

VM state: synchronizing (normal execution)

VM Mutex/Monitor currently owned by a thread:  ([mutex/lock_event])
[0x00007ffa5114f5b0] Threads_lock - owner thread: 0x0000020e75908f80

Heap address: 0x00000000a0000000, size: 1536 MB, Compressed Oops mode: 32-bit

CDS archive(s) mapped at: [0x0000020e00000000-0x0000020e00ba0000-0x0000020e00ba0000), size 12189696, SharedBaseAddress: 0x0000020e00000000, ArchiveRelocationMode: 1.
Compressed class space mapped at: 0x0000020e01000000-0x0000020e41000000, reserved size: 1073741824
Narrow klass base: 0x0000020e00000000, Narrow klass shift: 0, Narrow klass range: 0x100000000

GC Precious Log:
 CardTable entry size: 512
 Card Set container configuration: InlinePtr #cards 5 size 8 Array Of Cards #cards 12 size 40 Howl #buckets 4 coarsen threshold 1843 Howl Bitmap #cards 512 size 80 coarsen threshold 460 Card regions per heap region 1 cards per card region 2048
 CPUs: 8 total, 8 available
 Memory: 32615M
 Large Page Support: Disabled
 NUMA Support: Disabled
 Compressed Oops: Enabled (32-bit)
 Heap Region Size: 1M
 Heap Min Capacity: 8M
 Heap Initial Capacity: 510M
 Heap Max Capacity: 1536M
 Pre-touch: Disabled
 Parallel Workers: 8
 Concurrent Workers: 2
 Concurrent Refinement Workers: 8
 Periodic GC: Disabled

Heap:
 garbage-first heap   total 105472K, used 79121K [0x00000000a0000000, 0x0000000100000000)
  region size 1024K, 55 young (56320K), 4 survivors (4096K)
 Metaspace       used 30615K, committed 31872K, reserved 1114112K
  class space    used 4636K, committed 5248K, reserved 1048576K

Heap Regions: E=young(eden), S=young(survivor), O=old, HS=humongous(starts), HC=humongous(continues), CS=collection set, F=free, TAMS=top-at-mark-start, PB=parsable bottom
|   0|0x00000000a0000000, 0x00000000a0100000, 0x00000000a0100000|100%| O|  |TAMS 0x00000000a0000000| PB 0x00000000a0000000| Untracked 
|   1|0x00000000a0100000, 0x00000000a0200000, 0x00000000a0200000|100%|HS|  |TAMS 0x00000000a0100000| PB 0x00000000a0100000| Complete 
|   2|0x00000000a0200000, 0x00000000a0300000, 0x00000000a0300000|100%|HC|  |TAMS 0x00000000a0200000| PB 0x00000000a0200000| Complete 
|   3|0x00000000a0300000, 0x00000000a0400000, 0x00000000a0400000|100%|HC|  |TAMS 0x00000000a0300000| PB 0x00000000a0300000| Complete 
|   4|0x00000000a0400000, 0x00000000a0400000, 0x00000000a0500000|  0%| F|  |TAMS 0x00000000a0400000| PB 0x00000000a0400000| Untracked 
|   5|0x00000000a0500000, 0x00000000a0600000, 0x00000000a0600000|100%| O|  |TAMS 0x00000000a0500000| PB 0x00000000a0500000| Untracked 
|   6|0x00000000a0600000, 0x00000000a0700000, 0x00000000a0700000|100%| O|  |TAMS 0x00000000a0600000| PB 0x00000000a0600000| Untracked 
|   7|0x00000000a0700000, 0x00000000a0800000, 0x00000000a0800000|100%| O|  |TAMS 0x00000000a0700000| PB 0x00000000a0700000| Untracked 
|   8|0x00000000a0800000, 0x00000000a0900000, 0x00000000a0900000|100%|HS|  |TAMS 0x00000000a0800000| PB 0x00000000a0800000| Complete 
|   9|0x00000000a0900000, 0x00000000a0a00000, 0x00000000a0a00000|100%| O|  |TAMS 0x00000000a0900000| PB 0x00000000a0900000| Untracked 
|  10|0x00000000a0a00000, 0x00000000a0ad4498, 0x00000000a0b00000| 82%| O|  |TAMS 0x00000000a0a00000| PB 0x00000000a0a00000| Untracked 
|  11|0x00000000a0b00000, 0x00000000a0c00000, 0x00000000a0c00000|100%| O|  |TAMS 0x00000000a0b00000| PB 0x00000000a0b00000| Untracked 
|  12|0x00000000a0c00000, 0x00000000a0d00000, 0x00000000a0d00000|100%| O|  |TAMS 0x00000000a0c00000| PB 0x00000000a0c00000| Untracked 
|  13|0x00000000a0d00000, 0x00000000a0e00000, 0x00000000a0e00000|100%| O|  |TAMS 0x00000000a0d00000| PB 0x00000000a0d00000| Untracked 
|  14|0x00000000a0e00000, 0x00000000a0f00000, 0x00000000a0f00000|100%| O|  |TAMS 0x00000000a0e00000| PB 0x00000000a0e00000| Untracked 
|  15|0x00000000a0f00000, 0x00000000a1000000, 0x00000000a1000000|100%| O|  |TAMS 0x00000000a0f00000| PB 0x00000000a0f00000| Untracked 
|  16|0x00000000a1000000, 0x00000000a10be180, 0x00000000a1100000| 74%| O|  |TAMS 0x00000000a1000000| PB 0x00000000a1000000| Untracked 
|  17|0x00000000a1100000, 0x00000000a1100000, 0x00000000a1200000|  0%| F|  |TAMS 0x00000000a1100000| PB 0x00000000a1100000| Untracked 
|  18|0x00000000a1200000, 0x00000000a1200000, 0x00000000a1300000|  0%| F|  |TAMS 0x00000000a1200000| PB 0x00000000a1200000| Untracked 
|  19|0x00000000a1300000, 0x00000000a1300000, 0x00000000a1400000|  0%| F|  |TAMS 0x00000000a1300000| PB 0x00000000a1300000| Untracked 
|  20|0x00000000a1400000, 0x00000000a1400000, 0x00000000a1500000|  0%| F|  |TAMS 0x00000000a1400000| PB 0x00000000a1400000| Untracked 
|  21|0x00000000a1500000, 0x00000000a1500000, 0x00000000a1600000|  0%| F|  |TAMS 0x00000000a1500000| PB 0x00000000a1500000| Untracked 
|  22|0x00000000a1600000, 0x00000000a1600000, 0x00000000a1700000|  0%| F|  |TAMS 0x00000000a1600000| PB 0x00000000a1600000| Untracked 
|  23|0x00000000a1700000, 0x00000000a1700000, 0x00000000a1800000|  0%| F|  |TAMS 0x00000000a1700000| PB 0x00000000a1700000| Untracked 
|  24|0x00000000a1800000, 0x00000000a1800000, 0x00000000a1900000|  0%| F|  |TAMS 0x00000000a1800000| PB 0x00000000a1800000| Untracked 
|  25|0x00000000a1900000, 0x00000000a1900000, 0x00000000a1a00000|  0%| F|  |TAMS 0x00000000a1900000| PB 0x00000000a1900000| Untracked 
|  26|0x00000000a1a00000, 0x00000000a1a00000, 0x00000000a1b00000|  0%| F|  |TAMS 0x00000000a1a00000| PB 0x00000000a1a00000| Untracked 
|  27|0x00000000a1b00000, 0x00000000a1b00000, 0x00000000a1c00000|  0%| F|  |TAMS 0x00000000a1b00000| PB 0x00000000a1b00000| Untracked 
|  28|0x00000000a1c00000, 0x00000000a1c00000, 0x00000000a1d00000|  0%| F|  |TAMS 0x00000000a1c00000| PB 0x00000000a1c00000| Untracked 
|  29|0x00000000a1d00000, 0x00000000a1d00000, 0x00000000a1e00000|  0%| F|  |TAMS 0x00000000a1d00000| PB 0x00000000a1d00000| Untracked 
|  30|0x00000000a1e00000, 0x00000000a1eb21e0, 0x00000000a1f00000| 69%| S|CS|TAMS 0x00000000a1e00000| PB 0x00000000a1e00000| Complete 
|  31|0x00000000a1f00000, 0x00000000a2000000, 0x00000000a2000000|100%| S|CS|TAMS 0x00000000a1f00000| PB 0x00000000a1f00000| Complete 
|  32|0x00000000a2000000, 0x00000000a2100000, 0x00000000a2100000|100%| S|CS|TAMS 0x00000000a2000000| PB 0x00000000a2000000| Complete 
|  33|0x00000000a2100000, 0x00000000a2200000, 0x00000000a2200000|100%| S|CS|TAMS 0x00000000a2100000| PB 0x00000000a2100000| Complete 
|  34|0x00000000a2200000, 0x00000000a2200000, 0x00000000a2300000|  0%| F|  |TAMS 0x00000000a2200000| PB 0x00000000a2200000| Untracked 
|  35|0x00000000a2300000, 0x00000000a2300000, 0x00000000a2400000|  0%| F|  |TAMS 0x00000000a2300000| PB 0x00000000a2300000| Untracked 
|  36|0x00000000a2400000, 0x00000000a2400000, 0x00000000a2500000|  0%| F|  |TAMS 0x00000000a2400000| PB 0x00000000a2400000| Untracked 
|  37|0x00000000a2500000, 0x00000000a2500000, 0x00000000a2600000|  0%| F|  |TAMS 0x00000000a2500000| PB 0x00000000a2500000| Untracked 
|  38|0x00000000a2600000, 0x00000000a2600000, 0x00000000a2700000|  0%| F|  |TAMS 0x00000000a2600000| PB 0x00000000a2600000| Untracked 
|  39|0x00000000a2700000, 0x00000000a2700000, 0x00000000a2800000|  0%| F|  |TAMS 0x00000000a2700000| PB 0x00000000a2700000| Untracked 
|  40|0x00000000a2800000, 0x00000000a2800000, 0x00000000a2900000|  0%| F|  |TAMS 0x00000000a2800000| PB 0x00000000a2800000| Untracked 
|  41|0x00000000a2900000, 0x00000000a2900000, 0x00000000a2a00000|  0%| F|  |TAMS 0x00000000a2900000| PB 0x00000000a2900000| Untracked 
|  42|0x00000000a2a00000, 0x00000000a2a00000, 0x00000000a2b00000|  0%| F|  |TAMS 0x00000000a2a00000| PB 0x00000000a2a00000| Untracked 
|  43|0x00000000a2b00000, 0x00000000a2b00000, 0x00000000a2c00000|  0%| F|  |TAMS 0x00000000a2b00000| PB 0x00000000a2b00000| Untracked 
|  44|0x00000000a2c00000, 0x00000000a2d00000, 0x00000000a2d00000|100%| E|  |TAMS 0x00000000a2c00000| PB 0x00000000a2c00000| Complete 
|  45|0x00000000a2d00000, 0x00000000a2e00000, 0x00000000a2e00000|100%| E|CS|TAMS 0x00000000a2d00000| PB 0x00000000a2d00000| Complete 
|  46|0x00000000a2e00000, 0x00000000a2f00000, 0x00000000a2f00000|100%| E|CS|TAMS 0x00000000a2e00000| PB 0x00000000a2e00000| Complete 
|  47|0x00000000a2f00000, 0x00000000a3000000, 0x00000000a3000000|100%| E|CS|TAMS 0x00000000a2f00000| PB 0x00000000a2f00000| Complete 
|  48|0x00000000a3000000, 0x00000000a3100000, 0x00000000a3100000|100%| E|CS|TAMS 0x00000000a3000000| PB 0x00000000a3000000| Complete 
|  49|0x00000000a3100000, 0x00000000a3200000, 0x00000000a3200000|100%| E|CS|TAMS 0x00000000a3100000| PB 0x00000000a3100000| Complete 
|  50|0x00000000a3200000, 0x00000000a3300000, 0x00000000a3300000|100%| E|CS|TAMS 0x00000000a3200000| PB 0x00000000a3200000| Complete 
|  51|0x00000000a3300000, 0x00000000a3400000, 0x00000000a3400000|100%| E|CS|TAMS 0x00000000a3300000| PB 0x00000000a3300000| Complete 
|  52|0x00000000a3400000, 0x00000000a3500000, 0x00000000a3500000|100%| E|CS|TAMS 0x00000000a3400000| PB 0x00000000a3400000| Complete 
|  53|0x00000000a3500000, 0x00000000a3600000, 0x00000000a3600000|100%| E|CS|TAMS 0x00000000a3500000| PB 0x00000000a3500000| Complete 
|  54|0x00000000a3600000, 0x00000000a3700000, 0x00000000a3700000|100%| E|CS|TAMS 0x00000000a3600000| PB 0x00000000a3600000| Complete 
|  55|0x00000000a3700000, 0x00000000a3800000, 0x00000000a3800000|100%| E|CS|TAMS 0x00000000a3700000| PB 0x00000000a3700000| Complete 
|  56|0x00000000a3800000, 0x00000000a3900000, 0x00000000a3900000|100%| E|CS|TAMS 0x00000000a3800000| PB 0x00000000a3800000| Complete 
|  57|0x00000000a3900000, 0x00000000a3a00000, 0x00000000a3a00000|100%| E|CS|TAMS 0x00000000a3900000| PB 0x00000000a3900000| Complete 
|  58|0x00000000a3a00000, 0x00000000a3b00000, 0x00000000a3b00000|100%| E|CS|TAMS 0x00000000a3a00000| PB 0x00000000a3a00000| Complete 
|  59|0x00000000a3b00000, 0x00000000a3c00000, 0x00000000a3c00000|100%| E|CS|TAMS 0x00000000a3b00000| PB 0x00000000a3b00000| Complete 
|  60|0x00000000a3c00000, 0x00000000a3d00000, 0x00000000a3d00000|100%| E|CS|TAMS 0x00000000a3c00000| PB 0x00000000a3c00000| Complete 
|  61|0x00000000a3d00000, 0x00000000a3e00000, 0x00000000a3e00000|100%| E|CS|TAMS 0x00000000a3d00000| PB 0x00000000a3d00000| Complete 
|  62|0x00000000a3e00000, 0x00000000a3f00000, 0x00000000a3f00000|100%| E|CS|TAMS 0x00000000a3e00000| PB 0x00000000a3e00000| Complete 
|  63|0x00000000a3f00000, 0x00000000a4000000, 0x00000000a4000000|100%| E|CS|TAMS 0x00000000a3f00000| PB 0x00000000a3f00000| Complete 
|  64|0x00000000a4000000, 0x00000000a4100000, 0x00000000a4100000|100%| E|CS|TAMS 0x00000000a4000000| PB 0x00000000a4000000| Complete 
|  65|0x00000000a4100000, 0x00000000a4200000, 0x00000000a4200000|100%| E|CS|TAMS 0x00000000a4100000| PB 0x00000000a4100000| Complete 
|  66|0x00000000a4200000, 0x00000000a4300000, 0x00000000a4300000|100%| E|CS|TAMS 0x00000000a4200000| PB 0x00000000a4200000| Complete 
|  67|0x00000000a4300000, 0x00000000a4400000, 0x00000000a4400000|100%| E|CS|TAMS 0x00000000a4300000| PB 0x00000000a4300000| Complete 
|  68|0x00000000a4400000, 0x00000000a4500000, 0x00000000a4500000|100%| E|CS|TAMS 0x00000000a4400000| PB 0x00000000a4400000| Complete 
|  69|0x00000000a4500000, 0x00000000a4600000, 0x00000000a4600000|100%| E|CS|TAMS 0x00000000a4500000| PB 0x00000000a4500000| Complete 
|  70|0x00000000a4600000, 0x00000000a4700000, 0x00000000a4700000|100%| E|CS|TAMS 0x00000000a4600000| PB 0x00000000a4600000| Complete 
|  71|0x00000000a4700000, 0x00000000a4800000, 0x00000000a4800000|100%| E|CS|TAMS 0x00000000a4700000| PB 0x00000000a4700000| Complete 
|  72|0x00000000a4800000, 0x00000000a4900000, 0x00000000a4900000|100%| E|CS|TAMS 0x00000000a4800000| PB 0x00000000a4800000| Complete 
|  73|0x00000000a4900000, 0x00000000a4a00000, 0x00000000a4a00000|100%| E|CS|TAMS 0x00000000a4900000| PB 0x00000000a4900000| Complete 
|  74|0x00000000a4a00000, 0x00000000a4b00000, 0x00000000a4b00000|100%| E|CS|TAMS 0x00000000a4a00000| PB 0x00000000a4a00000| Complete 
|  75|0x00000000a4b00000, 0x00000000a4c00000, 0x00000000a4c00000|100%| E|CS|TAMS 0x00000000a4b00000| PB 0x00000000a4b00000| Complete 
|  76|0x00000000a4c00000, 0x00000000a4d00000, 0x00000000a4d00000|100%| E|CS|TAMS 0x00000000a4c00000| PB 0x00000000a4c00000| Complete 
| 384|0x00000000b8000000, 0x00000000b8100000, 0x00000000b8100000|100%| E|CS|TAMS 0x00000000b8000000| PB 0x00000000b8000000| Complete 
| 385|0x00000000b8100000, 0x00000000b8200000, 0x00000000b8200000|100%| E|CS|TAMS 0x00000000b8100000| PB 0x00000000b8100000| Complete 
| 386|0x00000000b8200000, 0x00000000b8300000, 0x00000000b8300000|100%| E|CS|TAMS 0x00000000b8200000| PB 0x00000000b8200000| Complete 
| 387|0x00000000b8300000, 0x00000000b8400000, 0x00000000b8400000|100%| E|CS|TAMS 0x00000000b8300000| PB 0x00000000b8300000| Complete 
| 388|0x00000000b8400000, 0x00000000b8500000, 0x00000000b8500000|100%| E|CS|TAMS 0x00000000b8400000| PB 0x00000000b8400000| Complete 
| 389|0x00000000b8500000, 0x00000000b8600000, 0x00000000b8600000|100%| E|CS|TAMS 0x00000000b8500000| PB 0x00000000b8500000| Complete 
| 390|0x00000000b8600000, 0x00000000b8700000, 0x00000000b8700000|100%| E|CS|TAMS 0x00000000b8600000| PB 0x00000000b8600000| Complete 
| 391|0x00000000b8700000, 0x00000000b8800000, 0x00000000b8800000|100%| E|CS|TAMS 0x00000000b8700000| PB 0x00000000b8700000| Complete 
| 392|0x00000000b8800000, 0x00000000b8900000, 0x00000000b8900000|100%| E|CS|TAMS 0x00000000b8800000| PB 0x00000000b8800000| Complete 
| 393|0x00000000b8900000, 0x00000000b8a00000, 0x00000000b8a00000|100%| E|CS|TAMS 0x00000000b8900000| PB 0x00000000b8900000| Complete 
| 394|0x00000000b8a00000, 0x00000000b8b00000, 0x00000000b8b00000|100%| E|CS|TAMS 0x00000000b8a00000| PB 0x00000000b8a00000| Complete 
| 395|0x00000000b8b00000, 0x00000000b8c00000, 0x00000000b8c00000|100%| E|CS|TAMS 0x00000000b8b00000| PB 0x00000000b8b00000| Complete 
| 396|0x00000000b8c00000, 0x00000000b8d00000, 0x00000000b8d00000|100%| E|CS|TAMS 0x00000000b8c00000| PB 0x00000000b8c00000| Complete 
| 397|0x00000000b8d00000, 0x00000000b8e00000, 0x00000000b8e00000|100%| E|CS|TAMS 0x00000000b8d00000| PB 0x00000000b8d00000| Complete 
| 398|0x00000000b8e00000, 0x00000000b8f00000, 0x00000000b8f00000|100%| E|CS|TAMS 0x00000000b8e00000| PB 0x00000000b8e00000| Complete 
| 507|0x00000000bfb00000, 0x00000000bfc00000, 0x00000000bfc00000|100%| E|CS|TAMS 0x00000000bfb00000| PB 0x00000000bfb00000| Complete 
| 508|0x00000000bfc00000, 0x00000000bfd00000, 0x00000000bfd00000|100%| E|CS|TAMS 0x00000000bfc00000| PB 0x00000000bfc00000| Complete 
| 509|0x00000000bfd00000, 0x00000000bfe00000, 0x00000000bfe00000|100%| E|CS|TAMS 0x00000000bfd00000| PB 0x00000000bfd00000| Complete 
|1528|0x00000000ff800000, 0x00000000ff900000, 0x00000000ff900000|100%| O|  |TAMS 0x00000000ff800000| PB 0x00000000ff800000| Untracked 
|1529|0x00000000ff900000, 0x00000000ffa00000, 0x00000000ffa00000|100%| O|  |TAMS 0x00000000ff900000| PB 0x00000000ff900000| Untracked 
|1530|0x00000000ffa00000, 0x00000000ffb00000, 0x00000000ffb00000|100%| O|  |TAMS 0x00000000ffa00000| PB 0x00000000ffa00000| Untracked 
|1531|0x00000000ffb00000, 0x00000000ffc00000, 0x00000000ffc00000|100%| O|  |TAMS 0x00000000ffb00000| PB 0x00000000ffb00000| Untracked 
|1532|0x00000000ffc00000, 0x00000000ffd00000, 0x00000000ffd00000|100%| O|  |TAMS 0x00000000ffc00000| PB 0x00000000ffc00000| Untracked 
|1533|0x00000000ffd00000, 0x00000000ffe00000, 0x00000000ffe00000|100%| O|  |TAMS 0x00000000ffd00000| PB 0x00000000ffd00000| Untracked 
|1534|0x00000000ffe00000, 0x00000000fff00000, 0x00000000fff00000|100%| O|  |TAMS 0x00000000ffe00000| PB 0x00000000ffe00000| Untracked 
|1535|0x00000000fff00000, 0x0000000100000000, 0x0000000100000000|100%| O|  |TAMS 0x00000000fff00000| PB 0x00000000fff00000| Untracked 

Card table byte_map: [0x0000020e71230000,0x0000020e71530000] _byte_map_base: 0x0000020e70d30000

Marking Bits: (CMBitMap*) 0x0000020e5ca183a0
 Bits: [0x0000020e71530000, 0x0000020e72d30000)

Polling page: 0x0000020e614a0000

Metaspace:

Usage:
  Non-class:     25.37 MB used.
      Class:      4.53 MB used.
       Both:     29.90 MB used.

Virtual space:
  Non-class space:       64.00 MB reserved,      26.00 MB ( 41%) committed,  1 nodes.
      Class space:        1.00 GB reserved,       5.12 MB ( <1%) committed,  1 nodes.
             Both:        1.06 GB reserved,      31.12 MB (  3%) committed. 

Chunk freelists:
   Non-Class:  5.95 MB
       Class:  10.70 MB
        Both:  16.65 MB

MaxMetaspaceSize: unlimited
CompressedClassSpaceSize: 1.00 GB
Initial GC threshold: 21.00 MB
Current GC threshold: 35.44 MB
CDS: on
 - commit_granule_bytes: 65536.
 - commit_granule_words: 8192.
 - virtual_space_node_default_size: 8388608.
 - enlarge_chunks_in_place: 1.
 - use_allocation_guard: 0.


Internal statistics:

num_allocs_failed_limit: 3.
num_arena_births: 2170.
num_arena_deaths: 0.
num_vsnodes_births: 2.
num_vsnodes_deaths: 0.
num_space_committed: 498.
num_space_uncommitted: 0.
num_chunks_returned_to_freelist: 3.
num_chunks_taken_from_freelist: 3634.
num_chunk_merges: 3.
num_chunk_splits: 2335.
num_chunks_enlarged: 1433.
num_inconsistent_stats: 0.

CodeHeap 'non-profiled nmethods': size=120000Kb used=3220Kb max_used=3220Kb free=116779Kb
 bounds [0x0000020e68f90000, 0x0000020e692c0000, 0x0000020e704c0000]
CodeHeap 'profiled nmethods': size=120000Kb used=9717Kb max_used=9717Kb free=110282Kb
 bounds [0x0000020e614c0000, 0x0000020e61e40000, 0x0000020e689f0000]
CodeHeap 'non-nmethods': size=5760Kb used=1439Kb max_used=1512Kb free=4320Kb
 bounds [0x0000020e689f0000, 0x0000020e68c60000, 0x0000020e68f90000]
CodeCache: size=245760Kb, used=14376Kb, max_used=14449Kb, free=231381Kb
 total_blobs=5434, nmethods=4841, adapters=497, full_count=0
Compilation: enabled, stopped_count=0, restarted_count=0

Compilation events (20 events):
Event: 2324.189 Thread 0x0000020e7592bd50 nmethod 4846 0x0000020e692aa110 code [0x0000020e692aa480, 0x0000020e692ac0d0]
Event: 2332.359 Thread 0x0000020e759373b0 4847       3       java.io.FileInputStream::<init> (107 bytes)
Event: 2332.361 Thread 0x0000020e759373b0 nmethod 4847 0x0000020e61e3a310 code [0x0000020e61e3a580, 0x0000020e61e3aeb0]
Event: 2341.541 Thread 0x0000020e759373b0 4848   !   3       org.gradle.cache.internal.DefaultFileLockManager$AwaitableFileLockReleasedSignal::trigger (50 bytes)
Event: 2341.543 Thread 0x0000020e759373b0 nmethod 4848 0x0000020e61e3b210 code [0x0000020e61e3b4c0, 0x0000020e61e3c190]
Event: 2342.456 Thread 0x0000020e759373b0 4849       3       org.gradle.launcher.daemon.registry.DaemonRegistryContent$Serializer::read (6 bytes)
Event: 2342.456 Thread 0x0000020e759373b0 nmethod 4849 0x0000020e61e3c710 code [0x0000020e61e3c8c0, 0x0000020e61e3ca18]
Event: 2342.456 Thread 0x0000020e759373b0 4850       3       org.gradle.launcher.daemon.registry.DaemonRegistryContent$Serializer::read (43 bytes)
Event: 2342.457 Thread 0x0000020e759373b0 nmethod 4850 0x0000020e61e3cb10 code [0x0000020e61e3cd20, 0x0000020e61e3d280]
Event: 2349.846 Thread 0x0000020e7592bd50 4851       4       java.util.concurrent.locks.AbstractQueuedSynchronizer$ConditionObject::await (202 bytes)
Event: 2349.928 Thread 0x0000020e7592bd50 nmethod 4851 0x0000020e692ad190 code [0x0000020e692ad4a0, 0x0000020e692aeb78]
Event: 11690.329 Thread 0x0000020e7592bd50 4852       4       java.util.stream.AbstractPipeline::<init> (91 bytes)
Event: 11690.337 Thread 0x0000020e7592bd50 nmethod 4852 0x0000020e692af890 code [0x0000020e692afa40, 0x0000020e692afee0]
Event: 11696.359 Thread 0x0000020e7592bd50 4853       4       java.util.ArrayList$ArrayListSpliterator::forEachRemaining (127 bytes)
Event: 11696.404 Thread 0x0000020e7592bd50 nmethod 4853 0x0000020e692b0010 code [0x0000020e692b0220, 0x0000020e692b0ce0]
Event: 11696.405 Thread 0x0000020e7592bd50 4855       4       sun.management.ManagementFactoryHelper::getMemoryPoolMXBeans (51 bytes)
Event: 11696.441 Thread 0x0000020e7592bd50 nmethod 4855 0x0000020e692b1290 code [0x0000020e692b1480, 0x0000020e692b2060]
Event: 11696.441 Thread 0x0000020e7592bd50 4854       4       java.lang.management.DefaultPlatformMBeanProvider$6::nameToMBeanMap (85 bytes)
Event: 11696.544 Thread 0x0000020e7592bd50 nmethod 4854 0x0000020e692b2490 code [0x0000020e692b2780, 0x0000020e692b3ab8]
Event: 11696.545 Thread 0x0000020e7592bd50 4856   !   4       org.gradle.launcher.daemon.server.health.gc.GarbageCollectionCheck::run (213 bytes)

GC Heap History (16 events):
Event: 46.004 GC heap before
{Heap before GC invocations=0 (full 0):
 garbage-first heap   total 522240K, used 24576K [0x00000000a0000000, 0x0000000100000000)
  region size 1024K, 25 young (25600K), 0 survivors (0K)
 Metaspace       used 1106K, committed 1216K, reserved 1114112K
  class space    used 81K, committed 128K, reserved 1048576K
}
Event: 47.726 GC heap after
{Heap after GC invocations=1 (full 0):
 garbage-first heap   total 522240K, used 4445K [0x00000000a0000000, 0x0000000100000000)
  region size 1024K, 4 young (4096K), 4 survivors (4096K)
 Metaspace       used 1106K, committed 1216K, reserved 1114112K
  class space    used 81K, committed 128K, reserved 1048576K
}
Event: 131.966 GC heap before
{Heap before GC invocations=1 (full 0):
 garbage-first heap   total 522240K, used 42333K [0x00000000a0000000, 0x0000000100000000)
  region size 1024K, 38 young (38912K), 4 survivors (4096K)
 Metaspace       used 4410K, committed 4608K, reserved 1114112K
  class space    used 551K, committed 640K, reserved 1048576K
}
Event: 131.974 GC heap after
{Heap after GC invocations=2 (full 0):
 garbage-first heap   total 522240K, used 11629K [0x00000000a0000000, 0x0000000100000000)
  region size 1024K, 4 young (4096K), 4 survivors (4096K)
 Metaspace       used 4410K, committed 4608K, reserved 1114112K
  class space    used 551K, committed 640K, reserved 1048576K
}
Event: 336.608 GC heap before
{Heap before GC invocations=2 (full 0):
 garbage-first heap   total 522240K, used 60781K [0x00000000a0000000, 0x0000000100000000)
  region size 1024K, 50 young (51200K), 4 survivors (4096K)
 Metaspace       used 5504K, committed 5760K, reserved 1114112K
  class space    used 727K, committed 832K, reserved 1048576K
}
Event: 336.623 GC heap after
{Heap after GC invocations=3 (full 0):
 garbage-first heap   total 522240K, used 17233K [0x00000000a0000000, 0x0000000100000000)
  region size 1024K, 7 young (7168K), 7 survivors (7168K)
 Metaspace       used 5504K, committed 5760K, reserved 1114112K
  class space    used 727K, committed 832K, reserved 1048576K
}
Event: 630.811 GC heap before
{Heap before GC invocations=3 (full 0):
 garbage-first heap   total 522240K, used 122705K [0x00000000a0000000, 0x0000000100000000)
  region size 1024K, 111 young (113664K), 7 survivors (7168K)
 Metaspace       used 20813K, committed 21504K, reserved 1114112K
  class space    used 3021K, committed 3392K, reserved 1048576K
}
Event: 630.841 GC heap after
{Heap after GC invocations=4 (full 0):
 garbage-first heap   total 522240K, used 25182K [0x00000000a0000000, 0x0000000100000000)
  region size 1024K, 15 young (15360K), 15 survivors (15360K)
 Metaspace       used 20813K, committed 21504K, reserved 1114112K
  class space    used 3021K, committed 3392K, reserved 1048576K
}
Event: 642.089 GC heap before
{Heap before GC invocations=5 (full 0):
 garbage-first heap   total 86016K, used 84574K [0x00000000a0000000, 0x0000000100000000)
  region size 1024K, 74 young (75776K), 15 survivors (15360K)
 Metaspace       used 27923K, committed 29056K, reserved 1114112K
  class space    used 4218K, committed 4800K, reserved 1048576K
}
Event: 642.130 GC heap after
{Heap after GC invocations=6 (full 0):
 garbage-first heap   total 105472K, used 28005K [0x00000000a0000000, 0x0000000100000000)
  region size 1024K, 11 young (11264K), 11 survivors (11264K)
 Metaspace       used 27923K, committed 29056K, reserved 1114112K
  class space    used 4218K, committed 4800K, reserved 1048576K
}
Event: 1021.428 GC heap before
{Heap before GC invocations=6 (full 0):
 garbage-first heap   total 105472K, used 79205K [0x00000000a0000000, 0x0000000100000000)
  region size 1024K, 61 young (62464K), 11 survivors (11264K)
 Metaspace       used 30188K, committed 31424K, reserved 1114112K
  class space    used 4583K, committed 5184K, reserved 1048576K
}
Event: 1021.543 GC heap after
{Heap after GC invocations=7 (full 0):
 garbage-first heap   total 105472K, used 28233K [0x00000000a0000000, 0x0000000100000000)
  region size 1024K, 4 young (4096K), 4 survivors (4096K)
 Metaspace       used 30188K, committed 31424K, reserved 1114112K
  class space    used 4583K, committed 5184K, reserved 1048576K
}
Event: 1597.589 GC heap before
{Heap before GC invocations=7 (full 0):
 garbage-first heap   total 105472K, used 85577K [0x00000000a0000000, 0x0000000100000000)
  region size 1024K, 61 young (62464K), 4 survivors (4096K)
 Metaspace       used 30217K, committed 31488K, reserved 1114112K
  class space    used 4583K, committed 5184K, reserved 1048576K
}
Event: 1597.629 GC heap after
{Heap after GC invocations=8 (full 0):
 garbage-first heap   total 105472K, used 28076K [0x00000000a0000000, 0x0000000100000000)
  region size 1024K, 4 young (4096K), 4 survivors (4096K)
 Metaspace       used 30217K, committed 31488K, reserved 1114112K
  class space    used 4583K, committed 5184K, reserved 1048576K
}
Event: 2030.374 GC heap before
{Heap before GC invocations=8 (full 0):
 garbage-first heap   total 105472K, used 86444K [0x00000000a0000000, 0x0000000100000000)
  region size 1024K, 61 young (62464K), 4 survivors (4096K)
 Metaspace       used 30304K, committed 31488K, reserved 1114112K
  class space    used 4583K, committed 5184K, reserved 1048576K
}
Event: 2030.420 GC heap after
{Heap after GC invocations=9 (full 0):
 garbage-first heap   total 105472K, used 27921K [0x00000000a0000000, 0x0000000100000000)
  region size 1024K, 4 young (4096K), 4 survivors (4096K)
 Metaspace       used 30304K, committed 31488K, reserved 1114112K
  class space    used 4583K, committed 5184K, reserved 1048576K
}

Dll operation events (20 events):
Event: 9.543 Attempting to load shared library C:\Users\Dawit.DAWITA\.vscode\extensions\redhat.java-1.56.0-win32-x64\jre\21.0.12.1-win32-x86_64\bin\nio.dll
Event: 9.545 Loaded shared library C:\Users\Dawit.DAWITA\.vscode\extensions\redhat.java-1.56.0-win32-x64\jre\21.0.12.1-win32-x86_64\bin\nio.dll
Event: 9.574 Attempting to load shared library C:\Users\Dawit.DAWITA\.vscode\extensions\redhat.java-1.56.0-win32-x64\jre\21.0.12.1-win32-x86_64\bin\zip.dll
Event: 9.574 Loaded shared library C:\Users\Dawit.DAWITA\.vscode\extensions\redhat.java-1.56.0-win32-x64\jre\21.0.12.1-win32-x86_64\bin\zip.dll
Event: 35.641 Attempting to load shared library C:\Users\Dawit.DAWITA\.vscode\extensions\redhat.java-1.56.0-win32-x64\jre\21.0.12.1-win32-x86_64\bin\jimage.dll
Event: 35.642 Loaded shared library C:\Users\Dawit.DAWITA\.vscode\extensions\redhat.java-1.56.0-win32-x64\jre\21.0.12.1-win32-x86_64\bin\jimage.dll
Event: 55.353 Attempting to load shared library C:\Users\Dawit.DAWITA\.vscode\extensions\redhat.java-1.56.0-win32-x64\jre\21.0.12.1-win32-x86_64\bin\verify.dll
Event: 55.354 Loaded shared library C:\Users\Dawit.DAWITA\.vscode\extensions\redhat.java-1.56.0-win32-x64\jre\21.0.12.1-win32-x86_64\bin\verify.dll
Event: 81.431 Attempting to load shared library C:\Users\Dawit.DAWITA\.gradle\native\c067742578af261105cb4f569cf0c3c89f3d7b1fecec35dd04571415982c5e48\windows-amd64\native-platform.dll
Event: 81.486 Loaded shared library C:\Users\Dawit.DAWITA\.gradle\native\c067742578af261105cb4f569cf0c3c89f3d7b1fecec35dd04571415982c5e48\windows-amd64\native-platform.dll
Event: 81.824 Attempting to load shared library C:\Users\Dawit.DAWITA\.gradle\native\100fb08df4bc3b14c8652ba06237920a3bd2aa13389f12d3474272988ae205f9\windows-amd64\native-platform-file-events.dll
Event: 81.867 Loaded shared library C:\Users\Dawit.DAWITA\.gradle\native\100fb08df4bc3b14c8652ba06237920a3bd2aa13389f12d3474272988ae205f9\windows-amd64\native-platform-file-events.dll
Event: 345.112 Attempting to load shared library C:\Users\Dawit.DAWITA\.vscode\extensions\redhat.java-1.56.0-win32-x64\jre\21.0.12.1-win32-x86_64\bin\management.dll
Event: 345.118 Loaded shared library C:\Users\Dawit.DAWITA\.vscode\extensions\redhat.java-1.56.0-win32-x64\jre\21.0.12.1-win32-x86_64\bin\management.dll
Event: 345.395 Attempting to load shared library C:\Users\Dawit.DAWITA\.vscode\extensions\redhat.java-1.56.0-win32-x64\jre\21.0.12.1-win32-x86_64\bin\management_ext.dll
Event: 345.486 Loaded shared library C:\Users\Dawit.DAWITA\.vscode\extensions\redhat.java-1.56.0-win32-x64\jre\21.0.12.1-win32-x86_64\bin\management_ext.dll
Event: 375.706 Attempting to load shared library C:\Users\Dawit.DAWITA\.vscode\extensions\redhat.java-1.56.0-win32-x64\jre\21.0.12.1-win32-x86_64\bin\extnet.dll
Event: 376.099 Loaded shared library C:\Users\Dawit.DAWITA\.vscode\extensions\redhat.java-1.56.0-win32-x64\jre\21.0.12.1-win32-x86_64\bin\extnet.dll
Event: 600.312 Attempting to load shared library C:\Users\Dawit.DAWITA\.vscode\extensions\redhat.java-1.56.0-win32-x64\jre\21.0.12.1-win32-x86_64\bin\sunmscapi.dll
Event: 600.839 Loaded shared library C:\Users\Dawit.DAWITA\.vscode\extensions\redhat.java-1.56.0-win32-x64\jre\21.0.12.1-win32-x86_64\bin\sunmscapi.dll

Deoptimization events (20 events):
Event: 2315.491 Thread 0x0000020e7a15e260 Uncommon trap: trap_request=0xffffff3d fr.pc=0x0000020e690919d0 relative=0x0000000000000310
Event: 2315.496 Thread 0x0000020e7a15e260 Uncommon trap: reason=unstable_fused_if action=reinterpret pc=0x0000020e690919d0 method=java.lang.CharacterDataLatin1.equalsIgnoreCase(BB)Z @ 16 c2
Event: 2315.496 Thread 0x0000020e7a15e260 DEOPT PACKING pc=0x0000020e690919d0 sp=0x0000001a70ffa1c0
Event: 2315.496 Thread 0x0000020e7a15e260 DEOPT UNPACKING pc=0x0000020e68a44422 sp=0x0000001a70ffa018 mode 2
Event: 2320.686 Thread 0x0000020e7a15e260 Uncommon trap: trap_request=0xffffff45 fr.pc=0x0000020e6926d618 relative=0x0000000000000618
Event: 2320.686 Thread 0x0000020e7a15e260 Uncommon trap: reason=unstable_if action=reinterpret pc=0x0000020e6926d618 method=java.util.HashSet.remove(Ljava/lang/Object;)Z @ 11 c2
Event: 2320.686 Thread 0x0000020e7a15e260 DEOPT PACKING pc=0x0000020e6926d618 sp=0x0000001a70ffa840
Event: 2320.686 Thread 0x0000020e7a15e260 DEOPT UNPACKING pc=0x0000020e68a44422 sp=0x0000001a70ffa838 mode 2
Event: 11689.012 Thread 0x0000020e7a15e260 Uncommon trap: trap_request=0xffffff45 fr.pc=0x0000020e692a9984 relative=0x0000000000000164
Event: 11689.012 Thread 0x0000020e7a15e260 Uncommon trap: reason=unstable_if action=reinterpret pc=0x0000020e692a9984 method=org.gradle.internal.time.DefaultCountdownTimer.hasExpired()Z @ 6 c2
Event: 11689.012 Thread 0x0000020e7a15e260 DEOPT PACKING pc=0x0000020e692a9984 sp=0x0000001a70ff9de0
Event: 11689.012 Thread 0x0000020e7a15e260 DEOPT UNPACKING pc=0x0000020e68a44422 sp=0x0000001a70ff9d98 mode 2
Event: 11690.134 Thread 0x0000020e7a15e260 Uncommon trap: trap_request=0xffffff45 fr.pc=0x0000020e6928a708 relative=0x0000000000004e68
Event: 11690.290 Thread 0x0000020e7a15e260 Uncommon trap: reason=unstable_if action=reinterpret pc=0x0000020e6928a708 method=org.gradle.internal.time.ExponentialBackoff.retryUntil(Lorg/gradle/internal/time/ExponentialBackoff$Query;)Ljava/lang/Object; @ 25 c2
Event: 11690.290 Thread 0x0000020e7a15e260 DEOPT PACKING pc=0x0000020e6928a708 sp=0x0000001a70ff9e30
Event: 11690.290 Thread 0x0000020e7a15e260 DEOPT UNPACKING pc=0x0000020e68a44422 sp=0x0000001a70ff9e78 mode 2
Event: 11696.326 Thread 0x0000020e7a15e260 Uncommon trap: trap_request=0xffffffde fr.pc=0x0000020e69166d34 relative=0x00000000000002f4
Event: 11696.327 Thread 0x0000020e7a15e260 Uncommon trap: reason=class_check action=maybe_recompile pc=0x0000020e69166d34 method=java.util.Collections$SetFromMap.remove(Ljava/lang/Object;)Z @ 5 c2
Event: 11696.327 Thread 0x0000020e7a15e260 DEOPT PACKING pc=0x0000020e69166d34 sp=0x0000001a70ffb010
Event: 11696.329 Thread 0x0000020e7a15e260 DEOPT UNPACKING pc=0x0000020e68a44422 sp=0x0000001a70ffafe8 mode 2

Classes loaded (20 events):
Event: 644.714 Loading class java/nio/file/FileTreeWalker$DirectoryNode
Event: 644.714 Loading class java/nio/file/FileTreeWalker$DirectoryNode done
Event: 644.715 Loading class java/nio/file/FileTreeWalker$Event
Event: 644.715 Loading class java/nio/file/FileTreeWalker$Event done
Event: 644.715 Loading class java/nio/file/FileTreeWalker$EventType
Event: 644.715 Loading class java/nio/file/FileTreeWalker$EventType done
Event: 644.718 Loading class java/nio/file/Files$3
Event: 644.719 Loading class java/nio/file/Files$3 done
Event: 644.723 Loading class java/nio/file/FileVisitResult
Event: 644.724 Loading class java/nio/file/FileVisitResult done
Event: 644.922 Loading class java/nio/charset/CharacterCodingException
Event: 644.922 Loading class java/nio/charset/CharacterCodingException done
Event: 645.410 Loading class java/util/stream/IntStream
Event: 645.411 Loading class java/util/stream/IntStream done
Event: 645.411 Loading class java/util/stream/Streams$RangeIntSpliterator
Event: 645.443 Loading class java/util/stream/Streams$RangeIntSpliterator done
Event: 645.443 Loading class java/util/stream/IntPipeline$Head
Event: 645.444 Loading class java/util/stream/IntPipeline
Event: 645.444 Loading class java/util/stream/IntPipeline done
Event: 645.445 Loading class java/util/stream/IntPipeline$Head done

Classes unloaded (0 events):
No events

Classes redefined (0 events):
No events

Internal exceptions (20 events):
Event: 642.078 Thread 0x0000020e7a15e260 Exception <a 'java/lang/NoSuchMethodError'{0x00000000a09e9cf8}: 'java.lang.Object java.lang.invoke.Invokers$Holder.linkToTargetMethod(java.lang.Object, java.lang.Object, java.lang.Object, java.lang.Object, java.lang.Object, java.lang.Object, java.lang.Object, java.lang.Object, java.lang.Object, java.lang.Object, java.lang.Object, java.lang.Object)'> (0x00000000a09e9cf8) 
thrown [s\src\hotspot\share\interpreter\linkResolver.cpp, line 773]
Event: 642.226 Thread 0x0000020e7a15e260 Exception <a 'java/lang/NoSuchMethodError'{0x00000000bfd522a8}: 'java.lang.Object java.lang.invoke.DirectMethodHandle$Holder.newInvokeSpecial(java.lang.Object, java.lang.Object, java.lang.Object, java.lang.Object, java.lang.Object, java.lang.Object, java.lang.Object, java.lang.Object, java.lang.Object, java.lang.Object, java.lang.Object, java.lang.Object, java.lang.Object, java.lang.Object, java.lang.Object)'> (0x00000000bfd522a8) 
thrown [s\src\hotspot\share\interpreter\linkResolver.cpp, line 773]
Event: 642.228 Thread 0x0000020e7a15e260 Exception <a 'java/lang/NoSuchMethodError'{0x00000000bfd583d8}: 'java.lang.Object java.lang.invoke.DirectMethodHandle$Holder.invokeSpecial(java.lang.Object, java.lang.Object, java.lang.Object, java.lang.Object, java.lang.Object, java.lang.Object, java.lang.Object, java.lang.Object, java.lang.Object, java.lang.Object, java.lang.Object, java.lang.Object, java.lang.Object, java.lang.Object, java.lang.Object, java.lang.Object)'> (0x00000000bfd583d8) 
thrown [s\src\hotspot\share\interpreter\linkResolver.cpp, li
Event: 642.228 Thread 0x0000020e7a15e260 Exception <a 'java/lang/NoSuchMethodError'{0x00000000bfd5d658}: 'java.lang.Object java.lang.invoke.DelegatingMethodHandle$Holder.reinvoke_L(java.lang.Object, java.lang.Object, java.lang.Object, java.lang.Object, java.lang.Object, java.lang.Object, java.lang.Object, java.lang.Object, java.lang.Object, java.lang.Object, java.lang.Object, java.lang.Object, java.lang.Object, java.lang.Object, java.lang.Object)'> (0x00000000bfd5d658) 
thrown [s\src\hotspot\share\interpreter\linkResolver.cpp, line 773]
Event: 642.309 Thread 0x0000020e7a15e260 Exception <a 'java/lang/NoSuchMethodError'{0x00000000bfb9f980}: 'java.lang.Object java.lang.invoke.DelegatingMethodHandle$Holder.reinvoke_L(java.lang.Object, java.lang.Object, java.lang.Object, java.lang.Object, java.lang.Object, java.lang.Object, java.lang.Object, java.lang.Object, java.lang.Object, java.lang.Object, java.lang.Object, java.lang.Object, java.lang.Object, java.lang.Object, java.lang.Object, java.lang.Object, java.lang.Object, java.lang.Object, java.lang.Object, java.lang.Object, java.lang.O
Event: 642.350 Thread 0x0000020e7a15e260 Exception <a 'java/lang/NoSuchMethodError'{0x00000000b8e9e5f8}: 'java.lang.Object java.lang.invoke.DirectMethodHandle$Holder.invokeStatic(java.lang.Object, java.lang.Object, java.lang.Object, java.lang.Object, java.lang.Object, java.lang.Object, java.lang.Object, java.lang.Object, java.lang.Object, java.lang.Object, java.lang.Object, java.lang.Object, java.lang.Object, java.lang.Object, java.lang.Object, java.lang.Object, java.lang.Object, java.lang.Object, java.lang.Object, java.lang.Object, java.lang.Obj
Event: 642.353 Thread 0x0000020e7a15e260 Exception <a 'java/lang/NoSuchMethodError'{0x00000000b8ed3510}: 'java.lang.Object java.lang.invoke.DirectMethodHandle$Holder.invokeStatic(java.lang.Object, java.lang.Object, java.lang.Object, java.lang.Object, java.lang.Object, java.lang.Object, java.lang.Object, java.lang.Object, java.lang.Object, java.lang.Object, java.lang.Object, java.lang.Object, java.lang.Object, java.lang.Object, java.lang.Object, java.lang.Object, java.lang.Object, java.lang.Object, java.lang.Object, java.lang.Object, java.lang.Obj
Event: 642.377 Thread 0x0000020e7a15e260 Exception <a 'java/lang/NoSuchMethodError'{0x00000000b8d0a788}: 'java.lang.Object java.lang.invoke.DirectMethodHandle$Holder.invokeStatic(java.lang.Object, java.lang.Object, java.lang.Object, java.lang.Object, java.lang.Object, java.lang.Object, java.lang.Object, java.lang.Object, java.lang.Object, java.lang.Object, java.lang.Object, java.lang.Object, java.lang.Object, java.lang.Object, java.lang.Object, java.lang.Object, java.lang.Object, java.lang.Object, java.lang.Object, java.lang.Object, java.lang.Obj
Event: 642.475 Thread 0x0000020e7a15e260 Exception <a 'java/lang/NoSuchMethodError'{0x00000000b8c8da70}: 'java.lang.Object java.lang.invoke.DirectMethodHandle$Holder.newInvokeSpecial(java.lang.Object, java.lang.Object, java.lang.Object, java.lang.Object, java.lang.Object, java.lang.Object, java.lang.Object, java.lang.Object, java.lang.Object, java.lang.Object, java.lang.Object, java.lang.Object, java.lang.Object, java.lang.Object, java.lang.Object, java.lang.Object, java.lang.Object, java.lang.Object, java.lang.Object)'> (0x00000000b8c8da70) 
thr
Event: 642.475 Thread 0x0000020e7a15e260 Exception <a 'java/lang/NoSuchMethodError'{0x00000000b8c94440}: 'java.lang.Object java.lang.invoke.DirectMethodHandle$Holder.invokeSpecial(java.lang.Object, java.lang.Object, java.lang.Object, java.lang.Object, java.lang.Object, java.lang.Object, java.lang.Object, java.lang.Object, java.lang.Object, java.lang.Object, java.lang.Object, java.lang.Object, java.lang.Object, java.lang.Object, java.lang.Object, java.lang.Object, java.lang.Object, java.lang.Object, java.lang.Object, java.lang.Object)'> (0x0000000
Event: 642.476 Thread 0x0000020e7a15e260 Exception <a 'java/lang/NoSuchMethodError'{0x00000000b8c999e0}: 'java.lang.Object java.lang.invoke.DelegatingMethodHandle$Holder.reinvoke_L(java.lang.Object, java.lang.Object, java.lang.Object, java.lang.Object, java.lang.Object, java.lang.Object, java.lang.Object, java.lang.Object, java.lang.Object, java.lang.Object, java.lang.Object, java.lang.Object, java.lang.Object, java.lang.Object, java.lang.Object, java.lang.Object, java.lang.Object, java.lang.Object, java.lang.Object)'> (0x00000000b8c999e0) 
throw
Event: 643.797 Thread 0x0000020e7a15e260 Exception <a 'java/lang/IncompatibleClassChangeError'{0x00000000b868eb00}: Found class java.lang.Object, but interface was expected> (0x00000000b868eb00) 
thrown [s\src\hotspot\share\interpreter\linkResolver.cpp, line 840]
Event: 644.353 Thread 0x0000020e7a15e260 Exception <a 'java/lang/NoSuchMethodError'{0x00000000b85916f8}: 'java.lang.Object java.lang.invoke.DirectMethodHandle$Holder.newInvokeSpecial(java.lang.Object, java.lang.Object, long)'> (0x00000000b85916f8) 
thrown [s\src\hotspot\share\interpreter\linkResolver.cpp, line 773]
Event: 644.353 Thread 0x0000020e7a15e260 Exception <a 'java/lang/NoSuchMethodError'{0x00000000b8595a30}: 'java.lang.Object java.lang.invoke.Invokers$Holder.linkToTargetMethod(java.lang.Object, long, java.lang.Object)'> (0x00000000b8595a30) 
thrown [s\src\hotspot\share\interpreter\linkResolver.cpp, line 773]
Event: 645.347 Thread 0x0000020e7a15e260 Exception <a 'java/lang/NoSuchMethodError'{0x00000000b8210760}: 'int java.lang.invoke.DirectMethodHandle$Holder.invokeInterface(java.lang.Object, java.lang.Object)'> (0x00000000b8210760) 
thrown [s\src\hotspot\share\interpreter\linkResolver.cpp, line 773]
Event: 645.405 Thread 0x0000020e7a15e260 Exception <a 'java/lang/NoSuchMethodError'{0x00000000b827e150}: 'java.lang.Object java.lang.invoke.DirectMethodHandle$Holder.invokeVirtual(java.lang.Object, java.lang.Object, int)'> (0x00000000b827e150) 
thrown [s\src\hotspot\share\interpreter\linkResolver.cpp, line 773]
Event: 2315.957 Thread 0x0000020e7a15e260 Exception <a 'java/lang/NoSuchMethodError'{0x00000000a3e316a8}: 'java.lang.Object java.lang.invoke.DirectMethodHandle$Holder.invokeStatic(java.lang.Object, java.lang.Object, int, java.lang.Object)'> (0x00000000a3e316a8) 
thrown [s\src\hotspot\share\interpreter\linkResolver.cpp, line 773]
Event: 2316.046 Thread 0x0000020e7a15e260 Exception <a 'java/lang/NoSuchMethodError'{0x00000000a3e38a90}: 'java.lang.Object java.lang.invoke.DirectMethodHandle$Holder.newInvokeSpecial(java.lang.Object, java.lang.Object, int, java.lang.Object)'> (0x00000000a3e38a90) 
thrown [s\src\hotspot\share\interpreter\linkResolver.cpp, line 773]
Event: 2316.446 Thread 0x0000020e7a15e260 Exception <a 'java/lang/NoSuchMethodError'{0x00000000a3e3d1b8}: 'java.lang.Object java.lang.invoke.DirectMethodHandle$Holder.invokeSpecial(java.lang.Object, java.lang.Object, java.lang.Object, int, java.lang.Object)'> (0x00000000a3e3d1b8) 
thrown [s\src\hotspot\share\interpreter\linkResolver.cpp, line 773]
Event: 2320.686 Thread 0x0000020e7a15e260 Implicit null exception at 0x0000020e6926d0ce to 0x0000020e6926d602

ZGC Phase Switch (0 events):
No events

VM Operations (20 events):
Event: 2315.691 Executing safepoint VM operation: Cleanup
Event: 2315.771 Executing safepoint VM operation: Cleanup done
Event: 2316.780 Executing safepoint VM operation: Cleanup
Event: 2316.889 Executing safepoint VM operation: Cleanup done
Event: 2317.902 Executing safepoint VM operation: Cleanup
Event: 2317.902 Executing safepoint VM operation: Cleanup done
Event: 2318.905 Executing safepoint VM operation: Cleanup
Event: 2318.905 Executing safepoint VM operation: Cleanup done
Event: 2319.909 Executing safepoint VM operation: Cleanup
Event: 2319.953 Executing safepoint VM operation: Cleanup done
Event: 2320.960 Executing safepoint VM operation: Cleanup
Event: 2320.960 Executing safepoint VM operation: Cleanup done
Event: 2321.969 Executing safepoint VM operation: Cleanup
Event: 2321.969 Executing safepoint VM operation: Cleanup done
Event: 2347.186 Executing safepoint VM operation: Cleanup
Event: 2347.186 Executing safepoint VM operation: Cleanup done
Event: 2353.255 Executing safepoint VM operation: Cleanup
Event: 2353.255 Executing safepoint VM operation: Cleanup done
Event: 11691.156 Executing safepoint VM operation: Cleanup
Event: 11696.320 Executing safepoint VM operation: Cleanup done

Memory protections (0 events):
No events

Nmethod flushes (0 events):
No events

Events (20 events):
Event: 613.915 Thread 0x0000020e7a15e260 Thread added: 0x0000020e7a15fca0
Event: 614.757 Thread 0x0000020e7a15e260 Thread added: 0x0000020e7a15ceb0
Event: 618.272 Thread 0x0000020e7a15fca0 Thread added: 0x0000020e7a15dbd0
Event: 618.367 Thread 0x0000020e759373b0 Thread added: 0x0000020e7c79e240
Event: 619.026 Thread 0x0000020e7c79e240 Thread exited: 0x0000020e7c79e240
Event: 626.359 Thread 0x0000020e7592bd50 Thread added: 0x0000020e7bde3b40
Event: 627.496 Thread 0x0000020e7a15e260 Thread added: 0x0000020e7c34af50
Event: 630.276 Thread 0x0000020e7bde3b40 Thread exited: 0x0000020e7bde3b40
Event: 631.895 Thread 0x0000020e7a15e260 Thread added: 0x0000020e7c34bc70
Event: 632.193 Thread 0x0000020e7a15e260 Thread added: 0x0000020e7c34c300
Event: 635.831 Thread 0x0000020e7a15e260 Thread added: 0x0000020e7c34d6b0
Event: 636.246 Thread 0x0000020e7a15e260 Thread added: 0x0000020e7c34b5e0
Event: 640.057 Thread 0x0000020e7a15e260 Thread added: 0x0000020e7c34dd40
Event: 641.284 Thread 0x0000020e7a15e260 Thread added: 0x0000020e7c34e3d0
Event: 642.150 Thread 0x0000020e7a15e260 Thread added: 0x0000020e7c34ea60
Event: 644.911 Thread 0x0000020e759373b0 Thread added: 0x0000020e7bfd47d0
Event: 645.279 Thread 0x0000020e7bfd47d0 Thread exited: 0x0000020e7bfd47d0
Event: 707.172 Thread 0x0000020e7a15dbd0 Thread exited: 0x0000020e7a15dbd0
Event: 2315.375 Thread 0x0000020e7a15fca0 Thread added: 0x0000020e7c34f780
Event: 2316.512 Thread 0x0000020e7a15e260 Thread added: 0x0000020e7c34f0f0


Dynamic libraries:
0x00007ff78b490000 - 0x00007ff78b49e000 	C:\Users\Dawit.DAWITA\.vscode\extensions\redhat.java-1.56.0-win32-x64\jre\21.0.12.1-win32-x86_64\bin\java.exe
0x00007ffaf8ac0000 - 0x00007ffaf8d27000 	C:\WINDOWS\SYSTEM32\ntdll.dll
0x00007ffaf6c70000 - 0x00007ffaf6d3b000 	C:\WINDOWS\System32\KERNEL32.DLL
0x00007ffaf5e10000 - 0x00007ffaf6211000 	C:\WINDOWS\System32\KERNELBASE.dll
0x00007ffaf6680000 - 0x00007ffaf67cc000 	C:\WINDOWS\System32\ucrtbase.dll
0x00007ffa513b0000 - 0x00007ffa513c8000 	C:\Users\Dawit.DAWITA\.vscode\extensions\redhat.java-1.56.0-win32-x64\jre\21.0.12.1-win32-x86_64\bin\jli.dll
0x00007ffaf8050000 - 0x00007ffaf8227000 	C:\WINDOWS\System32\USER32.dll
0x00007ffaf62e0000 - 0x00007ffaf6307000 	C:\WINDOWS\System32\win32u.dll
0x00007ffaf74f0000 - 0x00007ffaf751b000 	C:\WINDOWS\System32\GDI32.dll
0x00007ffaf6550000 - 0x00007ffaf6678000 	C:\WINDOWS\System32\gdi32full.dll
0x00007ffaf6310000 - 0x00007ffaf63b3000 	C:\WINDOWS\System32\msvcp_win.dll
0x00007ffa51390000 - 0x00007ffa513ae000 	C:\Users\Dawit.DAWITA\.vscode\extensions\redhat.java-1.56.0-win32-x64\jre\21.0.12.1-win32-x86_64\bin\VCRUNTIME140.dll
0x00007ffada7a0000 - 0x00007ffadaa30000 	C:\WINDOWS\WinSxS\amd64_microsoft.windows.common-controls_6595b64144ccf1df_6.0.26100.9549_none_3e0a0396e3330090\COMCTL32.dll
0x00007ffaf6b70000 - 0x00007ffaf6c19000 	C:\WINDOWS\System32\msvcrt.dll
0x00007ffaf7d50000 - 0x00007ffaf7d81000 	C:\WINDOWS\System32\IMM32.DLL
0x00007ffabfdc0000 - 0x00007ffabfdcc000 	C:\Users\Dawit.DAWITA\.vscode\extensions\redhat.java-1.56.0-win32-x64\jre\21.0.12.1-win32-x86_64\bin\vcruntime140_1.dll
0x00007ffa51300000 - 0x00007ffa5138d000 	C:\Users\Dawit.DAWITA\.vscode\extensions\redhat.java-1.56.0-win32-x64\jre\21.0.12.1-win32-x86_64\bin\msvcp140.dll
0x00007ffa50490000 - 0x00007ffa51232000 	C:\Users\Dawit.DAWITA\.vscode\extensions\redhat.java-1.56.0-win32-x64\jre\21.0.12.1-win32-x86_64\bin\server\jvm.dll
0x00007ffaf8950000 - 0x00007ffaf8a0b000 	C:\WINDOWS\System32\ADVAPI32.dll
0x00007ffaf8230000 - 0x00007ffaf82d8000 	C:\WINDOWS\System32\sechost.dll
0x00007ffaf7f30000 - 0x00007ffaf8048000 	C:\WINDOWS\System32\RPCRT4.dll
0x00007ffaf8710000 - 0x00007ffaf8791000 	C:\WINDOWS\System32\WS2_32.dll
0x00007ffaf5b10000 - 0x00007ffaf5b6e000 	C:\WINDOWS\SYSTEM32\POWRPROF.dll
0x00007ffadc210000 - 0x00007ffadc247000 	C:\WINDOWS\SYSTEM32\WINMM.dll
0x00007ffae7c80000 - 0x00007ffae7c8b000 	C:\WINDOWS\SYSTEM32\VERSION.dll
0x00007ffaf5af0000 - 0x00007ffaf5b05000 	C:\WINDOWS\SYSTEM32\UMPDC.dll
0x00007ffaf4960000 - 0x00007ffaf497b000 	C:\WINDOWS\SYSTEM32\kernel.appcore.dll
0x00007ffaba930000 - 0x00007ffaba93a000 	C:\Users\Dawit.DAWITA\.vscode\extensions\redhat.java-1.56.0-win32-x64\jre\21.0.12.1-win32-x86_64\bin\jimage.dll
0x00007ffaf29d0000 - 0x00007ffaf2c1c000 	C:\WINDOWS\SYSTEM32\DBGHELP.DLL
0x00007ffaf67e0000 - 0x00007ffaf6b6a000 	C:\WINDOWS\System32\combase.dll
0x00007ffaf8450000 - 0x00007ffaf8529000 	C:\WINDOWS\System32\OLEAUT32.dll
0x00007ffad6b70000 - 0x00007ffad6bab000 	C:\WINDOWS\SYSTEM32\dbgcore.DLL
0x00007ffaf6220000 - 0x00007ffaf62cc000 	C:\WINDOWS\System32\bcryptPrimitives.dll
0x00007ffae81f0000 - 0x00007ffae81ff000 	C:\Users\Dawit.DAWITA\.vscode\extensions\redhat.java-1.56.0-win32-x64\jre\21.0.12.1-win32-x86_64\bin\instrument.dll
0x00007ffa50470000 - 0x00007ffa50490000 	C:\Users\Dawit.DAWITA\.vscode\extensions\redhat.java-1.56.0-win32-x64\jre\21.0.12.1-win32-x86_64\bin\java.dll
0x00007ffaf6d40000 - 0x00007ffaf74dc000 	C:\WINDOWS\System32\SHELL32.dll
0x00007ffaf3740000 - 0x00007ffaf3fed000 	C:\WINDOWS\SYSTEM32\windows.storage.dll
0x00007ffaf87a0000 - 0x00007ffaf8899000 	C:\WINDOWS\System32\SHCORE.dll
0x00007ffaf8a10000 - 0x00007ffaf8a76000 	C:\WINDOWS\System32\shlwapi.dll
0x00007ffaf5bd0000 - 0x00007ffaf5bf9000 	C:\WINDOWS\SYSTEM32\profapi.dll
0x00007ffa503f0000 - 0x00007ffa50408000 	C:\Users\Dawit.DAWITA\.vscode\extensions\redhat.java-1.56.0-win32-x64\jre\21.0.12.1-win32-x86_64\bin\zip.dll
0x00007ffaae710000 - 0x00007ffaae720000 	C:\Users\Dawit.DAWITA\.vscode\extensions\redhat.java-1.56.0-win32-x64\jre\21.0.12.1-win32-x86_64\bin\net.dll
0x00007ffae7750000 - 0x00007ffae787a000 	C:\WINDOWS\SYSTEM32\WINHTTP.dll
0x00007ffaf4f20000 - 0x00007ffaf4f8c000 	C:\WINDOWS\system32\mswsock.dll
0x00007ffa51860000 - 0x00007ffa51876000 	C:\Users\Dawit.DAWITA\.vscode\extensions\redhat.java-1.56.0-win32-x64\jre\21.0.12.1-win32-x86_64\bin\nio.dll
0x00007ffae81e0000 - 0x00007ffae81f0000 	C:\Users\Dawit.DAWITA\.vscode\extensions\redhat.java-1.56.0-win32-x64\jre\21.0.12.1-win32-x86_64\bin\verify.dll
0x00007ffa520f0000 - 0x00007ffa52117000 	C:\Users\Dawit.DAWITA\.gradle\native\c067742578af261105cb4f569cf0c3c89f3d7b1fecec35dd04571415982c5e48\windows-amd64\native-platform.dll
0x00007ffa71ca0000 - 0x00007ffa71de4000 	C:\Users\Dawit.DAWITA\.gradle\native\100fb08df4bc3b14c8652ba06237920a3bd2aa13389f12d3474272988ae205f9\windows-amd64\native-platform-file-events.dll
0x00007ffad7980000 - 0x00007ffad798a000 	C:\Users\Dawit.DAWITA\.vscode\extensions\redhat.java-1.56.0-win32-x64\jre\21.0.12.1-win32-x86_64\bin\management.dll
0x00007ffad7970000 - 0x00007ffad797c000 	C:\Users\Dawit.DAWITA\.vscode\extensions\redhat.java-1.56.0-win32-x64\jre\21.0.12.1-win32-x86_64\bin\management_ext.dll
0x00007ffaf88c0000 - 0x00007ffaf88c8000 	C:\WINDOWS\System32\PSAPI.DLL
0x00007ffaf5210000 - 0x00007ffaf522b000 	C:\WINDOWS\SYSTEM32\CRYPTSP.dll
0x00007ffaf48c0000 - 0x00007ffaf48f9000 	C:\WINDOWS\system32\rsaenh.dll
0x00007ffaf4fd0000 - 0x00007ffaf5004000 	C:\WINDOWS\SYSTEM32\USERENV.dll
0x00007ffaf5ba0000 - 0x00007ffaf5bca000 	C:\WINDOWS\SYSTEM32\bcrypt.dll
0x00007ffaf5230000 - 0x00007ffaf523c000 	C:\WINDOWS\SYSTEM32\CRYPTBASE.dll
0x00007ffaf43e0000 - 0x00007ffaf4413000 	C:\WINDOWS\SYSTEM32\IPHLPAPI.DLL
0x00007ffaf88b0000 - 0x00007ffaf88ba000 	C:\WINDOWS\System32\NSI.dll
0x00007ffa7d790000 - 0x00007ffa7d799000 	C:\Users\Dawit.DAWITA\.vscode\extensions\redhat.java-1.56.0-win32-x64\jre\21.0.12.1-win32-x86_64\bin\extnet.dll
0x00007ffa84180000 - 0x00007ffa8418e000 	C:\Users\Dawit.DAWITA\.vscode\extensions\redhat.java-1.56.0-win32-x64\jre\21.0.12.1-win32-x86_64\bin\sunmscapi.dll
0x00007ffaf63c0000 - 0x00007ffaf653f000 	C:\WINDOWS\System32\CRYPT32.dll
0x00007ffaf5470000 - 0x00007ffaf54a0000 	C:\WINDOWS\SYSTEM32\ncrypt.dll
0x00007ffaf5420000 - 0x00007ffaf545f000 	C:\WINDOWS\SYSTEM32\NTASN1.dll
0x00007ffac5700000 - 0x00007ffac5708000 	C:\WINDOWS\system32\wshunix.dll

JVMTI agents:
C:\Users\Dawit.DAWITA\.gradle\wrapper\dists\gradle-8.11.1-all\2qik7nd48slq1ooc2496ixf4i\gradle-8.11.1\lib\agents\gradle-instrumentation-agent-8.11.1.jar path:C:\Users\Dawit.DAWITA\.vscode\extensions\redhat.java-1.56.0-win32-x64\jre\21.0.12.1-win32-x86_64\bin\instrument.dll, loaded, initialized, instrumentlib options:none

dbghelp: loaded successfully - version: 4.0.5 - missing functions: none
symbol engine: initialized successfully - sym options: 0x614 - pdb path: .;C:\Users\Dawit.DAWITA\.vscode\extensions\redhat.java-1.56.0-win32-x64\jre\21.0.12.1-win32-x86_64\bin;C:\WINDOWS\SYSTEM32;C:\WINDOWS\WinSxS\amd64_microsoft.windows.common-controls_6595b64144ccf1df_6.0.26100.9549_none_3e0a0396e3330090;C:\Users\Dawit.DAWITA\.vscode\extensions\redhat.java-1.56.0-win32-x64\jre\21.0.12.1-win32-x86_64\bin\server;C:\Users\Dawit.DAWITA\.gradle\native\c067742578af261105cb4f569cf0c3c89f3d7b1fecec35dd04571415982c5e48\windows-amd64;C:\Users\Dawit.DAWITA\.gradle\native\100fb08df4bc3b14c8652ba06237920a3bd2aa13389f12d3474272988ae205f9\windows-amd64

VM Arguments:
jvm_args: --add-opens=java.base/java.lang=ALL-UNNAMED --add-opens=java.base/java.lang.invoke=ALL-UNNAMED --add-opens=java.base/java.util=ALL-UNNAMED --add-opens=java.prefs/java.util.prefs=ALL-UNNAMED --add-exports=jdk.compiler/com.sun.tools.javac.api=ALL-UNNAMED --add-exports=jdk.compiler/com.sun.tools.javac.util=ALL-UNNAMED --add-opens=java.base/java.util=ALL-UNNAMED --add-opens=java.prefs/java.util.prefs=ALL-UNNAMED --add-opens=java.base/java.nio.charset=ALL-UNNAMED --add-opens=java.base/java.net=ALL-UNNAMED --add-opens=java.base/java.util.concurrent.atomic=ALL-UNNAMED --add-opens=java.xml/javax.xml.namespace=ALL-UNNAMED -Xmx1536m -Dfile.encoding=UTF-8 -Duser.country=US -Duser.language=en -Duser.variant -javaagent:C:\Users\Dawit.DAWITA\.gradle\wrapper\dists\gradle-8.11.1-all\2qik7nd48slq1ooc2496ixf4i\gradle-8.11.1\lib\agents\gradle-instrumentation-agent-8.11.1.jar 
java_command: org.gradle.launcher.daemon.bootstrap.GradleDaemon 8.11.1
java_class_path (initial): C:\Users\Dawit.DAWITA\.gradle\wrapper\dists\gradle-8.11.1-all\2qik7nd48slq1ooc2496ixf4i\gradle-8.11.1\lib\gradle-daemon-main-8.11.1.jar
Launcher Type: SUN_STANDARD

[Global flags]
     intx CICompilerCount                          = 4                                         {product} {ergonomic}
     uint ConcGCThreads                            = 2                                         {product} {ergonomic}
     uint G1ConcRefinementThreads                  = 8                                         {product} {ergonomic}
   size_t G1HeapRegionSize                         = 1048576                                   {product} {ergonomic}
    uintx GCDrainStackTargetSize                   = 64                                        {product} {ergonomic}
   size_t InitialHeapSize                          = 534773760                                 {product} {ergonomic}
   size_t MarkStackSize                            = 4194304                                   {product} {ergonomic}
   size_t MaxHeapSize                              = 1610612736                                {product} {command line}
   size_t MaxNewSize                               = 965738496                                 {product} {ergonomic}
   size_t MinHeapDeltaBytes                        = 1048576                                   {product} {ergonomic}
   size_t MinHeapSize                              = 8388608                                   {product} {ergonomic}
    uintx NonNMethodCodeHeapSize                   = 5839372                                {pd product} {ergonomic}
    uintx NonProfiledCodeHeapSize                  = 122909434                              {pd product} {ergonomic}
    uintx ProfiledCodeHeapSize                     = 122909434                              {pd product} {ergonomic}
    uintx ReservedCodeCacheSize                    = 251658240                              {pd product} {ergonomic}
     bool SegmentedCodeCache                       = true                                      {product} {ergonomic}
   size_t SoftMaxHeapSize                          = 1610612736                             {manageable} {ergonomic}
     bool UseCompressedOops                        = true                           {product lp64_product} {ergonomic}
     bool UseG1GC                                  = true                                      {product} {ergonomic}
     bool UseLargePagesIndividualAllocation        = false                                  {pd product} {ergonomic}

Logging:
Log output configuration:
 #0: stdout all=warning uptime,level,tags foldmultilines=false
 #1: stderr all=off uptime,level,tags foldmultilines=false

Release file:
JAVA_VERSION="21.0.12.1" 
MODULES="java.base java.compiler java.datatransfer java.xml java.prefs java.desktop java.instrument java.logging java.management java.security.sasl java.naming java.rmi java.management.rmi java.net.http java.scripting java.security.jgss java.transaction.xa java.sql java.sql.rowset java.xml.crypto java.se java.smartcardio jdk.accessibility jdk.internal.jvmstat jdk.attach jdk.charsets jdk.internal.opt jdk.zipfs jdk.compiler jdk.crypto.ec jdk.crypto.cryptoki jdk.crypto.mscapi jdk.dynalink jdk.internal.ed jdk.editpad jdk.hotspot.agent jdk.httpserver jdk.internal.le jdk.internal.vm.ci jdk.internal.vm.compiler jdk.internal.vm.compiler.management jdk.jartool jdk.javadoc jdk.jcmd jdk.management jdk.management.agent jdk.jconsole jdk.jdeps jdk.jdwp.agent jdk.jdi jdk.jfr jdk.jshell jdk.jsobject jdk.jstatd jdk.localedata jdk.management.jfr jdk.naming.dns jdk.naming.rmi jdk.net jdk.nio.mapmode jdk.random jdk.sctp jdk.security.auth jdk.security.jgss jdk.unsupported jdk.unsupported.desktop jdk.xml.dom" 

Environment Variables:
JAVA_HOME=C:\Users\Dawit.DAWITA\AppData\Local\Java\jdk-21.0.2+13
PATH=C:\Program Files (x86)\VMware\VMware Workstation\bin\;C:\Program Files (x86)\VMware\VMware Player\bin\;C:\Program Files\Common Files\Oracle\Java\javapath;C:\Program Files\Eclipse Adoptium\jdk-17.0.17.10-hotspot\bin;C:\Program Files\Eclipse Adoptium\jdk-21.0.9.10-hotspot\bin;C:\WINDOWS\system32;C:\WINDOWS;C:\WINDOWS\System32\Wbem;C:\WINDOWS\System32\WindowsPowerShell\v1.0\;C:\WINDOWS\System32\OpenSSH\;C:\Program Files\nodejs\;C:\Program Files\PyManager\;C:\Program Files\Git\cmd;C:\Program Files\WSL\;C:\Program Files\Docker\Docker\resources\bin;C:\Users\Dawit.DAWITA\AppData\Local\Java\jdk-21.0.2+13\bin;C:\Users\Dawit.DAWITA\AppData\Local\Microsoft\WindowsApps;C:\Users\Dawit.DAWITA\AppData\Local\Programs\Microsoft VS Code\bin;C:\Program Files\JetBrains\PyCharm Community Edition 2023.1.1\bin;;%USERPROFILE%\AppData\Local\Microsoft\WindowsApps
USERNAME=Dawit
OS=Windows_NT
PROCESSOR_IDENTIFIER=Intel64 Family 6 Model 142 Stepping 12, GenuineIntel
TMP=C:\Users\DAWIT~1.DAW\AppData\Local\Temp
TEMP=C:\Users\DAWIT~1.DAW\AppData\Local\Temp




Periodic native trim disabled

---------------  S Y S T E M  ---------------

OS:
 Windows 11 , 64 bit Build 26100 (10.0.26100.9549)
OS uptime: 0 days 5:28 hours
Hyper-V role detected

CPU: total 8 (initial active 8) (4 cores per cpu, 2 threads per core) family 6 model 142 stepping 12 microcode 0xfc, cx8, cmov, fxsr, ht, mmx, 3dnowpref, sse, sse2, sse3, ssse3, sse4.1, sse4.2, popcnt, lzcnt, tsc, tscinvbit, avx, avx2, aes, erms, clmul, bmi1, bmi2, adx, fma, vzeroupper, clflush, clflushopt, hv, rdtscp, f16c
Processor Information for the first 8 processors :
  Max Mhz: 1992, Current Mhz: 1792, Mhz Limit: 1792

Memory: 4k page, system-wide physical 32615M (97M free)
TotalPageFile size 130919M (AvailPageFile size 28M)
current process WorkingSet (physical memory assigned to process): 67M, peak: 240M
current process commit charge ("private bytes"): 270M, peak: 704M

vm_info: OpenJDK 64-Bit Server VM (21.0.12.1+1-LTS) for windows-amd64 JRE (21.0.12.1+1-LTS), built on 2026-08-18T00:00:00Z by "admin" with MS VC++ 17.12 (VS2022)

END.
