#
# There is insufficient memory for the Java Runtime Environment to continue.
# Native memory allocation (malloc) failed to allocate 358352 bytes. Error detail: Chunk::new
# Possible reasons:
#   The system is out of physical RAM or swap space
#   This process is running with CompressedOops enabled, and the Java Heap may be blocking the growth of the native heap
# Possible solutions:
#   Reduce memory load on the system
#   Increase physical memory or swap space
#   Check if swap backing store is full
#   Decrease Java heap size (-Xmx/-Xms)
#   Decrease number of Java threads
#   Decrease Java thread stack sizes (-Xss)
#   Set larger code cache with -XX:ReservedCodeCacheSize=
#   JVM is running with Unscaled Compressed Oops mode in which the Java heap is
#     placed in the first 4GB address space. The Java Heap base address is the
#     maximum limit for the native heap growth. Please use -XX:HeapBaseMinAddress
#     to set the Java Heap base and to place the Java Heap above 4GB virtual address.
# This output file may be truncated or incomplete.
#
#  Out of Memory Error (arena.cpp:168), pid=65688, tid=69296
#
# JRE version: OpenJDK Runtime Environment Temurin-21.0.12.1+1 (21.0.12.1+1) (build 21.0.12.1+1-LTS)
# Java VM: OpenJDK 64-Bit Server VM Temurin-21.0.12.1+1 (21.0.12.1+1-LTS, mixed mode, sharing, tiered, compressed oops, compressed class ptrs, g1 gc, windows-amd64)
# No core dump will be written. Minidumps are not enabled by default on client versions of Windows
#

---------------  S U M M A R Y ------------

Command Line: --add-opens=java.base/java.lang=ALL-UNNAMED --add-opens=java.base/java.lang.invoke=ALL-UNNAMED --add-opens=java.base/java.util=ALL-UNNAMED --add-opens=java.prefs/java.util.prefs=ALL-UNNAMED --add-exports=jdk.compiler/com.sun.tools.javac.api=ALL-UNNAMED --add-exports=jdk.compiler/com.sun.tools.javac.util=ALL-UNNAMED --add-opens=java.base/java.util=ALL-UNNAMED --add-opens=java.prefs/java.util.prefs=ALL-UNNAMED --add-opens=java.base/java.nio.charset=ALL-UNNAMED --add-opens=java.base/java.net=ALL-UNNAMED --add-opens=java.base/java.util.concurrent.atomic=ALL-UNNAMED --add-opens=java.xml/javax.xml.namespace=ALL-UNNAMED -Xmx1536m -Dfile.encoding=UTF-8 -Duser.country=US -Duser.language=en -Duser.variant -javaagent:C:\Users\Dawit.DAWITA\.gradle\wrapper\dists\gradle-8.11.1-all\2qik7nd48slq1ooc2496ixf4i\gradle-8.11.1\lib\agents\gradle-instrumentation-agent-8.11.1.jar org.gradle.launcher.daemon.bootstrap.GradleDaemon 8.11.1

Host: Intel(R) Core(TM) i7-8565U CPU @ 1.80GHz, 8 cores, 31G,  Windows 11 , 64 bit Build 26100 (10.0.26100.9549)
Time: Wed Oct  7 16:53:07 2026 E. Africa Standard Time elapsed time: 14315.404570 seconds (0d 3h 58m 35s)

---------------  T H R E A D  ---------------

Current thread (0x0000029a1d4409a0):  JavaThread "C2 CompilerThread0" daemon [_thread_in_native, id=69296, stack(0x000000db58400000,0x000000db58500000) (1024K)]


Current CompileTask:
C2:14315405 6022   !   4       org.gradle.internal.concurrent.AbstractManagedExecutor$1::run (57 bytes)

Stack: [0x000000db58400000,0x000000db58500000]
Native frames: (J=compiled Java code, j=interpreted, Vv=VM code, C=native code)
V  [jvm.dll+0x6d83e9]
V  [jvm.dll+0x8b5736]
V  [jvm.dll+0x8b7cee]
V  [jvm.dll+0x8b83d3]
V  [jvm.dll+0x284596]
V  [jvm.dll+0xc685d]
V  [jvm.dll+0xc6da1]
V  [jvm.dll+0x3bf18b]
V  [jvm.dll+0x38b6d2]
V  [jvm.dll+0x38ab1a]
V  [jvm.dll+0x24c700]
V  [jvm.dll+0x24bce0]
V  [jvm.dll+0x1cb4ae]
V  [jvm.dll+0x25baad]
V  [jvm.dll+0x25a03a]
V  [jvm.dll+0x3f8aae]
V  [jvm.dll+0x8600cd]
V  [jvm.dll+0x6d6c1d]
C  [ucrtbase.dll+0x2cd30]
C  [KERNEL32.DLL+0x2cdf7]
C  [ntdll.dll+0x7ee4c]


---------------  P R O C E S S  ---------------

Threads class SMR info:
_java_thread_list=0x0000029a1d433530, length=35, elements={
0x0000029a0656f410, 0x0000029a1d433810, 0x0000029a1d434f90, 0x0000029a1d438ec0,
0x0000029a1d43bd00, 0x0000029a1d43e490, 0x0000029a1d43eef0, 0x0000029a1d4409a0,
0x0000029a1d448ea0, 0x0000029a1d666f30, 0x0000029a1d6a0400, 0x0000029a1d53f090,
0x0000029a63defec0, 0x0000029a63c6d780, 0x0000029a1dda7fa0, 0x0000029a63fe1460,
0x0000029a63fe2180, 0x0000029a63fe00b0, 0x0000029a63fe2ea0, 0x0000029a63d81e80,
0x0000029a63d80ad0, 0x0000029a63d82510, 0x0000029a63d838c0, 0x0000029a63d7f720,
0x0000029a63d83230, 0x0000029a63d81160, 0x0000029a63d84c70, 0x0000029a63d817f0,
0x0000029a63d86020, 0x0000029a63d845e0, 0x0000029a63d85300, 0x0000029a63d85990,
0x0000029a63d866b0, 0x0000029a63d80440, 0x0000029a63d86d40
}

Java Threads: ( => current thread )
  0x0000029a0656f410 JavaThread "main"                              [_thread_blocked, id=70072, stack(0x000000db57500000,0x000000db57600000) (1024K)]
  0x0000029a1d433810 JavaThread "Reference Handler"          daemon [_thread_blocked, id=26352, stack(0x000000db57e00000,0x000000db57f00000) (1024K)]
  0x0000029a1d434f90 JavaThread "Finalizer"                  daemon [_thread_blocked, id=37392, stack(0x000000db57f00000,0x000000db58000000) (1024K)]
  0x0000029a1d438ec0 JavaThread "Signal Dispatcher"          daemon [_thread_blocked, id=72292, stack(0x000000db58000000,0x000000db58100000) (1024K)]
  0x0000029a1d43bd00 JavaThread "Attach Listener"            daemon [_thread_blocked, id=65340, stack(0x000000db58100000,0x000000db58200000) (1024K)]
  0x0000029a1d43e490 JavaThread "Service Thread"             daemon [_thread_blocked, id=13224, stack(0x000000db58200000,0x000000db58300000) (1024K)]
  0x0000029a1d43eef0 JavaThread "Monitor Deflation Thread"   daemon [_thread_blocked, id=68336, stack(0x000000db58300000,0x000000db58400000) (1024K)]
=>0x0000029a1d4409a0 JavaThread "C2 CompilerThread0"         daemon [_thread_in_native, id=69296, stack(0x000000db58400000,0x000000db58500000) (1024K)]
  0x0000029a1d448ea0 JavaThread "C1 CompilerThread0"         daemon [_thread_blocked, id=74252, stack(0x000000db58500000,0x000000db58600000) (1024K)]
  0x0000029a1d666f30 JavaThread "Common-Cleaner"             daemon [_thread_blocked, id=70136, stack(0x000000db58600000,0x000000db58700000) (1024K)]
  0x0000029a1d6a0400 JavaThread "Notification Thread"        daemon [_thread_blocked, id=77572, stack(0x000000db58700000,0x000000db58800000) (1024K)]
  0x0000029a1d53f090 JavaThread "Daemon health stats"               [_thread_in_vm, id=74184, stack(0x000000db58e00000,0x000000db58f00000) (1024K)]
  0x0000029a63defec0 JavaThread "Incoming local TCP Connector on port 55417"        [_thread_in_native, id=69124, stack(0x000000db58f00000,0x000000db59000000) (1024K)]
  0x0000029a63c6d780 JavaThread "Daemon periodic checks"            [_thread_in_native, id=14836, stack(0x000000db59000000,0x000000db59100000) (1024K)]
  0x0000029a1dda7fa0 JavaThread "Daemon"                            [_thread_blocked, id=50336, stack(0x000000db59200000,0x000000db59300000) (1024K)]
  0x0000029a63fe1460 JavaThread "Daemon worker"                     [_thread_in_Java, id=39388, stack(0x000000db59500000,0x000000db59600000) (1024K)]
  0x0000029a63fe2180 JavaThread "Cache worker for journal cache (C:\Users\Dawit.DAWITA\.gradle\caches\journal-1)"        [_thread_blocked, id=79052, stack(0x000000db59900000,0x000000db59a00000) (1024K)]
  0x0000029a63fe00b0 JavaThread "File lock request listener"        [_thread_in_native, id=79056, stack(0x000000db59a00000,0x000000db59b00000) (1024K)]
  0x0000029a63fe2ea0 JavaThread "Cache worker for file hash cache (C:\Users\Dawit.DAWITA\.gradle\caches\8.11.1\fileHashes)"        [_thread_blocked, id=79112, stack(0x000000db59b00000,0x000000db59c00000) (1024K)]
  0x0000029a63d81e80 JavaThread "Cache worker for file content cache (C:\Users\Dawit.DAWITA\.gradle\caches\8.11.1\fileContent)"        [_thread_blocked, id=79788, stack(0x000000db59d00000,0x000000db59e00000) (1024K)]
  0x0000029a63d80ad0 JavaThread "File watcher server"        daemon [_thread_in_native, id=61788, stack(0x000000db5a100000,0x000000db5a200000) (1024K)]
  0x0000029a63d82510 JavaThread "File watcher consumer"      daemon [_thread_blocked, id=76844, stack(0x000000db5a200000,0x000000db5a300000) (1024K)]
  0x0000029a63d838c0 JavaThread "jar transforms"                    [_thread_blocked, id=77316, stack(0x000000db59c00000,0x000000db59d00000) (1024K)]
  0x0000029a63d7f720 JavaThread "Handler for socket connection from /127.0.0.1:55417 to /127.0.0.1:62643"        [_thread_in_native, id=86924, stack(0x000000db59300000,0x000000db59400000) (1024K)]
  0x0000029a63d83230 JavaThread "Cancel handler"                    [_thread_blocked, id=86260, stack(0x000000db59400000,0x000000db59500000) (1024K)]
  0x0000029a63d81160 JavaThread "Asynchronous log dispatcher for DefaultDaemonConnection: socket connection from /127.0.0.1:55417 to /127.0.0.1:62643"        [_thread_in_vm, id=88004, stack(0x000000db59f00000,0x000000db5a000000) (1024K)]
  0x0000029a63d84c70 JavaThread "Stdin handler"                     [_thread_blocked, id=81264, stack(0x000000db5a000000,0x000000db5a100000) (1024K)]
  0x0000029a63d817f0 JavaThread "Daemon client event forwarder"        [_thread_blocked, id=83444, stack(0x000000db5a300000,0x000000db5a400000) (1024K)]
  0x0000029a63d86020 JavaThread "Cache worker for file hash cache (C:\Users\Dawit.DAWITA\Documents\AfroLife_Agency_improved\afrolife\android\.gradle\8.11.1\fileHashes)"        [_thread_blocked, id=84032, stack(0x000000db59700000,0x000000db59800000) (1024K)]
  0x0000029a63d845e0 JavaThread "Cache worker for Build Output Cleanup Cache (C:\Users\Dawit.DAWITA\Documents\AfroLife_Agency_improved\afrolife\android\.gradle\buildOutputCleanup)"        [_thread_blocked, id=85160, stack(0x000000db59800000,0x000000db59900000) (1024K)]
  0x0000029a63d85300 JavaThread "Cache worker for checksums cache (C:\Users\Dawit.DAWITA\Documents\AfroLife_Agency_improved\afrolife\android\.gradle\8.11.1\checksums)"        [_thread_blocked, id=86696, stack(0x000000db5a400000,0x000000db5a500000) (1024K)]
  0x0000029a63d85990 JavaThread "Cache worker for cache directory md-rule (C:\Users\Dawit.DAWITA\.gradle\caches\8.11.1\md-rule)"        [_thread_blocked, id=84736, stack(0x000000db5a500000,0x000000db5a600000) (1024K)]
  0x0000029a63d866b0 JavaThread "Cache worker for cache directory md-supplier (C:\Users\Dawit.DAWITA\.gradle\caches\8.11.1\md-supplier)"        [_thread_blocked, id=86216, stack(0x000000db5a600000,0x000000db5a700000) (1024K)]
  0x0000029a63d80440 JavaThread "jar transforms Thread 2"           [_thread_blocked, id=95468, stack(0x000000db59100000,0x000000db59200000) (1024K)]
  0x0000029a63d86d40 JavaThread "jar transforms Thread 3"           [_thread_blocked, id=99760, stack(0x000000db59600000,0x000000db59700000) (1024K)]
Total: 35

Other Threads:
  0x0000029a1d419690 VMThread "VM Thread"                           [id=14016, stack(0x000000db57d00000,0x000000db57e00000) (1024K)]
  0x0000029a1d40ca00 WatcherThread "VM Periodic Task Thread"        [id=14080, stack(0x000000db57c00000,0x000000db57d00000) (1024K)]
  0x0000029a065b7d80 WorkerThread "GC Thread#0"                     [id=70536, stack(0x000000db57700000,0x000000db57800000) (1024K)]
  0x0000029a1d4cbb00 WorkerThread "GC Thread#1"                     [id=7944, stack(0x000000db57400000,0x000000db57500000) (1024K)]
  0x0000029a1d4d9b40 WorkerThread "GC Thread#2"                     [id=70312, stack(0x000000db57600000,0x000000db57700000) (1024K)]
  0x0000029a1d72c410 WorkerThread "GC Thread#3"                     [id=59252, stack(0x000000db58800000,0x000000db58900000) (1024K)]
  0x0000029a1d72c7c0 WorkerThread "GC Thread#4"                     [id=53596, stack(0x000000db58900000,0x000000db58a00000) (1024K)]
  0x0000029a1d72cb70 WorkerThread "GC Thread#5"                     [id=64052, stack(0x000000db58a00000,0x000000db58b00000) (1024K)]
  0x0000029a1d72cf20 WorkerThread "GC Thread#6"                     [id=64060, stack(0x000000db58b00000,0x000000db58c00000) (1024K)]
  0x0000029a1db90040 WorkerThread "GC Thread#7"                     [id=76584, stack(0x000000db58c00000,0x000000db58d00000) (1024K)]
  0x0000029a065c4c80 ConcurrentGCThread "G1 Main Marker"            [id=34120, stack(0x000000db57800000,0x000000db57900000) (1024K)]
  0x0000029a065c56a0 WorkerThread "G1 Conc#0"                       [id=39364, stack(0x000000db57900000,0x000000db57a00000) (1024K)]
  0x0000029a64f30de0 WorkerThread "G1 Conc#1"                       [id=78240, stack(0x000000db59e00000,0x000000db59f00000) (1024K)]
  0x0000029a0662ea00 ConcurrentGCThread "G1 Refine#0"               [id=65940, stack(0x000000db57a00000,0x000000db57b00000) (1024K)]
  0x0000029a1d2d05b0 ConcurrentGCThread "G1 Service"                [id=66740, stack(0x000000db57b00000,0x000000db57c00000) (1024K)]
Total: 15

Threads with active compile tasks:
C2 CompilerThread0  14319696 6022   !   4       org.gradle.internal.concurrent.AbstractManagedExecutor$1::run (57 bytes)
Total: 1

VM state: not at safepoint (normal execution)

VM Mutex/Monitor currently owned by a thread: None

Heap address: 0x00000000a0000000, size: 1536 MB, Compressed Oops mode: 32-bit

CDS archive(s) mapped at: [0x0000029a1e000000-0x0000029a1eba0000-0x0000029a1eba0000), size 12189696, SharedBaseAddress: 0x0000029a1e000000, ArchiveRelocationMode: 1.
Compressed class space mapped at: 0x0000029a1f000000-0x0000029a5f000000, reserved size: 1073741824
Narrow klass base: 0x0000029a1e000000, Narrow klass shift: 0, Narrow klass range: 0x100000000

GC Precious Log:
 CardTable entry size: 512
 Card Set container configuration: InlinePtr #cards 5 size 8 Array Of Cards #cards 12 size 40 Howl #buckets 4 coarsen threshold 1843 Howl Bitmap #cards 512 size 80 coarsen threshold 460 Card regions per heap region 1 cards per card region 2048
 CPUs: 8 total, 8 available
 Memory: 32615M
 Large Page Support: Disabled
 NUMA Support: Disabled
 Compressed Oops: Enabled (32-bit)
 Heap Region Size: 1M
 Heap Min Capacity: 8M
 Heap Initial Capacity: 510M
 Heap Max Capacity: 1536M
 Pre-touch: Disabled
 Parallel Workers: 8
 Concurrent Workers: 2
 Concurrent Refinement Workers: 8
 Periodic GC: Disabled

Heap:
 garbage-first heap   total 98304K, used 83992K [0x00000000a0000000, 0x0000000100000000)
  region size 1024K, 51 young (52224K), 1 survivors (1024K)
 Metaspace       used 38177K, committed 39104K, reserved 1114112K
  class space    used 5364K, committed 5888K, reserved 1048576K

Heap Regions: E=young(eden), S=young(survivor), O=old, HS=humongous(starts), HC=humongous(continues), CS=collection set, F=free, TAMS=top-at-mark-start, PB=parsable bottom
|   0|0x00000000a0000000, 0x00000000a0100000, 0x00000000a0100000|100%|HS|  |TAMS 0x00000000a0000000| PB 0x00000000a0000000| Complete 
|   1|0x00000000a0100000, 0x00000000a0200000, 0x00000000a0200000|100%|HC|  |TAMS 0x00000000a0100000| PB 0x00000000a0100000| Complete 
|   2|0x00000000a0200000, 0x00000000a0300000, 0x00000000a0300000|100%|HC|  |TAMS 0x00000000a0200000| PB 0x00000000a0200000| Complete 
|   3|0x00000000a0300000, 0x00000000a0400000, 0x00000000a0400000|100%| O|  |TAMS 0x00000000a0300000| PB 0x00000000a0300000| Untracked 
|   4|0x00000000a0400000, 0x00000000a0500000, 0x00000000a0500000|100%| O|  |TAMS 0x00000000a0400000| PB 0x00000000a0400000| Untracked 
|   5|0x00000000a0500000, 0x00000000a0600000, 0x00000000a0600000|100%| O|  |TAMS 0x00000000a0500000| PB 0x00000000a0500000| Untracked 
|   6|0x00000000a0600000, 0x00000000a0700000, 0x00000000a0700000|100%| O|  |TAMS 0x00000000a0600000| PB 0x00000000a0600000| Untracked 
|   7|0x00000000a0700000, 0x00000000a0800000, 0x00000000a0800000|100%|HS|  |TAMS 0x00000000a0700000| PB 0x00000000a0700000| Complete 
|   8|0x00000000a0800000, 0x00000000a0900000, 0x00000000a0900000|100%| O|  |TAMS 0x00000000a0800000| PB 0x00000000a0800000| Untracked 
|   9|0x00000000a0900000, 0x00000000a0a00000, 0x00000000a0a00000|100%| O|  |TAMS 0x00000000a0900000| PB 0x00000000a0900000| Untracked 
|  10|0x00000000a0a00000, 0x00000000a0b00000, 0x00000000a0b00000|100%| O|  |TAMS 0x00000000a0a00000| PB 0x00000000a0a00000| Untracked 
|  11|0x00000000a0b00000, 0x00000000a0c00000, 0x00000000a0c00000|100%| O|  |TAMS 0x00000000a0b00000| PB 0x00000000a0b00000| Untracked 
|  12|0x00000000a0c00000, 0x00000000a0d00000, 0x00000000a0d00000|100%| O|  |TAMS 0x00000000a0c00000| PB 0x00000000a0c00000| Untracked 
|  13|0x00000000a0d00000, 0x00000000a0e00000, 0x00000000a0e00000|100%| O|  |TAMS 0x00000000a0d00000| PB 0x00000000a0d00000| Untracked 
|  14|0x00000000a0e00000, 0x00000000a0f00000, 0x00000000a0f00000|100%| O|  |TAMS 0x00000000a0e00000| PB 0x00000000a0e00000| Untracked 
|  15|0x00000000a0f00000, 0x00000000a1000000, 0x00000000a1000000|100%| O|  |TAMS 0x00000000a0f00000| PB 0x00000000a0f00000| Untracked 
|  16|0x00000000a1000000, 0x00000000a1100000, 0x00000000a1100000|100%| O|  |TAMS 0x00000000a1000000| PB 0x00000000a1000000| Untracked 
|  17|0x00000000a1100000, 0x00000000a1200000, 0x00000000a1200000|100%| O|  |TAMS 0x00000000a1100000| PB 0x00000000a1100000| Untracked 
|  18|0x00000000a1200000, 0x00000000a1300000, 0x00000000a1300000|100%| O|  |TAMS 0x00000000a1200000| PB 0x00000000a1200000| Untracked 
|  19|0x00000000a1300000, 0x00000000a1400000, 0x00000000a1400000|100%| O|  |TAMS 0x00000000a1300000| PB 0x00000000a1300000| Untracked 
|  20|0x00000000a1400000, 0x00000000a1500000, 0x00000000a1500000|100%| O|  |TAMS 0x00000000a1400000| PB 0x00000000a1400000| Untracked 
|  21|0x00000000a1500000, 0x00000000a1600000, 0x00000000a1600000|100%| O|  |TAMS 0x00000000a1500000| PB 0x00000000a1500000| Untracked 
|  22|0x00000000a1600000, 0x00000000a1700000, 0x00000000a1700000|100%| O|  |TAMS 0x00000000a1600000| PB 0x00000000a1600000| Untracked 
|  23|0x00000000a1700000, 0x00000000a1700000, 0x00000000a1800000|  0%| F|  |TAMS 0x00000000a1700000| PB 0x00000000a1700000| Untracked 
|  24|0x00000000a1800000, 0x00000000a1900000, 0x00000000a1900000|100%| O|  |TAMS 0x00000000a1800000| PB 0x00000000a1800000| Untracked 
|  25|0x00000000a1900000, 0x00000000a1a00000, 0x00000000a1a00000|100%| O|  |TAMS 0x00000000a1900000| PB 0x00000000a1900000| Untracked 
|  26|0x00000000a1a00000, 0x00000000a1b00000, 0x00000000a1b00000|100%| O|  |TAMS 0x00000000a1a00000| PB 0x00000000a1a00000| Untracked 
|  27|0x00000000a1b00000, 0x00000000a1c00000, 0x00000000a1c00000|100%| O|  |TAMS 0x00000000a1b00000| PB 0x00000000a1b00000| Untracked 
|  28|0x00000000a1c00000, 0x00000000a1d00000, 0x00000000a1d00000|100%| O|  |TAMS 0x00000000a1c00000| PB 0x00000000a1c00000| Untracked 
|  29|0x00000000a1d00000, 0x00000000a1e00000, 0x00000000a1e00000|100%| O|  |TAMS 0x00000000a1d00000| PB 0x00000000a1d00000| Untracked 
|  30|0x00000000a1e00000, 0x00000000a1f00000, 0x00000000a1f00000|100%| O|  |TAMS 0x00000000a1e00000| PB 0x00000000a1e00000| Untracked 
|  31|0x00000000a1f00000, 0x00000000a1f00000, 0x00000000a2000000|  0%| F|  |TAMS 0x00000000a1f00000| PB 0x00000000a1f00000| Untracked 
|  32|0x00000000a2000000, 0x00000000a2000000, 0x00000000a2100000|  0%| F|  |TAMS 0x00000000a2000000| PB 0x00000000a2000000| Untracked 
|  33|0x00000000a2100000, 0x00000000a2100000, 0x00000000a2200000|  0%| F|  |TAMS 0x00000000a2100000| PB 0x00000000a2100000| Untracked 
|  34|0x00000000a2200000, 0x00000000a2200000, 0x00000000a2300000|  0%| F|  |TAMS 0x00000000a2200000| PB 0x00000000a2200000| Untracked 
|  35|0x00000000a2300000, 0x00000000a2300000, 0x00000000a2400000|  0%| F|  |TAMS 0x00000000a2300000| PB 0x00000000a2300000| Untracked 
|  36|0x00000000a2400000, 0x00000000a24448a0, 0x00000000a2500000| 26%| S|CS|TAMS 0x00000000a2400000| PB 0x00000000a2400000| Complete 
|  37|0x00000000a2500000, 0x00000000a2500000, 0x00000000a2600000|  0%| F|  |TAMS 0x00000000a2500000| PB 0x00000000a2500000| Untracked 
|  38|0x00000000a2600000, 0x00000000a2600000, 0x00000000a2700000|  0%| F|  |TAMS 0x00000000a2600000| PB 0x00000000a2600000| Untracked 
|  39|0x00000000a2700000, 0x00000000a2800000, 0x00000000a2800000|100%| O|  |TAMS 0x00000000a2700000| PB 0x00000000a2700000| Untracked 
|  40|0x00000000a2800000, 0x00000000a2900000, 0x00000000a2900000|100%| O|  |TAMS 0x00000000a2800000| PB 0x00000000a2800000| Untracked 
|  41|0x00000000a2900000, 0x00000000a29c1800, 0x00000000a2a00000| 75%| O|  |TAMS 0x00000000a2900000| PB 0x00000000a2900000| Untracked 
|  42|0x00000000a2a00000, 0x00000000a2a00000, 0x00000000a2b00000|  0%| F|  |TAMS 0x00000000a2a00000| PB 0x00000000a2a00000| Untracked 
|  43|0x00000000a2b00000, 0x00000000a2b00000, 0x00000000a2c00000|  0%| F|  |TAMS 0x00000000a2b00000| PB 0x00000000a2b00000| Untracked 
|  44|0x00000000a2c00000, 0x00000000a2c00000, 0x00000000a2d00000|  0%| F|  |TAMS 0x00000000a2c00000| PB 0x00000000a2c00000| Untracked 
|  45|0x00000000a2d00000, 0x00000000a2d00000, 0x00000000a2e00000|  0%| F|  |TAMS 0x00000000a2d00000| PB 0x00000000a2d00000| Untracked 
|  46|0x00000000a2e00000, 0x00000000a2e63700, 0x00000000a2f00000| 38%| E|  |TAMS 0x00000000a2e00000| PB 0x00000000a2e00000| Complete 
|  47|0x00000000a2f00000, 0x00000000a3000000, 0x00000000a3000000|100%| E|CS|TAMS 0x00000000a2f00000| PB 0x00000000a2f00000| Complete 
|  48|0x00000000a3000000, 0x00000000a3100000, 0x00000000a3100000|100%| E|CS|TAMS 0x00000000a3000000| PB 0x00000000a3000000| Complete 
|  49|0x00000000a3100000, 0x00000000a3200000, 0x00000000a3200000|100%| E|CS|TAMS 0x00000000a3100000| PB 0x00000000a3100000| Complete 
|  50|0x00000000a3200000, 0x00000000a3300000, 0x00000000a3300000|100%| E|CS|TAMS 0x00000000a3200000| PB 0x00000000a3200000| Complete 
|  51|0x00000000a3300000, 0x00000000a3400000, 0x00000000a3400000|100%| E|CS|TAMS 0x00000000a3300000| PB 0x00000000a3300000| Complete 
|  52|0x00000000a3400000, 0x00000000a3500000, 0x00000000a3500000|100%| E|CS|TAMS 0x00000000a3400000| PB 0x00000000a3400000| Complete 
|  53|0x00000000a3500000, 0x00000000a3600000, 0x00000000a3600000|100%| E|CS|TAMS 0x00000000a3500000| PB 0x00000000a3500000| Complete 
|  54|0x00000000a3600000, 0x00000000a3700000, 0x00000000a3700000|100%| E|CS|TAMS 0x00000000a3600000| PB 0x00000000a3600000| Complete 
|  55|0x00000000a3700000, 0x00000000a3800000, 0x00000000a3800000|100%| E|CS|TAMS 0x00000000a3700000| PB 0x00000000a3700000| Complete 
|  56|0x00000000a3800000, 0x00000000a3900000, 0x00000000a3900000|100%| E|CS|TAMS 0x00000000a3800000| PB 0x00000000a3800000| Complete 
|  57|0x00000000a3900000, 0x00000000a3a00000, 0x00000000a3a00000|100%| E|CS|TAMS 0x00000000a3900000| PB 0x00000000a3900000| Complete 
|  58|0x00000000a3a00000, 0x00000000a3b00000, 0x00000000a3b00000|100%| E|CS|TAMS 0x00000000a3a00000| PB 0x00000000a3a00000| Complete 
|  59|0x00000000a3b00000, 0x00000000a3c00000, 0x00000000a3c00000|100%| E|CS|TAMS 0x00000000a3b00000| PB 0x00000000a3b00000| Complete 
|  60|0x00000000a3c00000, 0x00000000a3d00000, 0x00000000a3d00000|100%| E|CS|TAMS 0x00000000a3c00000| PB 0x00000000a3c00000| Complete 
|  61|0x00000000a3d00000, 0x00000000a3e00000, 0x00000000a3e00000|100%| E|CS|TAMS 0x00000000a3d00000| PB 0x00000000a3d00000| Complete 
|  62|0x00000000a3e00000, 0x00000000a3f00000, 0x00000000a3f00000|100%| E|CS|TAMS 0x00000000a3e00000| PB 0x00000000a3e00000| Complete 
|  63|0x00000000a3f00000, 0x00000000a4000000, 0x00000000a4000000|100%| E|CS|TAMS 0x00000000a3f00000| PB 0x00000000a3f00000| Complete 
|  64|0x00000000a4000000, 0x00000000a4100000, 0x00000000a4100000|100%| E|CS|TAMS 0x00000000a4000000| PB 0x00000000a4000000| Complete 
|  65|0x00000000a4100000, 0x00000000a4200000, 0x00000000a4200000|100%| E|CS|TAMS 0x00000000a4100000| PB 0x00000000a4100000| Complete 
|  66|0x00000000a4200000, 0x00000000a4300000, 0x00000000a4300000|100%| E|CS|TAMS 0x00000000a4200000| PB 0x00000000a4200000| Complete 
|  67|0x00000000a4300000, 0x00000000a4400000, 0x00000000a4400000|100%| E|CS|TAMS 0x00000000a4300000| PB 0x00000000a4300000| Complete 
|  68|0x00000000a4400000, 0x00000000a4500000, 0x00000000a4500000|100%| E|CS|TAMS 0x00000000a4400000| PB 0x00000000a4400000| Complete 
|  69|0x00000000a4500000, 0x00000000a4600000, 0x00000000a4600000|100%| E|CS|TAMS 0x00000000a4500000| PB 0x00000000a4500000| Complete 
|  70|0x00000000a4600000, 0x00000000a4700000, 0x00000000a4700000|100%| E|CS|TAMS 0x00000000a4600000| PB 0x00000000a4600000| Complete 
|  71|0x00000000a4700000, 0x00000000a4800000, 0x00000000a4800000|100%| E|CS|TAMS 0x00000000a4700000| PB 0x00000000a4700000| Complete 
|  72|0x00000000a4800000, 0x00000000a4900000, 0x00000000a4900000|100%| E|CS|TAMS 0x00000000a4800000| PB 0x00000000a4800000| Complete 
|  73|0x00000000a4900000, 0x00000000a4a00000, 0x00000000a4a00000|100%| E|CS|TAMS 0x00000000a4900000| PB 0x00000000a4900000| Complete 
|  74|0x00000000a4a00000, 0x00000000a4b00000, 0x00000000a4b00000|100%| E|CS|TAMS 0x00000000a4a00000| PB 0x00000000a4a00000| Complete 
|  75|0x00000000a4b00000, 0x00000000a4c00000, 0x00000000a4c00000|100%| E|CS|TAMS 0x00000000a4b00000| PB 0x00000000a4b00000| Complete 
|  76|0x00000000a4c00000, 0x00000000a4d00000, 0x00000000a4d00000|100%| E|CS|TAMS 0x00000000a4c00000| PB 0x00000000a4c00000| Complete 
|  77|0x00000000a4d00000, 0x00000000a4e00000, 0x00000000a4e00000|100%| E|CS|TAMS 0x00000000a4d00000| PB 0x00000000a4d00000| Complete 
|  78|0x00000000a4e00000, 0x00000000a4f00000, 0x00000000a4f00000|100%| E|CS|TAMS 0x00000000a4e00000| PB 0x00000000a4e00000| Complete 
|  79|0x00000000a4f00000, 0x00000000a5000000, 0x00000000a5000000|100%| E|CS|TAMS 0x00000000a4f00000| PB 0x00000000a4f00000| Complete 
|  80|0x00000000a5000000, 0x00000000a5100000, 0x00000000a5100000|100%| E|CS|TAMS 0x00000000a5000000| PB 0x00000000a5000000| Complete 
|  81|0x00000000a5100000, 0x00000000a5200000, 0x00000000a5200000|100%| E|CS|TAMS 0x00000000a5100000| PB 0x00000000a5100000| Complete 
|  82|0x00000000a5200000, 0x00000000a5300000, 0x00000000a5300000|100%| E|CS|TAMS 0x00000000a5200000| PB 0x00000000a5200000| Complete 
| 402|0x00000000b9200000, 0x00000000b9300000, 0x00000000b9300000|100%| E|CS|TAMS 0x00000000b9200000| PB 0x00000000b9200000| Complete 
| 403|0x00000000b9300000, 0x00000000b9400000, 0x00000000b9400000|100%| E|CS|TAMS 0x00000000b9300000| PB 0x00000000b9300000| Complete 
| 404|0x00000000b9400000, 0x00000000b9500000, 0x00000000b9500000|100%| E|CS|TAMS 0x00000000b9400000| PB 0x00000000b9400000| Complete 
| 405|0x00000000b9500000, 0x00000000b9600000, 0x00000000b9600000|100%| E|CS|TAMS 0x00000000b9500000| PB 0x00000000b9500000| Complete 
| 406|0x00000000b9600000, 0x00000000b9700000, 0x00000000b9700000|100%| E|CS|TAMS 0x00000000b9600000| PB 0x00000000b9600000| Complete 
| 407|0x00000000b9700000, 0x00000000b9800000, 0x00000000b9800000|100%| E|CS|TAMS 0x00000000b9700000| PB 0x00000000b9700000| Complete 
| 408|0x00000000b9800000, 0x00000000b9900000, 0x00000000b9900000|100%| E|CS|TAMS 0x00000000b9800000| PB 0x00000000b9800000| Complete 
| 409|0x00000000b9900000, 0x00000000b9a00000, 0x00000000b9a00000|100%| E|CS|TAMS 0x00000000b9900000| PB 0x00000000b9900000| Complete 
| 410|0x00000000b9a00000, 0x00000000b9b00000, 0x00000000b9b00000|100%| E|CS|TAMS 0x00000000b9a00000| PB 0x00000000b9a00000| Complete 
| 411|0x00000000b9b00000, 0x00000000b9c00000, 0x00000000b9c00000|100%| E|CS|TAMS 0x00000000b9b00000| PB 0x00000000b9b00000| Complete 
| 412|0x00000000b9c00000, 0x00000000b9d00000, 0x00000000b9d00000|100%| E|CS|TAMS 0x00000000b9c00000| PB 0x00000000b9c00000| Complete 
| 413|0x00000000b9d00000, 0x00000000b9e00000, 0x00000000b9e00000|100%| E|CS|TAMS 0x00000000b9d00000| PB 0x00000000b9d00000| Complete 
| 509|0x00000000bfd00000, 0x00000000bfe00000, 0x00000000bfe00000|100%| E|CS|TAMS 0x00000000bfd00000| PB 0x00000000bfd00000| Complete 

Card table byte_map: [0x0000029a18db0000,0x0000029a190b0000] _byte_map_base: 0x0000029a188b0000

Marking Bits: (CMBitMap*) 0x0000029a065b83a0
 Bits: [0x0000029a190b0000, 0x0000029a1a8b0000)

Polling page: 0x0000029a04400000

Metaspace:

Usage:
  Non-class:     32.04 MB used.
      Class:      5.24 MB used.
       Both:     37.28 MB used.

Virtual space:
  Non-class space:       64.00 MB reserved,      32.44 MB ( 51%) committed,  1 nodes.
      Class space:        1.00 GB reserved,       5.75 MB ( <1%) committed,  1 nodes.
             Both:        1.06 GB reserved,      38.19 MB (  4%) committed. 

Chunk freelists:
   Non-Class:  15.02 MB
       Class:  10.43 MB
        Both:  25.45 MB

MaxMetaspaceSize: unlimited
CompressedClassSpaceSize: 1.00 GB
Initial GC threshold: 21.00 MB
Current GC threshold: 59.62 MB
CDS: on
 - commit_granule_bytes: 65536.
 - commit_granule_words: 8192.
 - virtual_space_node_default_size: 8388608.
 - enlarge_chunks_in_place: 1.
 - use_allocation_guard: 0.


Internal statistics:

num_allocs_failed_limit: 9.
num_arena_births: 2534.
num_arena_deaths: 1248.
num_vsnodes_births: 2.
num_vsnodes_deaths: 0.
num_space_committed: 611.
num_space_uncommitted: 0.
num_chunks_returned_to_freelist: 1374.
num_chunks_taken_from_freelist: 4704.
num_chunk_merges: 495.
num_chunk_splits: 2688.
num_chunks_enlarged: 1625.
num_inconsistent_stats: 0.

CodeHeap 'non-profiled nmethods': size=120000Kb used=3689Kb max_used=3689Kb free=116310Kb
 bounds [0x0000029a11240000, 0x0000029a115e0000, 0x0000029a18770000]
CodeHeap 'profiled nmethods': size=120000Kb used=10381Kb max_used=10548Kb free=109618Kb
 bounds [0x0000029a09770000, 0x0000029a0a1c0000, 0x0000029a10ca0000]
CodeHeap 'non-nmethods': size=5760Kb used=2555Kb max_used=2629Kb free=3204Kb
 bounds [0x0000029a10ca0000, 0x0000029a10f50000, 0x0000029a11240000]
CodeCache: size=245760Kb, used=16625Kb, max_used=16866Kb, free=229132Kb
 total_blobs=6275, nmethods=5447, adapters=732, full_count=0
Compilation: enabled, stopped_count=0, restarted_count=0

Compilation events (20 events):
Event: 4848.894 Thread 0x0000029a1d4409a0 nmethod 6012% 0x0000029a115d2490 code [0x0000029a115d2680, 0x0000029a115d2c20]
Event: 4917.033 Thread 0x0000029a1d4409a0 6013       4       java.lang.ThreadLocal$ThreadLocalMap::expungeStaleEntry (146 bytes)
Event: 4917.063 Thread 0x0000029a1d4409a0 nmethod 6013 0x0000029a115d3110 code [0x0000029a115d3300, 0x0000029a115d3a38]
Event: 4999.451 Thread 0x0000029a1d4409a0 6014   !   4       org.gradle.internal.concurrent.ExecutorPolicy$CatchAndRecordFailures::onExecute (29 bytes)
Event: 4999.499 Thread 0x0000029a1d4409a0 nmethod 6014 0x0000029a115d3d90 code [0x0000029a115d3f60, 0x0000029a115d4158]
Event: 14293.356 Thread 0x0000029a1d4409a0 6015       4       java.util.concurrent.ThreadPoolExecutor$Worker::unlock (7 bytes)
Event: 14293.369 Thread 0x0000029a1d4409a0 nmethod 6015 0x0000029a115d4310 code [0x0000029a115d44c0, 0x0000029a115d4640]
Event: 14293.382 Thread 0x0000029a1d4409a0 6016       4       java.util.concurrent.ThreadPoolExecutor$Worker::lock (6 bytes)
Event: 14293.388 Thread 0x0000029a1d4409a0 nmethod 6016 0x0000029a115d4710 code [0x0000029a115d48a0, 0x0000029a115d4a70]
Event: 14293.415 Thread 0x0000029a1d448ea0 6017       1       java.util.Formatter$FormatSpecifier::index (5 bytes)
Event: 14293.415 Thread 0x0000029a1d448ea0 nmethod 6017 0x0000029a115d4b10 code [0x0000029a115d4ca0, 0x0000029a115d4d68]
Event: 14293.481 Thread 0x0000029a1d4409a0 6018   !   4       java.util.concurrent.ThreadPoolExecutor::getTask (177 bytes)
Event: 14293.629 Thread 0x0000029a1d4409a0 nmethod 6018 0x0000029a115d4e10 code [0x0000029a115d51e0, 0x0000029a115d67b8]
Event: 14293.629 Thread 0x0000029a1d4409a0 6019       4       java.lang.ThreadLocal::remove (8 bytes)
Event: 14293.659 Thread 0x0000029a1d4409a0 nmethod 6019 0x0000029a115d7790 code [0x0000029a115d79a0, 0x0000029a115d8360]
Event: 14312.771 Thread 0x0000029a1d4409a0 6020       4       java.util.concurrent.ScheduledThreadPoolExecutor$ScheduledFutureTask::setNextRunTime (38 bytes)
Event: 14312.778 Thread 0x0000029a1d4409a0 nmethod 6020 0x0000029a115d8910 code [0x0000029a115d8aa0, 0x0000029a115d8b78]
Event: 14312.785 Thread 0x0000029a1d4409a0 6021       4       java.util.concurrent.ScheduledThreadPoolExecutor::reExecutePeriodic (49 bytes)
Event: 14312.857 Thread 0x0000029a1d4409a0 nmethod 6021 0x0000029a115d8c10 code [0x0000029a115d8ea0, 0x0000029a115d9d60]
Event: 14313.155 Thread 0x0000029a1d4409a0 6022   !   4       org.gradle.internal.concurrent.AbstractManagedExecutor$1::run (57 bytes)

GC Heap History (20 events):
Event: 887.072 GC heap before
{Heap before GC invocations=7 (full 0):
 garbage-first heap   total 98304K, used 80912K [0x00000000a0000000, 0x0000000100000000)
  region size 1024K, 57 young (58368K), 5 survivors (5120K)
 Metaspace       used 31676K, committed 33024K, reserved 1114112K
  class space    used 4810K, committed 5504K, reserved 1048576K
}
Event: 887.103 GC heap after
{Heap after GC invocations=8 (full 0):
 garbage-first heap   total 98304K, used 28231K [0x00000000a0000000, 0x0000000100000000)
  region size 1024K, 5 young (5120K), 5 survivors (5120K)
 Metaspace       used 31676K, committed 33024K, reserved 1114112K
  class space    used 4810K, committed 5504K, reserved 1048576K
}
Event: 1368.331 GC heap before
{Heap before GC invocations=8 (full 0):
 garbage-first heap   total 98304K, used 81479K [0x00000000a0000000, 0x0000000100000000)
  region size 1024K, 57 young (58368K), 5 survivors (5120K)
 Metaspace       used 31702K, committed 33088K, reserved 1114112K
  class space    used 4810K, committed 5504K, reserved 1048576K
}
Event: 1368.424 GC heap after
{Heap after GC invocations=9 (full 0):
 garbage-first heap   total 98304K, used 28279K [0x00000000a0000000, 0x0000000100000000)
  region size 1024K, 3 young (3072K), 3 survivors (3072K)
 Metaspace       used 31702K, committed 33088K, reserved 1114112K
  class space    used 4810K, committed 5504K, reserved 1048576K
}
Event: 1857.051 GC heap before
{Heap before GC invocations=9 (full 0):
 garbage-first heap   total 98304K, used 82551K [0x00000000a0000000, 0x0000000100000000)
  region size 1024K, 57 young (58368K), 3 survivors (3072K)
 Metaspace       used 31742K, committed 33088K, reserved 1114112K
  class space    used 4810K, committed 5504K, reserved 1048576K
}
Event: 1857.117 GC heap after
{Heap after GC invocations=10 (full 0):
 garbage-first heap   total 98304K, used 28421K [0x00000000a0000000, 0x0000000100000000)
  region size 1024K, 3 young (3072K), 3 survivors (3072K)
 Metaspace       used 31742K, committed 33088K, reserved 1114112K
  class space    used 4810K, committed 5504K, reserved 1048576K
}
Event: 2357.452 GC heap before
{Heap before GC invocations=10 (full 0):
 garbage-first heap   total 98304K, used 83717K [0x00000000a0000000, 0x0000000100000000)
  region size 1024K, 57 young (58368K), 3 survivors (3072K)
 Metaspace       used 31770K, committed 33152K, reserved 1114112K
  class space    used 4810K, committed 5504K, reserved 1048576K
}
Event: 2357.500 GC heap after
{Heap after GC invocations=11 (full 0):
 garbage-first heap   total 98304K, used 28155K [0x00000000a0000000, 0x0000000100000000)
  region size 1024K, 2 young (2048K), 2 survivors (2048K)
 Metaspace       used 31770K, committed 33152K, reserved 1114112K
  class space    used 4810K, committed 5504K, reserved 1048576K
}
Event: 2874.379 GC heap before
{Heap before GC invocations=11 (full 0):
 garbage-first heap   total 98304K, used 84475K [0x00000000a0000000, 0x0000000100000000)
  region size 1024K, 57 young (58368K), 2 survivors (2048K)
 Metaspace       used 31809K, committed 33152K, reserved 1114112K
  class space    used 4810K, committed 5504K, reserved 1048576K
}
Event: 2874.415 GC heap after
{Heap after GC invocations=12 (full 0):
 garbage-first heap   total 98304K, used 27938K [0x00000000a0000000, 0x0000000100000000)
  region size 1024K, 2 young (2048K), 2 survivors (2048K)
 Metaspace       used 31809K, committed 33152K, reserved 1114112K
  class space    used 4810K, committed 5504K, reserved 1048576K
}
Event: 3079.786 GC heap before
{Heap before GC invocations=12 (full 0):
 garbage-first heap   total 98304K, used 65826K [0x00000000a0000000, 0x0000000100000000)
  region size 1024K, 41 young (41984K), 2 survivors (2048K)
 Metaspace       used 34877K, committed 36160K, reserved 1114112K
  class space    used 5172K, committed 5824K, reserved 1048576K
}
Event: 3079.806 GC heap after
{Heap after GC invocations=13 (full 0):
 garbage-first heap   total 98304K, used 29471K [0x00000000a0000000, 0x0000000100000000)
  region size 1024K, 4 young (4096K), 4 survivors (4096K)
 Metaspace       used 34877K, committed 36160K, reserved 1114112K
  class space    used 5172K, committed 5824K, reserved 1048576K
}
Event: 3152.450 GC heap before
{Heap before GC invocations=14 (full 0):
 garbage-first heap   total 98304K, used 87839K [0x00000000a0000000, 0x0000000100000000)
  region size 1024K, 57 young (58368K), 4 survivors (4096K)
 Metaspace       used 38099K, committed 39040K, reserved 1114112K
  class space    used 5354K, committed 5888K, reserved 1048576K
}
Event: 3152.533 GC heap after
{Heap after GC invocations=15 (full 0):
 garbage-first heap   total 98304K, used 34776K [0x00000000a0000000, 0x0000000100000000)
  region size 1024K, 8 young (8192K), 8 survivors (8192K)
 Metaspace       used 38099K, committed 39040K, reserved 1114112K
  class space    used 5354K, committed 5888K, reserved 1048576K
}
Event: 3638.803 GC heap before
{Heap before GC invocations=15 (full 0):
 garbage-first heap   total 98304K, used 84952K [0x00000000a0000000, 0x0000000100000000)
  region size 1024K, 57 young (58368K), 8 survivors (8192K)
 Metaspace       used 38100K, committed 39040K, reserved 1114112K
  class space    used 5354K, committed 5888K, reserved 1048576K
}
Event: 3638.944 GC heap after
{Heap after GC invocations=16 (full 0):
 garbage-first heap   total 98304K, used 34385K [0x00000000a0000000, 0x0000000100000000)
  region size 1024K, 1 young (1024K), 1 survivors (1024K)
 Metaspace       used 38100K, committed 39040K, reserved 1114112K
  class space    used 5354K, committed 5888K, reserved 1048576K
}
Event: 4123.443 GC heap before
{Heap before GC invocations=16 (full 0):
 garbage-first heap   total 98304K, used 89681K [0x00000000a0000000, 0x0000000100000000)
  region size 1024K, 55 young (56320K), 1 survivors (1024K)
 Metaspace       used 38108K, committed 39040K, reserved 1114112K
  class space    used 5354K, committed 5888K, reserved 1048576K
}
Event: 4123.460 GC heap after
{Heap after GC invocations=17 (full 0):
 garbage-first heap   total 98304K, used 34072K [0x00000000a0000000, 0x0000000100000000)
  region size 1024K, 1 young (1024K), 1 survivors (1024K)
 Metaspace       used 38108K, committed 39040K, reserved 1114112K
  class space    used 5354K, committed 5888K, reserved 1048576K
}
Event: 4591.443 GC heap before
{Heap before GC invocations=17 (full 0):
 garbage-first heap   total 98304K, used 90392K [0x00000000a0000000, 0x0000000100000000)
  region size 1024K, 56 young (57344K), 1 survivors (1024K)
 Metaspace       used 38167K, committed 39104K, reserved 1114112K
  class space    used 5364K, committed 5888K, reserved 1048576K
}
Event: 4591.463 GC heap after
{Heap after GC invocations=18 (full 0):
 garbage-first heap   total 98304K, used 33816K [0x00000000a0000000, 0x0000000100000000)
  region size 1024K, 1 young (1024K), 1 survivors (1024K)
 Metaspace       used 38167K, committed 39104K, reserved 1114112K
  class space    used 5364K, committed 5888K, reserved 1048576K
}

Dll operation events (20 events):
Event: 12.222 Attempting to load shared library C:\Users\Dawit.DAWITA\.vscode\extensions\redhat.java-1.56.0-win32-x64\jre\21.0.12.1-win32-x86_64\bin\nio.dll
Event: 12.224 Loaded shared library C:\Users\Dawit.DAWITA\.vscode\extensions\redhat.java-1.56.0-win32-x64\jre\21.0.12.1-win32-x86_64\bin\nio.dll
Event: 12.237 Attempting to load shared library C:\Users\Dawit.DAWITA\.vscode\extensions\redhat.java-1.56.0-win32-x64\jre\21.0.12.1-win32-x86_64\bin\zip.dll
Event: 12.237 Loaded shared library C:\Users\Dawit.DAWITA\.vscode\extensions\redhat.java-1.56.0-win32-x64\jre\21.0.12.1-win32-x86_64\bin\zip.dll
Event: 55.111 Attempting to load shared library C:\Users\Dawit.DAWITA\.vscode\extensions\redhat.java-1.56.0-win32-x64\jre\21.0.12.1-win32-x86_64\bin\jimage.dll
Event: 55.111 Loaded shared library C:\Users\Dawit.DAWITA\.vscode\extensions\redhat.java-1.56.0-win32-x64\jre\21.0.12.1-win32-x86_64\bin\jimage.dll
Event: 77.369 Attempting to load shared library C:\Users\Dawit.DAWITA\.vscode\extensions\redhat.java-1.56.0-win32-x64\jre\21.0.12.1-win32-x86_64\bin\verify.dll
Event: 77.371 Loaded shared library C:\Users\Dawit.DAWITA\.vscode\extensions\redhat.java-1.56.0-win32-x64\jre\21.0.12.1-win32-x86_64\bin\verify.dll
Event: 89.857 Attempting to load shared library C:\Users\Dawit.DAWITA\.gradle\native\c067742578af261105cb4f569cf0c3c89f3d7b1fecec35dd04571415982c5e48\windows-amd64\native-platform.dll
Event: 89.858 Loaded shared library C:\Users\Dawit.DAWITA\.gradle\native\c067742578af261105cb4f569cf0c3c89f3d7b1fecec35dd04571415982c5e48\windows-amd64\native-platform.dll
Event: 89.874 Attempting to load shared library C:\Users\Dawit.DAWITA\.gradle\native\100fb08df4bc3b14c8652ba06237920a3bd2aa13389f12d3474272988ae205f9\windows-amd64\native-platform-file-events.dll
Event: 89.876 Loaded shared library C:\Users\Dawit.DAWITA\.gradle\native\100fb08df4bc3b14c8652ba06237920a3bd2aa13389f12d3474272988ae205f9\windows-amd64\native-platform-file-events.dll
Event: 200.905 Attempting to load shared library C:\Users\Dawit.DAWITA\.vscode\extensions\redhat.java-1.56.0-win32-x64\jre\21.0.12.1-win32-x86_64\bin\management.dll
Event: 200.908 Loaded shared library C:\Users\Dawit.DAWITA\.vscode\extensions\redhat.java-1.56.0-win32-x64\jre\21.0.12.1-win32-x86_64\bin\management.dll
Event: 200.915 Attempting to load shared library C:\Users\Dawit.DAWITA\.vscode\extensions\redhat.java-1.56.0-win32-x64\jre\21.0.12.1-win32-x86_64\bin\management_ext.dll
Event: 200.916 Loaded shared library C:\Users\Dawit.DAWITA\.vscode\extensions\redhat.java-1.56.0-win32-x64\jre\21.0.12.1-win32-x86_64\bin\management_ext.dll
Event: 226.012 Attempting to load shared library C:\Users\Dawit.DAWITA\.vscode\extensions\redhat.java-1.56.0-win32-x64\jre\21.0.12.1-win32-x86_64\bin\extnet.dll
Event: 226.013 Loaded shared library C:\Users\Dawit.DAWITA\.vscode\extensions\redhat.java-1.56.0-win32-x64\jre\21.0.12.1-win32-x86_64\bin\extnet.dll
Event: 248.047 Attempting to load shared library C:\Users\Dawit.DAWITA\.vscode\extensions\redhat.java-1.56.0-win32-x64\jre\21.0.12.1-win32-x86_64\bin\sunmscapi.dll
Event: 248.057 Loaded shared library C:\Users\Dawit.DAWITA\.vscode\extensions\redhat.java-1.56.0-win32-x64\jre\21.0.12.1-win32-x86_64\bin\sunmscapi.dll

Deoptimization events (20 events):
Event: 4036.926 Thread 0x0000029a63c6d780 DEOPT PACKING pc=0x0000029a0a0f2cb2 sp=0x000000db590fecf0
Event: 4036.961 Thread 0x0000029a63c6d780 DEOPT UNPACKING pc=0x0000029a10cf4bc2 sp=0x000000db590fe178 mode 0
Event: 4164.297 Thread 0x0000029a63d817f0 DEOPT PACKING pc=0x0000029a0a13fdc7 sp=0x000000db5a3ff740
Event: 4164.304 Thread 0x0000029a63d817f0 DEOPT UNPACKING pc=0x0000029a10cf4bc2 sp=0x000000db5a3fec28 mode 0
Event: 14312.857 Thread 0x0000029a1d53f090 Uncommon trap: trap_request=0xffffffd6 fr.pc=0x0000029a115d9684 relative=0x00000000000007e4
Event: 14312.857 Thread 0x0000029a1d53f090 Uncommon trap: reason=array_check action=maybe_recompile pc=0x0000029a115d9684 method=java.util.concurrent.ScheduledThreadPoolExecutor$DelayedWorkQueue.offer(Ljava/lang/Runnable;)Z @ 65 c2
Event: 14312.864 Thread 0x0000029a1d53f090 DEOPT PACKING pc=0x0000029a115d9684 sp=0x000000db58eff510
Event: 14312.874 Thread 0x0000029a1d53f090 DEOPT UNPACKING pc=0x0000029a10cf4422 sp=0x000000db58eff398 mode 2
Event: 14312.889 Thread 0x0000029a1d53f090 Uncommon trap: trap_request=0xffffffd6 fr.pc=0x0000029a115d9684 relative=0x00000000000007e4
Event: 14312.889 Thread 0x0000029a1d53f090 Uncommon trap: reason=array_check action=maybe_recompile pc=0x0000029a115d9684 method=java.util.concurrent.ScheduledThreadPoolExecutor$DelayedWorkQueue.offer(Ljava/lang/Runnable;)Z @ 65 c2
Event: 14312.889 Thread 0x0000029a1d53f090 DEOPT PACKING pc=0x0000029a115d9684 sp=0x000000db58eff510
Event: 14312.905 Thread 0x0000029a1d53f090 DEOPT UNPACKING pc=0x0000029a10cf4422 sp=0x000000db58eff398 mode 2
Event: 14312.910 Thread 0x0000029a1d53f090 Uncommon trap: trap_request=0xffffffd6 fr.pc=0x0000029a115d9684 relative=0x00000000000007e4
Event: 14312.910 Thread 0x0000029a1d53f090 Uncommon trap: reason=array_check action=maybe_recompile pc=0x0000029a115d9684 method=java.util.concurrent.ScheduledThreadPoolExecutor$DelayedWorkQueue.offer(Ljava/lang/Runnable;)Z @ 65 c2
Event: 14312.910 Thread 0x0000029a1d53f090 DEOPT PACKING pc=0x0000029a115d9684 sp=0x000000db58eff510
Event: 14312.910 Thread 0x0000029a1d53f090 DEOPT UNPACKING pc=0x0000029a10cf4422 sp=0x000000db58eff398 mode 2
Event: 14312.911 Thread 0x0000029a1d53f090 Uncommon trap: trap_request=0xffffffd6 fr.pc=0x0000029a115d9684 relative=0x00000000000007e4
Event: 14312.911 Thread 0x0000029a1d53f090 Uncommon trap: reason=array_check action=maybe_recompile pc=0x0000029a115d9684 method=java.util.concurrent.ScheduledThreadPoolExecutor$DelayedWorkQueue.offer(Ljava/lang/Runnable;)Z @ 65 c2
Event: 14312.911 Thread 0x0000029a1d53f090 DEOPT PACKING pc=0x0000029a115d9684 sp=0x000000db58eff510
Event: 14312.911 Thread 0x0000029a1d53f090 DEOPT UNPACKING pc=0x0000029a10cf4422 sp=0x000000db58eff398 mode 2

Classes loaded (20 events):
Event: 3081.736 Loading class java/util/function/BooleanSupplier
Event: 3081.736 Loading class java/util/function/BooleanSupplier done
Event: 3081.742 Loading class jdk/internal/jimage/ImageReader$Resource
Event: 3081.742 Loading class jdk/internal/jimage/ImageReader$Resource done
Event: 3082.050 Loading class java/util/WeakHashMap$KeyIterator
Event: 3082.051 Loading class java/util/WeakHashMap$HashIterator
Event: 3082.051 Loading class java/util/WeakHashMap$HashIterator done
Event: 3082.051 Loading class java/util/WeakHashMap$KeyIterator done
Event: 3082.310 Loading class com/sun/beans/finder/MethodFinder
Event: 3082.310 Loading class com/sun/beans/finder/AbstractFinder
Event: 3082.311 Loading class com/sun/beans/finder/AbstractFinder done
Event: 3082.311 Loading class com/sun/beans/finder/MethodFinder done
Event: 3082.311 Loading class com/sun/beans/finder/MethodFinder$1
Event: 3082.311 Loading class com/sun/beans/finder/MethodFinder$1 done
Event: 3082.311 Loading class com/sun/beans/finder/FinderUtils
Event: 3082.311 Loading class com/sun/beans/finder/FinderUtils done
Event: 3083.336 Loading class java/util/BitSet$1BitSetSpliterator
Event: 3083.337 Loading class java/util/BitSet$1BitSetSpliterator done
Event: 3083.739 Loading class sun/nio/fs/WindowsException
Event: 3083.739 Loading class sun/nio/fs/WindowsException done

Classes unloaded (20 events):
Event: 3079.954 Thread 0x0000029a1d419690 Unloading class 0x0000029a1f0dc000 'java/lang/invoke/LambdaForm$BMH+0x0000029a1f0dc000'
Event: 3079.954 Thread 0x0000029a1d419690 Unloading class 0x0000029a1f0a9400 'java/lang/invoke/LambdaForm$MH+0x0000029a1f0a9400'
Event: 3079.954 Thread 0x0000029a1d419690 Unloading class 0x0000029a1f0a9000 'java/lang/invoke/LambdaForm$MH+0x0000029a1f0a9000'
Event: 3079.954 Thread 0x0000029a1d419690 Unloading class 0x0000029a1f0a8c00 'java/lang/invoke/LambdaForm$MH+0x0000029a1f0a8c00'
Event: 3079.957 Thread 0x0000029a1d419690 Unloading class 0x0000029a1f099000 'java/lang/invoke/LambdaForm$MH+0x0000029a1f099000'
Event: 3079.957 Thread 0x0000029a1d419690 Unloading class 0x0000029a1f098c00 'java/lang/invoke/LambdaForm$MH+0x0000029a1f098c00'
Event: 3079.957 Thread 0x0000029a1d419690 Unloading class 0x0000029a1f098000 'java/lang/invoke/LambdaForm$MH+0x0000029a1f098000'
Event: 3079.957 Thread 0x0000029a1d419690 Unloading class 0x0000029a1f03c800 'java/lang/invoke/LambdaForm$DMH+0x0000029a1f03c800'
Event: 3079.957 Thread 0x0000029a1d419690 Unloading class 0x0000029a1f02ec00 'java/lang/invoke/LambdaForm$MH+0x0000029a1f02ec00'
Event: 3079.957 Thread 0x0000029a1d419690 Unloading class 0x0000029a1f02e800 'java/lang/invoke/LambdaForm$MH+0x0000029a1f02e800'
Event: 3079.957 Thread 0x0000029a1d419690 Unloading class 0x0000029a1f02e000 'java/lang/invoke/LambdaForm$MH+0x0000029a1f02e000'
Event: 3079.957 Thread 0x0000029a1d419690 Unloading class 0x0000029a1f02dc00 'java/lang/invoke/LambdaForm$MH+0x0000029a1f02dc00'
Event: 3079.957 Thread 0x0000029a1d419690 Unloading class 0x0000029a1f02d800 'java/lang/invoke/LambdaForm$MH+0x0000029a1f02d800'
Event: 3079.957 Thread 0x0000029a1d419690 Unloading class 0x0000029a1f02c000 'java/lang/invoke/LambdaForm$MH+0x0000029a1f02c000'
Event: 3079.957 Thread 0x0000029a1d419690 Unloading class 0x0000029a1f01c800 'java/lang/invoke/LambdaForm$MH+0x0000029a1f01c800'
Event: 3079.957 Thread 0x0000029a1d419690 Unloading class 0x0000029a1f01c400 'java/lang/invoke/LambdaForm$MH+0x0000029a1f01c400'
Event: 3079.957 Thread 0x0000029a1d419690 Unloading class 0x0000029a1f002400 'java/lang/invoke/LambdaForm$MH+0x0000029a1f002400'
Event: 3079.957 Thread 0x0000029a1d419690 Unloading class 0x0000029a1f002000 'java/lang/invoke/LambdaForm$MH+0x0000029a1f002000'
Event: 3079.957 Thread 0x0000029a1d419690 Unloading class 0x0000029a1f001c00 'java/lang/invoke/LambdaForm$MH+0x0000029a1f001c00'
Event: 3079.957 Thread 0x0000029a1d419690 Unloading class 0x0000029a1f001400 'java/lang/invoke/LambdaForm$MH+0x0000029a1f001400'

Classes redefined (0 events):
No events

Internal exceptions (20 events):
Event: 3082.246 Thread 0x0000029a63fe1460 Exception <a 'java/lang/ClassNotFoundException'{0x00000000a3c151b0}: org/gradle/internal/extensibility/DefaultExtraPropertiesExtensionCustomizer> (0x00000000a3c151b0) 
thrown [s\src\hotspot\share\classfile\systemDictionary.cpp, line 313]
Event: 3082.294 Thread 0x0000029a63fe1460 Exception <a 'java/lang/ClassNotFoundException'{0x00000000a3cecb80}: groovy/lang/Closure$1BeanInfo> (0x00000000a3cecb80) 
thrown [s\src\hotspot\share\classfile\systemDictionary.cpp, line 313]
Event: 3082.297 Thread 0x0000029a63fe1460 Exception <a 'java/lang/ClassNotFoundException'{0x00000000a3cf9b18}: groovy/lang/ClosureBeanInfo> (0x00000000a3cf9b18) 
thrown [s\src\hotspot\share\classfile\systemDictionary.cpp, line 313]
Event: 3082.299 Thread 0x0000029a63fe1460 Exception <a 'java/lang/ClassNotFoundException'{0x00000000a3b06c78}: groovy/lang/ClosureCustomizer> (0x00000000a3b06c78) 
thrown [s\src\hotspot\share\classfile\systemDictionary.cpp, line 313]
Event: 3082.310 Thread 0x0000029a63fe1460 Exception <a 'java/lang/ClassNotFoundException'{0x00000000a3b37e48}: groovy/lang/Closure$1Customizer> (0x00000000a3b37e48) 
thrown [s\src\hotspot\share\classfile\systemDictionary.cpp, line 313]
Event: 3082.713 Thread 0x0000029a63fe1460 Exception <a 'java/lang/NoSuchMethodError'{0x00000000a3a55628}: 'void java.lang.invoke.Invokers$Holder.invoke_MT(java.lang.Object, java.lang.Object, java.lang.Object, java.lang.Object)'> (0x00000000a3a55628) 
thrown [s\src\hotspot\share\interpreter\linkResolver.cpp, line 773]
Event: 3082.781 Thread 0x0000029a63fe1460 Exception <a 'java/lang/ClassNotFoundException'{0x00000000a34463b0}: org/gradle/invocation/DefaultGradle_DecoratedBeanInfo> (0x00000000a34463b0) 
thrown [s\src\hotspot\share\classfile\systemDictionary.cpp, line 313]
Event: 3082.782 Thread 0x0000029a63fe1460 Exception <a 'java/lang/ClassNotFoundException'{0x00000000a3453758}: org/gradle/invocation/DefaultGradleBeanInfo> (0x00000000a3453758) 
thrown [s\src\hotspot\share\classfile\systemDictionary.cpp, line 313]
Event: 3082.785 Thread 0x0000029a63fe1460 Exception <a 'java/lang/ClassNotFoundException'{0x00000000a3461300}: org/gradle/api/internal/project/AbstractPluginAwareBeanInfo> (0x00000000a3461300) 
thrown [s\src\hotspot\share\classfile\systemDictionary.cpp, line 313]
Event: 3082.788 Thread 0x0000029a63fe1460 Exception <a 'java/lang/ClassNotFoundException'{0x00000000a346ec78}: org/gradle/api/internal/project/AbstractPluginAwareCustomizer> (0x00000000a346ec78) 
thrown [s\src\hotspot\share\classfile\systemDictionary.cpp, line 313]
Event: 3082.792 Thread 0x0000029a63fe1460 Exception <a 'java/lang/ClassNotFoundException'{0x00000000a3482110}: org/gradle/invocation/DefaultGradleCustomizer> (0x00000000a3482110) 
thrown [s\src\hotspot\share\classfile\systemDictionary.cpp, line 313]
Event: 3082.802 Thread 0x0000029a63fe1460 Exception <a 'java/lang/ClassNotFoundException'{0x00000000a34c4030}: org/gradle/invocation/DefaultGradle_DecoratedCustomizer> (0x00000000a34c4030) 
thrown [s\src\hotspot\share\classfile\systemDictionary.cpp, line 313]
Event: 3083.336 Thread 0x0000029a63fe1460 Implicit null exception at 0x0000029a1150135b to 0x0000029a115026b4
Event: 3083.353 Thread 0x0000029a63fe1460 Exception <a 'java/lang/IncompatibleClassChangeError'{0x00000000a2f2c960}: Found class java.lang.Object, but interface was expected> (0x00000000a2f2c960) 
thrown [s\src\hotspot\share\interpreter\linkResolver.cpp, line 840]
Event: 3083.740 Thread 0x0000029a63fe1460 Exception <a 'sun/nio/fs/WindowsException'{0x00000000a2f68328}> (0x00000000a2f68328) 
thrown [s\src\hotspot\share\prims\jni.cpp, line 520]
Event: 3083.743 Thread 0x0000029a63fe1460 Exception <a 'sun/nio/fs/WindowsException'{0x00000000a2f698a0}> (0x00000000a2f698a0) 
thrown [s\src\hotspot\share\prims\jni.cpp, line 520]
Event: 3083.744 Thread 0x0000029a63fe1460 Exception <a 'sun/nio/fs/WindowsException'{0x00000000a2f6adc8}> (0x00000000a2f6adc8) 
thrown [s\src\hotspot\share\prims\jni.cpp, line 520]
Event: 3083.745 Thread 0x0000029a63fe1460 Exception <a 'sun/nio/fs/WindowsException'{0x00000000a2f6bf08}> (0x00000000a2f6bf08) 
thrown [s\src\hotspot\share\prims\jni.cpp, line 520]
Event: 4474.406 Thread 0x0000029a63fe1460 Exception <a 'java/lang/NoSuchMethodError'{0x00000000a3af9c38}: 'java.lang.Object java.lang.invoke.DelegatingMethodHandle$Holder.reinvoke_L(java.lang.Object, java.lang.Object, java.lang.Object, java.lang.Object, java.lang.Object, java.lang.Object, java.lang.Object, java.lang.Object, java.lang.Object, java.lang.Object, java.lang.Object, java.lang.Object, java.lang.Object)'> (0x00000000a3af9c38) 
thrown [s\src\hotspot\share\interpreter\linkResolver.cpp, line 773]
Event: 4475.115 Thread 0x0000029a63fe1460 Exception <a 'java/lang/IncompatibleClassChangeError'{0x00000000a37ee690}: Found class java.lang.Object, but interface was expected> (0x00000000a37ee690) 
thrown [s\src\hotspot\share\interpreter\linkResolver.cpp, line 840]

ZGC Phase Switch (0 events):
No events

VM Operations (20 events):
Event: 4123.460 Executing safepoint VM operation: G1CollectForAllocation (G1 Evacuation Pause) done
Event: 4272.960 Executing safepoint VM operation: Cleanup
Event: 4272.960 Executing safepoint VM operation: Cleanup done
Event: 4288.115 Executing safepoint VM operation: Cleanup
Event: 4288.116 Executing safepoint VM operation: Cleanup done
Event: 4471.987 Executing safepoint VM operation: Cleanup
Event: 4472.064 Executing safepoint VM operation: Cleanup done
Event: 4474.076 Executing safepoint VM operation: Cleanup
Event: 4474.245 Executing safepoint VM operation: Cleanup done
Event: 4476.282 Executing safepoint VM operation: Cleanup
Event: 4476.285 Executing safepoint VM operation: Cleanup done
Event: 4591.443 Executing safepoint VM operation: G1CollectForAllocation (G1 Evacuation Pause)
Event: 4591.463 Executing safepoint VM operation: G1CollectForAllocation (G1 Evacuation Pause) done
Event: 4767.353 Executing safepoint VM operation: Cleanup
Event: 4767.353 Executing safepoint VM operation: Cleanup done
Event: 14290.086 Executing safepoint VM operation: Cleanup
Event: 14293.347 Executing safepoint VM operation: Cleanup done
Event: 14297.542 Executing safepoint VM operation: Cleanup
Event: 14312.762 Executing safepoint VM operation: Cleanup done
Event: 14313.792 Executing safepoint VM operation: Cleanup

Memory protections (0 events):
No events

Nmethod flushes (20 events):
Event: 3080.073 Thread 0x0000029a1d419690 flushing  nmethod 0x0000029a09af9c10
Event: 3080.073 Thread 0x0000029a1d419690 flushing  nmethod 0x0000029a09af9f90
Event: 3080.073 Thread 0x0000029a1d419690 flushing  nmethod 0x0000029a09afbe10
Event: 3080.073 Thread 0x0000029a1d419690 flushing  nmethod 0x0000029a09afc210
Event: 3080.073 Thread 0x0000029a1d419690 flushing  nmethod 0x0000029a09b04e90
Event: 3080.073 Thread 0x0000029a1d419690 flushing  nmethod 0x0000029a09b06310
Event: 3080.073 Thread 0x0000029a1d419690 flushing  nmethod 0x0000029a09b0c210
Event: 3080.073 Thread 0x0000029a1d419690 flushing  nmethod 0x0000029a09b0c590
Event: 3080.073 Thread 0x0000029a1d419690 flushing  nmethod 0x0000029a09b0d710
Event: 3080.073 Thread 0x0000029a1d419690 flushing  nmethod 0x0000029a09b0e110
Event: 3080.073 Thread 0x0000029a1d419690 flushing  nmethod 0x0000029a09b13510
Event: 3080.073 Thread 0x0000029a1d419690 flushing  nmethod 0x0000029a09b40610
Event: 3080.073 Thread 0x0000029a1d419690 flushing  nmethod 0x0000029a09b4ae10
Event: 3080.073 Thread 0x0000029a1d419690 flushing  nmethod 0x0000029a09b4b310
Event: 3080.073 Thread 0x0000029a1d419690 flushing  nmethod 0x0000029a09b4da90
Event: 3080.073 Thread 0x0000029a1d419690 flushing  nmethod 0x0000029a09c0d390
Event: 3080.073 Thread 0x0000029a1d419690 flushing  nmethod 0x0000029a09c10710
Event: 3080.073 Thread 0x0000029a1d419690 flushing  nmethod 0x0000029a09c10f90
Event: 3080.073 Thread 0x0000029a1d419690 flushing  nmethod 0x0000029a09c56790
Event: 3080.073 Thread 0x0000029a1d419690 flushing  nmethod 0x0000029a09c5df90

Events (20 events):
Event: 880.012 Thread 0x0000029a63d7fdb0 Thread added: 0x0000029a63d845e0
Event: 880.120 Thread 0x0000029a63fe1460 Thread added: 0x0000029a63d81160
Event: 880.155 Thread 0x0000029a63fe1460 Thread added: 0x0000029a63d84c70
Event: 880.158 Thread 0x0000029a63fe1460 Thread added: 0x0000029a63d817f0
Event: 881.175 Thread 0x0000029a63d845e0 Thread exited: 0x0000029a63d845e0
Event: 881.185 Thread 0x0000029a63d83f50 Thread exited: 0x0000029a63d83f50
Event: 881.470 Thread 0x0000029a63fe1460 Thread added: 0x0000029a63d86020
Event: 881.487 Thread 0x0000029a63fe1460 Thread added: 0x0000029a63d845e0
Event: 882.428 Thread 0x0000029a63fe1460 Thread added: 0x0000029a63d85300
Event: 882.469 Thread 0x0000029a63fe1460 Thread added: 0x0000029a63d85990
Event: 882.508 Thread 0x0000029a63fe1460 Thread added: 0x0000029a63d866b0
Event: 940.129 Thread 0x0000029a63d80440 Thread exited: 0x0000029a63d80440
Event: 941.199 Thread 0x0000029a63d7fdb0 Thread exited: 0x0000029a63d7fdb0
Event: 982.067 Thread 0x0000029a63d82ba0 Thread exited: 0x0000029a63d82ba0
Event: 3072.927 Thread 0x0000029a63fe00b0 Thread added: 0x0000029a63d7fdb0
Event: 3073.049 Thread 0x0000029a63fe1460 Thread added: 0x0000029a63d80440
Event: 3151.919 Thread 0x0000029a63d7fdb0 Thread exited: 0x0000029a63d7fdb0
Event: 4459.879 Thread 0x0000029a63fe00b0 Thread added: 0x0000029a63d7fdb0
Event: 4460.485 Thread 0x0000029a63fe1460 Thread added: 0x0000029a63d86d40
Event: 4559.264 Thread 0x0000029a63d7fdb0 Thread exited: 0x0000029a63d7fdb0


Dynamic libraries:
0x00007ff78b490000 - 0x00007ff78b49e000 	C:\Users\Dawit.DAWITA\.vscode\extensions\redhat.java-1.56.0-win32-x64\jre\21.0.12.1-win32-x86_64\bin\java.exe
0x00007ffaf8ac0000 - 0x00007ffaf8d27000 	C:\WINDOWS\SYSTEM32\ntdll.dll
0x00007ffaf6c70000 - 0x00007ffaf6d3b000 	C:\WINDOWS\System32\KERNEL32.DLL
0x00007ffaf5e10000 - 0x00007ffaf6211000 	C:\WINDOWS\System32\KERNELBASE.dll
0x00007ffaf6680000 - 0x00007ffaf67cc000 	C:\WINDOWS\System32\ucrtbase.dll
0x00007ffa513b0000 - 0x00007ffa513c8000 	C:\Users\Dawit.DAWITA\.vscode\extensions\redhat.java-1.56.0-win32-x64\jre\21.0.12.1-win32-x86_64\bin\jli.dll
0x00007ffaf8050000 - 0x00007ffaf8227000 	C:\WINDOWS\System32\USER32.dll
0x00007ffaf62e0000 - 0x00007ffaf6307000 	C:\WINDOWS\System32\win32u.dll
0x00007ffaf74f0000 - 0x00007ffaf751b000 	C:\WINDOWS\System32\GDI32.dll
0x00007ffaf6550000 - 0x00007ffaf6678000 	C:\WINDOWS\System32\gdi32full.dll
0x00007ffaf6310000 - 0x00007ffaf63b3000 	C:\WINDOWS\System32\msvcp_win.dll
0x00007ffa51390000 - 0x00007ffa513ae000 	C:\Users\Dawit.DAWITA\.vscode\extensions\redhat.java-1.56.0-win32-x64\jre\21.0.12.1-win32-x86_64\bin\VCRUNTIME140.dll
0x00007ffada7a0000 - 0x00007ffadaa30000 	C:\WINDOWS\WinSxS\amd64_microsoft.windows.common-controls_6595b64144ccf1df_6.0.26100.9549_none_3e0a0396e3330090\COMCTL32.dll
0x00007ffaf6b70000 - 0x00007ffaf6c19000 	C:\WINDOWS\System32\msvcrt.dll
0x00007ffaf7d50000 - 0x00007ffaf7d81000 	C:\WINDOWS\System32\IMM32.DLL
0x00007ffabfdc0000 - 0x00007ffabfdcc000 	C:\Users\Dawit.DAWITA\.vscode\extensions\redhat.java-1.56.0-win32-x64\jre\21.0.12.1-win32-x86_64\bin\vcruntime140_1.dll
0x00007ffa51300000 - 0x00007ffa5138d000 	C:\Users\Dawit.DAWITA\.vscode\extensions\redhat.java-1.56.0-win32-x64\jre\21.0.12.1-win32-x86_64\bin\msvcp140.dll
0x00007ffa50490000 - 0x00007ffa51232000 	C:\Users\Dawit.DAWITA\.vscode\extensions\redhat.java-1.56.0-win32-x64\jre\21.0.12.1-win32-x86_64\bin\server\jvm.dll
0x00007ffaf8950000 - 0x00007ffaf8a0b000 	C:\WINDOWS\System32\ADVAPI32.dll
0x00007ffaf8230000 - 0x00007ffaf82d8000 	C:\WINDOWS\System32\sechost.dll
0x00007ffaf7f30000 - 0x00007ffaf8048000 	C:\WINDOWS\System32\RPCRT4.dll
0x00007ffaf8710000 - 0x00007ffaf8791000 	C:\WINDOWS\System32\WS2_32.dll
0x00007ffaf5b10000 - 0x00007ffaf5b6e000 	C:\WINDOWS\SYSTEM32\POWRPROF.dll
0x00007ffadc210000 - 0x00007ffadc247000 	C:\WINDOWS\SYSTEM32\WINMM.dll
0x00007ffae7c80000 - 0x00007ffae7c8b000 	C:\WINDOWS\SYSTEM32\VERSION.dll
0x00007ffaf5af0000 - 0x00007ffaf5b05000 	C:\WINDOWS\SYSTEM32\UMPDC.dll
0x00007ffaf4960000 - 0x00007ffaf497b000 	C:\WINDOWS\SYSTEM32\kernel.appcore.dll
0x00007ffaba930000 - 0x00007ffaba93a000 	C:\Users\Dawit.DAWITA\.vscode\extensions\redhat.java-1.56.0-win32-x64\jre\21.0.12.1-win32-x86_64\bin\jimage.dll
0x00007ffaf29d0000 - 0x00007ffaf2c1c000 	C:\WINDOWS\SYSTEM32\DBGHELP.DLL
0x00007ffaf67e0000 - 0x00007ffaf6b6a000 	C:\WINDOWS\System32\combase.dll
0x00007ffaf8450000 - 0x00007ffaf8529000 	C:\WINDOWS\System32\OLEAUT32.dll
0x00007ffad6b70000 - 0x00007ffad6bab000 	C:\WINDOWS\SYSTEM32\dbgcore.DLL
0x00007ffaf6220000 - 0x00007ffaf62cc000 	C:\WINDOWS\System32\bcryptPrimitives.dll
0x00007ffae81f0000 - 0x00007ffae81ff000 	C:\Users\Dawit.DAWITA\.vscode\extensions\redhat.java-1.56.0-win32-x64\jre\21.0.12.1-win32-x86_64\bin\instrument.dll
0x00007ffa50470000 - 0x00007ffa50490000 	C:\Users\Dawit.DAWITA\.vscode\extensions\redhat.java-1.56.0-win32-x64\jre\21.0.12.1-win32-x86_64\bin\java.dll
0x00007ffaf6d40000 - 0x00007ffaf74dc000 	C:\WINDOWS\System32\SHELL32.dll
0x00007ffaf3740000 - 0x00007ffaf3fed000 	C:\WINDOWS\SYSTEM32\windows.storage.dll
0x00007ffaf87a0000 - 0x00007ffaf8899000 	C:\WINDOWS\System32\SHCORE.dll
0x00007ffaf8a10000 - 0x00007ffaf8a76000 	C:\WINDOWS\System32\shlwapi.dll
0x00007ffaf5bd0000 - 0x00007ffaf5bf9000 	C:\WINDOWS\SYSTEM32\profapi.dll
0x00007ffa503f0000 - 0x00007ffa50408000 	C:\Users\Dawit.DAWITA\.vscode\extensions\redhat.java-1.56.0-win32-x64\jre\21.0.12.1-win32-x86_64\bin\zip.dll
0x00007ffaae710000 - 0x00007ffaae720000 	C:\Users\Dawit.DAWITA\.vscode\extensions\redhat.java-1.56.0-win32-x64\jre\21.0.12.1-win32-x86_64\bin\net.dll
0x00007ffae7750000 - 0x00007ffae787a000 	C:\WINDOWS\SYSTEM32\WINHTTP.dll
0x00007ffaf4f20000 - 0x00007ffaf4f8c000 	C:\WINDOWS\system32\mswsock.dll
0x00007ffa51860000 - 0x00007ffa51876000 	C:\Users\Dawit.DAWITA\.vscode\extensions\redhat.java-1.56.0-win32-x64\jre\21.0.12.1-win32-x86_64\bin\nio.dll
0x00007ffae81e0000 - 0x00007ffae81f0000 	C:\Users\Dawit.DAWITA\.vscode\extensions\redhat.java-1.56.0-win32-x64\jre\21.0.12.1-win32-x86_64\bin\verify.dll
0x00007ffa520f0000 - 0x00007ffa52117000 	C:\Users\Dawit.DAWITA\.gradle\native\c067742578af261105cb4f569cf0c3c89f3d7b1fecec35dd04571415982c5e48\windows-amd64\native-platform.dll
0x00007ffa71ca0000 - 0x00007ffa71de4000 	C:\Users\Dawit.DAWITA\.gradle\native\100fb08df4bc3b14c8652ba06237920a3bd2aa13389f12d3474272988ae205f9\windows-amd64\native-platform-file-events.dll
0x00007ffad7980000 - 0x00007ffad798a000 	C:\Users\Dawit.DAWITA\.vscode\extensions\redhat.java-1.56.0-win32-x64\jre\21.0.12.1-win32-x86_64\bin\management.dll
0x00007ffad7970000 - 0x00007ffad797c000 	C:\Users\Dawit.DAWITA\.vscode\extensions\redhat.java-1.56.0-win32-x64\jre\21.0.12.1-win32-x86_64\bin\management_ext.dll
0x00007ffaf88c0000 - 0x00007ffaf88c8000 	C:\WINDOWS\System32\PSAPI.DLL
0x00007ffaf5210000 - 0x00007ffaf522b000 	C:\WINDOWS\SYSTEM32\CRYPTSP.dll
0x00007ffaf48c0000 - 0x00007ffaf48f9000 	C:\WINDOWS\system32\rsaenh.dll
0x00007ffaf4fd0000 - 0x00007ffaf5004000 	C:\WINDOWS\SYSTEM32\USERENV.dll
0x00007ffaf5ba0000 - 0x00007ffaf5bca000 	C:\WINDOWS\SYSTEM32\bcrypt.dll
0x00007ffaf5230000 - 0x00007ffaf523c000 	C:\WINDOWS\SYSTEM32\CRYPTBASE.dll
0x00007ffaf43e0000 - 0x00007ffaf4413000 	C:\WINDOWS\SYSTEM32\IPHLPAPI.DLL
0x00007ffaf88b0000 - 0x00007ffaf88ba000 	C:\WINDOWS\System32\NSI.dll
0x00007ffa7d790000 - 0x00007ffa7d799000 	C:\Users\Dawit.DAWITA\.vscode\extensions\redhat.java-1.56.0-win32-x64\jre\21.0.12.1-win32-x86_64\bin\extnet.dll
0x00007ffa84180000 - 0x00007ffa8418e000 	C:\Users\Dawit.DAWITA\.vscode\extensions\redhat.java-1.56.0-win32-x64\jre\21.0.12.1-win32-x86_64\bin\sunmscapi.dll
0x00007ffaf63c0000 - 0x00007ffaf653f000 	C:\WINDOWS\System32\CRYPT32.dll
0x00007ffaf5470000 - 0x00007ffaf54a0000 	C:\WINDOWS\SYSTEM32\ncrypt.dll
0x00007ffaf5420000 - 0x00007ffaf545f000 	C:\WINDOWS\SYSTEM32\NTASN1.dll
0x00007ffac5700000 - 0x00007ffac5708000 	C:\WINDOWS\system32\wshunix.dll

JVMTI agents:
C:\Users\Dawit.DAWITA\.gradle\wrapper\dists\gradle-8.11.1-all\2qik7nd48slq1ooc2496ixf4i\gradle-8.11.1\lib\agents\gradle-instrumentation-agent-8.11.1.jar path:C:\Users\Dawit.DAWITA\.vscode\extensions\redhat.java-1.56.0-win32-x64\jre\21.0.12.1-win32-x86_64\bin\instrument.dll, loaded, initialized, instrumentlib options:none

dbghelp: loaded successfully - version: 4.0.5 - missing functions: none
symbol engine: initialized successfully - sym options: 0x614 - pdb path: .;C:\Users\Dawit.DAWITA\.vscode\extensions\redhat.java-1.56.0-win32-x64\jre\21.0.12.1-win32-x86_64\bin;C:\WINDOWS\SYSTEM32;C:\WINDOWS\WinSxS\amd64_microsoft.windows.common-controls_6595b64144ccf1df_6.0.26100.9549_none_3e0a0396e3330090;C:\Users\Dawit.DAWITA\.vscode\extensions\redhat.java-1.56.0-win32-x64\jre\21.0.12.1-win32-x86_64\bin\server;C:\Users\Dawit.DAWITA\.gradle\native\c067742578af261105cb4f569cf0c3c89f3d7b1fecec35dd04571415982c5e48\windows-amd64;C:\Users\Dawit.DAWITA\.gradle\native\100fb08df4bc3b14c8652ba06237920a3bd2aa13389f12d3474272988ae205f9\windows-amd64

VM Arguments:
jvm_args: --add-opens=java.base/java.lang=ALL-UNNAMED --add-opens=java.base/java.lang.invoke=ALL-UNNAMED --add-opens=java.base/java.util=ALL-UNNAMED --add-opens=java.prefs/java.util.prefs=ALL-UNNAMED --add-exports=jdk.compiler/com.sun.tools.javac.api=ALL-UNNAMED --add-exports=jdk.compiler/com.sun.tools.javac.util=ALL-UNNAMED --add-opens=java.base/java.util=ALL-UNNAMED --add-opens=java.prefs/java.util.prefs=ALL-UNNAMED --add-opens=java.base/java.nio.charset=ALL-UNNAMED --add-opens=java.base/java.net=ALL-UNNAMED --add-opens=java.base/java.util.concurrent.atomic=ALL-UNNAMED --add-opens=java.xml/javax.xml.namespace=ALL-UNNAMED -Xmx1536m -Dfile.encoding=UTF-8 -Duser.country=US -Duser.language=en -Duser.variant -javaagent:C:\Users\Dawit.DAWITA\.gradle\wrapper\dists\gradle-8.11.1-all\2qik7nd48slq1ooc2496ixf4i\gradle-8.11.1\lib\agents\gradle-instrumentation-agent-8.11.1.jar 
java_command: org.gradle.launcher.daemon.bootstrap.GradleDaemon 8.11.1
java_class_path (initial): C:\Users\Dawit.DAWITA\.gradle\wrapper\dists\gradle-8.11.1-all\2qik7nd48slq1ooc2496ixf4i\gradle-8.11.1\lib\gradle-daemon-main-8.11.1.jar
Launcher Type: SUN_STANDARD

[Global flags]
     intx CICompilerCount                          = 4                                         {product} {ergonomic}
     uint ConcGCThreads                            = 2                                         {product} {ergonomic}
     uint G1ConcRefinementThreads                  = 8                                         {product} {ergonomic}
   size_t G1HeapRegionSize                         = 1048576                                   {product} {ergonomic}
    uintx GCDrainStackTargetSize                   = 64                                        {product} {ergonomic}
   size_t InitialHeapSize                          = 534773760                                 {product} {ergonomic}
   size_t MarkStackSize                            = 4194304                                   {product} {ergonomic}
   size_t MaxHeapSize                              = 1610612736                                {product} {command line}
   size_t MaxNewSize                               = 965738496                                 {product} {ergonomic}
   size_t MinHeapDeltaBytes                        = 1048576                                   {product} {ergonomic}
   size_t MinHeapSize                              = 8388608                                   {product} {ergonomic}
    uintx NonNMethodCodeHeapSize                   = 5839372                                {pd product} {ergonomic}
    uintx NonProfiledCodeHeapSize                  = 122909434                              {pd product} {ergonomic}
    uintx ProfiledCodeHeapSize                     = 122909434                              {pd product} {ergonomic}
    uintx ReservedCodeCacheSize                    = 251658240                              {pd product} {ergonomic}
     bool SegmentedCodeCache                       = true                                      {product} {ergonomic}
   size_t SoftMaxHeapSize                          = 1610612736                             {manageable} {ergonomic}
     bool UseCompressedOops                        = true                           {product lp64_product} {ergonomic}
     bool UseG1GC                                  = true                                      {product} {ergonomic}
     bool UseLargePagesIndividualAllocation        = false                                  {pd product} {ergonomic}

Logging:
Log output configuration:
 #0: stdout all=warning uptime,level,tags foldmultilines=false
 #1: stderr all=off uptime,level,tags foldmultilines=false

Release file:
JAVA_VERSION="21.0.12.1" 
MODULES="java.base java.compiler java.datatransfer java.xml java.prefs java.desktop java.instrument java.logging java.management java.security.sasl java.naming java.rmi java.management.rmi java.net.http java.scripting java.security.jgss java.transaction.xa java.sql java.sql.rowset java.xml.crypto java.se java.smartcardio jdk.accessibility jdk.internal.jvmstat jdk.attach jdk.charsets jdk.internal.opt jdk.zipfs jdk.compiler jdk.crypto.ec jdk.crypto.cryptoki jdk.crypto.mscapi jdk.dynalink jdk.internal.ed jdk.editpad jdk.hotspot.agent jdk.httpserver jdk.internal.le jdk.internal.vm.ci jdk.internal.vm.compiler jdk.internal.vm.compiler.management jdk.jartool jdk.javadoc jdk.jcmd jdk.management jdk.management.agent jdk.jconsole jdk.jdeps jdk.jdwp.agent jdk.jdi jdk.jfr jdk.jshell jdk.jsobject jdk.jstatd jdk.localedata jdk.management.jfr jdk.naming.dns jdk.naming.rmi jdk.net jdk.nio.mapmode jdk.random jdk.sctp jdk.security.auth jdk.security.jgss jdk.unsupported jdk.unsupported.desktop jdk.xml.dom" 

Environment Variables:
JAVA_HOME=C:\Users\Dawit.DAWITA\AppData\Local\Java\jdk-21.0.2+13
PATH=C:\Program Files (x86)\VMware\VMware Workstation\bin\;C:\Program Files (x86)\VMware\VMware Player\bin\;C:\Program Files\Common Files\Oracle\Java\javapath;C:\Program Files\Eclipse Adoptium\jdk-17.0.17.10-hotspot\bin;C:\Program Files\Eclipse Adoptium\jdk-21.0.9.10-hotspot\bin;C:\WINDOWS\system32;C:\WINDOWS;C:\WINDOWS\System32\Wbem;C:\WINDOWS\System32\WindowsPowerShell\v1.0\;C:\WINDOWS\System32\OpenSSH\;C:\Program Files\nodejs\;C:\Program Files\PyManager\;C:\Program Files\Git\cmd;C:\Program Files\WSL\;C:\Program Files\Docker\Docker\resources\bin;C:\Users\Dawit.DAWITA\AppData\Local\Java\jdk-21.0.2+13\bin;C:\Users\Dawit.DAWITA\AppData\Local\Microsoft\WindowsApps;C:\Users\Dawit.DAWITA\AppData\Local\Programs\Microsoft VS Code\bin;C:\Program Files\JetBrains\PyCharm Community Edition 2023.1.1\bin;;%USERPROFILE%\AppData\Local\Microsoft\WindowsApps
USERNAME=Dawit
OS=Windows_NT
PROCESSOR_IDENTIFIER=Intel64 Family 6 Model 142 Stepping 12, GenuineIntel
TMP=C:\Users\DAWIT~1.DAW\AppData\Local\Temp
TEMP=C:\Users\DAWIT~1.DAW\AppData\Local\Temp




Periodic native trim disabled

---------------  S Y S T E M  ---------------

OS:
 Windows 11 , 64 bit Build 26100 (10.0.26100.9549)
OS uptime: 0 days 5:28 hours
Hyper-V role detected

CPU: total 8 (initial active 8) (4 cores per cpu, 2 threads per core) family 6 model 142 stepping 12 microcode 0xfc, cx8, cmov, fxsr, ht, mmx, 3dnowpref, sse, sse2, sse3, ssse3, sse4.1, sse4.2, popcnt, lzcnt, tsc, tscinvbit, avx, avx2, aes, erms, clmul, bmi1, bmi2, adx, fma, vzeroupper, clflush, clflushopt, hv, rdtscp, f16c
Processor Information for the first 8 processors :
  Max Mhz: 1992, Current Mhz: 1792, Mhz Limit: 1792

Memory: 4k page, system-wide physical 32615M (14M free)
TotalPageFile size 130919M (AvailPageFile size 616M)
current process WorkingSet (physical memory assigned to process): 37M, peak: 220M
current process commit charge ("private bytes"): 275M, peak: 680M

vm_info: OpenJDK 64-Bit Server VM (21.0.12.1+1-LTS) for windows-amd64 JRE (21.0.12.1+1-LTS), built on 2026-08-18T00:00:00Z by "admin" with MS VC++ 17.12 (VS2022)

END.
