#
# There is insufficient memory for the Java Runtime Environment to continue.
# Native memory allocation (malloc) failed to allocate 302976 bytes. Error detail: Chunk::new
# Possible reasons:
#   The system is out of physical RAM or swap space
#   This process is running with CompressedOops enabled, and the Java Heap may be blocking the growth of the native heap
# Possible solutions:
#   Reduce memory load on the system
#   Increase physical memory or swap space
#   Check if swap backing store is full
#   Decrease Java heap size (-Xmx/-Xms)
#   Decrease number of Java threads
#   Decrease Java thread stack sizes (-Xss)
#   Set larger code cache with -XX:ReservedCodeCacheSize=
#   JVM is running with Unscaled Compressed Oops mode in which the Java heap is
#     placed in the first 4GB address space. The Java Heap base address is the
#     maximum limit for the native heap growth. Please use -XX:HeapBaseMinAddress
#     to set the Java Heap base and to place the Java Heap above 4GB virtual address.
# This output file may be truncated or incomplete.
#
#  Out of Memory Error (arena.cpp:168), pid=34448, tid=76920
#
# JRE version: OpenJDK Runtime Environment Temurin-21.0.12.1+1 (21.0.12.1+1) (build 21.0.12.1+1-LTS)
# Java VM: OpenJDK 64-Bit Server VM Temurin-21.0.12.1+1 (21.0.12.1+1-LTS, mixed mode, sharing, tiered, compressed oops, compressed class ptrs, g1 gc, windows-amd64)
# No core dump will be written. Minidumps are not enabled by default on client versions of Windows
#

---------------  S U M M A R Y ------------

Command Line: --add-opens=java.base/java.lang=ALL-UNNAMED --add-opens=java.base/java.lang.invoke=ALL-UNNAMED --add-opens=java.base/java.util=ALL-UNNAMED --add-opens=java.prefs/java.util.prefs=ALL-UNNAMED --add-exports=jdk.compiler/com.sun.tools.javac.api=ALL-UNNAMED --add-exports=jdk.compiler/com.sun.tools.javac.util=ALL-UNNAMED --add-opens=java.base/java.util=ALL-UNNAMED --add-opens=java.prefs/java.util.prefs=ALL-UNNAMED --add-opens=java.base/java.nio.charset=ALL-UNNAMED --add-opens=java.base/java.net=ALL-UNNAMED --add-opens=java.base/java.util.concurrent.atomic=ALL-UNNAMED --add-opens=java.xml/javax.xml.namespace=ALL-UNNAMED -Xmx1536m -Dfile.encoding=UTF-8 -Duser.country=US -Duser.language=en -Duser.variant -javaagent:C:\Users\Dawit.DAWITA\.gradle\wrapper\dists\gradle-8.11.1-all\2qik7nd48slq1ooc2496ixf4i\gradle-8.11.1\lib\agents\gradle-instrumentation-agent-8.11.1.jar org.gradle.launcher.daemon.bootstrap.GradleDaemon 8.11.1

Host: Intel(R) Core(TM) i7-8565U CPU @ 1.80GHz, 8 cores, 31G,  Windows 11 , 64 bit Build 26100 (10.0.26100.9549)
Time: Wed Oct  7 16:52:42 2026 E. Africa Standard Time elapsed time: 14282.629112 seconds (0d 3h 58m 2s)

---------------  T H R E A D  ---------------

Current thread (0x000001e61a9507d0):  JavaThread "C2 CompilerThread0" daemon [_thread_in_native, id=76920, stack(0x000000e59af00000,0x000000e59b000000) (1024K)]


Current CompileTask:
C2:14282629 5690   !   4       java.util.concurrent.ThreadPoolExecutor::getTask (177 bytes)

Stack: [0x000000e59af00000,0x000000e59b000000]
Native frames: (J=compiled Java code, j=interpreted, Vv=VM code, C=native code)
V  [jvm.dll+0x6d83e9]
V  [jvm.dll+0x8b5736]
V  [jvm.dll+0x8b7cee]
V  [jvm.dll+0x8b83d3]
V  [jvm.dll+0x284596]
V  [jvm.dll+0xc685d]
V  [jvm.dll+0xc6da1]
V  [jvm.dll+0x2fb5ae]
V  [jvm.dll+0x5fee94]
V  [jvm.dll+0x255d67]
V  [jvm.dll+0x24e2ca]
V  [jvm.dll+0x24bbe6]
V  [jvm.dll+0x1cb4ae]
V  [jvm.dll+0x25baad]
V  [jvm.dll+0x25a03a]
V  [jvm.dll+0x3f8aae]
V  [jvm.dll+0x8600cd]
V  [jvm.dll+0x6d6c1d]
C  [ucrtbase.dll+0x2cd30]
C  [KERNEL32.DLL+0x2cdf7]
C  [ntdll.dll+0x7ee4c]


---------------  P R O C E S S  ---------------

Threads class SMR info:
_java_thread_list=0x000001e61a9bb570, length=35, elements={
0x000001e603a7f410, 0x000001e61a948620, 0x000001e61a949bf0, 0x000001e61a94d430,
0x000001e61a94dfc0, 0x000001e61a94efe0, 0x000001e61a94fa40, 0x000001e61a9507d0,
0x000001e61a9c1280, 0x000001e61ab7ddf0, 0x000001e61abeb240, 0x000001e660a0f3f0,
0x000001e66184ffe0, 0x000001e61aae9fd0, 0x000001e6611cf450, 0x000001e6607286c0,
0x000001e6615075f0, 0x000001e6611c5130, 0x000001e6611c57c0, 0x000001e6611c64e0,
0x000001e6611c5e50, 0x000001e6611c36f0, 0x000001e6611c3d80, 0x000001e6611c4aa0,
0x000001e663423310, 0x000001e663420bb0, 0x000001e6634239a0, 0x000001e663421240,
0x000001e663420520, 0x000001e663424d50, 0x000001e6634218d0, 0x000001e6634253e0,
0x000001e663424030, 0x000001e663425a70, 0x000001e663426100
}

Java Threads: ( => current thread )
  0x000001e603a7f410 JavaThread "main"                              [_thread_blocked, id=12968, stack(0x000000e59a000000,0x000000e59a100000) (1024K)]
  0x000001e61a948620 JavaThread "Reference Handler"          daemon [_thread_blocked, id=76896, stack(0x000000e59a900000,0x000000e59aa00000) (1024K)]
  0x000001e61a949bf0 JavaThread "Finalizer"                  daemon [_thread_blocked, id=76900, stack(0x000000e59aa00000,0x000000e59ab00000) (1024K)]
  0x000001e61a94d430 JavaThread "Signal Dispatcher"          daemon [_thread_blocked, id=76904, stack(0x000000e59ab00000,0x000000e59ac00000) (1024K)]
  0x000001e61a94dfc0 JavaThread "Attach Listener"            daemon [_thread_blocked, id=76908, stack(0x000000e59ac00000,0x000000e59ad00000) (1024K)]
  0x000001e61a94efe0 JavaThread "Service Thread"             daemon [_thread_blocked, id=76912, stack(0x000000e59ad00000,0x000000e59ae00000) (1024K)]
  0x000001e61a94fa40 JavaThread "Monitor Deflation Thread"   daemon [_thread_blocked, id=76916, stack(0x000000e59ae00000,0x000000e59af00000) (1024K)]
=>0x000001e61a9507d0 JavaThread "C2 CompilerThread0"         daemon [_thread_in_native, id=76920, stack(0x000000e59af00000,0x000000e59b000000) (1024K)]
  0x000001e61a9c1280 JavaThread "C1 CompilerThread0"         daemon [_thread_blocked, id=76988, stack(0x000000e59b000000,0x000000e59b100000) (1024K)]
  0x000001e61ab7ddf0 JavaThread "Common-Cleaner"             daemon [_thread_blocked, id=13756, stack(0x000000e59b100000,0x000000e59b200000) (1024K)]
  0x000001e61abeb240 JavaThread "Notification Thread"        daemon [_thread_blocked, id=53948, stack(0x000000e59b200000,0x000000e59b300000) (1024K)]
  0x000001e660a0f3f0 JavaThread "Daemon health stats"               [_thread_in_Java, id=53488, stack(0x000000e59b900000,0x000000e59ba00000) (1024K)]
  0x000001e66184ffe0 JavaThread "Incoming local TCP Connector on port 55449"        [_thread_in_native, id=78740, stack(0x000000e59ba00000,0x000000e59bb00000) (1024K)]
  0x000001e61aae9fd0 JavaThread "Daemon periodic checks"            [_thread_blocked, id=72604, stack(0x000000e59bc00000,0x000000e59bd00000) (1024K)]
  0x000001e6611cf450 JavaThread "Daemon"                            [_thread_blocked, id=25036, stack(0x000000e59bd00000,0x000000e59be00000) (1024K)]
  0x000001e6607286c0 JavaThread "Handler for socket connection from /127.0.0.1:55449 to /127.0.0.1:50278"        [_thread_in_native, id=52188, stack(0x000000e59be00000,0x000000e59bf00000) (1024K)]
  0x000001e6615075f0 JavaThread "Cancel handler"                    [_thread_blocked, id=20676, stack(0x000000e59bf00000,0x000000e59c000000) (1024K)]
  0x000001e6611c5130 JavaThread "Daemon worker"                     [_thread_in_vm, id=74824, stack(0x000000e59c200000,0x000000e59c300000) (1024K)]
  0x000001e6611c57c0 JavaThread "Asynchronous log dispatcher for DefaultDaemonConnection: socket connection from /127.0.0.1:55449 to /127.0.0.1:50278"        [_thread_blocked, id=70976, stack(0x000000e59c300000,0x000000e59c400000) (1024K)]
  0x000001e6611c64e0 JavaThread "Stdin handler"                     [_thread_blocked, id=78436, stack(0x000000e59c400000,0x000000e59c500000) (1024K)]
  0x000001e6611c5e50 JavaThread "Daemon client event forwarder"        [_thread_blocked, id=43384, stack(0x000000e59c500000,0x000000e59c600000) (1024K)]
  0x000001e6611c36f0 JavaThread "Cache worker for journal cache (C:\Users\Dawit.DAWITA\.gradle\caches\journal-1)"        [_thread_blocked, id=79828, stack(0x000000e59c600000,0x000000e59c700000) (1024K)]
  0x000001e6611c3d80 JavaThread "File lock request listener"        [_thread_in_native, id=79120, stack(0x000000e59c700000,0x000000e59c800000) (1024K)]
  0x000001e6611c4aa0 JavaThread "Cache worker for file hash cache (C:\Users\Dawit.DAWITA\.gradle\caches\8.11.1\fileHashes)"        [_thread_blocked, id=71892, stack(0x000000e59ca00000,0x000000e59cb00000) (1024K)]
  0x000001e663423310 JavaThread "Cache worker for file content cache (C:\Users\Dawit.DAWITA\.gradle\caches\8.11.1\fileContent)"        [_thread_blocked, id=70148, stack(0x000000e59cb00000,0x000000e59cc00000) (1024K)]
  0x000001e663420bb0 JavaThread "Cache worker for file hash cache (C:\Users\Dawit.DAWITA\Documents\AfroLife_Agency_improved\afrolife\android\.gradle\8.11.1\fileHashes)"        [_thread_blocked, id=42732, stack(0x000000e59bb00000,0x000000e59bc00000) (1024K)]
  0x000001e6634239a0 JavaThread "Cache worker for Build Output Cleanup Cache (C:\Users\Dawit.DAWITA\Documents\AfroLife_Agency_improved\afrolife\android\.gradle\buildOutputCleanup)"        [_thread_blocked, id=42116, stack(0x000000e59c800000,0x000000e59c900000) (1024K)]
  0x000001e663421240 JavaThread "File watcher server"        daemon [_thread_in_native, id=65156, stack(0x000000e59cc00000,0x000000e59cd00000) (1024K)]
  0x000001e663420520 JavaThread "File watcher consumer"      daemon [_thread_blocked, id=77852, stack(0x000000e59cd00000,0x000000e59ce00000) (1024K)]
  0x000001e663424d50 JavaThread "Cache worker for checksums cache (C:\Users\Dawit.DAWITA\Documents\AfroLife_Agency_improved\afrolife\android\.gradle\8.11.1\checksums)"        [_thread_blocked, id=79668, stack(0x000000e59ce00000,0x000000e59cf00000) (1024K)]
  0x000001e6634218d0 JavaThread "Cache worker for cache directory md-rule (C:\Users\Dawit.DAWITA\.gradle\caches\8.11.1\md-rule)"        [_thread_blocked, id=79748, stack(0x000000e59cf00000,0x000000e59d000000) (1024K)]
  0x000001e6634253e0 JavaThread "Cache worker for cache directory md-supplier (C:\Users\Dawit.DAWITA\.gradle\caches\8.11.1\md-supplier)"        [_thread_blocked, id=79784, stack(0x000000e59d000000,0x000000e59d100000) (1024K)]
  0x000001e663424030 JavaThread "jar transforms"                    [_thread_blocked, id=80364, stack(0x000000e59c100000,0x000000e59c200000) (1024K)]
  0x000001e663425a70 JavaThread "jar transforms Thread 2"           [_thread_blocked, id=94352, stack(0x000000e59c900000,0x000000e59ca00000) (1024K)]
  0x000001e663426100 JavaThread "jar transforms Thread 3"           [_thread_blocked, id=46472, stack(0x000000e59d100000,0x000000e59d200000) (1024K)]
Total: 35

Other Threads:
  0x000001e61a92c980 VMThread "VM Thread"                           [id=75296, stack(0x000000e59a800000,0x000000e59a900000) (1024K)]
  0x000001e61a91c0c0 WatcherThread "VM Periodic Task Thread"        [id=58916, stack(0x000000e59a700000,0x000000e59a800000) (1024K)]
  0x000001e603ac7d80 WorkerThread "GC Thread#0"                     [id=62636, stack(0x000000e59a200000,0x000000e59a300000) (1024K)]
  0x000001e61a9baed0 WorkerThread "GC Thread#1"                     [id=69976, stack(0x000000e599f00000,0x000000e59a000000) (1024K)]
  0x000001e6602fb6d0 WorkerThread "GC Thread#2"                     [id=356, stack(0x000000e59a100000,0x000000e59a200000) (1024K)]
  0x000001e6600e5760 WorkerThread "GC Thread#3"                     [id=71860, stack(0x000000e59b300000,0x000000e59b400000) (1024K)]
  0x000001e6600e5b10 WorkerThread "GC Thread#4"                     [id=62120, stack(0x000000e59b400000,0x000000e59b500000) (1024K)]
  0x000001e61aa35f80 WorkerThread "GC Thread#5"                     [id=77428, stack(0x000000e59b500000,0x000000e59b600000) (1024K)]
  0x000001e61aa36330 WorkerThread "GC Thread#6"                     [id=46440, stack(0x000000e59b600000,0x000000e59b700000) (1024K)]
  0x000001e6600e5ec0 WorkerThread "GC Thread#7"                     [id=31788, stack(0x000000e59b700000,0x000000e59b800000) (1024K)]
  0x000001e603ad4c80 ConcurrentGCThread "G1 Main Marker"            [id=38144, stack(0x000000e59a300000,0x000000e59a400000) (1024K)]
  0x000001e603ad56a0 WorkerThread "G1 Conc#0"                       [id=5552, stack(0x000000e59a400000,0x000000e59a500000) (1024K)]
  0x000001e6624e5280 WorkerThread "G1 Conc#1"                       [id=79616, stack(0x000000e59b800000,0x000000e59b900000) (1024K)]
  0x000001e61a7e2460 ConcurrentGCThread "G1 Refine#0"               [id=43496, stack(0x000000e59a500000,0x000000e59a600000) (1024K)]
  0x000001e61a7e3b10 ConcurrentGCThread "G1 Service"                [id=70616, stack(0x000000e59a600000,0x000000e59a700000) (1024K)]
Total: 15

Threads with active compile tasks:
C2 CompilerThread0  14282731 5690   !   4       java.util.concurrent.ThreadPoolExecutor::getTask (177 bytes)
Total: 1

VM state: not at safepoint (normal execution)

VM Mutex/Monitor currently owned by a thread: None

Heap address: 0x00000000a0000000, size: 1536 MB, Compressed Oops mode: 32-bit

CDS archive(s) mapped at: [0x000001e61b000000-0x000001e61bba0000-0x000001e61bba0000), size 12189696, SharedBaseAddress: 0x000001e61b000000, ArchiveRelocationMode: 1.
Compressed class space mapped at: 0x000001e61c000000-0x000001e65c000000, reserved size: 1073741824
Narrow klass base: 0x000001e61b000000, Narrow klass shift: 0, Narrow klass range: 0x100000000

GC Precious Log:
 CardTable entry size: 512
 Card Set container configuration: InlinePtr #cards 5 size 8 Array Of Cards #cards 12 size 40 Howl #buckets 4 coarsen threshold 1843 Howl Bitmap #cards 512 size 80 coarsen threshold 460 Card regions per heap region 1 cards per card region 2048
 CPUs: 8 total, 8 available
 Memory: 32615M
 Large Page Support: Disabled
 NUMA Support: Disabled
 Compressed Oops: Enabled (32-bit)
 Heap Region Size: 1M
 Heap Min Capacity: 8M
 Heap Initial Capacity: 510M
 Heap Max Capacity: 1536M
 Pre-touch: Disabled
 Parallel Workers: 8
 Concurrent Workers: 2
 Concurrent Refinement Workers: 8
 Periodic GC: Disabled

Heap:
 garbage-first heap   total 98304K, used 75297K [0x00000000a0000000, 0x0000000100000000)
  region size 1024K, 50 young (51200K), 8 survivors (8192K)
 Metaspace       used 37758K, committed 38912K, reserved 1114112K
  class space    used 5350K, committed 5952K, reserved 1048576K

Heap Regions: E=young(eden), S=young(survivor), O=old, HS=humongous(starts), HC=humongous(continues), CS=collection set, F=free, TAMS=top-at-mark-start, PB=parsable bottom
|   0|0x00000000a0000000, 0x00000000a0100000, 0x00000000a0100000|100%|HS|  |TAMS 0x00000000a0000000| PB 0x00000000a0000000| Complete 
|   1|0x00000000a0100000, 0x00000000a0200000, 0x00000000a0200000|100%|HC|  |TAMS 0x00000000a0100000| PB 0x00000000a0100000| Complete 
|   2|0x00000000a0200000, 0x00000000a0300000, 0x00000000a0300000|100%|HC|  |TAMS 0x00000000a0200000| PB 0x00000000a0200000| Complete 
|   3|0x00000000a0300000, 0x00000000a0400000, 0x00000000a0400000|100%| O|  |TAMS 0x00000000a0300000| PB 0x00000000a0300000| Untracked 
|   4|0x00000000a0400000, 0x00000000a0500000, 0x00000000a0500000|100%| O|  |TAMS 0x00000000a0400000| PB 0x00000000a0400000| Untracked 
|   5|0x00000000a0500000, 0x00000000a0600000, 0x00000000a0600000|100%| O|  |TAMS 0x00000000a0500000| PB 0x00000000a0500000| Untracked 
|   6|0x00000000a0600000, 0x00000000a0700000, 0x00000000a0700000|100%| O|  |TAMS 0x00000000a0600000| PB 0x00000000a0600000| Untracked 
|   7|0x00000000a0700000, 0x00000000a0800000, 0x00000000a0800000|100%|HS|  |TAMS 0x00000000a0700000| PB 0x00000000a0700000| Complete 
|   8|0x00000000a0800000, 0x00000000a0900000, 0x00000000a0900000|100%| O|Cm|TAMS 0x00000000a0800000| PB 0x00000000a0800000| Complete 
|   9|0x00000000a0900000, 0x00000000a0a00000, 0x00000000a0a00000|100%| O|  |TAMS 0x00000000a0900000| PB 0x00000000a0900000| Untracked 
|  10|0x00000000a0a00000, 0x00000000a0b00000, 0x00000000a0b00000|100%| O|  |TAMS 0x00000000a0a00000| PB 0x00000000a0a00000| Untracked 
|  11|0x00000000a0b00000, 0x00000000a0c00000, 0x00000000a0c00000|100%| O|  |TAMS 0x00000000a0b00000| PB 0x00000000a0b00000| Untracked 
|  12|0x00000000a0c00000, 0x00000000a0c00000, 0x00000000a0d00000|  0%| F|  |TAMS 0x00000000a0c00000| PB 0x00000000a0c00000| Untracked 
|  13|0x00000000a0d00000, 0x00000000a0e00000, 0x00000000a0e00000|100%| O|  |TAMS 0x00000000a0d00000| PB 0x00000000a0d00000| Untracked 
|  14|0x00000000a0e00000, 0x00000000a0f00000, 0x00000000a0f00000|100%| O|  |TAMS 0x00000000a0e00000| PB 0x00000000a0e00000| Untracked 
|  15|0x00000000a0f00000, 0x00000000a1000000, 0x00000000a1000000|100%| O|  |TAMS 0x00000000a0f00000| PB 0x00000000a0f00000| Untracked 
|  16|0x00000000a1000000, 0x00000000a1100000, 0x00000000a1100000|100%| O|  |TAMS 0x00000000a1000000| PB 0x00000000a1000000| Untracked 
|  17|0x00000000a1100000, 0x00000000a1200000, 0x00000000a1200000|100%| O|  |TAMS 0x00000000a1100000| PB 0x00000000a1100000| Untracked 
|  18|0x00000000a1200000, 0x00000000a1300000, 0x00000000a1300000|100%| O|  |TAMS 0x00000000a1200000| PB 0x00000000a1200000| Untracked 
|  19|0x00000000a1300000, 0x00000000a1300000, 0x00000000a1400000|  0%| F|  |TAMS 0x00000000a1300000| PB 0x00000000a1300000| Untracked 
|  20|0x00000000a1400000, 0x00000000a1400000, 0x00000000a1500000|  0%| F|  |TAMS 0x00000000a1400000| PB 0x00000000a1400000| Untracked 
|  21|0x00000000a1500000, 0x00000000a1500000, 0x00000000a1600000|  0%| F|  |TAMS 0x00000000a1500000| PB 0x00000000a1500000| Untracked 
|  22|0x00000000a1600000, 0x00000000a1600000, 0x00000000a1700000|  0%| F|  |TAMS 0x00000000a1600000| PB 0x00000000a1600000| Untracked 
|  23|0x00000000a1700000, 0x00000000a1800000, 0x00000000a1800000|100%| O|  |TAMS 0x00000000a1700000| PB 0x00000000a1700000| Untracked 
|  24|0x00000000a1800000, 0x00000000a1900000, 0x00000000a1900000|100%| O|  |TAMS 0x00000000a1800000| PB 0x00000000a1800000| Untracked 
|  25|0x00000000a1900000, 0x00000000a19685c8, 0x00000000a1a00000| 40%| O|  |TAMS 0x00000000a1900000| PB 0x00000000a1900000| Untracked 
|  26|0x00000000a1a00000, 0x00000000a1a20158, 0x00000000a1b00000| 12%| S|CS|TAMS 0x00000000a1a00000| PB 0x00000000a1a00000| Complete 
|  27|0x00000000a1b00000, 0x00000000a1c00000, 0x00000000a1c00000|100%| S|CS|TAMS 0x00000000a1b00000| PB 0x00000000a1b00000| Complete 
|  28|0x00000000a1c00000, 0x00000000a1d00000, 0x00000000a1d00000|100%| S|CS|TAMS 0x00000000a1c00000| PB 0x00000000a1c00000| Complete 
|  29|0x00000000a1d00000, 0x00000000a1e00000, 0x00000000a1e00000|100%| S|CS|TAMS 0x00000000a1d00000| PB 0x00000000a1d00000| Complete 
|  30|0x00000000a1e00000, 0x00000000a1f00000, 0x00000000a1f00000|100%| S|CS|TAMS 0x00000000a1e00000| PB 0x00000000a1e00000| Complete 
|  31|0x00000000a1f00000, 0x00000000a2000000, 0x00000000a2000000|100%| S|CS|TAMS 0x00000000a1f00000| PB 0x00000000a1f00000| Complete 
|  32|0x00000000a2000000, 0x00000000a2100000, 0x00000000a2100000|100%| S|CS|TAMS 0x00000000a2000000| PB 0x00000000a2000000| Complete 
|  33|0x00000000a2100000, 0x00000000a2200000, 0x00000000a2200000|100%| S|CS|TAMS 0x00000000a2100000| PB 0x00000000a2100000| Complete 
|  34|0x00000000a2200000, 0x00000000a2200000, 0x00000000a2300000|  0%| F|  |TAMS 0x00000000a2200000| PB 0x00000000a2200000| Untracked 
|  35|0x00000000a2300000, 0x00000000a2300000, 0x00000000a2400000|  0%| F|  |TAMS 0x00000000a2300000| PB 0x00000000a2300000| Untracked 
|  36|0x00000000a2400000, 0x00000000a2400000, 0x00000000a2500000|  0%| F|  |TAMS 0x00000000a2400000| PB 0x00000000a2400000| Untracked 
|  37|0x00000000a2500000, 0x00000000a2500000, 0x00000000a2600000|  0%| F|  |TAMS 0x00000000a2500000| PB 0x00000000a2500000| Untracked 
|  38|0x00000000a2600000, 0x00000000a2600000, 0x00000000a2700000|  0%| F|  |TAMS 0x00000000a2600000| PB 0x00000000a2600000| Untracked 
|  39|0x00000000a2700000, 0x00000000a2700000, 0x00000000a2800000|  0%| F|  |TAMS 0x00000000a2700000| PB 0x00000000a2700000| Untracked 
|  40|0x00000000a2800000, 0x00000000a2800000, 0x00000000a2900000|  0%| F|  |TAMS 0x00000000a2800000| PB 0x00000000a2800000| Untracked 
|  41|0x00000000a2900000, 0x00000000a2900000, 0x00000000a2a00000|  0%| F|  |TAMS 0x00000000a2900000| PB 0x00000000a2900000| Untracked 
|  42|0x00000000a2a00000, 0x00000000a2a00000, 0x00000000a2b00000|  0%| F|  |TAMS 0x00000000a2a00000| PB 0x00000000a2a00000| Untracked 
|  43|0x00000000a2b00000, 0x00000000a2b00000, 0x00000000a2c00000|  0%| F|  |TAMS 0x00000000a2b00000| PB 0x00000000a2b00000| Untracked 
|  44|0x00000000a2c00000, 0x00000000a2c00000, 0x00000000a2d00000|  0%| F|  |TAMS 0x00000000a2c00000| PB 0x00000000a2c00000| Untracked 
|  45|0x00000000a2d00000, 0x00000000a2d00000, 0x00000000a2e00000|  0%| F|  |TAMS 0x00000000a2d00000| PB 0x00000000a2d00000| Untracked 
|  46|0x00000000a2e00000, 0x00000000a2e00000, 0x00000000a2f00000|  0%| F|  |TAMS 0x00000000a2e00000| PB 0x00000000a2e00000| Untracked 
|  47|0x00000000a2f00000, 0x00000000a2f00000, 0x00000000a3000000|  0%| F|  |TAMS 0x00000000a2f00000| PB 0x00000000a2f00000| Untracked 
|  48|0x00000000a3000000, 0x00000000a3000000, 0x00000000a3100000|  0%| F|  |TAMS 0x00000000a3000000| PB 0x00000000a3000000| Untracked 
|  49|0x00000000a3100000, 0x00000000a3176130, 0x00000000a3200000| 46%| E|  |TAMS 0x00000000a3100000| PB 0x00000000a3100000| Complete 
|  50|0x00000000a3200000, 0x00000000a3300000, 0x00000000a3300000|100%| E|CS|TAMS 0x00000000a3200000| PB 0x00000000a3200000| Complete 
|  51|0x00000000a3300000, 0x00000000a3400000, 0x00000000a3400000|100%| E|CS|TAMS 0x00000000a3300000| PB 0x00000000a3300000| Complete 
|  52|0x00000000a3400000, 0x00000000a3500000, 0x00000000a3500000|100%| E|CS|TAMS 0x00000000a3400000| PB 0x00000000a3400000| Complete 
|  53|0x00000000a3500000, 0x00000000a3600000, 0x00000000a3600000|100%| E|CS|TAMS 0x00000000a3500000| PB 0x00000000a3500000| Complete 
|  54|0x00000000a3600000, 0x00000000a3700000, 0x00000000a3700000|100%| E|CS|TAMS 0x00000000a3600000| PB 0x00000000a3600000| Complete 
|  55|0x00000000a3700000, 0x00000000a3800000, 0x00000000a3800000|100%| E|CS|TAMS 0x00000000a3700000| PB 0x00000000a3700000| Complete 
|  56|0x00000000a3800000, 0x00000000a3900000, 0x00000000a3900000|100%| E|CS|TAMS 0x00000000a3800000| PB 0x00000000a3800000| Complete 
|  57|0x00000000a3900000, 0x00000000a3a00000, 0x00000000a3a00000|100%| E|CS|TAMS 0x00000000a3900000| PB 0x00000000a3900000| Complete 
|  58|0x00000000a3a00000, 0x00000000a3b00000, 0x00000000a3b00000|100%| E|CS|TAMS 0x00000000a3a00000| PB 0x00000000a3a00000| Complete 
|  59|0x00000000a3b00000, 0x00000000a3c00000, 0x00000000a3c00000|100%| E|CS|TAMS 0x00000000a3b00000| PB 0x00000000a3b00000| Complete 
|  60|0x00000000a3c00000, 0x00000000a3d00000, 0x00000000a3d00000|100%| E|CS|TAMS 0x00000000a3c00000| PB 0x00000000a3c00000| Complete 
|  61|0x00000000a3d00000, 0x00000000a3e00000, 0x00000000a3e00000|100%| E|CS|TAMS 0x00000000a3d00000| PB 0x00000000a3d00000| Complete 
|  62|0x00000000a3e00000, 0x00000000a3f00000, 0x00000000a3f00000|100%| E|CS|TAMS 0x00000000a3e00000| PB 0x00000000a3e00000| Complete 
|  63|0x00000000a3f00000, 0x00000000a4000000, 0x00000000a4000000|100%| E|CS|TAMS 0x00000000a3f00000| PB 0x00000000a3f00000| Complete 
|  64|0x00000000a4000000, 0x00000000a4100000, 0x00000000a4100000|100%| E|CS|TAMS 0x00000000a4000000| PB 0x00000000a4000000| Complete 
|  65|0x00000000a4100000, 0x00000000a4200000, 0x00000000a4200000|100%| E|CS|TAMS 0x00000000a4100000| PB 0x00000000a4100000| Complete 
|  66|0x00000000a4200000, 0x00000000a4300000, 0x00000000a4300000|100%| E|CS|TAMS 0x00000000a4200000| PB 0x00000000a4200000| Complete 
|  67|0x00000000a4300000, 0x00000000a4400000, 0x00000000a4400000|100%| E|CS|TAMS 0x00000000a4300000| PB 0x00000000a4300000| Complete 
|  68|0x00000000a4400000, 0x00000000a4500000, 0x00000000a4500000|100%| E|CS|TAMS 0x00000000a4400000| PB 0x00000000a4400000| Complete 
|  69|0x00000000a4500000, 0x00000000a4600000, 0x00000000a4600000|100%| E|CS|TAMS 0x00000000a4500000| PB 0x00000000a4500000| Complete 
|  70|0x00000000a4600000, 0x00000000a4700000, 0x00000000a4700000|100%| E|CS|TAMS 0x00000000a4600000| PB 0x00000000a4600000| Complete 
| 401|0x00000000b9100000, 0x00000000b9200000, 0x00000000b9200000|100%| E|CS|TAMS 0x00000000b9100000| PB 0x00000000b9100000| Complete 
| 402|0x00000000b9200000, 0x00000000b9300000, 0x00000000b9300000|100%| E|CS|TAMS 0x00000000b9200000| PB 0x00000000b9200000| Complete 
| 403|0x00000000b9300000, 0x00000000b9400000, 0x00000000b9400000|100%| E|CS|TAMS 0x00000000b9300000| PB 0x00000000b9300000| Complete 
| 404|0x00000000b9400000, 0x00000000b9500000, 0x00000000b9500000|100%| E|CS|TAMS 0x00000000b9400000| PB 0x00000000b9400000| Complete 
| 405|0x00000000b9500000, 0x00000000b9600000, 0x00000000b9600000|100%| E|CS|TAMS 0x00000000b9500000| PB 0x00000000b9500000| Complete 
| 406|0x00000000b9600000, 0x00000000b9700000, 0x00000000b9700000|100%| E|CS|TAMS 0x00000000b9600000| PB 0x00000000b9600000| Complete 
| 407|0x00000000b9700000, 0x00000000b9800000, 0x00000000b9800000|100%| E|CS|TAMS 0x00000000b9700000| PB 0x00000000b9700000| Complete 
| 408|0x00000000b9800000, 0x00000000b9900000, 0x00000000b9900000|100%| E|CS|TAMS 0x00000000b9800000| PB 0x00000000b9800000| Complete 
| 409|0x00000000b9900000, 0x00000000b9a00000, 0x00000000b9a00000|100%| E|CS|TAMS 0x00000000b9900000| PB 0x00000000b9900000| Complete 
| 410|0x00000000b9a00000, 0x00000000b9b00000, 0x00000000b9b00000|100%| E|CS|TAMS 0x00000000b9a00000| PB 0x00000000b9a00000| Complete 
| 411|0x00000000b9b00000, 0x00000000b9c00000, 0x00000000b9c00000|100%| E|CS|TAMS 0x00000000b9b00000| PB 0x00000000b9b00000| Complete 
| 412|0x00000000b9c00000, 0x00000000b9d00000, 0x00000000b9d00000|100%| E|CS|TAMS 0x00000000b9c00000| PB 0x00000000b9c00000| Complete 
| 502|0x00000000bf600000, 0x00000000bf700000, 0x00000000bf700000|100%| E|CS|TAMS 0x00000000bf600000| PB 0x00000000bf600000| Complete 
| 503|0x00000000bf700000, 0x00000000bf800000, 0x00000000bf800000|100%| E|CS|TAMS 0x00000000bf700000| PB 0x00000000bf700000| Complete 
| 504|0x00000000bf800000, 0x00000000bf900000, 0x00000000bf900000|100%| E|CS|TAMS 0x00000000bf800000| PB 0x00000000bf800000| Complete 
| 505|0x00000000bf900000, 0x00000000bfa00000, 0x00000000bfa00000|100%| E|CS|TAMS 0x00000000bf900000| PB 0x00000000bf900000| Complete 
| 506|0x00000000bfa00000, 0x00000000bfb00000, 0x00000000bfb00000|100%| E|CS|TAMS 0x00000000bfa00000| PB 0x00000000bfa00000| Complete 
| 507|0x00000000bfb00000, 0x00000000bfc00000, 0x00000000bfc00000|100%| E|CS|TAMS 0x00000000bfb00000| PB 0x00000000bfb00000| Complete 
| 508|0x00000000bfc00000, 0x00000000bfd00000, 0x00000000bfd00000|100%| E|CS|TAMS 0x00000000bfc00000| PB 0x00000000bfc00000| Complete 
| 509|0x00000000bfd00000, 0x00000000bfe00000, 0x00000000bfe00000|100%| E|CS|TAMS 0x00000000bfd00000| PB 0x00000000bfd00000| Complete 
|1531|0x00000000ffb00000, 0x00000000ffc00000, 0x00000000ffc00000|100%| O|  |TAMS 0x00000000ffb00000| PB 0x00000000ffb00000| Untracked 
|1532|0x00000000ffc00000, 0x00000000ffd00000, 0x00000000ffd00000|100%| O|  |TAMS 0x00000000ffc00000| PB 0x00000000ffc00000| Untracked 
|1533|0x00000000ffd00000, 0x00000000ffe00000, 0x00000000ffe00000|100%| O|  |TAMS 0x00000000ffd00000| PB 0x00000000ffd00000| Untracked 
|1534|0x00000000ffe00000, 0x00000000fff00000, 0x00000000fff00000|100%| O|  |TAMS 0x00000000ffe00000| PB 0x00000000ffe00000| Untracked 
|1535|0x00000000fff00000, 0x0000000100000000, 0x0000000100000000|100%| O|  |TAMS 0x00000000fff00000| PB 0x00000000fff00000| Untracked 

Card table byte_map: [0x000001e6162c0000,0x000001e6165c0000] _byte_map_base: 0x000001e615dc0000

Marking Bits: (CMBitMap*) 0x000001e603ac83a0
 Bits: [0x000001e6165c0000, 0x000001e617dc0000)

Polling page: 0x000001e601870000

Metaspace:

Usage:
  Non-class:     31.65 MB used.
      Class:      5.23 MB used.
       Both:     36.87 MB used.

Virtual space:
  Non-class space:       64.00 MB reserved,      32.19 MB ( 50%) committed,  1 nodes.
      Class space:        1.00 GB reserved,       5.81 MB ( <1%) committed,  1 nodes.
             Both:        1.06 GB reserved,      38.00 MB (  3%) committed. 

Chunk freelists:
   Non-Class:  15.05 MB
       Class:  10.15 MB
        Both:  25.20 MB

MaxMetaspaceSize: unlimited
CompressedClassSpaceSize: 1.00 GB
Initial GC threshold: 21.00 MB
Current GC threshold: 61.50 MB
CDS: on
 - commit_granule_bytes: 65536.
 - commit_granule_words: 8192.
 - virtual_space_node_default_size: 8388608.
 - enlarge_chunks_in_place: 1.
 - use_allocation_guard: 0.


Internal statistics:

num_allocs_failed_limit: 15.
num_arena_births: 2404.
num_arena_deaths: 642.
num_vsnodes_births: 2.
num_vsnodes_deaths: 0.
num_space_committed: 608.
num_space_uncommitted: 0.
num_chunks_returned_to_freelist: 685.
num_chunks_taken_from_freelist: 4292.
num_chunk_merges: 236.
num_chunk_splits: 2622.
num_chunks_enlarged: 1590.
num_inconsistent_stats: 0.

CodeHeap 'non-profiled nmethods': size=120000Kb used=3314Kb max_used=3356Kb free=116685Kb
 bounds [0x000001e60e750000, 0x000001e60eab0000, 0x000001e615c80000]
CodeHeap 'profiled nmethods': size=120000Kb used=9746Kb max_used=10404Kb free=110253Kb
 bounds [0x000001e606c80000, 0x000001e6076b0000, 0x000001e60e1b0000]
CodeHeap 'non-nmethods': size=5760Kb used=2552Kb max_used=2622Kb free=3207Kb
 bounds [0x000001e60e1b0000, 0x000001e60e450000, 0x000001e60e750000]
CodeCache: size=245760Kb, used=15612Kb, max_used=16382Kb, free=230145Kb
 total_blobs=5919, nmethods=5093, adapters=730, full_count=0
Compilation: enabled, stopped_count=0, restarted_count=0

Compilation events (20 events):
Event: 4853.199 Thread 0x000001e61a9c1280 nmethod 5680 0x000001e606d09c10 code [0x000001e606d09e20, 0x000001e606d0a3d8]
Event: 4853.200 Thread 0x000001e61a9c1280 5681       3       java.util.ArrayDeque::dec (13 bytes)
Event: 4853.201 Thread 0x000001e61a9c1280 nmethod 5681 0x000001e60711dd90 code [0x000001e60711df20, 0x000001e60711e048]
Event: 4856.991 Thread 0x000001e61a9507d0 5682       4       java.lang.Math::max (12 bytes)
Event: 4856.992 Thread 0x000001e61a9507d0 nmethod 5682 0x000001e60e7e9910 code [0x000001e60e7e9a80, 0x000001e60e7e9af8]
Event: 4913.219 Thread 0x000001e61a9c1280 5683   !   3       org.gradle.cache.internal.locklistener.FileLockCommunicator::pingOwner (215 bytes)
Event: 4913.230 Thread 0x000001e61a9c1280 nmethod 5683 0x000001e606d0e890 code [0x000001e606d0ed20, 0x000001e606d11330]
Event: 4931.449 Thread 0x000001e61a9507d0 5684       4       java.util.ArrayList$ArrayListSpliterator::forEachRemaining (127 bytes)
Event: 4931.503 Thread 0x000001e61a9507d0 nmethod 5684 0x000001e60e783110 code [0x000001e60e783320, 0x000001e60e784080]
Event: 4985.327 Thread 0x000001e61a9507d0 5685       4       com.google.common.base.Preconditions::checkPositionIndexes (29 bytes)
Event: 4985.328 Thread 0x000001e61a9507d0 nmethod 5685 0x000001e60e7e9590 code [0x000001e60e7e9720, 0x000001e60e7e97f8]
Event: 14278.419 Thread 0x000001e61a9507d0 5686       4       java.lang.ThreadLocal$ThreadLocalMap::expungeStaleEntry (146 bytes)
Event: 14278.433 Thread 0x000001e61a9507d0 nmethod 5686 0x000001e60e8f5590 code [0x000001e60e8f5760, 0x000001e60e8f5e18]
Event: 14278.433 Thread 0x000001e61a9507d0 5687       4       java.lang.ThreadLocal::remove (8 bytes)
Event: 14278.468 Thread 0x000001e61a9507d0 nmethod 5687 0x000001e60e863390 code [0x000001e60e8635a0, 0x000001e60e863e50]
Event: 14282.264 Thread 0x000001e61a9507d0 5688       4       java.util.concurrent.ThreadPoolExecutor$Worker::unlock (7 bytes)
Event: 14282.268 Thread 0x000001e61a9507d0 nmethod 5688 0x000001e60e7e9090 code [0x000001e60e7e9240, 0x000001e60e7e93c0]
Event: 14282.411 Thread 0x000001e61a9507d0 5689       4       java.util.concurrent.ThreadPoolExecutor$Worker::lock (6 bytes)
Event: 14282.414 Thread 0x000001e61a9507d0 nmethod 5689 0x000001e60e782d10 code [0x000001e60e782ea0, 0x000001e60e783048]
Event: 14282.598 Thread 0x000001e61a9507d0 5690   !   4       java.util.concurrent.ThreadPoolExecutor::getTask (177 bytes)

GC Heap History (20 events):
Event: 1123.415 GC heap before
{Heap before GC invocations=7 (full 0):
 garbage-first heap   total 98304K, used 81636K [0x00000000a0000000, 0x0000000100000000)
  region size 1024K, 57 young (58368K), 4 survivors (4096K)
 Metaspace       used 30113K, committed 31360K, reserved 1114112K
  class space    used 4576K, committed 5184K, reserved 1048576K
}
Event: 1123.512 GC heap after
{Heap after GC invocations=8 (full 0):
 garbage-first heap   total 98304K, used 27211K [0x00000000a0000000, 0x0000000100000000)
  region size 1024K, 4 young (4096K), 4 survivors (4096K)
 Metaspace       used 30113K, committed 31360K, reserved 1114112K
  class space    used 4576K, committed 5184K, reserved 1048576K
}
Event: 1634.201 GC heap before
{Heap before GC invocations=8 (full 0):
 garbage-first heap   total 98304K, used 80459K [0x00000000a0000000, 0x0000000100000000)
  region size 1024K, 57 young (58368K), 4 survivors (4096K)
 Metaspace       used 30178K, committed 31424K, reserved 1114112K
  class space    used 4576K, committed 5184K, reserved 1048576K
}
Event: 1634.248 GC heap after
{Heap after GC invocations=9 (full 0):
 garbage-first heap   total 98304K, used 27286K [0x00000000a0000000, 0x0000000100000000)
  region size 1024K, 4 young (4096K), 4 survivors (4096K)
 Metaspace       used 30178K, committed 31424K, reserved 1114112K
  class space    used 4576K, committed 5184K, reserved 1048576K
}
Event: 2145.184 GC heap before
{Heap before GC invocations=9 (full 0):
 garbage-first heap   total 98304K, used 80534K [0x00000000a0000000, 0x0000000100000000)
  region size 1024K, 57 young (58368K), 4 survivors (4096K)
 Metaspace       used 30195K, committed 31424K, reserved 1114112K
  class space    used 4576K, committed 5184K, reserved 1048576K
}
Event: 2145.222 GC heap after
{Heap after GC invocations=10 (full 0):
 garbage-first heap   total 98304K, used 27154K [0x00000000a0000000, 0x0000000100000000)
  region size 1024K, 4 young (4096K), 4 survivors (4096K)
 Metaspace       used 30195K, committed 31424K, reserved 1114112K
  class space    used 4576K, committed 5184K, reserved 1048576K
}
Event: 2605.462 GC heap before
{Heap before GC invocations=10 (full 0):
 garbage-first heap   total 98304K, used 81426K [0x00000000a0000000, 0x0000000100000000)
  region size 1024K, 57 young (58368K), 4 survivors (4096K)
 Metaspace       used 30226K, committed 31424K, reserved 1114112K
  class space    used 4576K, committed 5184K, reserved 1048576K
}
Event: 2605.501 GC heap after
{Heap after GC invocations=11 (full 0):
 garbage-first heap   total 98304K, used 27128K [0x00000000a0000000, 0x0000000100000000)
  region size 1024K, 4 young (4096K), 4 survivors (4096K)
 Metaspace       used 30226K, committed 31424K, reserved 1114112K
  class space    used 4576K, committed 5184K, reserved 1048576K
}
Event: 3062.427 GC heap before
{Heap before GC invocations=11 (full 0):
 garbage-first heap   total 98304K, used 80376K [0x00000000a0000000, 0x0000000100000000)
  region size 1024K, 57 young (58368K), 4 survivors (4096K)
 Metaspace       used 30526K, committed 31808K, reserved 1114112K
  class space    used 4628K, committed 5248K, reserved 1048576K
}
Event: 3062.492 GC heap after
{Heap after GC invocations=12 (full 0):
 garbage-first heap   total 98304K, used 27164K [0x00000000a0000000, 0x0000000100000000)
  region size 1024K, 4 young (4096K), 4 survivors (4096K)
 Metaspace       used 30526K, committed 31808K, reserved 1114112K
  class space    used 4628K, committed 5248K, reserved 1048576K
}
Event: 3576.283 GC heap before
{Heap before GC invocations=12 (full 0):
 garbage-first heap   total 98304K, used 81436K [0x00000000a0000000, 0x0000000100000000)
  region size 1024K, 57 young (58368K), 4 survivors (4096K)
 Metaspace       used 30531K, committed 31808K, reserved 1114112K
  class space    used 4628K, committed 5248K, reserved 1048576K
}
Event: 3576.340 GC heap after
{Heap after GC invocations=13 (full 0):
 garbage-first heap   total 98304K, used 26994K [0x00000000a0000000, 0x0000000100000000)
  region size 1024K, 4 young (4096K), 4 survivors (4096K)
 Metaspace       used 30531K, committed 31808K, reserved 1114112K
  class space    used 4628K, committed 5248K, reserved 1048576K
}
Event: 4172.638 GC heap before
{Heap before GC invocations=13 (full 0):
 garbage-first heap   total 98304K, used 80242K [0x00000000a0000000, 0x0000000100000000)
  region size 1024K, 57 young (58368K), 4 survivors (4096K)
 Metaspace       used 30535K, committed 31808K, reserved 1114112K
  class space    used 4628K, committed 5248K, reserved 1048576K
}
Event: 4172.722 GC heap after
{Heap after GC invocations=14 (full 0):
 garbage-first heap   total 98304K, used 27271K [0x00000000a0000000, 0x0000000100000000)
  region size 1024K, 4 young (4096K), 4 survivors (4096K)
 Metaspace       used 30535K, committed 31808K, reserved 1114112K
  class space    used 4628K, committed 5248K, reserved 1048576K
}
Event: 4501.298 GC heap before
{Heap before GC invocations=14 (full 0):
 garbage-first heap   total 98304K, used 81543K [0x00000000a0000000, 0x0000000100000000)
  region size 1024K, 57 young (58368K), 4 survivors (4096K)
 Metaspace       used 31034K, committed 32256K, reserved 1114112K
  class space    used 4709K, committed 5312K, reserved 1048576K
}
Event: 4501.339 GC heap after
{Heap after GC invocations=15 (full 0):
 garbage-first heap   total 98304K, used 27203K [0x00000000a0000000, 0x0000000100000000)
  region size 1024K, 4 young (4096K), 4 survivors (4096K)
 Metaspace       used 31034K, committed 32256K, reserved 1114112K
  class space    used 4709K, committed 5312K, reserved 1048576K
}
Event: 4506.676 GC heap before
{Heap before GC invocations=15 (full 0):
 garbage-first heap   total 98304K, used 51779K [0x00000000a0000000, 0x0000000100000000)
  region size 1024K, 30 young (30720K), 4 survivors (4096K)
 Metaspace       used 36309K, committed 37568K, reserved 1114112K
  class space    used 5285K, committed 5952K, reserved 1048576K
}
Event: 4506.696 GC heap after
{Heap after GC invocations=16 (full 0):
 garbage-first heap   total 98304K, used 31000K [0x00000000a0000000, 0x0000000100000000)
  region size 1024K, 8 young (8192K), 8 survivors (8192K)
 Metaspace       used 36309K, committed 37568K, reserved 1114112K
  class space    used 5285K, committed 5952K, reserved 1048576K
}
Event: 4673.482 GC heap before
{Heap before GC invocations=17 (full 0):
 garbage-first heap   total 98304K, used 85272K [0x00000000a0000000, 0x0000000100000000)
  region size 1024K, 57 young (58368K), 8 survivors (8192K)
 Metaspace       used 37699K, committed 38848K, reserved 1114112K
  class space    used 5342K, committed 5952K, reserved 1048576K
}
Event: 4673.553 GC heap after
{Heap after GC invocations=18 (full 0):
 garbage-first heap   total 98304K, used 33313K [0x00000000a0000000, 0x0000000100000000)
  region size 1024K, 8 young (8192K), 8 survivors (8192K)
 Metaspace       used 37699K, committed 38848K, reserved 1114112K
  class space    used 5342K, committed 5952K, reserved 1048576K
}

Dll operation events (20 events):
Event: 14.234 Attempting to load shared library C:\Users\Dawit.DAWITA\.vscode\extensions\redhat.java-1.56.0-win32-x64\jre\21.0.12.1-win32-x86_64\bin\nio.dll
Event: 14.245 Loaded shared library C:\Users\Dawit.DAWITA\.vscode\extensions\redhat.java-1.56.0-win32-x64\jre\21.0.12.1-win32-x86_64\bin\nio.dll
Event: 14.265 Attempting to load shared library C:\Users\Dawit.DAWITA\.vscode\extensions\redhat.java-1.56.0-win32-x64\jre\21.0.12.1-win32-x86_64\bin\zip.dll
Event: 14.265 Loaded shared library C:\Users\Dawit.DAWITA\.vscode\extensions\redhat.java-1.56.0-win32-x64\jre\21.0.12.1-win32-x86_64\bin\zip.dll
Event: 51.785 Attempting to load shared library C:\Users\Dawit.DAWITA\.vscode\extensions\redhat.java-1.56.0-win32-x64\jre\21.0.12.1-win32-x86_64\bin\jimage.dll
Event: 51.785 Loaded shared library C:\Users\Dawit.DAWITA\.vscode\extensions\redhat.java-1.56.0-win32-x64\jre\21.0.12.1-win32-x86_64\bin\jimage.dll
Event: 73.790 Attempting to load shared library C:\Users\Dawit.DAWITA\.vscode\extensions\redhat.java-1.56.0-win32-x64\jre\21.0.12.1-win32-x86_64\bin\verify.dll
Event: 73.790 Loaded shared library C:\Users\Dawit.DAWITA\.vscode\extensions\redhat.java-1.56.0-win32-x64\jre\21.0.12.1-win32-x86_64\bin\verify.dll
Event: 84.550 Attempting to load shared library C:\Users\Dawit.DAWITA\.gradle\native\c067742578af261105cb4f569cf0c3c89f3d7b1fecec35dd04571415982c5e48\windows-amd64\native-platform.dll
Event: 84.923 Loaded shared library C:\Users\Dawit.DAWITA\.gradle\native\c067742578af261105cb4f569cf0c3c89f3d7b1fecec35dd04571415982c5e48\windows-amd64\native-platform.dll
Event: 84.962 Attempting to load shared library C:\Users\Dawit.DAWITA\.gradle\native\100fb08df4bc3b14c8652ba06237920a3bd2aa13389f12d3474272988ae205f9\windows-amd64\native-platform-file-events.dll
Event: 84.968 Loaded shared library C:\Users\Dawit.DAWITA\.gradle\native\100fb08df4bc3b14c8652ba06237920a3bd2aa13389f12d3474272988ae205f9\windows-amd64\native-platform-file-events.dll
Event: 206.214 Attempting to load shared library C:\Users\Dawit.DAWITA\.vscode\extensions\redhat.java-1.56.0-win32-x64\jre\21.0.12.1-win32-x86_64\bin\management.dll
Event: 206.215 Loaded shared library C:\Users\Dawit.DAWITA\.vscode\extensions\redhat.java-1.56.0-win32-x64\jre\21.0.12.1-win32-x86_64\bin\management.dll
Event: 206.225 Attempting to load shared library C:\Users\Dawit.DAWITA\.vscode\extensions\redhat.java-1.56.0-win32-x64\jre\21.0.12.1-win32-x86_64\bin\management_ext.dll
Event: 206.226 Loaded shared library C:\Users\Dawit.DAWITA\.vscode\extensions\redhat.java-1.56.0-win32-x64\jre\21.0.12.1-win32-x86_64\bin\management_ext.dll
Event: 219.665 Attempting to load shared library C:\Users\Dawit.DAWITA\.vscode\extensions\redhat.java-1.56.0-win32-x64\jre\21.0.12.1-win32-x86_64\bin\extnet.dll
Event: 219.670 Loaded shared library C:\Users\Dawit.DAWITA\.vscode\extensions\redhat.java-1.56.0-win32-x64\jre\21.0.12.1-win32-x86_64\bin\extnet.dll
Event: 291.280 Attempting to load shared library C:\Users\Dawit.DAWITA\.vscode\extensions\redhat.java-1.56.0-win32-x64\jre\21.0.12.1-win32-x86_64\bin\sunmscapi.dll
Event: 291.287 Loaded shared library C:\Users\Dawit.DAWITA\.vscode\extensions\redhat.java-1.56.0-win32-x64\jre\21.0.12.1-win32-x86_64\bin\sunmscapi.dll

Deoptimization events (20 events):
Event: 4852.457 Thread 0x000001e6611c5130 Uncommon trap: trap_request=0xffffffbe fr.pc=0x000001e60e77c61c relative=0x000000000000123c
Event: 4852.457 Thread 0x000001e6611c5130 Uncommon trap: reason=profile_predicate action=maybe_recompile pc=0x000001e60e77c61c method=java.lang.invoke.InvokerBytecodeGenerator.<init>(Ljava/lang/String;Ljava/lang/String;Ljava/lang/invoke/LambdaForm;Ljava/lang/invoke/MethodType;)V @ 33 c2
Event: 4852.457 Thread 0x000001e6611c5130 DEOPT PACKING pc=0x000001e60e77c61c sp=0x000000e59c2f9430
Event: 4852.457 Thread 0x000001e6611c5130 DEOPT UNPACKING pc=0x000001e60e204422 sp=0x000000e59c2f93e0 mode 2
Event: 4852.469 Thread 0x000001e6611c5130 Uncommon trap: trap_request=0xffffffbe fr.pc=0x000001e60e77c61c relative=0x000000000000123c
Event: 4852.469 Thread 0x000001e6611c5130 Uncommon trap: reason=profile_predicate action=maybe_recompile pc=0x000001e60e77c61c method=java.lang.invoke.InvokerBytecodeGenerator.<init>(Ljava/lang/String;Ljava/lang/String;Ljava/lang/invoke/LambdaForm;Ljava/lang/invoke/MethodType;)V @ 33 c2
Event: 4852.469 Thread 0x000001e6611c5130 DEOPT PACKING pc=0x000001e60e77c61c sp=0x000000e59c2f9450
Event: 4852.469 Thread 0x000001e6611c5130 DEOPT UNPACKING pc=0x000001e60e204422 sp=0x000000e59c2f9400 mode 2
Event: 4852.472 Thread 0x000001e6611c5130 Uncommon trap: trap_request=0xffffffbe fr.pc=0x000001e60e77c61c relative=0x000000000000123c
Event: 4852.472 Thread 0x000001e6611c5130 Uncommon trap: reason=profile_predicate action=maybe_recompile pc=0x000001e60e77c61c method=java.lang.invoke.InvokerBytecodeGenerator.<init>(Ljava/lang/String;Ljava/lang/String;Ljava/lang/invoke/LambdaForm;Ljava/lang/invoke/MethodType;)V @ 33 c2
Event: 4852.472 Thread 0x000001e6611c5130 DEOPT PACKING pc=0x000001e60e77c61c sp=0x000000e59c2f9420
Event: 4852.472 Thread 0x000001e6611c5130 DEOPT UNPACKING pc=0x000001e60e204422 sp=0x000000e59c2f93d0 mode 2
Event: 4852.473 Thread 0x000001e6611c5130 Uncommon trap: trap_request=0xffffffbe fr.pc=0x000001e60e77c61c relative=0x000000000000123c
Event: 4852.473 Thread 0x000001e6611c5130 Uncommon trap: reason=profile_predicate action=maybe_recompile pc=0x000001e60e77c61c method=java.lang.invoke.InvokerBytecodeGenerator.<init>(Ljava/lang/String;Ljava/lang/String;Ljava/lang/invoke/LambdaForm;Ljava/lang/invoke/MethodType;)V @ 33 c2
Event: 4852.473 Thread 0x000001e6611c5130 DEOPT PACKING pc=0x000001e60e77c61c sp=0x000000e59c2f9360
Event: 4852.473 Thread 0x000001e6611c5130 DEOPT UNPACKING pc=0x000001e60e204422 sp=0x000000e59c2f9310 mode 2
Event: 14278.611 Thread 0x000001e6611c5130 Uncommon trap: trap_request=0xffffff45 fr.pc=0x000001e60ea9d534 relative=0x00000000000056f4
Event: 14278.611 Thread 0x000001e6611c5130 Uncommon trap: reason=unstable_if action=reinterpret pc=0x000001e60ea9d534 method=org.gradle.internal.time.DefaultCountdownTimer.hasExpired()Z @ 6 c2
Event: 14278.611 Thread 0x000001e6611c5130 DEOPT PACKING pc=0x000001e60ea9d534 sp=0x000000e59c2f9730
Event: 14278.612 Thread 0x000001e6611c5130 DEOPT UNPACKING pc=0x000001e60e204422 sp=0x000000e59c2f9728 mode 2

Classes loaded (20 events):
Event: 4506.753 Loading class java/util/function/BooleanSupplier
Event: 4506.753 Loading class java/util/function/BooleanSupplier done
Event: 4506.756 Loading class jdk/internal/jimage/ImageReader$Resource
Event: 4506.756 Loading class jdk/internal/jimage/ImageReader$Resource done
Event: 4507.329 Loading class java/util/WeakHashMap$KeyIterator
Event: 4507.329 Loading class java/util/WeakHashMap$HashIterator
Event: 4507.329 Loading class java/util/WeakHashMap$HashIterator done
Event: 4507.329 Loading class java/util/WeakHashMap$KeyIterator done
Event: 4508.011 Loading class com/sun/beans/finder/MethodFinder
Event: 4508.012 Loading class com/sun/beans/finder/AbstractFinder
Event: 4508.012 Loading class com/sun/beans/finder/AbstractFinder done
Event: 4508.012 Loading class com/sun/beans/finder/MethodFinder done
Event: 4508.014 Loading class com/sun/beans/finder/MethodFinder$1
Event: 4508.014 Loading class com/sun/beans/finder/MethodFinder$1 done
Event: 4508.014 Loading class com/sun/beans/finder/FinderUtils
Event: 4508.014 Loading class com/sun/beans/finder/FinderUtils done
Event: 4508.730 Loading class java/util/BitSet$1BitSetSpliterator
Event: 4508.730 Loading class java/util/BitSet$1BitSetSpliterator done
Event: 4508.872 Loading class sun/nio/fs/WindowsException
Event: 4508.872 Loading class sun/nio/fs/WindowsException done

Classes unloaded (20 events):
Event: 4506.823 Thread 0x000001e61a92c980 Unloading class 0x000001e61c0dc000 'java/lang/invoke/LambdaForm$BMH+0x000001e61c0dc000'
Event: 4506.824 Thread 0x000001e61a92c980 Unloading class 0x000001e61c0d4400 'java/lang/invoke/LambdaForm$MH+0x000001e61c0d4400'
Event: 4506.824 Thread 0x000001e61a92c980 Unloading class 0x000001e61c0a9400 'java/lang/invoke/LambdaForm$MH+0x000001e61c0a9400'
Event: 4506.824 Thread 0x000001e61a92c980 Unloading class 0x000001e61c0a9000 'java/lang/invoke/LambdaForm$MH+0x000001e61c0a9000'
Event: 4506.824 Thread 0x000001e61a92c980 Unloading class 0x000001e61c0a8c00 'java/lang/invoke/LambdaForm$MH+0x000001e61c0a8c00'
Event: 4506.825 Thread 0x000001e61a92c980 Unloading class 0x000001e61c098800 'java/lang/invoke/LambdaForm$MH+0x000001e61c098800'
Event: 4506.825 Thread 0x000001e61a92c980 Unloading class 0x000001e61c098400 'java/lang/invoke/LambdaForm$MH+0x000001e61c098400'
Event: 4506.825 Thread 0x000001e61a92c980 Unloading class 0x000001e61c03c800 'java/lang/invoke/LambdaForm$DMH+0x000001e61c03c800'
Event: 4506.826 Thread 0x000001e61a92c980 Unloading class 0x000001e61c02ec00 'java/lang/invoke/LambdaForm$MH+0x000001e61c02ec00'
Event: 4506.826 Thread 0x000001e61a92c980 Unloading class 0x000001e61c02e800 'java/lang/invoke/LambdaForm$MH+0x000001e61c02e800'
Event: 4506.826 Thread 0x000001e61a92c980 Unloading class 0x000001e61c02e000 'java/lang/invoke/LambdaForm$MH+0x000001e61c02e000'
Event: 4506.826 Thread 0x000001e61a92c980 Unloading class 0x000001e61c02dc00 'java/lang/invoke/LambdaForm$MH+0x000001e61c02dc00'
Event: 4506.826 Thread 0x000001e61a92c980 Unloading class 0x000001e61c02d800 'java/lang/invoke/LambdaForm$MH+0x000001e61c02d800'
Event: 4506.826 Thread 0x000001e61a92c980 Unloading class 0x000001e61c02c000 'java/lang/invoke/LambdaForm$MH+0x000001e61c02c000'
Event: 4506.826 Thread 0x000001e61a92c980 Unloading class 0x000001e61c01c800 'java/lang/invoke/LambdaForm$MH+0x000001e61c01c800'
Event: 4506.826 Thread 0x000001e61a92c980 Unloading class 0x000001e61c01c400 'java/lang/invoke/LambdaForm$MH+0x000001e61c01c400'
Event: 4506.826 Thread 0x000001e61a92c980 Unloading class 0x000001e61c002400 'java/lang/invoke/LambdaForm$MH+0x000001e61c002400'
Event: 4506.826 Thread 0x000001e61a92c980 Unloading class 0x000001e61c002000 'java/lang/invoke/LambdaForm$MH+0x000001e61c002000'
Event: 4506.826 Thread 0x000001e61a92c980 Unloading class 0x000001e61c001c00 'java/lang/invoke/LambdaForm$MH+0x000001e61c001c00'
Event: 4506.826 Thread 0x000001e61a92c980 Unloading class 0x000001e61c001400 'java/lang/invoke/LambdaForm$MH+0x000001e61c001400'

Classes redefined (0 events):
No events

Internal exceptions (20 events):
Event: 4507.471 Thread 0x000001e6611c5130 Implicit null exception at 0x000001e60ea4d8b6 to 0x000001e60ea54600
Event: 4507.872 Thread 0x000001e6611c5130 Exception <a 'java/lang/ClassNotFoundException'{0x00000000a46f4ce0}: org/gradle/internal/extensibility/DefaultExtraPropertiesExtensionBeanInfo> (0x00000000a46f4ce0) 
thrown [s\src\hotspot\share\classfile\systemDictionary.cpp, line 313]
Event: 4507.874 Thread 0x000001e6611c5130 Exception <a 'java/lang/ClassNotFoundException'{0x00000000a46fd6a8}: org/gradle/internal/extensibility/DefaultExtraPropertiesExtensionCustomizer> (0x00000000a46fd6a8) 
thrown [s\src\hotspot\share\classfile\systemDictionary.cpp, line 313]
Event: 4507.993 Thread 0x000001e6611c5130 Exception <a 'java/lang/ClassNotFoundException'{0x00000000a45cec78}: groovy/lang/Closure$1BeanInfo> (0x00000000a45cec78) 
thrown [s\src\hotspot\share\classfile\systemDictionary.cpp, line 313]
Event: 4507.995 Thread 0x000001e6611c5130 Exception <a 'java/lang/ClassNotFoundException'{0x00000000a45dbc10}: groovy/lang/ClosureBeanInfo> (0x00000000a45dbc10) 
thrown [s\src\hotspot\share\classfile\systemDictionary.cpp, line 313]
Event: 4507.997 Thread 0x000001e6611c5130 Exception <a 'java/lang/ClassNotFoundException'{0x00000000a45e8b10}: groovy/lang/ClosureCustomizer> (0x00000000a45e8b10) 
thrown [s\src\hotspot\share\classfile\systemDictionary.cpp, line 313]
Event: 4508.011 Thread 0x000001e6611c5130 Exception <a 'java/lang/ClassNotFoundException'{0x00000000a441a1e0}: groovy/lang/Closure$1Customizer> (0x00000000a441a1e0) 
thrown [s\src\hotspot\share\classfile\systemDictionary.cpp, line 313]
Event: 4508.178 Thread 0x000001e6611c5130 Exception <a 'java/lang/NoSuchMethodError'{0x00000000a44dfd90}: 'void java.lang.invoke.Invokers$Holder.invoke_MT(java.lang.Object, java.lang.Object, java.lang.Object, java.lang.Object)'> (0x00000000a44dfd90) 
thrown [s\src\hotspot\share\interpreter\linkResolver.cpp, line 773]
Event: 4508.271 Thread 0x000001e6611c5130 Exception <a 'java/lang/ClassNotFoundException'{0x00000000a410f858}: org/gradle/invocation/DefaultGradle_DecoratedBeanInfo> (0x00000000a410f858) 
thrown [s\src\hotspot\share\classfile\systemDictionary.cpp, line 313]
Event: 4508.273 Thread 0x000001e6611c5130 Exception <a 'java/lang/ClassNotFoundException'{0x00000000a411cc00}: org/gradle/invocation/DefaultGradleBeanInfo> (0x00000000a411cc00) 
thrown [s\src\hotspot\share\classfile\systemDictionary.cpp, line 313]
Event: 4508.274 Thread 0x000001e6611c5130 Exception <a 'java/lang/ClassNotFoundException'{0x00000000a412a4d8}: org/gradle/api/internal/project/AbstractPluginAwareBeanInfo> (0x00000000a412a4d8) 
thrown [s\src\hotspot\share\classfile\systemDictionary.cpp, line 313]
Event: 4508.275 Thread 0x000001e6611c5130 Exception <a 'java/lang/ClassNotFoundException'{0x00000000a4137e50}: org/gradle/api/internal/project/AbstractPluginAwareCustomizer> (0x00000000a4137e50) 
thrown [s\src\hotspot\share\classfile\systemDictionary.cpp, line 313]
Event: 4508.278 Thread 0x000001e6611c5130 Exception <a 'java/lang/ClassNotFoundException'{0x00000000a414b538}: org/gradle/invocation/DefaultGradleCustomizer> (0x00000000a414b538) 
thrown [s\src\hotspot\share\classfile\systemDictionary.cpp, line 313]
Event: 4508.288 Thread 0x000001e6611c5130 Exception <a 'java/lang/ClassNotFoundException'{0x00000000a418d3a0}: org/gradle/invocation/DefaultGradle_DecoratedCustomizer> (0x00000000a418d3a0) 
thrown [s\src\hotspot\share\classfile\systemDictionary.cpp, line 313]
Event: 4508.745 Thread 0x000001e6611c5130 Exception <a 'java/lang/IncompatibleClassChangeError'{0x00000000a34094c8}: Found class java.lang.Object, but interface was expected> (0x00000000a34094c8) 
thrown [s\src\hotspot\share\interpreter\linkResolver.cpp, line 840]
Event: 4508.872 Thread 0x000001e6611c5130 Exception <a 'sun/nio/fs/WindowsException'{0x00000000a332ded8}> (0x00000000a332ded8) 
thrown [s\src\hotspot\share\prims\jni.cpp, line 520]
Event: 4508.876 Thread 0x000001e6611c5130 Exception <a 'sun/nio/fs/WindowsException'{0x00000000a332f450}> (0x00000000a332f450) 
thrown [s\src\hotspot\share\prims\jni.cpp, line 520]
Event: 4508.876 Thread 0x000001e6611c5130 Exception <a 'sun/nio/fs/WindowsException'{0x00000000a3330978}> (0x00000000a3330978) 
thrown [s\src\hotspot\share\prims\jni.cpp, line 520]
Event: 4508.877 Thread 0x000001e6611c5130 Exception <a 'sun/nio/fs/WindowsException'{0x00000000a3331ab8}> (0x00000000a3331ab8) 
thrown [s\src\hotspot\share\prims\jni.cpp, line 520]
Event: 4852.630 Thread 0x000001e6611c5130 Exception <a 'java/lang/IncompatibleClassChangeError'{0x00000000a44560f8}: Found class java.lang.Object, but interface was expected> (0x00000000a44560f8) 
thrown [s\src\hotspot\share\interpreter\linkResolver.cpp, line 840]

ZGC Phase Switch (0 events):
No events

VM Operations (20 events):
Event: 4577.822 Executing safepoint VM operation: Cleanup
Event: 4577.822 Executing safepoint VM operation: Cleanup done
Event: 4626.409 Executing safepoint VM operation: Cleanup
Event: 4626.410 Executing safepoint VM operation: Cleanup done
Event: 4673.481 Executing safepoint VM operation: G1CollectForAllocation (G1 Evacuation Pause)
Event: 4673.554 Executing safepoint VM operation: G1CollectForAllocation (G1 Evacuation Pause) done
Event: 4731.176 Executing safepoint VM operation: Cleanup
Event: 4731.176 Executing safepoint VM operation: Cleanup done
Event: 4846.533 Executing safepoint VM operation: Cleanup
Event: 4846.992 Executing safepoint VM operation: Cleanup done
Event: 4848.007 Executing safepoint VM operation: Cleanup
Event: 4848.007 Executing safepoint VM operation: Cleanup done
Event: 4853.054 Executing safepoint VM operation: Cleanup
Event: 4853.054 Executing safepoint VM operation: Cleanup done
Event: 4854.068 Executing safepoint VM operation: Cleanup
Event: 4854.068 Executing safepoint VM operation: Cleanup done
Event: 4932.905 Executing safepoint VM operation: Cleanup
Event: 4932.905 Executing safepoint VM operation: Cleanup done
Event: 14281.232 Executing safepoint VM operation: Cleanup
Event: 14281.876 Executing safepoint VM operation: Cleanup done

Memory protections (0 events):
No events

Nmethod flushes (20 events):
Event: 4506.966 Thread 0x000001e61a92c980 flushing  nmethod 0x000001e606de4310
Event: 4506.966 Thread 0x000001e61a92c980 flushing  nmethod 0x000001e606de5910
Event: 4506.966 Thread 0x000001e61a92c980 flushing  nmethod 0x000001e606de5f10
Event: 4506.966 Thread 0x000001e61a92c980 flushing  nmethod 0x000001e606de9190
Event: 4506.966 Thread 0x000001e61a92c980 flushing  nmethod 0x000001e606de9510
Event: 4506.966 Thread 0x000001e61a92c980 flushing  nmethod 0x000001e606de9c10
Event: 4506.966 Thread 0x000001e61a92c980 flushing  nmethod 0x000001e6070f7310
Event: 4506.966 Thread 0x000001e61a92c980 flushing  nmethod 0x000001e607100310
Event: 4506.966 Thread 0x000001e61a92c980 flushing  nmethod 0x000001e60711dd90
Event: 4506.966 Thread 0x000001e61a92c980 flushing osr nmethod 0x000001e60711fa90
Event: 4506.966 Thread 0x000001e61a92c980 flushing  nmethod 0x000001e607120d90
Event: 4506.966 Thread 0x000001e61a92c980 flushing  nmethod 0x000001e607123610
Event: 4506.966 Thread 0x000001e61a92c980 flushing  nmethod 0x000001e607123c90
Event: 4506.966 Thread 0x000001e61a92c980 flushing  nmethod 0x000001e607129190
Event: 4506.966 Thread 0x000001e61a92c980 flushing  nmethod 0x000001e607129790
Event: 4506.966 Thread 0x000001e61a92c980 flushing  nmethod 0x000001e60712ab10
Event: 4506.966 Thread 0x000001e61a92c980 flushing  nmethod 0x000001e60715a790
Event: 4506.966 Thread 0x000001e61a92c980 flushing  nmethod 0x000001e60715b190
Event: 4506.966 Thread 0x000001e61a92c980 flushing  nmethod 0x000001e60715b690
Event: 4506.966 Thread 0x000001e61a92c980 flushing  nmethod 0x000001e60715e490

Events (20 events):
Event: 325.965 Thread 0x000001e61a9c1280 Thread added: 0x000001e661bb8e50
Event: 328.112 Thread 0x000001e6611c5130 Thread added: 0x000001e663423310
Event: 328.445 Thread 0x000001e661bb8e50 Thread exited: 0x000001e661bb8e50
Event: 330.492 Thread 0x000001e6611c5130 Thread added: 0x000001e663420bb0
Event: 330.573 Thread 0x000001e6611c5130 Thread added: 0x000001e6634239a0
Event: 332.655 Thread 0x000001e6611c5130 Thread added: 0x000001e663421240
Event: 334.066 Thread 0x000001e6611c5130 Thread added: 0x000001e663420520
Event: 335.882 Thread 0x000001e6611c5130 Thread added: 0x000001e663424d50
Event: 336.607 Thread 0x000001e6611c5130 Thread added: 0x000001e6634218d0
Event: 337.091 Thread 0x000001e6611c5130 Thread added: 0x000001e6634253e0
Event: 422.656 Thread 0x000001e6611c4410 Thread exited: 0x000001e6611c4410
Event: 2892.145 Thread 0x000001e6611c3d80 Thread added: 0x000001e663425a70
Event: 2894.568 Thread 0x000001e6611c5130 Thread added: 0x000001e663424030
Event: 2978.713 Thread 0x000001e663425a70 Thread exited: 0x000001e663425a70
Event: 4488.901 Thread 0x000001e6611c3d80 Thread added: 0x000001e6634246c0
Event: 4489.189 Thread 0x000001e6611c5130 Thread added: 0x000001e663425a70
Event: 4594.338 Thread 0x000001e6634246c0 Thread exited: 0x000001e6634246c0
Event: 4846.052 Thread 0x000001e6611c3d80 Thread added: 0x000001e6634246c0
Event: 4846.125 Thread 0x000001e6611c5130 Thread added: 0x000001e663426100
Event: 4920.084 Thread 0x000001e6634246c0 Thread exited: 0x000001e6634246c0


Dynamic libraries:
0x00007ff78b490000 - 0x00007ff78b49e000 	C:\Users\Dawit.DAWITA\.vscode\extensions\redhat.java-1.56.0-win32-x64\jre\21.0.12.1-win32-x86_64\bin\java.exe
0x00007ffaf8ac0000 - 0x00007ffaf8d27000 	C:\WINDOWS\SYSTEM32\ntdll.dll
0x00007ffaf6c70000 - 0x00007ffaf6d3b000 	C:\WINDOWS\System32\KERNEL32.DLL
0x00007ffaf5e10000 - 0x00007ffaf6211000 	C:\WINDOWS\System32\KERNELBASE.dll
0x00007ffaf6680000 - 0x00007ffaf67cc000 	C:\WINDOWS\System32\ucrtbase.dll
0x00007ffa513b0000 - 0x00007ffa513c8000 	C:\Users\Dawit.DAWITA\.vscode\extensions\redhat.java-1.56.0-win32-x64\jre\21.0.12.1-win32-x86_64\bin\jli.dll
0x00007ffaf8050000 - 0x00007ffaf8227000 	C:\WINDOWS\System32\USER32.dll
0x00007ffaf62e0000 - 0x00007ffaf6307000 	C:\WINDOWS\System32\win32u.dll
0x00007ffaf74f0000 - 0x00007ffaf751b000 	C:\WINDOWS\System32\GDI32.dll
0x00007ffaf6550000 - 0x00007ffaf6678000 	C:\WINDOWS\System32\gdi32full.dll
0x00007ffaf6310000 - 0x00007ffaf63b3000 	C:\WINDOWS\System32\msvcp_win.dll
0x00007ffa51390000 - 0x00007ffa513ae000 	C:\Users\Dawit.DAWITA\.vscode\extensions\redhat.java-1.56.0-win32-x64\jre\21.0.12.1-win32-x86_64\bin\VCRUNTIME140.dll
0x00007ffada7a0000 - 0x00007ffadaa30000 	C:\WINDOWS\WinSxS\amd64_microsoft.windows.common-controls_6595b64144ccf1df_6.0.26100.9549_none_3e0a0396e3330090\COMCTL32.dll
0x00007ffaf6b70000 - 0x00007ffaf6c19000 	C:\WINDOWS\System32\msvcrt.dll
0x00007ffaf7d50000 - 0x00007ffaf7d81000 	C:\WINDOWS\System32\IMM32.DLL
0x00007ffabfdc0000 - 0x00007ffabfdcc000 	C:\Users\Dawit.DAWITA\.vscode\extensions\redhat.java-1.56.0-win32-x64\jre\21.0.12.1-win32-x86_64\bin\vcruntime140_1.dll
0x00007ffa51300000 - 0x00007ffa5138d000 	C:\Users\Dawit.DAWITA\.vscode\extensions\redhat.java-1.56.0-win32-x64\jre\21.0.12.1-win32-x86_64\bin\msvcp140.dll
0x00007ffa50490000 - 0x00007ffa51232000 	C:\Users\Dawit.DAWITA\.vscode\extensions\redhat.java-1.56.0-win32-x64\jre\21.0.12.1-win32-x86_64\bin\server\jvm.dll
0x00007ffaf8950000 - 0x00007ffaf8a0b000 	C:\WINDOWS\System32\ADVAPI32.dll
0x00007ffaf8230000 - 0x00007ffaf82d8000 	C:\WINDOWS\System32\sechost.dll
0x00007ffaf7f30000 - 0x00007ffaf8048000 	C:\WINDOWS\System32\RPCRT4.dll
0x00007ffaf8710000 - 0x00007ffaf8791000 	C:\WINDOWS\System32\WS2_32.dll
0x00007ffaf5b10000 - 0x00007ffaf5b6e000 	C:\WINDOWS\SYSTEM32\POWRPROF.dll
0x00007ffadc210000 - 0x00007ffadc247000 	C:\WINDOWS\SYSTEM32\WINMM.dll
0x00007ffae7c80000 - 0x00007ffae7c8b000 	C:\WINDOWS\SYSTEM32\VERSION.dll
0x00007ffaf5af0000 - 0x00007ffaf5b05000 	C:\WINDOWS\SYSTEM32\UMPDC.dll
0x00007ffaf4960000 - 0x00007ffaf497b000 	C:\WINDOWS\SYSTEM32\kernel.appcore.dll
0x00007ffaba930000 - 0x00007ffaba93a000 	C:\Users\Dawit.DAWITA\.vscode\extensions\redhat.java-1.56.0-win32-x64\jre\21.0.12.1-win32-x86_64\bin\jimage.dll
0x00007ffaf29d0000 - 0x00007ffaf2c1c000 	C:\WINDOWS\SYSTEM32\DBGHELP.DLL
0x00007ffaf67e0000 - 0x00007ffaf6b6a000 	C:\WINDOWS\System32\combase.dll
0x00007ffaf8450000 - 0x00007ffaf8529000 	C:\WINDOWS\System32\OLEAUT32.dll
0x00007ffad6b70000 - 0x00007ffad6bab000 	C:\WINDOWS\SYSTEM32\dbgcore.DLL
0x00007ffaf6220000 - 0x00007ffaf62cc000 	C:\WINDOWS\System32\bcryptPrimitives.dll
0x00007ffae81f0000 - 0x00007ffae81ff000 	C:\Users\Dawit.DAWITA\.vscode\extensions\redhat.java-1.56.0-win32-x64\jre\21.0.12.1-win32-x86_64\bin\instrument.dll
0x00007ffa50470000 - 0x00007ffa50490000 	C:\Users\Dawit.DAWITA\.vscode\extensions\redhat.java-1.56.0-win32-x64\jre\21.0.12.1-win32-x86_64\bin\java.dll
0x00007ffaf6d40000 - 0x00007ffaf74dc000 	C:\WINDOWS\System32\SHELL32.dll
0x00007ffaf3740000 - 0x00007ffaf3fed000 	C:\WINDOWS\SYSTEM32\windows.storage.dll
0x00007ffaf87a0000 - 0x00007ffaf8899000 	C:\WINDOWS\System32\SHCORE.dll
0x00007ffaf8a10000 - 0x00007ffaf8a76000 	C:\WINDOWS\System32\shlwapi.dll
0x00007ffaf5bd0000 - 0x00007ffaf5bf9000 	C:\WINDOWS\SYSTEM32\profapi.dll
0x00007ffa503f0000 - 0x00007ffa50408000 	C:\Users\Dawit.DAWITA\.vscode\extensions\redhat.java-1.56.0-win32-x64\jre\21.0.12.1-win32-x86_64\bin\zip.dll
0x00007ffaae710000 - 0x00007ffaae720000 	C:\Users\Dawit.DAWITA\.vscode\extensions\redhat.java-1.56.0-win32-x64\jre\21.0.12.1-win32-x86_64\bin\net.dll
0x00007ffae7750000 - 0x00007ffae787a000 	C:\WINDOWS\SYSTEM32\WINHTTP.dll
0x00007ffaf4f20000 - 0x00007ffaf4f8c000 	C:\WINDOWS\system32\mswsock.dll
0x00007ffa51860000 - 0x00007ffa51876000 	C:\Users\Dawit.DAWITA\.vscode\extensions\redhat.java-1.56.0-win32-x64\jre\21.0.12.1-win32-x86_64\bin\nio.dll
0x00007ffae81e0000 - 0x00007ffae81f0000 	C:\Users\Dawit.DAWITA\.vscode\extensions\redhat.java-1.56.0-win32-x64\jre\21.0.12.1-win32-x86_64\bin\verify.dll
0x00007ffa520f0000 - 0x00007ffa52117000 	C:\Users\Dawit.DAWITA\.gradle\native\c067742578af261105cb4f569cf0c3c89f3d7b1fecec35dd04571415982c5e48\windows-amd64\native-platform.dll
0x00007ffa71ca0000 - 0x00007ffa71de4000 	C:\Users\Dawit.DAWITA\.gradle\native\100fb08df4bc3b14c8652ba06237920a3bd2aa13389f12d3474272988ae205f9\windows-amd64\native-platform-file-events.dll
0x00007ffad7980000 - 0x00007ffad798a000 	C:\Users\Dawit.DAWITA\.vscode\extensions\redhat.java-1.56.0-win32-x64\jre\21.0.12.1-win32-x86_64\bin\management.dll
0x00007ffad7970000 - 0x00007ffad797c000 	C:\Users\Dawit.DAWITA\.vscode\extensions\redhat.java-1.56.0-win32-x64\jre\21.0.12.1-win32-x86_64\bin\management_ext.dll
0x00007ffaf88c0000 - 0x00007ffaf88c8000 	C:\WINDOWS\System32\PSAPI.DLL
0x00007ffaf5210000 - 0x00007ffaf522b000 	C:\WINDOWS\SYSTEM32\CRYPTSP.dll
0x00007ffaf48c0000 - 0x00007ffaf48f9000 	C:\WINDOWS\system32\rsaenh.dll
0x00007ffaf4fd0000 - 0x00007ffaf5004000 	C:\WINDOWS\SYSTEM32\USERENV.dll
0x00007ffaf5ba0000 - 0x00007ffaf5bca000 	C:\WINDOWS\SYSTEM32\bcrypt.dll
0x00007ffaf5230000 - 0x00007ffaf523c000 	C:\WINDOWS\SYSTEM32\CRYPTBASE.dll
0x00007ffaf43e0000 - 0x00007ffaf4413000 	C:\WINDOWS\SYSTEM32\IPHLPAPI.DLL
0x00007ffaf88b0000 - 0x00007ffaf88ba000 	C:\WINDOWS\System32\NSI.dll
0x00007ffa7d790000 - 0x00007ffa7d799000 	C:\Users\Dawit.DAWITA\.vscode\extensions\redhat.java-1.56.0-win32-x64\jre\21.0.12.1-win32-x86_64\bin\extnet.dll
0x00007ffa84180000 - 0x00007ffa8418e000 	C:\Users\Dawit.DAWITA\.vscode\extensions\redhat.java-1.56.0-win32-x64\jre\21.0.12.1-win32-x86_64\bin\sunmscapi.dll
0x00007ffaf63c0000 - 0x00007ffaf653f000 	C:\WINDOWS\System32\CRYPT32.dll
0x00007ffaf5470000 - 0x00007ffaf54a0000 	C:\WINDOWS\SYSTEM32\ncrypt.dll
0x00007ffaf5420000 - 0x00007ffaf545f000 	C:\WINDOWS\SYSTEM32\NTASN1.dll
0x00007ffac5700000 - 0x00007ffac5708000 	C:\WINDOWS\system32\wshunix.dll

JVMTI agents:
C:\Users\Dawit.DAWITA\.gradle\wrapper\dists\gradle-8.11.1-all\2qik7nd48slq1ooc2496ixf4i\gradle-8.11.1\lib\agents\gradle-instrumentation-agent-8.11.1.jar path:C:\Users\Dawit.DAWITA\.vscode\extensions\redhat.java-1.56.0-win32-x64\jre\21.0.12.1-win32-x86_64\bin\instrument.dll, loaded, initialized, instrumentlib options:none

dbghelp: loaded successfully - version: 4.0.5 - missing functions: none
symbol engine: initialized successfully - sym options: 0x614 - pdb path: .;C:\Users\Dawit.DAWITA\.vscode\extensions\redhat.java-1.56.0-win32-x64\jre\21.0.12.1-win32-x86_64\bin;C:\WINDOWS\SYSTEM32;C:\WINDOWS\WinSxS\amd64_microsoft.windows.common-controls_6595b64144ccf1df_6.0.26100.9549_none_3e0a0396e3330090;C:\Users\Dawit.DAWITA\.vscode\extensions\redhat.java-1.56.0-win32-x64\jre\21.0.12.1-win32-x86_64\bin\server;C:\Users\Dawit.DAWITA\.gradle\native\c067742578af261105cb4f569cf0c3c89f3d7b1fecec35dd04571415982c5e48\windows-amd64;C:\Users\Dawit.DAWITA\.gradle\native\100fb08df4bc3b14c8652ba06237920a3bd2aa13389f12d3474272988ae205f9\windows-amd64

VM Arguments:
jvm_args: --add-opens=java.base/java.lang=ALL-UNNAMED --add-opens=java.base/java.lang.invoke=ALL-UNNAMED --add-opens=java.base/java.util=ALL-UNNAMED --add-opens=java.prefs/java.util.prefs=ALL-UNNAMED --add-exports=jdk.compiler/com.sun.tools.javac.api=ALL-UNNAMED --add-exports=jdk.compiler/com.sun.tools.javac.util=ALL-UNNAMED --add-opens=java.base/java.util=ALL-UNNAMED --add-opens=java.prefs/java.util.prefs=ALL-UNNAMED --add-opens=java.base/java.nio.charset=ALL-UNNAMED --add-opens=java.base/java.net=ALL-UNNAMED --add-opens=java.base/java.util.concurrent.atomic=ALL-UNNAMED --add-opens=java.xml/javax.xml.namespace=ALL-UNNAMED -Xmx1536m -Dfile.encoding=UTF-8 -Duser.country=US -Duser.language=en -Duser.variant -javaagent:C:\Users\Dawit.DAWITA\.gradle\wrapper\dists\gradle-8.11.1-all\2qik7nd48slq1ooc2496ixf4i\gradle-8.11.1\lib\agents\gradle-instrumentation-agent-8.11.1.jar 
java_command: org.gradle.launcher.daemon.bootstrap.GradleDaemon 8.11.1
java_class_path (initial): C:\Users\Dawit.DAWITA\.gradle\wrapper\dists\gradle-8.11.1-all\2qik7nd48slq1ooc2496ixf4i\gradle-8.11.1\lib\gradle-daemon-main-8.11.1.jar
Launcher Type: SUN_STANDARD

[Global flags]
     intx CICompilerCount                          = 4                                         {product} {ergonomic}
     uint ConcGCThreads                            = 2                                         {product} {ergonomic}
     uint G1ConcRefinementThreads                  = 8                                         {product} {ergonomic}
   size_t G1HeapRegionSize                         = 1048576                                   {product} {ergonomic}
    uintx GCDrainStackTargetSize                   = 64                                        {product} {ergonomic}
   size_t InitialHeapSize                          = 534773760                                 {product} {ergonomic}
   size_t MarkStackSize                            = 4194304                                   {product} {ergonomic}
   size_t MaxHeapSize                              = 1610612736                                {product} {command line}
   size_t MaxNewSize                               = 965738496                                 {product} {ergonomic}
   size_t MinHeapDeltaBytes                        = 1048576                                   {product} {ergonomic}
   size_t MinHeapSize                              = 8388608                                   {product} {ergonomic}
    uintx NonNMethodCodeHeapSize                   = 5839372                                {pd product} {ergonomic}
    uintx NonProfiledCodeHeapSize                  = 122909434                              {pd product} {ergonomic}
    uintx ProfiledCodeHeapSize                     = 122909434                              {pd product} {ergonomic}
    uintx ReservedCodeCacheSize                    = 251658240                              {pd product} {ergonomic}
     bool SegmentedCodeCache                       = true                                      {product} {ergonomic}
   size_t SoftMaxHeapSize                          = 1610612736                             {manageable} {ergonomic}
     bool UseCompressedOops                        = true                           {product lp64_product} {ergonomic}
     bool UseG1GC                                  = true                                      {product} {ergonomic}
     bool UseLargePagesIndividualAllocation        = false                                  {pd product} {ergonomic}

Logging:
Log output configuration:
 #0: stdout all=warning uptime,level,tags foldmultilines=false
 #1: stderr all=off uptime,level,tags foldmultilines=false

Release file:
JAVA_VERSION="21.0.12.1" 
MODULES="java.base java.compiler java.datatransfer java.xml java.prefs java.desktop java.instrument java.logging java.management java.security.sasl java.naming java.rmi java.management.rmi java.net.http java.scripting java.security.jgss java.transaction.xa java.sql java.sql.rowset java.xml.crypto java.se java.smartcardio jdk.accessibility jdk.internal.jvmstat jdk.attach jdk.charsets jdk.internal.opt jdk.zipfs jdk.compiler jdk.crypto.ec jdk.crypto.cryptoki jdk.crypto.mscapi jdk.dynalink jdk.internal.ed jdk.editpad jdk.hotspot.agent jdk.httpserver jdk.internal.le jdk.internal.vm.ci jdk.internal.vm.compiler jdk.internal.vm.compiler.management jdk.jartool jdk.javadoc jdk.jcmd jdk.management jdk.management.agent jdk.jconsole jdk.jdeps jdk.jdwp.agent jdk.jdi jdk.jfr jdk.jshell jdk.jsobject jdk.jstatd jdk.localedata jdk.management.jfr jdk.naming.dns jdk.naming.rmi jdk.net jdk.nio.mapmode jdk.random jdk.sctp jdk.security.auth jdk.security.jgss jdk.unsupported jdk.unsupported.desktop jdk.xml.dom" 

Environment Variables:
JAVA_HOME=C:\Users\Dawit.DAWITA\AppData\Local\Java\jdk-21.0.2+13
PATH=C:\Program Files (x86)\VMware\VMware Workstation\bin\;C:\Program Files (x86)\VMware\VMware Player\bin\;C:\Program Files\Common Files\Oracle\Java\javapath;C:\Program Files\Eclipse Adoptium\jdk-17.0.17.10-hotspot\bin;C:\Program Files\Eclipse Adoptium\jdk-21.0.9.10-hotspot\bin;C:\WINDOWS\system32;C:\WINDOWS;C:\WINDOWS\System32\Wbem;C:\WINDOWS\System32\WindowsPowerShell\v1.0\;C:\WINDOWS\System32\OpenSSH\;C:\Program Files\nodejs\;C:\Program Files\PyManager\;C:\Program Files\Git\cmd;C:\Program Files\WSL\;C:\Program Files\Docker\Docker\resources\bin;C:\Users\Dawit.DAWITA\AppData\Local\Java\jdk-21.0.2+13\bin;C:\Users\Dawit.DAWITA\AppData\Local\Microsoft\WindowsApps;C:\Users\Dawit.DAWITA\AppData\Local\Programs\Microsoft VS Code\bin;C:\Program Files\JetBrains\PyCharm Community Edition 2023.1.1\bin;;%USERPROFILE%\AppData\Local\Microsoft\WindowsApps
USERNAME=Dawit
OS=Windows_NT
PROCESSOR_IDENTIFIER=Intel64 Family 6 Model 142 Stepping 12, GenuineIntel
TMP=C:\Users\DAWIT~1.DAW\AppData\Local\Temp
TEMP=C:\Users\DAWIT~1.DAW\AppData\Local\Temp




Periodic native trim disabled

---------------  S Y S T E M  ---------------

OS:
 Windows 11 , 64 bit Build 26100 (10.0.26100.9549)
OS uptime: 0 days 5:28 hours
Hyper-V role detected

CPU: total 8 (initial active 8) (4 cores per cpu, 2 threads per core) family 6 model 142 stepping 12 microcode 0xfc, cx8, cmov, fxsr, ht, mmx, 3dnowpref, sse, sse2, sse3, ssse3, sse4.1, sse4.2, popcnt, lzcnt, tsc, tscinvbit, avx, avx2, aes, erms, clmul, bmi1, bmi2, adx, fma, vzeroupper, clflush, clflushopt, hv, rdtscp, f16c
Processor Information for the first 8 processors :
  Max Mhz: 1992, Current Mhz: 1792, Mhz Limit: 1792

Memory: 4k page, system-wide physical 32615M (479M free)
TotalPageFile size 130919M (AvailPageFile size 3M)
current process WorkingSet (physical memory assigned to process): 57M, peak: 235M
current process commit charge ("private bytes"): 270M, peak: 700M

vm_info: OpenJDK 64-Bit Server VM (21.0.12.1+1-LTS) for windows-amd64 JRE (21.0.12.1+1-LTS), built on 2026-08-18T00:00:00Z by "admin" with MS VC++ 17.12 (VS2022)

END.
