#
# There is insufficient memory for the Java Runtime Environment to continue.
# Native memory allocation (malloc) failed to allocate 224064 bytes. Error detail: Chunk::new
# Possible reasons:
#   The system is out of physical RAM or swap space
#   This process is running with CompressedOops enabled, and the Java Heap may be blocking the growth of the native heap
# Possible solutions:
#   Reduce memory load on the system
#   Increase physical memory or swap space
#   Check if swap backing store is full
#   Decrease Java heap size (-Xmx/-Xms)
#   Decrease number of Java threads
#   Decrease Java thread stack sizes (-Xss)
#   Set larger code cache with -XX:ReservedCodeCacheSize=
#   JVM is running with Unscaled Compressed Oops mode in which the Java heap is
#     placed in the first 4GB address space. The Java Heap base address is the
#     maximum limit for the native heap growth. Please use -XX:HeapBaseMinAddress
#     to set the Java Heap base and to place the Java Heap above 4GB virtual address.
# This output file may be truncated or incomplete.
#
#  Out of Memory Error (arena.cpp:168), pid=72360, tid=75712
#
# JRE version: OpenJDK Runtime Environment Temurin-21.0.12.1+1 (21.0.12.1+1) (build 21.0.12.1+1-LTS)
# Java VM: OpenJDK 64-Bit Server VM Temurin-21.0.12.1+1 (21.0.12.1+1-LTS, mixed mode, sharing, tiered, compressed oops, compressed class ptrs, g1 gc, windows-amd64)
# No core dump will be written. Minidumps are not enabled by default on client versions of Windows
#

---------------  S U M M A R Y ------------

Command Line: --add-opens=java.base/java.lang=ALL-UNNAMED --add-opens=java.base/java.lang.invoke=ALL-UNNAMED --add-opens=java.base/java.util=ALL-UNNAMED --add-opens=java.prefs/java.util.prefs=ALL-UNNAMED --add-exports=jdk.compiler/com.sun.tools.javac.api=ALL-UNNAMED --add-exports=jdk.compiler/com.sun.tools.javac.util=ALL-UNNAMED --add-opens=java.base/java.util=ALL-UNNAMED --add-opens=java.prefs/java.util.prefs=ALL-UNNAMED --add-opens=java.base/java.nio.charset=ALL-UNNAMED --add-opens=java.base/java.net=ALL-UNNAMED --add-opens=java.base/java.util.concurrent.atomic=ALL-UNNAMED --add-opens=java.xml/javax.xml.namespace=ALL-UNNAMED -Xmx1536m -Dfile.encoding=UTF-8 -Duser.country=US -Duser.language=en -Duser.variant -javaagent:C:\Users\Dawit.DAWITA\.gradle\wrapper\dists\gradle-8.11.1-all\2qik7nd48slq1ooc2496ixf4i\gradle-8.11.1\lib\agents\gradle-instrumentation-agent-8.11.1.jar org.gradle.launcher.daemon.bootstrap.GradleDaemon 8.11.1

Host: Intel(R) Core(TM) i7-8565U CPU @ 1.80GHz, 8 cores, 31G,  Windows 11 , 64 bit Build 26100 (10.0.26100.9549)
Time: Wed Oct  7 16:53:04 2026 E. Africa Standard Time elapsed time: 14308.045282 seconds (0d 3h 58m 28s)

---------------  T H R E A D  ---------------

Current thread (0x000001ae7510c6a0):  JavaThread "C2 CompilerThread0" daemon [_thread_in_native, id=75712, stack(0x00000094e5000000,0x00000094e5100000) (1024K)]


Current CompileTask:
C2:14308045 5459   !   4       org.gradle.internal.concurrent.AbstractManagedExecutor$1::run (57 bytes)

Stack: [0x00000094e5000000,0x00000094e5100000]
Native frames: (J=compiled Java code, j=interpreted, Vv=VM code, C=native code)
V  [jvm.dll+0x6d83e9]
V  [jvm.dll+0x8b5736]
V  [jvm.dll+0x8b7cee]
V  [jvm.dll+0x8b83d3]
V  [jvm.dll+0x284596]
V  [jvm.dll+0xc685d]
V  [jvm.dll+0xc6da1]
V  [jvm.dll+0x3bf18b]
V  [jvm.dll+0x1e4149]
V  [jvm.dll+0x24c853]
V  [jvm.dll+0x24bce0]
V  [jvm.dll+0x1cb4ae]
V  [jvm.dll+0x25baad]
V  [jvm.dll+0x25a03a]
V  [jvm.dll+0x3f8aae]
V  [jvm.dll+0x8600cd]
V  [jvm.dll+0x6d6c1d]
C  [ucrtbase.dll+0x2cd30]
C  [KERNEL32.DLL+0x2cdf7]
C  [ntdll.dll+0x7ee4c]


---------------  P R O C E S S  ---------------

Threads class SMR info:
_java_thread_list=0x000001ae7b42e6f0, length=33, elements={
0x000001ae1b17f410, 0x000001ae75104ae0, 0x000001ae75106260, 0x000001ae751099f0,
0x000001ae7510a450, 0x000001ae7510aeb0, 0x000001ae7510b910, 0x000001ae7510c6a0,
0x000001ae75117690, 0x000001ae753276a0, 0x000001ae753c7d40, 0x000001ae7ac02250,
0x000001ae7a2360e0, 0x000001ae7b066860, 0x000001ae7ac32870, 0x000001ae7ac70f30,
0x000001ae7ac715a0, 0x000001ae7afd8770, 0x000001ae7afda840, 0x000001ae7afd8e00,
0x000001ae7afda1b0, 0x000001ae7afdb560, 0x000001ae7afd9490, 0x000001ae7afdaed0,
0x000001ae7bc34c30, 0x000001ae7bc352c0, 0x000001ae7bc345a0, 0x000001ae7bc35950,
0x000001ae7bc35fe0, 0x000001ae7bc33880, 0x000001ae7bc36670, 0x000001ae7bc37390,
0x000001ae7bc380b0
}

Java Threads: ( => current thread )
  0x000001ae1b17f410 JavaThread "main"                              [_thread_blocked, id=72156, stack(0x00000094e4100000,0x00000094e4200000) (1024K)]
  0x000001ae75104ae0 JavaThread "Reference Handler"          daemon [_thread_blocked, id=4676, stack(0x00000094e4a00000,0x00000094e4b00000) (1024K)]
  0x000001ae75106260 JavaThread "Finalizer"                  daemon [_thread_blocked, id=16040, stack(0x00000094e4b00000,0x00000094e4c00000) (1024K)]
  0x000001ae751099f0 JavaThread "Signal Dispatcher"          daemon [_thread_blocked, id=70540, stack(0x00000094e4c00000,0x00000094e4d00000) (1024K)]
  0x000001ae7510a450 JavaThread "Attach Listener"            daemon [_thread_blocked, id=31932, stack(0x00000094e4d00000,0x00000094e4e00000) (1024K)]
  0x000001ae7510aeb0 JavaThread "Service Thread"             daemon [_thread_blocked, id=47512, stack(0x00000094e4e00000,0x00000094e4f00000) (1024K)]
  0x000001ae7510b910 JavaThread "Monitor Deflation Thread"   daemon [_thread_blocked, id=67432, stack(0x00000094e4f00000,0x00000094e5000000) (1024K)]
=>0x000001ae7510c6a0 JavaThread "C2 CompilerThread0"         daemon [_thread_in_native, id=75712, stack(0x00000094e5000000,0x00000094e5100000) (1024K)]
  0x000001ae75117690 JavaThread "C1 CompilerThread0"         daemon [_thread_blocked, id=67808, stack(0x00000094e5100000,0x00000094e5200000) (1024K)]
  0x000001ae753276a0 JavaThread "Common-Cleaner"             daemon [_thread_blocked, id=77752, stack(0x00000094e5200000,0x00000094e5300000) (1024K)]
  0x000001ae753c7d40 JavaThread "Notification Thread"        daemon [_thread_blocked, id=69036, stack(0x00000094e5300000,0x00000094e5400000) (1024K)]
  0x000001ae7ac02250 JavaThread "Daemon health stats"               [_thread_blocked, id=49736, stack(0x00000094e5a00000,0x00000094e5b00000) (1024K)]
  0x000001ae7a2360e0 JavaThread "Incoming local TCP Connector on port 57395"        [_thread_in_native, id=79592, stack(0x00000094e5b00000,0x00000094e5c00000) (1024K)]
  0x000001ae7b066860 JavaThread "Daemon periodic checks"            [_thread_in_native, id=78472, stack(0x00000094e5c00000,0x00000094e5d00000) (1024K)]
  0x000001ae7ac32870 JavaThread "Daemon"                            [_thread_blocked, id=18120, stack(0x00000094e5e00000,0x00000094e5f00000) (1024K)]
  0x000001ae7ac70f30 JavaThread "Handler for socket connection from /127.0.0.1:57395 to /127.0.0.1:55625"        [_thread_in_native, id=14320, stack(0x00000094e5f00000,0x00000094e6000000) (1024K)]
  0x000001ae7ac715a0 JavaThread "Cancel handler"                    [_thread_blocked, id=51964, stack(0x00000094e6000000,0x00000094e6100000) (1024K)]
  0x000001ae7afd8770 JavaThread "Daemon worker"                     [_thread_in_vm, id=72136, stack(0x00000094e6300000,0x00000094e6400000) (1024K)]
  0x000001ae7afda840 JavaThread "Asynchronous log dispatcher for DefaultDaemonConnection: socket connection from /127.0.0.1:57395 to /127.0.0.1:55625"        [_thread_in_Java, id=27340, stack(0x00000094e6400000,0x00000094e6500000) (1024K)]
  0x000001ae7afd8e00 JavaThread "Stdin handler"                     [_thread_blocked, id=46904, stack(0x00000094e6500000,0x00000094e6600000) (1024K)]
  0x000001ae7afda1b0 JavaThread "Daemon client event forwarder"        [_thread_blocked, id=14220, stack(0x00000094e6600000,0x00000094e6700000) (1024K)]
  0x000001ae7afdb560 JavaThread "Cache worker for journal cache (C:\Users\Dawit.DAWITA\.gradle\caches\journal-1)"        [_thread_blocked, id=32704, stack(0x00000094e5900000,0x00000094e5a00000) (1024K)]
  0x000001ae7afd9490 JavaThread "File lock request listener"        [_thread_in_native, id=13172, stack(0x00000094e5d00000,0x00000094e5e00000) (1024K)]
  0x000001ae7afdaed0 JavaThread "Cache worker for file hash cache (C:\Users\Dawit.DAWITA\.gradle\caches\8.11.1\fileHashes)"        [_thread_blocked, id=79772, stack(0x00000094e6800000,0x00000094e6900000) (1024K)]
  0x000001ae7bc34c30 JavaThread "Cache worker for file content cache (C:\Users\Dawit.DAWITA\.gradle\caches\8.11.1\fileContent)"        [_thread_blocked, id=78420, stack(0x00000094e6900000,0x00000094e6a00000) (1024K)]
  0x000001ae7bc352c0 JavaThread "Cache worker for file hash cache (C:\Users\Dawit.DAWITA\Documents\AfroLife_Agency_improved\afrolife\android\.gradle\8.11.1\fileHashes)"        [_thread_blocked, id=14272, stack(0x00000094e6b00000,0x00000094e6c00000) (1024K)]
  0x000001ae7bc345a0 JavaThread "Cache worker for Build Output Cleanup Cache (C:\Users\Dawit.DAWITA\Documents\AfroLife_Agency_improved\afrolife\android\.gradle\buildOutputCleanup)"        [_thread_blocked, id=28064, stack(0x00000094e6c00000,0x00000094e6d00000) (1024K)]
  0x000001ae7bc35950 JavaThread "File watcher server"        daemon [_thread_in_native, id=77024, stack(0x00000094e6100000,0x00000094e6200000) (1024K)]
  0x000001ae7bc35fe0 JavaThread "File watcher consumer"      daemon [_thread_blocked, id=79840, stack(0x00000094e6200000,0x00000094e6300000) (1024K)]
  0x000001ae7bc33880 JavaThread "Cache worker for checksums cache (C:\Users\Dawit.DAWITA\Documents\AfroLife_Agency_improved\afrolife\android\.gradle\8.11.1\checksums)"        [_thread_blocked, id=80372, stack(0x00000094e6d00000,0x00000094e6e00000) (1024K)]
  0x000001ae7bc36670 JavaThread "Cache worker for cache directory md-rule (C:\Users\Dawit.DAWITA\.gradle\caches\8.11.1\md-rule)"        [_thread_blocked, id=81176, stack(0x00000094e6e00000,0x00000094e6f00000) (1024K)]
  0x000001ae7bc37390 JavaThread "Cache worker for cache directory md-supplier (C:\Users\Dawit.DAWITA\.gradle\caches\8.11.1\md-supplier)"        [_thread_blocked, id=79520, stack(0x00000094e6f00000,0x00000094e7000000) (1024K)]
  0x000001ae7bc380b0 JavaThread "jar transforms"                    [_thread_blocked, id=95472, stack(0x00000094e7000000,0x00000094e7100000) (1024K)]
Total: 33

Other Threads:
  0x000001ae750ecdd0 VMThread "VM Thread"                           [id=3452, stack(0x00000094e4900000,0x00000094e4a00000) (1024K)] _threads_hazard_ptr=0x000001ae7b42e6f0
  0x000001ae750dca00 WatcherThread "VM Periodic Task Thread"        [id=32172, stack(0x00000094e4800000,0x00000094e4900000) (1024K)]
  0x000001ae1b1c7d80 WorkerThread "GC Thread#0"                     [id=74676, stack(0x00000094e4300000,0x00000094e4400000) (1024K)]
  0x000001ae7519c7d0 WorkerThread "GC Thread#1"                     [id=33960, stack(0x00000094e4000000,0x00000094e4100000) (1024K)]
  0x000001ae754f9690 WorkerThread "GC Thread#2"                     [id=57544, stack(0x00000094e4200000,0x00000094e4300000) (1024K)]
  0x000001ae754f9a40 WorkerThread "GC Thread#3"                     [id=13928, stack(0x00000094e5400000,0x00000094e5500000) (1024K)]
  0x000001ae75268290 WorkerThread "GC Thread#4"                     [id=41068, stack(0x00000094e5500000,0x00000094e5600000) (1024K)]
  0x000001ae75268640 WorkerThread "GC Thread#5"                     [id=76484, stack(0x00000094e5600000,0x00000094e5700000) (1024K)]
  0x000001ae752689f0 WorkerThread "GC Thread#6"                     [id=13084, stack(0x00000094e5700000,0x00000094e5800000) (1024K)]
  0x000001ae751a1b50 WorkerThread "GC Thread#7"                     [id=5284, stack(0x00000094e5800000,0x00000094e5900000) (1024K)]
  0x000001ae1b1d5b00 ConcurrentGCThread "G1 Main Marker"            [id=10888, stack(0x00000094e4400000,0x00000094e4500000) (1024K)]
  0x000001ae1b1d73a0 WorkerThread "G1 Conc#0"                       [id=6412, stack(0x00000094e4500000,0x00000094e4600000) (1024K)]
  0x000001ae7b3a1a30 WorkerThread "G1 Conc#1"                       [id=78680, stack(0x00000094e6a00000,0x00000094e6b00000) (1024K)]
  0x000001ae33cb8460 ConcurrentGCThread "G1 Refine#0"               [id=63148, stack(0x00000094e4600000,0x00000094e4700000) (1024K)]
  0x000001ae33cb9ca0 ConcurrentGCThread "G1 Service"                [id=67444, stack(0x00000094e4700000,0x00000094e4800000) (1024K)]
Total: 15

Threads with active compile tasks:
C2 CompilerThread0  14316639 5459   !   4       org.gradle.internal.concurrent.AbstractManagedExecutor$1::run (57 bytes)
Total: 1

VM state: synchronizing (normal execution)

VM Mutex/Monitor currently owned by a thread:  ([mutex/lock_event])
[0x00007ffa5114f5b0] Threads_lock - owner thread: 0x000001ae750ecdd0

Heap address: 0x00000000a0000000, size: 1536 MB, Compressed Oops mode: 32-bit

CDS archive(s) mapped at: [0x000001ae34000000-0x000001ae34ba0000-0x000001ae34ba0000), size 12189696, SharedBaseAddress: 0x000001ae34000000, ArchiveRelocationMode: 1.
Compressed class space mapped at: 0x000001ae35000000-0x000001ae75000000, reserved size: 1073741824
Narrow klass base: 0x000001ae34000000, Narrow klass shift: 0, Narrow klass range: 0x100000000

GC Precious Log:
 CardTable entry size: 512
 Card Set container configuration: InlinePtr #cards 5 size 8 Array Of Cards #cards 12 size 40 Howl #buckets 4 coarsen threshold 1843 Howl Bitmap #cards 512 size 80 coarsen threshold 460 Card regions per heap region 1 cards per card region 2048
 CPUs: 8 total, 8 available
 Memory: 32615M
 Large Page Support: Disabled
 NUMA Support: Disabled
 Compressed Oops: Enabled (32-bit)
 Heap Region Size: 1M
 Heap Min Capacity: 8M
 Heap Initial Capacity: 510M
 Heap Max Capacity: 1536M
 Pre-touch: Disabled
 Parallel Workers: 8
 Concurrent Workers: 2
 Concurrent Refinement Workers: 8
 Periodic GC: Disabled

Heap:
 garbage-first heap   total 99328K, used 40518K [0x00000000a0000000, 0x0000000100000000)
  region size 1024K, 12 young (12288K), 3 survivors (3072K)
 Metaspace       used 36809K, committed 38144K, reserved 1114112K
  class space    used 5332K, committed 6016K, reserved 1048576K

Heap Regions: E=young(eden), S=young(survivor), O=old, HS=humongous(starts), HC=humongous(continues), CS=collection set, F=free, TAMS=top-at-mark-start, PB=parsable bottom
|   0|0x00000000a0000000, 0x00000000a0100000, 0x00000000a0100000|100%|HS|  |TAMS 0x00000000a0000000| PB 0x00000000a0000000| Complete 
|   1|0x00000000a0100000, 0x00000000a0200000, 0x00000000a0200000|100%|HC|  |TAMS 0x00000000a0100000| PB 0x00000000a0100000| Complete 
|   2|0x00000000a0200000, 0x00000000a0300000, 0x00000000a0300000|100%|HC|  |TAMS 0x00000000a0200000| PB 0x00000000a0200000| Complete 
|   3|0x00000000a0300000, 0x00000000a0400000, 0x00000000a0400000|100%| O|  |TAMS 0x00000000a0300000| PB 0x00000000a0300000| Untracked 
|   4|0x00000000a0400000, 0x00000000a0500000, 0x00000000a0500000|100%| O|  |TAMS 0x00000000a0400000| PB 0x00000000a0400000| Untracked 
|   5|0x00000000a0500000, 0x00000000a0600000, 0x00000000a0600000|100%| O|  |TAMS 0x00000000a0500000| PB 0x00000000a0500000| Untracked 
|   6|0x00000000a0600000, 0x00000000a0700000, 0x00000000a0700000|100%| O|  |TAMS 0x00000000a0600000| PB 0x00000000a0600000| Untracked 
|   7|0x00000000a0700000, 0x00000000a0800000, 0x00000000a0800000|100%|HS|  |TAMS 0x00000000a0700000| PB 0x00000000a0700000| Complete 
|   8|0x00000000a0800000, 0x00000000a0900000, 0x00000000a0900000|100%| O|  |TAMS 0x00000000a0800000| PB 0x00000000a0800000| Untracked 
|   9|0x00000000a0900000, 0x00000000a0a00000, 0x00000000a0a00000|100%| O|  |TAMS 0x00000000a0900000| PB 0x00000000a0900000| Untracked 
|  10|0x00000000a0a00000, 0x00000000a0b00000, 0x00000000a0b00000|100%| O|  |TAMS 0x00000000a0a00000| PB 0x00000000a0a00000| Untracked 
|  11|0x00000000a0b00000, 0x00000000a0c00000, 0x00000000a0c00000|100%| O|  |TAMS 0x00000000a0b00000| PB 0x00000000a0b00000| Untracked 
|  12|0x00000000a0c00000, 0x00000000a0d00000, 0x00000000a0d00000|100%| O|  |TAMS 0x00000000a0c00000| PB 0x00000000a0c00000| Untracked 
|  13|0x00000000a0d00000, 0x00000000a0e00000, 0x00000000a0e00000|100%| O|  |TAMS 0x00000000a0d00000| PB 0x00000000a0d00000| Untracked 
|  14|0x00000000a0e00000, 0x00000000a0f00000, 0x00000000a0f00000|100%| O|  |TAMS 0x00000000a0e00000| PB 0x00000000a0e00000| Untracked 
|  15|0x00000000a0f00000, 0x00000000a1000000, 0x00000000a1000000|100%| O|  |TAMS 0x00000000a0f00000| PB 0x00000000a0f00000| Untracked 
|  16|0x00000000a1000000, 0x00000000a1100000, 0x00000000a1100000|100%| O|  |TAMS 0x00000000a1000000| PB 0x00000000a1000000| Untracked 
|  17|0x00000000a1100000, 0x00000000a1200000, 0x00000000a1200000|100%| O|  |TAMS 0x00000000a1100000| PB 0x00000000a1100000| Untracked 
|  18|0x00000000a1200000, 0x00000000a1300000, 0x00000000a1300000|100%| O|  |TAMS 0x00000000a1200000| PB 0x00000000a1200000| Untracked 
|  19|0x00000000a1300000, 0x00000000a1400000, 0x00000000a1400000|100%| O|  |TAMS 0x00000000a1300000| PB 0x00000000a1300000| Untracked 
|  20|0x00000000a1400000, 0x00000000a1500000, 0x00000000a1500000|100%| O|  |TAMS 0x00000000a1400000| PB 0x00000000a1400000| Untracked 
|  21|0x00000000a1500000, 0x00000000a1600000, 0x00000000a1600000|100%| O|  |TAMS 0x00000000a1500000| PB 0x00000000a1500000| Untracked 
|  22|0x00000000a1600000, 0x00000000a1700000, 0x00000000a1700000|100%| O|  |TAMS 0x00000000a1600000| PB 0x00000000a1600000| Untracked 
|  23|0x00000000a1700000, 0x00000000a1700000, 0x00000000a1800000|  0%| F|  |TAMS 0x00000000a1700000| PB 0x00000000a1700000| Untracked 
|  24|0x00000000a1800000, 0x00000000a1900000, 0x00000000a1900000|100%| O|  |TAMS 0x00000000a1800000| PB 0x00000000a1800000| Untracked 
|  25|0x00000000a1900000, 0x00000000a1a00000, 0x00000000a1a00000|100%| O|  |TAMS 0x00000000a1900000| PB 0x00000000a1900000| Untracked 
|  26|0x00000000a1a00000, 0x00000000a1b00000, 0x00000000a1b00000|100%| O|  |TAMS 0x00000000a1a00000| PB 0x00000000a1a00000| Untracked 
|  27|0x00000000a1b00000, 0x00000000a1c00000, 0x00000000a1c00000|100%| O|  |TAMS 0x00000000a1b00000| PB 0x00000000a1b00000| Untracked 
|  28|0x00000000a1c00000, 0x00000000a1d00000, 0x00000000a1d00000|100%| O|  |TAMS 0x00000000a1c00000| PB 0x00000000a1c00000| Untracked 
|  29|0x00000000a1d00000, 0x00000000a1e00000, 0x00000000a1e00000|100%| O|  |TAMS 0x00000000a1d00000| PB 0x00000000a1d00000| Untracked 
|  30|0x00000000a1e00000, 0x00000000a1e5fd80, 0x00000000a1f00000| 37%| O|  |TAMS 0x00000000a1e00000| PB 0x00000000a1e00000| Untracked 
|  31|0x00000000a1f00000, 0x00000000a1f00000, 0x00000000a2000000|  0%| F|  |TAMS 0x00000000a1f00000| PB 0x00000000a1f00000| Untracked 
|  32|0x00000000a2000000, 0x00000000a2000000, 0x00000000a2100000|  0%| F|  |TAMS 0x00000000a2000000| PB 0x00000000a2000000| Untracked 
|  33|0x00000000a2100000, 0x00000000a2100000, 0x00000000a2200000|  0%| F|  |TAMS 0x00000000a2100000| PB 0x00000000a2100000| Untracked 
|  34|0x00000000a2200000, 0x00000000a2200000, 0x00000000a2300000|  0%| F|  |TAMS 0x00000000a2200000| PB 0x00000000a2200000| Untracked 
|  35|0x00000000a2300000, 0x00000000a2300000, 0x00000000a2400000|  0%| F|  |TAMS 0x00000000a2300000| PB 0x00000000a2300000| Untracked 
|  36|0x00000000a2400000, 0x00000000a2431aa0, 0x00000000a2500000| 19%| S|CS|TAMS 0x00000000a2400000| PB 0x00000000a2400000| Complete 
|  37|0x00000000a2500000, 0x00000000a2600000, 0x00000000a2600000|100%| S|CS|TAMS 0x00000000a2500000| PB 0x00000000a2500000| Complete 
|  38|0x00000000a2600000, 0x00000000a2700000, 0x00000000a2700000|100%| S|CS|TAMS 0x00000000a2600000| PB 0x00000000a2600000| Complete 
|  39|0x00000000a2700000, 0x00000000a2700000, 0x00000000a2800000|  0%| F|  |TAMS 0x00000000a2700000| PB 0x00000000a2700000| Untracked 
|  40|0x00000000a2800000, 0x00000000a2800000, 0x00000000a2900000|  0%| F|  |TAMS 0x00000000a2800000| PB 0x00000000a2800000| Untracked 
|  41|0x00000000a2900000, 0x00000000a2900000, 0x00000000a2a00000|  0%| F|  |TAMS 0x00000000a2900000| PB 0x00000000a2900000| Untracked 
|  42|0x00000000a2a00000, 0x00000000a2a00000, 0x00000000a2b00000|  0%| F|  |TAMS 0x00000000a2a00000| PB 0x00000000a2a00000| Untracked 
|  43|0x00000000a2b00000, 0x00000000a2b00000, 0x00000000a2c00000|  0%| F|  |TAMS 0x00000000a2b00000| PB 0x00000000a2b00000| Untracked 
|  44|0x00000000a2c00000, 0x00000000a2c00000, 0x00000000a2d00000|  0%| F|  |TAMS 0x00000000a2c00000| PB 0x00000000a2c00000| Untracked 
|  45|0x00000000a2d00000, 0x00000000a2d00000, 0x00000000a2e00000|  0%| F|  |TAMS 0x00000000a2d00000| PB 0x00000000a2d00000| Untracked 
|  46|0x00000000a2e00000, 0x00000000a2e00000, 0x00000000a2f00000|  0%| F|  |TAMS 0x00000000a2e00000| PB 0x00000000a2e00000| Untracked 
|  47|0x00000000a2f00000, 0x00000000a2f00000, 0x00000000a3000000|  0%| F|  |TAMS 0x00000000a2f00000| PB 0x00000000a2f00000| Untracked 
|  48|0x00000000a3000000, 0x00000000a3000000, 0x00000000a3100000|  0%| F|  |TAMS 0x00000000a3000000| PB 0x00000000a3000000| Untracked 
|  49|0x00000000a3100000, 0x00000000a3100000, 0x00000000a3200000|  0%| F|  |TAMS 0x00000000a3100000| PB 0x00000000a3100000| Untracked 
|  50|0x00000000a3200000, 0x00000000a3200000, 0x00000000a3300000|  0%| F|  |TAMS 0x00000000a3200000| PB 0x00000000a3200000| Untracked 
|  51|0x00000000a3300000, 0x00000000a3300000, 0x00000000a3400000|  0%| F|  |TAMS 0x00000000a3300000| PB 0x00000000a3300000| Untracked 
|  52|0x00000000a3400000, 0x00000000a3400000, 0x00000000a3500000|  0%| F|  |TAMS 0x00000000a3400000| PB 0x00000000a3400000| Untracked 
|  53|0x00000000a3500000, 0x00000000a3500000, 0x00000000a3600000|  0%| F|  |TAMS 0x00000000a3500000| PB 0x00000000a3500000| Untracked 
|  54|0x00000000a3600000, 0x00000000a3600000, 0x00000000a3700000|  0%| F|  |TAMS 0x00000000a3600000| PB 0x00000000a3600000| Untracked 
|  55|0x00000000a3700000, 0x00000000a3700000, 0x00000000a3800000|  0%| F|  |TAMS 0x00000000a3700000| PB 0x00000000a3700000| Untracked 
|  56|0x00000000a3800000, 0x00000000a3800000, 0x00000000a3900000|  0%| F|  |TAMS 0x00000000a3800000| PB 0x00000000a3800000| Untracked 
|  57|0x00000000a3900000, 0x00000000a3900000, 0x00000000a3a00000|  0%| F|  |TAMS 0x00000000a3900000| PB 0x00000000a3900000| Untracked 
|  58|0x00000000a3a00000, 0x00000000a3a00000, 0x00000000a3b00000|  0%| F|  |TAMS 0x00000000a3a00000| PB 0x00000000a3a00000| Untracked 
|  59|0x00000000a3b00000, 0x00000000a3b00000, 0x00000000a3c00000|  0%| F|  |TAMS 0x00000000a3b00000| PB 0x00000000a3b00000| Untracked 
|  60|0x00000000a3c00000, 0x00000000a3c00000, 0x00000000a3d00000|  0%| F|  |TAMS 0x00000000a3c00000| PB 0x00000000a3c00000| Untracked 
|  61|0x00000000a3d00000, 0x00000000a3d00000, 0x00000000a3e00000|  0%| F|  |TAMS 0x00000000a3d00000| PB 0x00000000a3d00000| Untracked 
|  62|0x00000000a3e00000, 0x00000000a3e00000, 0x00000000a3f00000|  0%| F|  |TAMS 0x00000000a3e00000| PB 0x00000000a3e00000| Untracked 
|  63|0x00000000a3f00000, 0x00000000a3f00000, 0x00000000a4000000|  0%| F|  |TAMS 0x00000000a3f00000| PB 0x00000000a3f00000| Untracked 
|  64|0x00000000a4000000, 0x00000000a4000000, 0x00000000a4100000|  0%| F|  |TAMS 0x00000000a4000000| PB 0x00000000a4000000| Untracked 
|  65|0x00000000a4100000, 0x00000000a4100000, 0x00000000a4200000|  0%| F|  |TAMS 0x00000000a4100000| PB 0x00000000a4100000| Untracked 
|  66|0x00000000a4200000, 0x00000000a4200000, 0x00000000a4300000|  0%| F|  |TAMS 0x00000000a4200000| PB 0x00000000a4200000| Untracked 
|  67|0x00000000a4300000, 0x00000000a4300000, 0x00000000a4400000|  0%| F|  |TAMS 0x00000000a4300000| PB 0x00000000a4300000| Untracked 
|  68|0x00000000a4400000, 0x00000000a4400000, 0x00000000a4500000|  0%| F|  |TAMS 0x00000000a4400000| PB 0x00000000a4400000| Untracked 
|  69|0x00000000a4500000, 0x00000000a4500000, 0x00000000a4600000|  0%| F|  |TAMS 0x00000000a4500000| PB 0x00000000a4500000| Untracked 
|  70|0x00000000a4600000, 0x00000000a4600000, 0x00000000a4700000|  0%| F|  |TAMS 0x00000000a4600000| PB 0x00000000a4600000| Untracked 
|  71|0x00000000a4700000, 0x00000000a4700000, 0x00000000a4800000|  0%| F|  |TAMS 0x00000000a4700000| PB 0x00000000a4700000| Untracked 
|  72|0x00000000a4800000, 0x00000000a4800000, 0x00000000a4900000|  0%| F|  |TAMS 0x00000000a4800000| PB 0x00000000a4800000| Untracked 
|  73|0x00000000a4900000, 0x00000000a4900000, 0x00000000a4a00000|  0%| F|  |TAMS 0x00000000a4900000| PB 0x00000000a4900000| Untracked 
|  74|0x00000000a4a00000, 0x00000000a4a00000, 0x00000000a4b00000|  0%| F|  |TAMS 0x00000000a4a00000| PB 0x00000000a4a00000| Untracked 
|  75|0x00000000a4b00000, 0x00000000a4b00000, 0x00000000a4c00000|  0%| F|  |TAMS 0x00000000a4b00000| PB 0x00000000a4b00000| Untracked 
|  76|0x00000000a4c00000, 0x00000000a4c00000, 0x00000000a4d00000|  0%| F|  |TAMS 0x00000000a4c00000| PB 0x00000000a4c00000| Untracked 
|  77|0x00000000a4d00000, 0x00000000a4d00000, 0x00000000a4e00000|  0%| F|  |TAMS 0x00000000a4d00000| PB 0x00000000a4d00000| Untracked 
|  78|0x00000000a4e00000, 0x00000000a4e00000, 0x00000000a4f00000|  0%| F|  |TAMS 0x00000000a4e00000| PB 0x00000000a4e00000| Untracked 
|  79|0x00000000a4f00000, 0x00000000a4f00000, 0x00000000a5000000|  0%| F|  |TAMS 0x00000000a4f00000| PB 0x00000000a4f00000| Untracked 
| 392|0x00000000b8800000, 0x00000000b8800000, 0x00000000b8900000|  0%| F|  |TAMS 0x00000000b8800000| PB 0x00000000b8800000| Untracked 
| 393|0x00000000b8900000, 0x00000000b8900000, 0x00000000b8a00000|  0%| F|  |TAMS 0x00000000b8900000| PB 0x00000000b8900000| Untracked 
| 394|0x00000000b8a00000, 0x00000000b8a00000, 0x00000000b8b00000|  0%| F|  |TAMS 0x00000000b8a00000| PB 0x00000000b8a00000| Untracked 
| 395|0x00000000b8b00000, 0x00000000b8b00000, 0x00000000b8c00000|  0%| F|  |TAMS 0x00000000b8b00000| PB 0x00000000b8b00000| Untracked 
| 396|0x00000000b8c00000, 0x00000000b8c00000, 0x00000000b8d00000|  0%| F|  |TAMS 0x00000000b8c00000| PB 0x00000000b8c00000| Untracked 
| 397|0x00000000b8d00000, 0x00000000b8d00000, 0x00000000b8e00000|  0%| F|  |TAMS 0x00000000b8d00000| PB 0x00000000b8d00000| Untracked 
| 398|0x00000000b8e00000, 0x00000000b8e00000, 0x00000000b8f00000|  0%| F|  |TAMS 0x00000000b8e00000| PB 0x00000000b8e00000| Untracked 
| 399|0x00000000b8f00000, 0x00000000b8f00000, 0x00000000b9000000|  0%| F|  |TAMS 0x00000000b8f00000| PB 0x00000000b8f00000| Untracked 
| 400|0x00000000b9000000, 0x00000000b907e7e0, 0x00000000b9100000| 49%| E|  |TAMS 0x00000000b9000000| PB 0x00000000b9000000| Complete 
| 401|0x00000000b9100000, 0x00000000b9200000, 0x00000000b9200000|100%| E|CS|TAMS 0x00000000b9100000| PB 0x00000000b9100000| Complete 
| 402|0x00000000b9200000, 0x00000000b9300000, 0x00000000b9300000|100%| E|CS|TAMS 0x00000000b9200000| PB 0x00000000b9200000| Complete 
| 403|0x00000000b9300000, 0x00000000b9400000, 0x00000000b9400000|100%| E|CS|TAMS 0x00000000b9300000| PB 0x00000000b9300000| Complete 
| 404|0x00000000b9400000, 0x00000000b9500000, 0x00000000b9500000|100%| E|CS|TAMS 0x00000000b9400000| PB 0x00000000b9400000| Complete 
| 405|0x00000000b9500000, 0x00000000b9600000, 0x00000000b9600000|100%| E|CS|TAMS 0x00000000b9500000| PB 0x00000000b9500000| Complete 
| 406|0x00000000b9600000, 0x00000000b9700000, 0x00000000b9700000|100%| E|CS|TAMS 0x00000000b9600000| PB 0x00000000b9600000| Complete 
| 508|0x00000000bfc00000, 0x00000000bfd00000, 0x00000000bfd00000|100%| E|CS|TAMS 0x00000000bfc00000| PB 0x00000000bfc00000| Complete 
| 509|0x00000000bfd00000, 0x00000000bfe00000, 0x00000000bfe00000|100%| E|CS|TAMS 0x00000000bfd00000| PB 0x00000000bfd00000| Complete 

Card table byte_map: [0x000001ae2f710000,0x000001ae2fa10000] _byte_map_base: 0x000001ae2f210000

Marking Bits: (CMBitMap*) 0x000001ae1b1c83a0
 Bits: [0x000001ae2fa10000, 0x000001ae31210000)

Polling page: 0x000001ae1af20000

Metaspace:

Usage:
  Non-class:     30.74 MB used.
      Class:      5.21 MB used.
       Both:     35.95 MB used.

Virtual space:
  Non-class space:       64.00 MB reserved,      31.38 MB ( 49%) committed,  1 nodes.
      Class space:        1.00 GB reserved,       5.88 MB ( <1%) committed,  1 nodes.
             Both:        1.06 GB reserved,      37.25 MB (  3%) committed. 

Chunk freelists:
   Non-Class:  592.00 KB
       Class:  9.98 MB
        Both:  10.56 MB

MaxMetaspaceSize: unlimited
CompressedClassSpaceSize: 1.00 GB
Initial GC threshold: 21.00 MB
Current GC threshold: 59.19 MB
CDS: on
 - commit_granule_bytes: 65536.
 - commit_granule_words: 8192.
 - virtual_space_node_default_size: 8388608.
 - enlarge_chunks_in_place: 1.
 - use_allocation_guard: 0.


Internal statistics:

num_allocs_failed_limit: 6.
num_arena_births: 2234.
num_arena_deaths: 0.
num_vsnodes_births: 2.
num_vsnodes_deaths: 0.
num_space_committed: 596.
num_space_uncommitted: 0.
num_chunks_returned_to_freelist: 6.
num_chunks_taken_from_freelist: 3892.
num_chunk_merges: 3.
num_chunk_splits: 2496.
num_chunks_enlarged: 1541.
num_inconsistent_stats: 0.

CodeHeap 'non-profiled nmethods': size=120000Kb used=3251Kb max_used=3251Kb free=116748Kb
 bounds [0x000001ae27470000, 0x000001ae277a0000, 0x000001ae2e9a0000]
CodeHeap 'profiled nmethods': size=120000Kb used=9182Kb max_used=9182Kb free=110817Kb
 bounds [0x000001ae1f9a0000, 0x000001ae202a0000, 0x000001ae26ed0000]
CodeHeap 'non-nmethods': size=5760Kb used=1813Kb max_used=1888Kb free=3946Kb
 bounds [0x000001ae26ed0000, 0x000001ae27140000, 0x000001ae27470000]
CodeCache: size=245760Kb, used=14246Kb, max_used=14321Kb, free=231511Kb
 total_blobs=5537, nmethods=4848, adapters=593, full_count=0
Compilation: enabled, stopped_count=0, restarted_count=0

Compilation events (20 events):
Event: 4772.852 Thread 0x000001ae7510c6a0 nmethod 5449 0x000001ae27795110 code [0x000001ae27795300, 0x000001ae27795c48]
Event: 4832.779 Thread 0x000001ae7510c6a0 5450       4       java.util.concurrent.locks.AbstractQueuedSynchronizer::acquire (20 bytes)
Event: 4832.788 Thread 0x000001ae7510c6a0 nmethod 5450 0x000001ae27795f90 code [0x000001ae27796140, 0x000001ae27796378]
Event: 4863.055 Thread 0x000001ae7510c6a0 5451       4       org.gradle.internal.serialize.InputStreamBackedDecoder::readBoolean (8 bytes)
Event: 4863.068 Thread 0x000001ae7510c6a0 nmethod 5451 0x000001ae27796490 code [0x000001ae27796620, 0x000001ae27796710]
Event: 14290.154 Thread 0x000001ae7510c6a0 5452       4       java.lang.ThreadLocal$ThreadLocalMap::remove (68 bytes)
Event: 14290.207 Thread 0x000001ae7510c6a0 nmethod 5452 0x000001ae27796810 code [0x000001ae27796a20, 0x000001ae27797258]
Event: 14290.207 Thread 0x000001ae7510c6a0 5453       4       java.lang.ThreadLocal::remove (8 bytes)
Event: 14290.237 Thread 0x000001ae7510c6a0 nmethod 5453 0x000001ae27797790 code [0x000001ae277979a0, 0x000001ae27798270]
Event: 14290.302 Thread 0x000001ae7510c6a0 5454       4       java.util.concurrent.ThreadPoolExecutor$Worker::unlock (7 bytes)
Event: 14290.307 Thread 0x000001ae7510c6a0 nmethod 5454 0x000001ae27798810 code [0x000001ae277989c0, 0x000001ae27798b40]
Event: 14290.307 Thread 0x000001ae7510c6a0 5455       4       java.util.concurrent.ThreadPoolExecutor$Worker::lock (6 bytes)
Event: 14290.310 Thread 0x000001ae7510c6a0 nmethod 5455 0x000001ae27798c10 code [0x000001ae27798da0, 0x000001ae27798f48]
Event: 14290.386 Thread 0x000001ae7510c6a0 5456   !   4       java.util.concurrent.ThreadPoolExecutor::getTask (177 bytes)
Event: 14290.537 Thread 0x000001ae7510c6a0 nmethod 5456 0x000001ae27799010 code [0x000001ae277993a0, 0x000001ae2779a848]
Event: 14290.537 Thread 0x000001ae7510c6a0 5457       4       java.util.concurrent.ScheduledThreadPoolExecutor$DelayedWorkQueue::add (9 bytes)
Event: 14290.564 Thread 0x000001ae7510c6a0 nmethod 5457 0x000001ae2779b790 code [0x000001ae2779b9e0, 0x000001ae2779c2d8]
Event: 14306.908 Thread 0x000001ae7510c6a0 5458   !   4       org.gradle.internal.concurrent.ExecutorPolicy$CatchAndRecordFailures::onExecute (29 bytes)
Event: 14307.961 Thread 0x000001ae7510c6a0 nmethod 5458 0x000001ae2779c890 code [0x000001ae2779ca60, 0x000001ae2779cc58]
Event: 14307.961 Thread 0x000001ae7510c6a0 5459   !   4       org.gradle.internal.concurrent.AbstractManagedExecutor$1::run (57 bytes)

GC Heap History (20 events):
Event: 474.401 GC heap before
{Heap before GC invocations=7 (full 0):
 garbage-first heap   total 99328K, used 33835K [0x00000000a0000000, 0x0000000100000000)
  region size 1024K, 12 young (12288K), 7 survivors (7168K)
 Metaspace       used 34966K, committed 36160K, reserved 1114112K
  class space    used 5058K, committed 5632K, reserved 1048576K
}
Event: 474.422 GC heap after
{Heap after GC invocations=8 (full 0):
 garbage-first heap   total 99328K, used 31773K [0x00000000a0000000, 0x0000000100000000)
  region size 1024K, 5 young (5120K), 5 survivors (5120K)
 Metaspace       used 34966K, committed 36160K, reserved 1114112K
  class space    used 5058K, committed 5632K, reserved 1048576K
}
Event: 772.760 GC heap before
{Heap before GC invocations=9 (full 0):
 garbage-first heap   total 99328K, used 86045K [0x00000000a0000000, 0x0000000100000000)
  region size 1024K, 58 young (59392K), 5 survivors (5120K)
 Metaspace       used 36336K, committed 37696K, reserved 1114112K
  class space    used 5279K, committed 5952K, reserved 1048576K
}
Event: 772.812 GC heap after
{Heap after GC invocations=10 (full 0):
 garbage-first heap   total 99328K, used 32839K [0x00000000a0000000, 0x0000000100000000)
  region size 1024K, 6 young (6144K), 6 survivors (6144K)
 Metaspace       used 36336K, committed 37696K, reserved 1114112K
  class space    used 5279K, committed 5952K, reserved 1048576K
}
Event: 1293.596 GC heap before
{Heap before GC invocations=10 (full 0):
 garbage-first heap   total 99328K, used 86087K [0x00000000a0000000, 0x0000000100000000)
  region size 1024K, 58 young (59392K), 6 survivors (6144K)
 Metaspace       used 36374K, committed 37696K, reserved 1114112K
  class space    used 5279K, committed 5952K, reserved 1048576K
}
Event: 1293.701 GC heap after
{Heap after GC invocations=11 (full 0):
 garbage-first heap   total 99328K, used 32764K [0x00000000a0000000, 0x0000000100000000)
  region size 1024K, 3 young (3072K), 3 survivors (3072K)
 Metaspace       used 36374K, committed 37696K, reserved 1114112K
  class space    used 5279K, committed 5952K, reserved 1048576K
}
Event: 1822.152 GC heap before
{Heap before GC invocations=11 (full 0):
 garbage-first heap   total 99328K, used 88060K [0x00000000a0000000, 0x0000000100000000)
  region size 1024K, 58 young (59392K), 3 survivors (3072K)
 Metaspace       used 36440K, committed 37760K, reserved 1114112K
  class space    used 5279K, committed 5952K, reserved 1048576K
}
Event: 1822.200 GC heap after
{Heap after GC invocations=12 (full 0):
 garbage-first heap   total 99328K, used 32260K [0x00000000a0000000, 0x0000000100000000)
  region size 1024K, 3 young (3072K), 3 survivors (3072K)
 Metaspace       used 36440K, committed 37760K, reserved 1114112K
  class space    used 5279K, committed 5952K, reserved 1048576K
}
Event: 2353.152 GC heap before
{Heap before GC invocations=12 (full 0):
 garbage-first heap   total 99328K, used 88580K [0x00000000a0000000, 0x0000000100000000)
  region size 1024K, 58 young (59392K), 3 survivors (3072K)
 Metaspace       used 36482K, committed 37824K, reserved 1114112K
  class space    used 5279K, committed 5952K, reserved 1048576K
}
Event: 2353.179 GC heap after
{Heap after GC invocations=13 (full 0):
 garbage-first heap   total 99328K, used 32328K [0x00000000a0000000, 0x0000000100000000)
  region size 1024K, 3 young (3072K), 3 survivors (3072K)
 Metaspace       used 36482K, committed 37824K, reserved 1114112K
  class space    used 5279K, committed 5952K, reserved 1048576K
}
Event: 2902.233 GC heap before
{Heap before GC invocations=13 (full 0):
 garbage-first heap   total 99328K, used 88648K [0x00000000a0000000, 0x0000000100000000)
  region size 1024K, 58 young (59392K), 3 survivors (3072K)
 Metaspace       used 36514K, committed 37888K, reserved 1114112K
  class space    used 5279K, committed 5952K, reserved 1048576K
}
Event: 2902.258 GC heap after
{Heap after GC invocations=14 (full 0):
 garbage-first heap   total 99328K, used 32222K [0x00000000a0000000, 0x0000000100000000)
  region size 1024K, 3 young (3072K), 3 survivors (3072K)
 Metaspace       used 36514K, committed 37888K, reserved 1114112K
  class space    used 5279K, committed 5952K, reserved 1048576K
}
Event: 3412.845 GC heap before
{Heap before GC invocations=14 (full 0):
 garbage-first heap   total 99328K, used 88542K [0x00000000a0000000, 0x0000000100000000)
  region size 1024K, 58 young (59392K), 3 survivors (3072K)
 Metaspace       used 36575K, committed 37888K, reserved 1114112K
  class space    used 5291K, committed 5952K, reserved 1048576K
}
Event: 3412.885 GC heap after
{Heap after GC invocations=15 (full 0):
 garbage-first heap   total 99328K, used 32546K [0x00000000a0000000, 0x0000000100000000)
  region size 1024K, 3 young (3072K), 3 survivors (3072K)
 Metaspace       used 36575K, committed 37888K, reserved 1114112K
  class space    used 5291K, committed 5952K, reserved 1048576K
}
Event: 4042.281 GC heap before
{Heap before GC invocations=15 (full 0):
 garbage-first heap   total 99328K, used 87842K [0x00000000a0000000, 0x0000000100000000)
  region size 1024K, 58 young (59392K), 3 survivors (3072K)
 Metaspace       used 36793K, committed 38144K, reserved 1114112K
  class space    used 5332K, committed 6016K, reserved 1048576K
}
Event: 4042.380 GC heap after
{Heap after GC invocations=16 (full 0):
 garbage-first heap   total 99328K, used 32608K [0x00000000a0000000, 0x0000000100000000)
  region size 1024K, 3 young (3072K), 3 survivors (3072K)
 Metaspace       used 36793K, committed 38144K, reserved 1114112K
  class space    used 5332K, committed 6016K, reserved 1048576K
}
Event: 4462.787 GC heap before
{Heap before GC invocations=16 (full 0):
 garbage-first heap   total 99328K, used 87904K [0x00000000a0000000, 0x0000000100000000)
  region size 1024K, 58 young (59392K), 3 survivors (3072K)
 Metaspace       used 36808K, committed 38144K, reserved 1114112K
  class space    used 5332K, committed 6016K, reserved 1048576K
}
Event: 4462.821 GC heap after
{Heap after GC invocations=17 (full 0):
 garbage-first heap   total 99328K, used 32396K [0x00000000a0000000, 0x0000000100000000)
  region size 1024K, 3 young (3072K), 3 survivors (3072K)
 Metaspace       used 36808K, committed 38144K, reserved 1114112K
  class space    used 5332K, committed 6016K, reserved 1048576K
}
Event: 4969.572 GC heap before
{Heap before GC invocations=17 (full 0):
 garbage-first heap   total 99328K, used 88716K [0x00000000a0000000, 0x0000000100000000)
  region size 1024K, 58 young (59392K), 3 survivors (3072K)
 Metaspace       used 36808K, committed 38144K, reserved 1114112K
  class space    used 5332K, committed 6016K, reserved 1048576K
}
Event: 4969.612 GC heap after
{Heap after GC invocations=18 (full 0):
 garbage-first heap   total 99328K, used 32326K [0x00000000a0000000, 0x0000000100000000)
  region size 1024K, 3 young (3072K), 3 survivors (3072K)
 Metaspace       used 36808K, committed 38144K, reserved 1114112K
  class space    used 5332K, committed 6016K, reserved 1048576K
}

Dll operation events (20 events):
Event: 16.278 Attempting to load shared library C:\Users\Dawit.DAWITA\.vscode\extensions\redhat.java-1.56.0-win32-x64\jre\21.0.12.1-win32-x86_64\bin\nio.dll
Event: 16.279 Loaded shared library C:\Users\Dawit.DAWITA\.vscode\extensions\redhat.java-1.56.0-win32-x64\jre\21.0.12.1-win32-x86_64\bin\nio.dll
Event: 16.293 Attempting to load shared library C:\Users\Dawit.DAWITA\.vscode\extensions\redhat.java-1.56.0-win32-x64\jre\21.0.12.1-win32-x86_64\bin\zip.dll
Event: 16.293 Loaded shared library C:\Users\Dawit.DAWITA\.vscode\extensions\redhat.java-1.56.0-win32-x64\jre\21.0.12.1-win32-x86_64\bin\zip.dll
Event: 65.775 Attempting to load shared library C:\Users\Dawit.DAWITA\.vscode\extensions\redhat.java-1.56.0-win32-x64\jre\21.0.12.1-win32-x86_64\bin\jimage.dll
Event: 65.775 Loaded shared library C:\Users\Dawit.DAWITA\.vscode\extensions\redhat.java-1.56.0-win32-x64\jre\21.0.12.1-win32-x86_64\bin\jimage.dll
Event: 86.322 Attempting to load shared library C:\Users\Dawit.DAWITA\.vscode\extensions\redhat.java-1.56.0-win32-x64\jre\21.0.12.1-win32-x86_64\bin\verify.dll
Event: 86.323 Loaded shared library C:\Users\Dawit.DAWITA\.vscode\extensions\redhat.java-1.56.0-win32-x64\jre\21.0.12.1-win32-x86_64\bin\verify.dll
Event: 95.428 Attempting to load shared library C:\Users\Dawit.DAWITA\.gradle\native\c067742578af261105cb4f569cf0c3c89f3d7b1fecec35dd04571415982c5e48\windows-amd64\native-platform.dll
Event: 95.430 Loaded shared library C:\Users\Dawit.DAWITA\.gradle\native\c067742578af261105cb4f569cf0c3c89f3d7b1fecec35dd04571415982c5e48\windows-amd64\native-platform.dll
Event: 95.578 Attempting to load shared library C:\Users\Dawit.DAWITA\.gradle\native\100fb08df4bc3b14c8652ba06237920a3bd2aa13389f12d3474272988ae205f9\windows-amd64\native-platform-file-events.dll
Event: 95.580 Loaded shared library C:\Users\Dawit.DAWITA\.gradle\native\100fb08df4bc3b14c8652ba06237920a3bd2aa13389f12d3474272988ae205f9\windows-amd64\native-platform-file-events.dll
Event: 234.372 Attempting to load shared library C:\Users\Dawit.DAWITA\.vscode\extensions\redhat.java-1.56.0-win32-x64\jre\21.0.12.1-win32-x86_64\bin\management.dll
Event: 234.373 Loaded shared library C:\Users\Dawit.DAWITA\.vscode\extensions\redhat.java-1.56.0-win32-x64\jre\21.0.12.1-win32-x86_64\bin\management.dll
Event: 234.385 Attempting to load shared library C:\Users\Dawit.DAWITA\.vscode\extensions\redhat.java-1.56.0-win32-x64\jre\21.0.12.1-win32-x86_64\bin\management_ext.dll
Event: 234.386 Loaded shared library C:\Users\Dawit.DAWITA\.vscode\extensions\redhat.java-1.56.0-win32-x64\jre\21.0.12.1-win32-x86_64\bin\management_ext.dll
Event: 244.499 Attempting to load shared library C:\Users\Dawit.DAWITA\.vscode\extensions\redhat.java-1.56.0-win32-x64\jre\21.0.12.1-win32-x86_64\bin\extnet.dll
Event: 244.499 Loaded shared library C:\Users\Dawit.DAWITA\.vscode\extensions\redhat.java-1.56.0-win32-x64\jre\21.0.12.1-win32-x86_64\bin\extnet.dll
Event: 274.363 Attempting to load shared library C:\Users\Dawit.DAWITA\.vscode\extensions\redhat.java-1.56.0-win32-x64\jre\21.0.12.1-win32-x86_64\bin\sunmscapi.dll
Event: 274.383 Loaded shared library C:\Users\Dawit.DAWITA\.vscode\extensions\redhat.java-1.56.0-win32-x64\jre\21.0.12.1-win32-x86_64\bin\sunmscapi.dll

Deoptimization events (20 events):
Event: 4091.058 Thread 0x000001ae7afda1b0 DEOPT PACKING pc=0x000001ae1fdc35c7 sp=0x00000094e66ff440
Event: 4091.061 Thread 0x000001ae7afda1b0 DEOPT UNPACKING pc=0x000001ae26f24bc2 sp=0x00000094e66fe928 mode 0
Event: 4120.976 Thread 0x000001ae7b066860 DEOPT PACKING pc=0x000001ae1fb1bf32 sp=0x00000094e5cfee60
Event: 4120.976 Thread 0x000001ae7b066860 DEOPT UNPACKING pc=0x000001ae26f24bc2 sp=0x00000094e5cfe2f8 mode 0
Event: 14306.161 Thread 0x000001ae7ac02250 Uncommon trap: trap_request=0xffffffd6 fr.pc=0x000001ae2779bfa0 relative=0x00000000000005c0
Event: 14306.161 Thread 0x000001ae7ac02250 Uncommon trap: reason=array_check action=maybe_recompile pc=0x000001ae2779bfa0 method=java.util.concurrent.ScheduledThreadPoolExecutor$DelayedWorkQueue.offer(Ljava/lang/Runnable;)Z @ 65 c2
Event: 14306.161 Thread 0x000001ae7ac02250 DEOPT PACKING pc=0x000001ae2779bfa0 sp=0x00000094e5aff140
Event: 14306.198 Thread 0x000001ae7ac02250 DEOPT UNPACKING pc=0x000001ae26f24422 sp=0x00000094e5aff000 mode 2
Event: 14306.206 Thread 0x000001ae7ac02250 Uncommon trap: trap_request=0xffffffd6 fr.pc=0x000001ae2779bfa0 relative=0x00000000000005c0
Event: 14306.206 Thread 0x000001ae7ac02250 Uncommon trap: reason=array_check action=maybe_recompile pc=0x000001ae2779bfa0 method=java.util.concurrent.ScheduledThreadPoolExecutor$DelayedWorkQueue.offer(Ljava/lang/Runnable;)Z @ 65 c2
Event: 14306.206 Thread 0x000001ae7ac02250 DEOPT PACKING pc=0x000001ae2779bfa0 sp=0x00000094e5aff140
Event: 14306.210 Thread 0x000001ae7ac02250 DEOPT UNPACKING pc=0x000001ae26f24422 sp=0x00000094e5aff000 mode 2
Event: 14306.211 Thread 0x000001ae7ac02250 Uncommon trap: trap_request=0xffffffd6 fr.pc=0x000001ae2779bfa0 relative=0x00000000000005c0
Event: 14306.211 Thread 0x000001ae7ac02250 Uncommon trap: reason=array_check action=maybe_recompile pc=0x000001ae2779bfa0 method=java.util.concurrent.ScheduledThreadPoolExecutor$DelayedWorkQueue.offer(Ljava/lang/Runnable;)Z @ 65 c2
Event: 14306.211 Thread 0x000001ae7ac02250 DEOPT PACKING pc=0x000001ae2779bfa0 sp=0x00000094e5aff140
Event: 14306.211 Thread 0x000001ae7ac02250 DEOPT UNPACKING pc=0x000001ae26f24422 sp=0x00000094e5aff000 mode 2
Event: 14306.211 Thread 0x000001ae7ac02250 Uncommon trap: trap_request=0xffffffd6 fr.pc=0x000001ae2779bfa0 relative=0x00000000000005c0
Event: 14306.211 Thread 0x000001ae7ac02250 Uncommon trap: reason=array_check action=maybe_recompile pc=0x000001ae2779bfa0 method=java.util.concurrent.ScheduledThreadPoolExecutor$DelayedWorkQueue.offer(Ljava/lang/Runnable;)Z @ 65 c2
Event: 14306.211 Thread 0x000001ae7ac02250 DEOPT PACKING pc=0x000001ae2779bfa0 sp=0x00000094e5aff140
Event: 14306.211 Thread 0x000001ae7ac02250 DEOPT UNPACKING pc=0x000001ae26f24422 sp=0x00000094e5aff000 mode 2

Classes loaded (20 events):
Event: 474.446 Loading class jdk/internal/jimage/ImageReader$Resource
Event: 475.688 Loading class jdk/internal/jimage/ImageReader$Resource done
Event: 483.066 Loading class java/util/WeakHashMap$KeyIterator
Event: 483.066 Loading class java/util/WeakHashMap$HashIterator
Event: 483.067 Loading class java/util/WeakHashMap$HashIterator done
Event: 483.067 Loading class java/util/WeakHashMap$KeyIterator done
Event: 484.384 Loading class sun/nio/fs/WindowsPath$1
Event: 484.384 Loading class sun/nio/fs/WindowsPath$1 done
Event: 484.385 Loading class sun/nio/fs/WindowsException
Event: 484.386 Loading class sun/nio/fs/WindowsException done
Event: 484.394 Loading class java/security/CodeSigner
Event: 484.394 Loading class java/security/CodeSigner done
Event: 484.879 Loading class java/io/StringReader
Event: 484.879 Loading class java/io/StringReader done
Event: 485.595 Loading class java/math/MutableBigInteger
Event: 485.596 Loading class java/math/MutableBigInteger done
Event: 487.292 Loading class java/nio/charset/CharacterCodingException
Event: 487.292 Loading class java/nio/charset/CharacterCodingException done
Event: 490.805 Loading class java/util/stream/Streams$RangeIntSpliterator
Event: 490.805 Loading class java/util/stream/Streams$RangeIntSpliterator done

Classes unloaded (0 events):
No events

Classes redefined (0 events):
No events

Internal exceptions (20 events):
Event: 465.508 Thread 0x000001ae7afd8770 Exception <a 'java/lang/ClassNotFoundException'{0x00000000a2bf17a8}: groovy/lang/ExpandoMetaClassCustomizer> (0x00000000a2bf17a8) 
thrown [s\src\hotspot\share\classfile\systemDictionary.cpp, line 313]
Event: 483.084 Thread 0x000001ae7afd8770 Exception <a 'java/lang/ClassNotFoundException'{0x00000000a481c968}: org/gradle/internal/extensibility/DefaultExtraPropertiesExtensionBeanInfo> (0x00000000a481c968) 
thrown [s\src\hotspot\share\classfile\systemDictionary.cpp, line 313]
Event: 483.091 Thread 0x000001ae7afd8770 Exception <a 'java/lang/ClassNotFoundException'{0x00000000a4824dd0}: groovy/lang/GroovyObjectSupportBeanInfo> (0x00000000a4824dd0) 
thrown [s\src\hotspot\share\classfile\systemDictionary.cpp, line 313]
Event: 483.092 Thread 0x000001ae7afd8770 Exception <a 'java/lang/ClassNotFoundException'{0x00000000a482d240}: groovy/lang/GroovyObjectSupportCustomizer> (0x00000000a482d240) 
thrown [s\src\hotspot\share\classfile\systemDictionary.cpp, line 313]
Event: 483.100 Thread 0x000001ae7afd8770 Exception <a 'java/lang/ClassNotFoundException'{0x00000000a48472a0}: org/gradle/internal/extensibility/DefaultExtraPropertiesExtensionCustomizer> (0x00000000a48472a0) 
thrown [s\src\hotspot\share\classfile\systemDictionary.cpp, line 313]
Event: 483.462 Thread 0x000001ae7afd8770 Exception <a 'java/lang/IncompatibleClassChangeError'{0x00000000a4861d68}: Found class java.lang.Object, but interface was expected> (0x00000000a4861d68) 
thrown [s\src\hotspot\share\interpreter\linkResolver.cpp, line 840]
Event: 484.386 Thread 0x000001ae7afd8770 Exception <a 'sun/nio/fs/WindowsException'{0x00000000a4744610}> (0x00000000a4744610) 
thrown [s\src\hotspot\share\prims\jni.cpp, line 520]
Event: 484.387 Thread 0x000001ae7afd8770 Exception <a 'sun/nio/fs/WindowsException'{0x00000000a4745b88}> (0x00000000a4745b88) 
thrown [s\src\hotspot\share\prims\jni.cpp, line 520]
Event: 484.388 Thread 0x000001ae7afd8770 Exception <a 'sun/nio/fs/WindowsException'{0x00000000a47470b0}> (0x00000000a47470b0) 
thrown [s\src\hotspot\share\prims\jni.cpp, line 520]
Event: 484.389 Thread 0x000001ae7afd8770 Exception <a 'sun/nio/fs/WindowsException'{0x00000000a47481f0}> (0x00000000a47481f0) 
thrown [s\src\hotspot\share\prims\jni.cpp, line 520]
Event: 485.669 Thread 0x000001ae7afd8770 Exception <a 'java/lang/IncompatibleClassChangeError'{0x00000000a467bf40}: Found class java.lang.Object, but interface was expected> (0x00000000a467bf40) 
thrown [s\src\hotspot\share\interpreter\linkResolver.cpp, line 840]
Event: 487.086 Thread 0x000001ae7afdb560 Implicit null exception at 0x000001ae276e32b4 to 0x000001ae276e4508
Event: 487.295 Thread 0x000001ae7afdb560 Implicit null exception at 0x000001ae275d8aaf to 0x000001ae275d9240
Event: 487.879 Thread 0x000001ae7afd8770 Exception <a 'java/lang/NoSuchMethodError'{0x00000000a455dc98}: 'java.lang.Object java.lang.invoke.DirectMethodHandle$Holder.newInvokeSpecial(java.lang.Object, java.lang.Object, long)'> (0x00000000a455dc98) 
thrown [s\src\hotspot\share\interpreter\linkResolver.cpp, line 773]
Event: 487.879 Thread 0x000001ae7afd8770 Exception <a 'java/lang/NoSuchMethodError'{0x00000000a4562280}: 'java.lang.Object java.lang.invoke.Invokers$Holder.linkToTargetMethod(java.lang.Object, long, java.lang.Object)'> (0x00000000a4562280) 
thrown [s\src\hotspot\share\interpreter\linkResolver.cpp, line 773]
Event: 489.549 Thread 0x000001ae7afd8770 Exception <a 'java/lang/NoSuchMethodError'{0x00000000a43c5748}: 'int java.lang.invoke.DirectMethodHandle$Holder.invokeInterface(java.lang.Object, java.lang.Object)'> (0x00000000a43c5748) 
thrown [s\src\hotspot\share\interpreter\linkResolver.cpp, line 773]
Event: 490.795 Thread 0x000001ae7afd8770 Exception <a 'java/lang/NoSuchMethodError'{0x00000000a422ece0}: 'java.lang.Object java.lang.invoke.DirectMethodHandle$Holder.invokeVirtual(java.lang.Object, java.lang.Object, int)'> (0x00000000a422ece0) 
thrown [s\src\hotspot\share\interpreter\linkResolver.cpp, line 773]
Event: 3385.914 Thread 0x000001ae7afd8770 Exception <a 'java/lang/NoSuchMethodError'{0x00000000a2e427e8}: 'java.lang.Object java.lang.invoke.DirectMethodHandle$Holder.newInvokeSpecial(java.lang.Object, java.lang.Object, int, java.lang.Object)'> (0x00000000a2e427e8) 
thrown [s\src\hotspot\share\interpreter\linkResolver.cpp, line 773]
Event: 3386.683 Thread 0x000001ae7afd8770 Exception <a 'java/lang/NoSuchMethodError'{0x00000000a2e46e08}: 'java.lang.Object java.lang.invoke.DirectMethodHandle$Holder.invokeSpecial(java.lang.Object, java.lang.Object, java.lang.Object, int, java.lang.Object)'> (0x00000000a2e46e08) 
thrown [s\src\hotspot\share\interpreter\linkResolver.cpp, line 773]
Event: 3430.335 Thread 0x000001ae7afd8770 Exception <a 'java/lang/IncompatibleClassChangeError'{0x00000000b96d6748}: Found class java.lang.Object, but interface was expected> (0x00000000b96d6748) 
thrown [s\src\hotspot\share\interpreter\linkResolver.cpp, line 840]

ZGC Phase Switch (0 events):
No events

VM Operations (20 events):
Event: 4288.003 Executing safepoint VM operation: Cleanup
Event: 4288.003 Executing safepoint VM operation: Cleanup done
Event: 4372.857 Executing safepoint VM operation: Cleanup
Event: 4372.857 Executing safepoint VM operation: Cleanup done
Event: 4377.917 Executing safepoint VM operation: Cleanup
Event: 4377.917 Executing safepoint VM operation: Cleanup done
Event: 4462.787 Executing safepoint VM operation: G1CollectForAllocation (G1 Evacuation Pause)
Event: 4462.821 Executing safepoint VM operation: G1CollectForAllocation (G1 Evacuation Pause) done
Event: 4774.201 Executing safepoint VM operation: Cleanup
Event: 4774.204 Executing safepoint VM operation: Cleanup done
Event: 4873.398 Executing safepoint VM operation: Cleanup
Event: 4873.398 Executing safepoint VM operation: Cleanup done
Event: 4969.572 Executing safepoint VM operation: G1CollectForAllocation (G1 Evacuation Pause)
Event: 4969.613 Executing safepoint VM operation: G1CollectForAllocation (G1 Evacuation Pause) done
Event: 14286.349 Executing safepoint VM operation: Cleanup
Event: 14290.050 Executing safepoint VM operation: Cleanup done
Event: 14291.078 Executing safepoint VM operation: Cleanup
Event: 14306.098 Executing safepoint VM operation: Cleanup done
Event: 14307.112 Executing safepoint VM operation: Cleanup
Event: 14307.940 Executing safepoint VM operation: Cleanup done

Memory protections (0 events):
No events

Nmethod flushes (20 events):
Event: 475.705 Thread 0x000001ae750ecdd0 flushing  nmethod 0x000001ae1fbf9690
Event: 475.705 Thread 0x000001ae750ecdd0 flushing  nmethod 0x000001ae1fbfad90
Event: 475.705 Thread 0x000001ae750ecdd0 flushing  nmethod 0x000001ae1fbfb490
Event: 475.705 Thread 0x000001ae750ecdd0 flushing  nmethod 0x000001ae1fbfbb90
Event: 475.705 Thread 0x000001ae750ecdd0 flushing  nmethod 0x000001ae1fbfc510
Event: 475.705 Thread 0x000001ae750ecdd0 flushing  nmethod 0x000001ae1fbfda90
Event: 475.705 Thread 0x000001ae750ecdd0 flushing  nmethod 0x000001ae1fbfe310
Event: 475.705 Thread 0x000001ae750ecdd0 flushing  nmethod 0x000001ae1fbff190
Event: 475.705 Thread 0x000001ae750ecdd0 flushing  nmethod 0x000001ae1fc03790
Event: 475.705 Thread 0x000001ae750ecdd0 flushing  nmethod 0x000001ae1fc03c90
Event: 475.705 Thread 0x000001ae750ecdd0 flushing  nmethod 0x000001ae1fc07e10
Event: 475.705 Thread 0x000001ae750ecdd0 flushing  nmethod 0x000001ae1fdcc990
Event: 475.705 Thread 0x000001ae750ecdd0 flushing  nmethod 0x000001ae1fdcd210
Event: 475.705 Thread 0x000001ae750ecdd0 flushing  nmethod 0x000001ae1fdcd790
Event: 475.705 Thread 0x000001ae750ecdd0 flushing  nmethod 0x000001ae1fde2f10
Event: 475.705 Thread 0x000001ae750ecdd0 flushing  nmethod 0x000001ae1fe17c10
Event: 475.705 Thread 0x000001ae750ecdd0 flushing  nmethod 0x000001ae1fe3e590
Event: 475.705 Thread 0x000001ae750ecdd0 flushing  nmethod 0x000001ae1fe47590
Event: 475.705 Thread 0x000001ae750ecdd0 flushing  nmethod 0x000001ae1fe49210
Event: 475.705 Thread 0x000001ae750ecdd0 flushing  nmethod 0x000001ae1fe4c590

Events (20 events):
Event: 344.642 Thread 0x000001ae7afd9490 Thread added: 0x000001ae7afd9b20
Event: 345.579 Thread 0x000001ae7afd8770 Thread added: 0x000001ae7afdaed0
Event: 379.314 Thread 0x000001ae7afd8770 Thread added: 0x000001ae7bc34c30
Event: 396.714 Thread 0x000001ae7afd8770 Thread added: 0x000001ae7bc352c0
Event: 398.012 Thread 0x000001ae7afd8770 Thread added: 0x000001ae7bc345a0
Event: 406.997 Thread 0x000001ae7afd8770 Thread added: 0x000001ae7bc35950
Event: 407.292 Thread 0x000001ae7afd8770 Thread added: 0x000001ae7bc35fe0
Event: 432.774 Thread 0x000001ae7afd8770 Thread added: 0x000001ae7bc33880
Event: 442.312 Thread 0x000001ae7afd8770 Thread added: 0x000001ae7bc36670
Event: 442.778 Thread 0x000001ae7afd9b20 Thread exited: 0x000001ae7afd9b20
Event: 445.957 Thread 0x000001ae7afd9490 Thread added: 0x000001ae7bc36d00
Event: 446.459 Thread 0x000001ae7afd8770 Thread added: 0x000001ae7bc37390
Event: 478.969 Thread 0x000001ae7510c6a0 Thread added: 0x000001ae7c575fd0
Event: 479.076 Thread 0x000001ae7c575fd0 Thread exited: 0x000001ae7c575fd0
Event: 483.070 Thread 0x000001ae75117690 Thread added: 0x000001ae7c575fd0
Event: 484.361 Thread 0x000001ae7c575fd0 Thread exited: 0x000001ae7c575fd0
Event: 556.558 Thread 0x000001ae7bc36d00 Thread exited: 0x000001ae7bc36d00
Event: 3380.862 Thread 0x000001ae7afd9490 Thread added: 0x000001ae7bc37a20
Event: 3387.283 Thread 0x000001ae7afd8770 Thread added: 0x000001ae7bc380b0
Event: 3495.891 Thread 0x000001ae7bc37a20 Thread exited: 0x000001ae7bc37a20


Dynamic libraries:
0x00007ff78b490000 - 0x00007ff78b49e000 	C:\Users\Dawit.DAWITA\.vscode\extensions\redhat.java-1.56.0-win32-x64\jre\21.0.12.1-win32-x86_64\bin\java.exe
0x00007ffaf8ac0000 - 0x00007ffaf8d27000 	C:\WINDOWS\SYSTEM32\ntdll.dll
0x00007ffaf6c70000 - 0x00007ffaf6d3b000 	C:\WINDOWS\System32\KERNEL32.DLL
0x00007ffaf5e10000 - 0x00007ffaf6211000 	C:\WINDOWS\System32\KERNELBASE.dll
0x00007ffaf6680000 - 0x00007ffaf67cc000 	C:\WINDOWS\System32\ucrtbase.dll
0x00007ffa513b0000 - 0x00007ffa513c8000 	C:\Users\Dawit.DAWITA\.vscode\extensions\redhat.java-1.56.0-win32-x64\jre\21.0.12.1-win32-x86_64\bin\jli.dll
0x00007ffaf8050000 - 0x00007ffaf8227000 	C:\WINDOWS\System32\USER32.dll
0x00007ffaf62e0000 - 0x00007ffaf6307000 	C:\WINDOWS\System32\win32u.dll
0x00007ffaf74f0000 - 0x00007ffaf751b000 	C:\WINDOWS\System32\GDI32.dll
0x00007ffaf6550000 - 0x00007ffaf6678000 	C:\WINDOWS\System32\gdi32full.dll
0x00007ffaf6310000 - 0x00007ffaf63b3000 	C:\WINDOWS\System32\msvcp_win.dll
0x00007ffa51390000 - 0x00007ffa513ae000 	C:\Users\Dawit.DAWITA\.vscode\extensions\redhat.java-1.56.0-win32-x64\jre\21.0.12.1-win32-x86_64\bin\VCRUNTIME140.dll
0x00007ffada7a0000 - 0x00007ffadaa30000 	C:\WINDOWS\WinSxS\amd64_microsoft.windows.common-controls_6595b64144ccf1df_6.0.26100.9549_none_3e0a0396e3330090\COMCTL32.dll
0x00007ffaf6b70000 - 0x00007ffaf6c19000 	C:\WINDOWS\System32\msvcrt.dll
0x00007ffaf7d50000 - 0x00007ffaf7d81000 	C:\WINDOWS\System32\IMM32.DLL
0x00007ffabfdc0000 - 0x00007ffabfdcc000 	C:\Users\Dawit.DAWITA\.vscode\extensions\redhat.java-1.56.0-win32-x64\jre\21.0.12.1-win32-x86_64\bin\vcruntime140_1.dll
0x00007ffa51300000 - 0x00007ffa5138d000 	C:\Users\Dawit.DAWITA\.vscode\extensions\redhat.java-1.56.0-win32-x64\jre\21.0.12.1-win32-x86_64\bin\msvcp140.dll
0x00007ffa50490000 - 0x00007ffa51232000 	C:\Users\Dawit.DAWITA\.vscode\extensions\redhat.java-1.56.0-win32-x64\jre\21.0.12.1-win32-x86_64\bin\server\jvm.dll
0x00007ffaf8950000 - 0x00007ffaf8a0b000 	C:\WINDOWS\System32\ADVAPI32.dll
0x00007ffaf8230000 - 0x00007ffaf82d8000 	C:\WINDOWS\System32\sechost.dll
0x00007ffaf7f30000 - 0x00007ffaf8048000 	C:\WINDOWS\System32\RPCRT4.dll
0x00007ffaf8710000 - 0x00007ffaf8791000 	C:\WINDOWS\System32\WS2_32.dll
0x00007ffaf5b10000 - 0x00007ffaf5b6e000 	C:\WINDOWS\SYSTEM32\POWRPROF.dll
0x00007ffadc210000 - 0x00007ffadc247000 	C:\WINDOWS\SYSTEM32\WINMM.dll
0x00007ffae7c80000 - 0x00007ffae7c8b000 	C:\WINDOWS\SYSTEM32\VERSION.dll
0x00007ffaf5af0000 - 0x00007ffaf5b05000 	C:\WINDOWS\SYSTEM32\UMPDC.dll
0x00007ffaf4960000 - 0x00007ffaf497b000 	C:\WINDOWS\SYSTEM32\kernel.appcore.dll
0x00007ffaba930000 - 0x00007ffaba93a000 	C:\Users\Dawit.DAWITA\.vscode\extensions\redhat.java-1.56.0-win32-x64\jre\21.0.12.1-win32-x86_64\bin\jimage.dll
0x00007ffaf29d0000 - 0x00007ffaf2c1c000 	C:\WINDOWS\SYSTEM32\DBGHELP.DLL
0x00007ffaf67e0000 - 0x00007ffaf6b6a000 	C:\WINDOWS\System32\combase.dll
0x00007ffaf8450000 - 0x00007ffaf8529000 	C:\WINDOWS\System32\OLEAUT32.dll
0x00007ffad6b70000 - 0x00007ffad6bab000 	C:\WINDOWS\SYSTEM32\dbgcore.DLL
0x00007ffaf6220000 - 0x00007ffaf62cc000 	C:\WINDOWS\System32\bcryptPrimitives.dll
0x00007ffae81f0000 - 0x00007ffae81ff000 	C:\Users\Dawit.DAWITA\.vscode\extensions\redhat.java-1.56.0-win32-x64\jre\21.0.12.1-win32-x86_64\bin\instrument.dll
0x00007ffa50470000 - 0x00007ffa50490000 	C:\Users\Dawit.DAWITA\.vscode\extensions\redhat.java-1.56.0-win32-x64\jre\21.0.12.1-win32-x86_64\bin\java.dll
0x00007ffaf6d40000 - 0x00007ffaf74dc000 	C:\WINDOWS\System32\SHELL32.dll
0x00007ffaf3740000 - 0x00007ffaf3fed000 	C:\WINDOWS\SYSTEM32\windows.storage.dll
0x00007ffaf87a0000 - 0x00007ffaf8899000 	C:\WINDOWS\System32\SHCORE.dll
0x00007ffaf8a10000 - 0x00007ffaf8a76000 	C:\WINDOWS\System32\shlwapi.dll
0x00007ffaf5bd0000 - 0x00007ffaf5bf9000 	C:\WINDOWS\SYSTEM32\profapi.dll
0x00007ffa503f0000 - 0x00007ffa50408000 	C:\Users\Dawit.DAWITA\.vscode\extensions\redhat.java-1.56.0-win32-x64\jre\21.0.12.1-win32-x86_64\bin\zip.dll
0x00007ffaae710000 - 0x00007ffaae720000 	C:\Users\Dawit.DAWITA\.vscode\extensions\redhat.java-1.56.0-win32-x64\jre\21.0.12.1-win32-x86_64\bin\net.dll
0x00007ffae7750000 - 0x00007ffae787a000 	C:\WINDOWS\SYSTEM32\WINHTTP.dll
0x00007ffaf4f20000 - 0x00007ffaf4f8c000 	C:\WINDOWS\system32\mswsock.dll
0x00007ffa51860000 - 0x00007ffa51876000 	C:\Users\Dawit.DAWITA\.vscode\extensions\redhat.java-1.56.0-win32-x64\jre\21.0.12.1-win32-x86_64\bin\nio.dll
0x00007ffae81e0000 - 0x00007ffae81f0000 	C:\Users\Dawit.DAWITA\.vscode\extensions\redhat.java-1.56.0-win32-x64\jre\21.0.12.1-win32-x86_64\bin\verify.dll
0x00007ffa520f0000 - 0x00007ffa52117000 	C:\Users\Dawit.DAWITA\.gradle\native\c067742578af261105cb4f569cf0c3c89f3d7b1fecec35dd04571415982c5e48\windows-amd64\native-platform.dll
0x00007ffa71ca0000 - 0x00007ffa71de4000 	C:\Users\Dawit.DAWITA\.gradle\native\100fb08df4bc3b14c8652ba06237920a3bd2aa13389f12d3474272988ae205f9\windows-amd64\native-platform-file-events.dll
0x00007ffad7980000 - 0x00007ffad798a000 	C:\Users\Dawit.DAWITA\.vscode\extensions\redhat.java-1.56.0-win32-x64\jre\21.0.12.1-win32-x86_64\bin\management.dll
0x00007ffad7970000 - 0x00007ffad797c000 	C:\Users\Dawit.DAWITA\.vscode\extensions\redhat.java-1.56.0-win32-x64\jre\21.0.12.1-win32-x86_64\bin\management_ext.dll
0x00007ffaf88c0000 - 0x00007ffaf88c8000 	C:\WINDOWS\System32\PSAPI.DLL
0x00007ffaf5210000 - 0x00007ffaf522b000 	C:\WINDOWS\SYSTEM32\CRYPTSP.dll
0x00007ffaf48c0000 - 0x00007ffaf48f9000 	C:\WINDOWS\system32\rsaenh.dll
0x00007ffaf4fd0000 - 0x00007ffaf5004000 	C:\WINDOWS\SYSTEM32\USERENV.dll
0x00007ffaf5ba0000 - 0x00007ffaf5bca000 	C:\WINDOWS\SYSTEM32\bcrypt.dll
0x00007ffaf5230000 - 0x00007ffaf523c000 	C:\WINDOWS\SYSTEM32\CRYPTBASE.dll
0x00007ffaf43e0000 - 0x00007ffaf4413000 	C:\WINDOWS\SYSTEM32\IPHLPAPI.DLL
0x00007ffaf88b0000 - 0x00007ffaf88ba000 	C:\WINDOWS\System32\NSI.dll
0x00007ffa7d790000 - 0x00007ffa7d799000 	C:\Users\Dawit.DAWITA\.vscode\extensions\redhat.java-1.56.0-win32-x64\jre\21.0.12.1-win32-x86_64\bin\extnet.dll
0x00007ffa84180000 - 0x00007ffa8418e000 	C:\Users\Dawit.DAWITA\.vscode\extensions\redhat.java-1.56.0-win32-x64\jre\21.0.12.1-win32-x86_64\bin\sunmscapi.dll
0x00007ffaf63c0000 - 0x00007ffaf653f000 	C:\WINDOWS\System32\CRYPT32.dll
0x00007ffaf5470000 - 0x00007ffaf54a0000 	C:\WINDOWS\SYSTEM32\ncrypt.dll
0x00007ffaf5420000 - 0x00007ffaf545f000 	C:\WINDOWS\SYSTEM32\NTASN1.dll
0x00007ffac5700000 - 0x00007ffac5708000 	C:\WINDOWS\system32\wshunix.dll

JVMTI agents:
C:\Users\Dawit.DAWITA\.gradle\wrapper\dists\gradle-8.11.1-all\2qik7nd48slq1ooc2496ixf4i\gradle-8.11.1\lib\agents\gradle-instrumentation-agent-8.11.1.jar path:C:\Users\Dawit.DAWITA\.vscode\extensions\redhat.java-1.56.0-win32-x64\jre\21.0.12.1-win32-x86_64\bin\instrument.dll, loaded, initialized, instrumentlib options:none

dbghelp: loaded successfully - version: 4.0.5 - missing functions: none
symbol engine: initialized successfully - sym options: 0x614 - pdb path: .;C:\Users\Dawit.DAWITA\.vscode\extensions\redhat.java-1.56.0-win32-x64\jre\21.0.12.1-win32-x86_64\bin;C:\WINDOWS\SYSTEM32;C:\WINDOWS\WinSxS\amd64_microsoft.windows.common-controls_6595b64144ccf1df_6.0.26100.9549_none_3e0a0396e3330090;C:\Users\Dawit.DAWITA\.vscode\extensions\redhat.java-1.56.0-win32-x64\jre\21.0.12.1-win32-x86_64\bin\server;C:\Users\Dawit.DAWITA\.gradle\native\c067742578af261105cb4f569cf0c3c89f3d7b1fecec35dd04571415982c5e48\windows-amd64;C:\Users\Dawit.DAWITA\.gradle\native\100fb08df4bc3b14c8652ba06237920a3bd2aa13389f12d3474272988ae205f9\windows-amd64

VM Arguments:
jvm_args: --add-opens=java.base/java.lang=ALL-UNNAMED --add-opens=java.base/java.lang.invoke=ALL-UNNAMED --add-opens=java.base/java.util=ALL-UNNAMED --add-opens=java.prefs/java.util.prefs=ALL-UNNAMED --add-exports=jdk.compiler/com.sun.tools.javac.api=ALL-UNNAMED --add-exports=jdk.compiler/com.sun.tools.javac.util=ALL-UNNAMED --add-opens=java.base/java.util=ALL-UNNAMED --add-opens=java.prefs/java.util.prefs=ALL-UNNAMED --add-opens=java.base/java.nio.charset=ALL-UNNAMED --add-opens=java.base/java.net=ALL-UNNAMED --add-opens=java.base/java.util.concurrent.atomic=ALL-UNNAMED --add-opens=java.xml/javax.xml.namespace=ALL-UNNAMED -Xmx1536m -Dfile.encoding=UTF-8 -Duser.country=US -Duser.language=en -Duser.variant -javaagent:C:\Users\Dawit.DAWITA\.gradle\wrapper\dists\gradle-8.11.1-all\2qik7nd48slq1ooc2496ixf4i\gradle-8.11.1\lib\agents\gradle-instrumentation-agent-8.11.1.jar 
java_command: org.gradle.launcher.daemon.bootstrap.GradleDaemon 8.11.1
java_class_path (initial): C:\Users\Dawit.DAWITA\.gradle\wrapper\dists\gradle-8.11.1-all\2qik7nd48slq1ooc2496ixf4i\gradle-8.11.1\lib\gradle-daemon-main-8.11.1.jar
Launcher Type: SUN_STANDARD

[Global flags]
     intx CICompilerCount                          = 4                                         {product} {ergonomic}
     uint ConcGCThreads                            = 2                                         {product} {ergonomic}
     uint G1ConcRefinementThreads                  = 8                                         {product} {ergonomic}
   size_t G1HeapRegionSize                         = 1048576                                   {product} {ergonomic}
    uintx GCDrainStackTargetSize                   = 64                                        {product} {ergonomic}
   size_t InitialHeapSize                          = 534773760                                 {product} {ergonomic}
   size_t MarkStackSize                            = 4194304                                   {product} {ergonomic}
   size_t MaxHeapSize                              = 1610612736                                {product} {command line}
   size_t MaxNewSize                               = 965738496                                 {product} {ergonomic}
   size_t MinHeapDeltaBytes                        = 1048576                                   {product} {ergonomic}
   size_t MinHeapSize                              = 8388608                                   {product} {ergonomic}
    uintx NonNMethodCodeHeapSize                   = 5839372                                {pd product} {ergonomic}
    uintx NonProfiledCodeHeapSize                  = 122909434                              {pd product} {ergonomic}
    uintx ProfiledCodeHeapSize                     = 122909434                              {pd product} {ergonomic}
    uintx ReservedCodeCacheSize                    = 251658240                              {pd product} {ergonomic}
     bool SegmentedCodeCache                       = true                                      {product} {ergonomic}
   size_t SoftMaxHeapSize                          = 1610612736                             {manageable} {ergonomic}
     bool UseCompressedOops                        = true                           {product lp64_product} {ergonomic}
     bool UseG1GC                                  = true                                      {product} {ergonomic}
     bool UseLargePagesIndividualAllocation        = false                                  {pd product} {ergonomic}

Logging:
Log output configuration:
 #0: stdout all=warning uptime,level,tags foldmultilines=false
 #1: stderr all=off uptime,level,tags foldmultilines=false

Release file:
JAVA_VERSION="21.0.12.1" 
MODULES="java.base java.compiler java.datatransfer java.xml java.prefs java.desktop java.instrument java.logging java.management java.security.sasl java.naming java.rmi java.management.rmi java.net.http java.scripting java.security.jgss java.transaction.xa java.sql java.sql.rowset java.xml.crypto java.se java.smartcardio jdk.accessibility jdk.internal.jvmstat jdk.attach jdk.charsets jdk.internal.opt jdk.zipfs jdk.compiler jdk.crypto.ec jdk.crypto.cryptoki jdk.crypto.mscapi jdk.dynalink jdk.internal.ed jdk.editpad jdk.hotspot.agent jdk.httpserver jdk.internal.le jdk.internal.vm.ci jdk.internal.vm.compiler jdk.internal.vm.compiler.management jdk.jartool jdk.javadoc jdk.jcmd jdk.management jdk.management.agent jdk.jconsole jdk.jdeps jdk.jdwp.agent jdk.jdi jdk.jfr jdk.jshell jdk.jsobject jdk.jstatd jdk.localedata jdk.management.jfr jdk.naming.dns jdk.naming.rmi jdk.net jdk.nio.mapmode jdk.random jdk.sctp jdk.security.auth jdk.security.jgss jdk.unsupported jdk.unsupported.desktop jdk.xml.dom" 

Environment Variables:
JAVA_HOME=C:\Users\Dawit.DAWITA\AppData\Local\Java\jdk-21.0.2+13
PATH=C:\Program Files (x86)\VMware\VMware Workstation\bin\;C:\Program Files (x86)\VMware\VMware Player\bin\;C:\Program Files\Common Files\Oracle\Java\javapath;C:\Program Files\Eclipse Adoptium\jdk-17.0.17.10-hotspot\bin;C:\Program Files\Eclipse Adoptium\jdk-21.0.9.10-hotspot\bin;C:\WINDOWS\system32;C:\WINDOWS;C:\WINDOWS\System32\Wbem;C:\WINDOWS\System32\WindowsPowerShell\v1.0\;C:\WINDOWS\System32\OpenSSH\;C:\Program Files\nodejs\;C:\Program Files\PyManager\;C:\Program Files\Git\cmd;C:\Program Files\WSL\;C:\Program Files\Docker\Docker\resources\bin;C:\Users\Dawit.DAWITA\AppData\Local\Java\jdk-21.0.2+13\bin;C:\Users\Dawit.DAWITA\AppData\Local\Microsoft\WindowsApps;C:\Users\Dawit.DAWITA\AppData\Local\Programs\Microsoft VS Code\bin;C:\Program Files\JetBrains\PyCharm Community Edition 2023.1.1\bin;;%USERPROFILE%\AppData\Local\Microsoft\WindowsApps
USERNAME=Dawit
OS=Windows_NT
PROCESSOR_IDENTIFIER=Intel64 Family 6 Model 142 Stepping 12, GenuineIntel
TMP=C:\Users\DAWIT~1.DAW\AppData\Local\Temp
TEMP=C:\Users\DAWIT~1.DAW\AppData\Local\Temp




Periodic native trim disabled

---------------  S Y S T E M  ---------------

OS:
 Windows 11 , 64 bit Build 26100 (10.0.26100.9549)
OS uptime: 0 days 5:28 hours
Hyper-V role detected

CPU: total 8 (initial active 8) (4 cores per cpu, 2 threads per core) family 6 model 142 stepping 12 microcode 0xfc, cx8, cmov, fxsr, ht, mmx, 3dnowpref, sse, sse2, sse3, ssse3, sse4.1, sse4.2, popcnt, lzcnt, tsc, tscinvbit, avx, avx2, aes, erms, clmul, bmi1, bmi2, adx, fma, vzeroupper, clflush, clflushopt, hv, rdtscp, f16c
Processor Information for the first 8 processors :
  Max Mhz: 1992, Current Mhz: 1792, Mhz Limit: 1792

Memory: 4k page, system-wide physical 32615M (158M free)
TotalPageFile size 130919M (AvailPageFile size 1253M)
current process WorkingSet (physical memory assigned to process): 37M, peak: 241M
current process commit charge ("private bytes"): 266M, peak: 677M

vm_info: OpenJDK 64-Bit Server VM (21.0.12.1+1-LTS) for windows-amd64 JRE (21.0.12.1+1-LTS), built on 2026-08-18T00:00:00Z by "admin" with MS VC++ 17.12 (VS2022)

END.
