#
# There is insufficient memory for the Java Runtime Environment to continue.
# Native memory allocation (malloc) failed to allocate 32744 bytes. Error detail: Chunk::new
# Possible reasons:
#   The system is out of physical RAM or swap space
#   This process is running with CompressedOops enabled, and the Java Heap may be blocking the growth of the native heap
# Possible solutions:
#   Reduce memory load on the system
#   Increase physical memory or swap space
#   Check if swap backing store is full
#   Decrease Java heap size (-Xmx/-Xms)
#   Decrease number of Java threads
#   Decrease Java thread stack sizes (-Xss)
#   Set larger code cache with -XX:ReservedCodeCacheSize=
#   JVM is running with Unscaled Compressed Oops mode in which the Java heap is
#     placed in the first 4GB address space. The Java Heap base address is the
#     maximum limit for the native heap growth. Please use -XX:HeapBaseMinAddress
#     to set the Java Heap base and to place the Java Heap above 4GB virtual address.
# This output file may be truncated or incomplete.
#
#  Out of Memory Error (arena.cpp:168), pid=75476, tid=68124
#
# JRE version: OpenJDK Runtime Environment Temurin-21.0.12.1+1 (21.0.12.1+1) (build 21.0.12.1+1-LTS)
# Java VM: OpenJDK 64-Bit Server VM Temurin-21.0.12.1+1 (21.0.12.1+1-LTS, mixed mode, sharing, tiered, compressed oops, compressed class ptrs, g1 gc, windows-amd64)
# No core dump will be written. Minidumps are not enabled by default on client versions of Windows
#

---------------  S U M M A R Y ------------

Command Line: --add-opens=java.base/java.lang=ALL-UNNAMED --add-opens=java.base/java.lang.invoke=ALL-UNNAMED --add-opens=java.base/java.util=ALL-UNNAMED --add-opens=java.prefs/java.util.prefs=ALL-UNNAMED --add-exports=jdk.compiler/com.sun.tools.javac.api=ALL-UNNAMED --add-exports=jdk.compiler/com.sun.tools.javac.util=ALL-UNNAMED --add-opens=java.base/java.util=ALL-UNNAMED --add-opens=java.prefs/java.util.prefs=ALL-UNNAMED --add-opens=java.base/java.nio.charset=ALL-UNNAMED --add-opens=java.base/java.net=ALL-UNNAMED --add-opens=java.base/java.util.concurrent.atomic=ALL-UNNAMED --add-opens=java.xml/javax.xml.namespace=ALL-UNNAMED -Xmx1536m -Dfile.encoding=UTF-8 -Duser.country=US -Duser.language=en -Duser.variant -javaagent:C:\Users\Dawit.DAWITA\.gradle\wrapper\dists\gradle-8.11.1-all\2qik7nd48slq1ooc2496ixf4i\gradle-8.11.1\lib\agents\gradle-instrumentation-agent-8.11.1.jar org.gradle.launcher.daemon.bootstrap.GradleDaemon 8.11.1

Host: Intel(R) Core(TM) i7-8565U CPU @ 1.80GHz, 8 cores, 31G,  Windows 11 , 64 bit Build 26100 (10.0.26100.9549)
Time: Wed Oct  7 16:53:08 2026 E. Africa Standard Time elapsed time: 14868.148747 seconds (0d 4h 7m 48s)

---------------  T H R E A D  ---------------

Current thread (0x0000013014abb740):  JavaThread "C2 CompilerThread0" daemon [_thread_in_native, id=68124, stack(0x0000001c91500000,0x0000001c91600000) (1024K)]


Current CompileTask:
C2:14868149 5522       4       java.util.concurrent.ScheduledThreadPoolExecutor$ScheduledFutureTask::run (57 bytes)

Stack: [0x0000001c91500000,0x0000001c91600000]
Native frames: (J=compiled Java code, j=interpreted, Vv=VM code, C=native code)
V  [jvm.dll+0x6d83e9]
V  [jvm.dll+0x8b5736]
V  [jvm.dll+0x8b7cee]
V  [jvm.dll+0x8b83d3]
V  [jvm.dll+0x284596]
V  [jvm.dll+0xc685d]
V  [jvm.dll+0xc6da1]
V  [jvm.dll+0x76b27]
V  [jvm.dll+0x6603f6]
V  [jvm.dll+0x66076f]
V  [jvm.dll+0x660397]
V  [jvm.dll+0x66076f]
V  [jvm.dll+0x660397]
V  [jvm.dll+0x665e7f]
V  [jvm.dll+0x666dc6]
V  [jvm.dll+0x66510b]
V  [jvm.dll+0x24c57b]
V  [jvm.dll+0x24bce0]
V  [jvm.dll+0x1cb4ae]
V  [jvm.dll+0x25baad]
V  [jvm.dll+0x25a03a]
V  [jvm.dll+0x3f8aae]
V  [jvm.dll+0x8600cd]
V  [jvm.dll+0x6d6c1d]
C  [ucrtbase.dll+0x2cd30]
C  [KERNEL32.DLL+0x2cdf7]
C  [ntdll.dll+0x7ee4c]


---------------  P R O C E S S  ---------------

Threads class SMR info:
_java_thread_list=0x000001305b789070, length=33, elements={
0x000001307db6f410, 0x0000013014ab3b80, 0x0000013014ab7310, 0x0000013014ab8a90,
0x0000013014ab94f0, 0x0000013014ab9f50, 0x0000013014aba9b0, 0x0000013014abb740,
0x0000013014ac2950, 0x0000013014cde780, 0x0000013014d8e040, 0x000001305b45f890,
0x000001305b459f10, 0x000001305b369090, 0x000001305b147810, 0x000001305b117ff0,
0x000001305a9e8520, 0x000001305b3e72d0, 0x000001305b3e65b0, 0x000001305b3e7960,
0x000001305b3e7ff0, 0x000001305b3e6c40, 0x000001305b3e4b70, 0x000001305b3e5890,
0x000001305b6c79d0, 0x000001305b6c7340, 0x000001305b6c8d80, 0x000001305b6c6620,
0x000001305b6c8060, 0x000001305b6c5f90, 0x000001305b6c86f0, 0x000001305b6c6cb0,
0x000001305b6cc890
}

Java Threads: ( => current thread )
  0x000001307db6f410 JavaThread "main"                              [_thread_blocked, id=61956, stack(0x0000001c90600000,0x0000001c90700000) (1024K)]
  0x0000013014ab3b80 JavaThread "Reference Handler"          daemon [_thread_blocked, id=64604, stack(0x0000001c90f00000,0x0000001c91000000) (1024K)]
  0x0000013014ab7310 JavaThread "Finalizer"                  daemon [_thread_blocked, id=47472, stack(0x0000001c91000000,0x0000001c91100000) (1024K)]
  0x0000013014ab8a90 JavaThread "Signal Dispatcher"          daemon [_thread_blocked, id=68308, stack(0x0000001c91100000,0x0000001c91200000) (1024K)]
  0x0000013014ab94f0 JavaThread "Attach Listener"            daemon [_thread_blocked, id=66916, stack(0x0000001c91200000,0x0000001c91300000) (1024K)]
  0x0000013014ab9f50 JavaThread "Service Thread"             daemon [_thread_blocked, id=33812, stack(0x0000001c91300000,0x0000001c91400000) (1024K)]
  0x0000013014aba9b0 JavaThread "Monitor Deflation Thread"   daemon [_thread_blocked, id=65776, stack(0x0000001c91400000,0x0000001c91500000) (1024K)]
=>0x0000013014abb740 JavaThread "C2 CompilerThread0"         daemon [_thread_in_native, id=68124, stack(0x0000001c91500000,0x0000001c91600000) (1024K)]
  0x0000013014ac2950 JavaThread "C1 CompilerThread0"         daemon [_thread_blocked, id=69080, stack(0x0000001c91600000,0x0000001c91700000) (1024K)]
  0x0000013014cde780 JavaThread "Common-Cleaner"             daemon [_thread_blocked, id=67624, stack(0x0000001c91700000,0x0000001c91800000) (1024K)]
  0x0000013014d8e040 JavaThread "Notification Thread"        daemon [_thread_blocked, id=76496, stack(0x0000001c91800000,0x0000001c91900000) (1024K)]
  0x000001305b45f890 JavaThread "Daemon health stats"               [_thread_in_Java, id=69648, stack(0x0000001c91f00000,0x0000001c92000000) (1024K)]
  0x000001305b459f10 JavaThread "Incoming local TCP Connector on port 63032"        [_thread_in_native, id=69220, stack(0x0000001c92100000,0x0000001c92200000) (1024K)]
  0x000001305b369090 JavaThread "Daemon periodic checks"            [_thread_in_native, id=75784, stack(0x0000001c91e00000,0x0000001c91f00000) (1024K)]
  0x000001305b147810 JavaThread "Daemon"                            [_thread_blocked, id=7616, stack(0x0000001c92300000,0x0000001c92400000) (1024K)]
  0x000001305b117ff0 JavaThread "Handler for socket connection from /127.0.0.1:63032 to /127.0.0.1:54059"        [_thread_in_native, id=71276, stack(0x0000001c92400000,0x0000001c92500000) (1024K)]
  0x000001305a9e8520 JavaThread "Cancel handler"                    [_thread_blocked, id=28832, stack(0x0000001c92500000,0x0000001c92600000) (1024K)]
  0x000001305b3e72d0 JavaThread "Daemon worker"                     [_thread_in_Java, id=67072, stack(0x0000001c92600000,0x0000001c92700000) (1024K)]
  0x000001305b3e65b0 JavaThread "Asynchronous log dispatcher for DefaultDaemonConnection: socket connection from /127.0.0.1:63032 to /127.0.0.1:54059"        [_thread_blocked, id=64004, stack(0x0000001c92700000,0x0000001c92800000) (1024K)]
  0x000001305b3e7960 JavaThread "Stdin handler"                     [_thread_blocked, id=44520, stack(0x0000001c92800000,0x0000001c92900000) (1024K)]
  0x000001305b3e7ff0 JavaThread "Daemon client event forwarder"        [_thread_blocked, id=75468, stack(0x0000001c92900000,0x0000001c92a00000) (1024K)]
  0x000001305b3e6c40 JavaThread "Cache worker for journal cache (C:\Users\Dawit.DAWITA\.gradle\caches\journal-1)"        [_thread_blocked, id=72884, stack(0x0000001c92a00000,0x0000001c92b00000) (1024K)]
  0x000001305b3e4b70 JavaThread "File lock request listener"        [_thread_in_native, id=72100, stack(0x0000001c92b00000,0x0000001c92c00000) (1024K)]
  0x000001305b3e5890 JavaThread "Cache worker for file hash cache (C:\Users\Dawit.DAWITA\.gradle\caches\8.11.1\fileHashes)"        [_thread_blocked, id=6644, stack(0x0000001c92d00000,0x0000001c92e00000) (1024K)]
  0x000001305b6c79d0 JavaThread "Cache worker for file content cache (C:\Users\Dawit.DAWITA\.gradle\caches\8.11.1\fileContent)"        [_thread_blocked, id=45988, stack(0x0000001c92200000,0x0000001c92300000) (1024K)]
  0x000001305b6c7340 JavaThread "Cache worker for file hash cache (C:\Users\Dawit.DAWITA\Documents\AfroLife_Agency_improved\afrolife\android\.gradle\8.11.1\fileHashes)"        [_thread_blocked, id=60216, stack(0x0000001c93000000,0x0000001c93100000) (1024K)]
  0x000001305b6c8d80 JavaThread "Cache worker for Build Output Cleanup Cache (C:\Users\Dawit.DAWITA\Documents\AfroLife_Agency_improved\afrolife\android\.gradle\buildOutputCleanup)"        [_thread_blocked, id=49352, stack(0x0000001c93100000,0x0000001c93200000) (1024K)]
  0x000001305b6c6620 JavaThread "File watcher server"        daemon [_thread_in_native, id=6120, stack(0x0000001c93200000,0x0000001c93300000) (1024K)]
  0x000001305b6c8060 JavaThread "File watcher consumer"      daemon [_thread_blocked, id=42580, stack(0x0000001c93300000,0x0000001c93400000) (1024K)]
  0x000001305b6c5f90 JavaThread "Cache worker for checksums cache (C:\Users\Dawit.DAWITA\Documents\AfroLife_Agency_improved\afrolife\android\.gradle\8.11.1\checksums)"        [_thread_blocked, id=72660, stack(0x0000001c93400000,0x0000001c93500000) (1024K)]
  0x000001305b6c86f0 JavaThread "Cache worker for cache directory md-rule (C:\Users\Dawit.DAWITA\.gradle\caches\8.11.1\md-rule)"        [_thread_blocked, id=74096, stack(0x0000001c92000000,0x0000001c92100000) (1024K)]
  0x000001305b6c6cb0 JavaThread "Cache worker for cache directory md-supplier (C:\Users\Dawit.DAWITA\.gradle\caches\8.11.1\md-supplier)"        [_thread_blocked, id=35656, stack(0x0000001c92e00000,0x0000001c92f00000) (1024K)]
  0x000001305b6cc890 JavaThread "jar transforms"                    [_thread_blocked, id=56760, stack(0x0000001c93500000,0x0000001c93600000) (1024K)]
Total: 33

Other Threads:
  0x00000130149aec00 VMThread "VM Thread"                           [id=69744, stack(0x0000001c90e00000,0x0000001c90f00000) (1024K)]
  0x0000013014a8ca00 WatcherThread "VM Periodic Task Thread"        [id=68056, stack(0x0000001c90d00000,0x0000001c90e00000) (1024K)]
  0x000001307dbb7d80 WorkerThread "GC Thread#0"                     [id=5464, stack(0x0000001c90800000,0x0000001c90900000) (1024K)]
  0x000001307b8bbd80 WorkerThread "GC Thread#1"                     [id=64252, stack(0x0000001c90500000,0x0000001c90600000) (1024K)]
  0x000001305a4d6610 WorkerThread "GC Thread#2"                     [id=53700, stack(0x0000001c90700000,0x0000001c90800000) (1024K)]
  0x0000013014b71c10 WorkerThread "GC Thread#3"                     [id=65664, stack(0x0000001c91900000,0x0000001c91a00000) (1024K)]
  0x0000013014b71fc0 WorkerThread "GC Thread#4"                     [id=18460, stack(0x0000001c91a00000,0x0000001c91b00000) (1024K)]
  0x0000013014b72370 WorkerThread "GC Thread#5"                     [id=67216, stack(0x0000001c91b00000,0x0000001c91c00000) (1024K)]
  0x000001305a07d240 WorkerThread "GC Thread#6"                     [id=70756, stack(0x0000001c91c00000,0x0000001c91d00000) (1024K)]
  0x000001305a07d5f0 WorkerThread "GC Thread#7"                     [id=20436, stack(0x0000001c91d00000,0x0000001c91e00000) (1024K)]
  0x000001307dbc5b00 ConcurrentGCThread "G1 Main Marker"            [id=58012, stack(0x0000001c90900000,0x0000001c90a00000) (1024K)]
  0x000001307dbc6520 WorkerThread "G1 Conc#0"                       [id=31632, stack(0x0000001c90a00000,0x0000001c90b00000) (1024K)]
  0x000001305b2d2820 WorkerThread "G1 Conc#1"                       [id=72188, stack(0x0000001c92f00000,0x0000001c93000000) (1024K)]
  0x0000013014951460 ConcurrentGCThread "G1 Refine#0"               [id=74968, stack(0x0000001c90b00000,0x0000001c90c00000) (1024K)]
  0x0000013014952ca0 ConcurrentGCThread "G1 Service"                [id=74224, stack(0x0000001c90c00000,0x0000001c90d00000) (1024K)]
Total: 15

Threads with active compile tasks:
C2 CompilerThread0  14872735 5522       4       java.util.concurrent.ScheduledThreadPoolExecutor$ScheduledFutureTask::run (57 bytes)
Total: 1

VM state: not at safepoint (normal execution)

VM Mutex/Monitor currently owned by a thread: None

Heap address: 0x00000000a0000000, size: 1536 MB, Compressed Oops mode: 32-bit

CDS archive(s) mapped at: [0x0000013015000000-0x0000013015ba0000-0x0000013015ba0000), size 12189696, SharedBaseAddress: 0x0000013015000000, ArchiveRelocationMode: 1.
Compressed class space mapped at: 0x0000013016000000-0x0000013056000000, reserved size: 1073741824
Narrow klass base: 0x0000013015000000, Narrow klass shift: 0, Narrow klass range: 0x100000000

GC Precious Log:
 CardTable entry size: 512
 Card Set container configuration: InlinePtr #cards 5 size 8 Array Of Cards #cards 12 size 40 Howl #buckets 4 coarsen threshold 1843 Howl Bitmap #cards 512 size 80 coarsen threshold 460 Card regions per heap region 1 cards per card region 2048
 CPUs: 8 total, 8 available
 Memory: 32615M
 Large Page Support: Disabled
 NUMA Support: Disabled
 Compressed Oops: Enabled (32-bit)
 Heap Region Size: 1M
 Heap Min Capacity: 8M
 Heap Initial Capacity: 510M
 Heap Max Capacity: 1536M
 Pre-touch: Disabled
 Parallel Workers: 8
 Concurrent Workers: 2
 Concurrent Refinement Workers: 8
 Periodic GC: Disabled

Heap:
 garbage-first heap   total 97280K, used 36599K [0x00000000a0000000, 0x0000000100000000)
  region size 1024K, 8 young (8192K), 3 survivors (3072K)
 Metaspace       used 36909K, committed 38272K, reserved 1114112K
  class space    used 5334K, committed 6016K, reserved 1048576K

Heap Regions: E=young(eden), S=young(survivor), O=old, HS=humongous(starts), HC=humongous(continues), CS=collection set, F=free, TAMS=top-at-mark-start, PB=parsable bottom
|   0|0x00000000a0000000, 0x00000000a0100000, 0x00000000a0100000|100%| O|  |TAMS 0x00000000a0000000| PB 0x00000000a0000000| Untracked 
|   1|0x00000000a0100000, 0x00000000a0200000, 0x00000000a0200000|100%|HS|  |TAMS 0x00000000a0100000| PB 0x00000000a0100000| Complete 
|   2|0x00000000a0200000, 0x00000000a0300000, 0x00000000a0300000|100%|HC|  |TAMS 0x00000000a0200000| PB 0x00000000a0200000| Complete 
|   3|0x00000000a0300000, 0x00000000a0400000, 0x00000000a0400000|100%|HC|  |TAMS 0x00000000a0300000| PB 0x00000000a0300000| Complete 
|   4|0x00000000a0400000, 0x00000000a0500000, 0x00000000a0500000|100%| O|  |TAMS 0x00000000a0400000| PB 0x00000000a0400000| Untracked 
|   5|0x00000000a0500000, 0x00000000a0600000, 0x00000000a0600000|100%| O|  |TAMS 0x00000000a0500000| PB 0x00000000a0500000| Untracked 
|   6|0x00000000a0600000, 0x00000000a0700000, 0x00000000a0700000|100%| O|  |TAMS 0x00000000a0600000| PB 0x00000000a0600000| Untracked 
|   7|0x00000000a0700000, 0x00000000a0800000, 0x00000000a0800000|100%| O|  |TAMS 0x00000000a0700000| PB 0x00000000a0700000| Untracked 
|   8|0x00000000a0800000, 0x00000000a0900000, 0x00000000a0900000|100%|HS|  |TAMS 0x00000000a0800000| PB 0x00000000a0800000| Complete 
|   9|0x00000000a0900000, 0x00000000a0a00000, 0x00000000a0a00000|100%| O|  |TAMS 0x00000000a0900000| PB 0x00000000a0900000| Untracked 
|  10|0x00000000a0a00000, 0x00000000a0b00000, 0x00000000a0b00000|100%| O|  |TAMS 0x00000000a0a00000| PB 0x00000000a0a00000| Untracked 
|  11|0x00000000a0b00000, 0x00000000a0c00000, 0x00000000a0c00000|100%| O|  |TAMS 0x00000000a0b00000| PB 0x00000000a0b00000| Untracked 
|  12|0x00000000a0c00000, 0x00000000a0d00000, 0x00000000a0d00000|100%| O|  |TAMS 0x00000000a0c00000| PB 0x00000000a0c00000| Untracked 
|  13|0x00000000a0d00000, 0x00000000a0e00000, 0x00000000a0e00000|100%| O|  |TAMS 0x00000000a0d00000| PB 0x00000000a0d00000| Untracked 
|  14|0x00000000a0e00000, 0x00000000a0f00000, 0x00000000a0f00000|100%| O|  |TAMS 0x00000000a0e00000| PB 0x00000000a0e00000| Untracked 
|  15|0x00000000a0f00000, 0x00000000a1000000, 0x00000000a1000000|100%| O|  |TAMS 0x00000000a0f00000| PB 0x00000000a0f00000| Untracked 
|  16|0x00000000a1000000, 0x00000000a1100000, 0x00000000a1100000|100%| O|  |TAMS 0x00000000a1000000| PB 0x00000000a1000000| Untracked 
|  17|0x00000000a1100000, 0x00000000a1200000, 0x00000000a1200000|100%| O|  |TAMS 0x00000000a1100000| PB 0x00000000a1100000| Untracked 
|  18|0x00000000a1200000, 0x00000000a1300000, 0x00000000a1300000|100%| O|  |TAMS 0x00000000a1200000| PB 0x00000000a1200000| Untracked 
|  19|0x00000000a1300000, 0x00000000a1400000, 0x00000000a1400000|100%| O|  |TAMS 0x00000000a1300000| PB 0x00000000a1300000| Untracked 
|  20|0x00000000a1400000, 0x00000000a1500000, 0x00000000a1500000|100%| O|  |TAMS 0x00000000a1400000| PB 0x00000000a1400000| Untracked 
|  21|0x00000000a1500000, 0x00000000a1600000, 0x00000000a1600000|100%| O|  |TAMS 0x00000000a1500000| PB 0x00000000a1500000| Untracked 
|  22|0x00000000a1600000, 0x00000000a1700000, 0x00000000a1700000|100%| O|  |TAMS 0x00000000a1600000| PB 0x00000000a1600000| Untracked 
|  23|0x00000000a1700000, 0x00000000a1700000, 0x00000000a1800000|  0%| F|  |TAMS 0x00000000a1700000| PB 0x00000000a1700000| Untracked 
|  24|0x00000000a1800000, 0x00000000a1900000, 0x00000000a1900000|100%| O|  |TAMS 0x00000000a1800000| PB 0x00000000a1800000| Untracked 
|  25|0x00000000a1900000, 0x00000000a1a00000, 0x00000000a1a00000|100%| O|  |TAMS 0x00000000a1900000| PB 0x00000000a1900000| Untracked 
|  26|0x00000000a1a00000, 0x00000000a1b00000, 0x00000000a1b00000|100%| O|  |TAMS 0x00000000a1a00000| PB 0x00000000a1a00000| Untracked 
|  27|0x00000000a1b00000, 0x00000000a1c00000, 0x00000000a1c00000|100%| O|  |TAMS 0x00000000a1b00000| PB 0x00000000a1b00000| Untracked 
|  28|0x00000000a1c00000, 0x00000000a1d00000, 0x00000000a1d00000|100%| O|  |TAMS 0x00000000a1c00000| PB 0x00000000a1c00000| Untracked 
|  29|0x00000000a1d00000, 0x00000000a1e00000, 0x00000000a1e00000|100%| O|  |TAMS 0x00000000a1d00000| PB 0x00000000a1d00000| Untracked 
|  30|0x00000000a1e00000, 0x00000000a1e97130, 0x00000000a1f00000| 59%| O|  |TAMS 0x00000000a1e00000| PB 0x00000000a1e00000| Untracked 
|  31|0x00000000a1f00000, 0x00000000a1f00000, 0x00000000a2000000|  0%| F|  |TAMS 0x00000000a1f00000| PB 0x00000000a1f00000| Untracked 
|  32|0x00000000a2000000, 0x00000000a2000000, 0x00000000a2100000|  0%| F|  |TAMS 0x00000000a2000000| PB 0x00000000a2000000| Untracked 
|  33|0x00000000a2100000, 0x00000000a2100000, 0x00000000a2200000|  0%| F|  |TAMS 0x00000000a2100000| PB 0x00000000a2100000| Untracked 
|  34|0x00000000a2200000, 0x00000000a2200000, 0x00000000a2300000|  0%| F|  |TAMS 0x00000000a2200000| PB 0x00000000a2200000| Untracked 
|  35|0x00000000a2300000, 0x00000000a2300000, 0x00000000a2400000|  0%| F|  |TAMS 0x00000000a2300000| PB 0x00000000a2300000| Untracked 
|  36|0x00000000a2400000, 0x00000000a2426e38, 0x00000000a2500000| 15%| S|CS|TAMS 0x00000000a2400000| PB 0x00000000a2400000| Complete 
|  37|0x00000000a2500000, 0x00000000a2500000, 0x00000000a2600000|  0%| F|  |TAMS 0x00000000a2500000| PB 0x00000000a2500000| Untracked 
|  38|0x00000000a2600000, 0x00000000a2600000, 0x00000000a2700000|  0%| F|  |TAMS 0x00000000a2600000| PB 0x00000000a2600000| Untracked 
|  39|0x00000000a2700000, 0x00000000a2800000, 0x00000000a2800000|100%| S|CS|TAMS 0x00000000a2700000| PB 0x00000000a2700000| Complete 
|  40|0x00000000a2800000, 0x00000000a2900000, 0x00000000a2900000|100%| S|CS|TAMS 0x00000000a2800000| PB 0x00000000a2800000| Complete 
|  41|0x00000000a2900000, 0x00000000a2900000, 0x00000000a2a00000|  0%| F|  |TAMS 0x00000000a2900000| PB 0x00000000a2900000| Untracked 
|  42|0x00000000a2a00000, 0x00000000a2a00000, 0x00000000a2b00000|  0%| F|  |TAMS 0x00000000a2a00000| PB 0x00000000a2a00000| Untracked 
|  43|0x00000000a2b00000, 0x00000000a2b00000, 0x00000000a2c00000|  0%| F|  |TAMS 0x00000000a2b00000| PB 0x00000000a2b00000| Untracked 
|  44|0x00000000a2c00000, 0x00000000a2c00000, 0x00000000a2d00000|  0%| F|  |TAMS 0x00000000a2c00000| PB 0x00000000a2c00000| Untracked 
|  45|0x00000000a2d00000, 0x00000000a2d00000, 0x00000000a2e00000|  0%| F|  |TAMS 0x00000000a2d00000| PB 0x00000000a2d00000| Untracked 
|  46|0x00000000a2e00000, 0x00000000a2e00000, 0x00000000a2f00000|  0%| F|  |TAMS 0x00000000a2e00000| PB 0x00000000a2e00000| Untracked 
|  47|0x00000000a2f00000, 0x00000000a2f00000, 0x00000000a3000000|  0%| F|  |TAMS 0x00000000a2f00000| PB 0x00000000a2f00000| Untracked 
|  48|0x00000000a3000000, 0x00000000a3000000, 0x00000000a3100000|  0%| F|  |TAMS 0x00000000a3000000| PB 0x00000000a3000000| Untracked 
|  49|0x00000000a3100000, 0x00000000a3100000, 0x00000000a3200000|  0%| F|  |TAMS 0x00000000a3100000| PB 0x00000000a3100000| Untracked 
|  50|0x00000000a3200000, 0x00000000a3200000, 0x00000000a3300000|  0%| F|  |TAMS 0x00000000a3200000| PB 0x00000000a3200000| Untracked 
|  51|0x00000000a3300000, 0x00000000a3300000, 0x00000000a3400000|  0%| F|  |TAMS 0x00000000a3300000| PB 0x00000000a3300000| Untracked 
|  52|0x00000000a3400000, 0x00000000a3400000, 0x00000000a3500000|  0%| F|  |TAMS 0x00000000a3400000| PB 0x00000000a3400000| Untracked 
|  53|0x00000000a3500000, 0x00000000a3500000, 0x00000000a3600000|  0%| F|  |TAMS 0x00000000a3500000| PB 0x00000000a3500000| Untracked 
|  54|0x00000000a3600000, 0x00000000a3600000, 0x00000000a3700000|  0%| F|  |TAMS 0x00000000a3600000| PB 0x00000000a3600000| Untracked 
|  55|0x00000000a3700000, 0x00000000a3700000, 0x00000000a3800000|  0%| F|  |TAMS 0x00000000a3700000| PB 0x00000000a3700000| Untracked 
|  56|0x00000000a3800000, 0x00000000a3800000, 0x00000000a3900000|  0%| F|  |TAMS 0x00000000a3800000| PB 0x00000000a3800000| Untracked 
|  57|0x00000000a3900000, 0x00000000a3900000, 0x00000000a3a00000|  0%| F|  |TAMS 0x00000000a3900000| PB 0x00000000a3900000| Untracked 
|  58|0x00000000a3a00000, 0x00000000a3a00000, 0x00000000a3b00000|  0%| F|  |TAMS 0x00000000a3a00000| PB 0x00000000a3a00000| Untracked 
|  59|0x00000000a3b00000, 0x00000000a3b00000, 0x00000000a3c00000|  0%| F|  |TAMS 0x00000000a3b00000| PB 0x00000000a3b00000| Untracked 
|  60|0x00000000a3c00000, 0x00000000a3c00000, 0x00000000a3d00000|  0%| F|  |TAMS 0x00000000a3c00000| PB 0x00000000a3c00000| Untracked 
|  61|0x00000000a3d00000, 0x00000000a3d00000, 0x00000000a3e00000|  0%| F|  |TAMS 0x00000000a3d00000| PB 0x00000000a3d00000| Untracked 
|  62|0x00000000a3e00000, 0x00000000a3e00000, 0x00000000a3f00000|  0%| F|  |TAMS 0x00000000a3e00000| PB 0x00000000a3e00000| Untracked 
|  63|0x00000000a3f00000, 0x00000000a3f00000, 0x00000000a4000000|  0%| F|  |TAMS 0x00000000a3f00000| PB 0x00000000a3f00000| Untracked 
|  64|0x00000000a4000000, 0x00000000a4000000, 0x00000000a4100000|  0%| F|  |TAMS 0x00000000a4000000| PB 0x00000000a4000000| Untracked 
|  65|0x00000000a4100000, 0x00000000a4100000, 0x00000000a4200000|  0%| F|  |TAMS 0x00000000a4100000| PB 0x00000000a4100000| Untracked 
|  66|0x00000000a4200000, 0x00000000a4200000, 0x00000000a4300000|  0%| F|  |TAMS 0x00000000a4200000| PB 0x00000000a4200000| Untracked 
|  67|0x00000000a4300000, 0x00000000a4300000, 0x00000000a4400000|  0%| F|  |TAMS 0x00000000a4300000| PB 0x00000000a4300000| Untracked 
|  68|0x00000000a4400000, 0x00000000a4400000, 0x00000000a4500000|  0%| F|  |TAMS 0x00000000a4400000| PB 0x00000000a4400000| Untracked 
|  69|0x00000000a4500000, 0x00000000a4500000, 0x00000000a4600000|  0%| F|  |TAMS 0x00000000a4500000| PB 0x00000000a4500000| Untracked 
|  70|0x00000000a4600000, 0x00000000a4600000, 0x00000000a4700000|  0%| F|  |TAMS 0x00000000a4600000| PB 0x00000000a4600000| Untracked 
|  71|0x00000000a4700000, 0x00000000a4700000, 0x00000000a4800000|  0%| F|  |TAMS 0x00000000a4700000| PB 0x00000000a4700000| Untracked 
|  72|0x00000000a4800000, 0x00000000a4800000, 0x00000000a4900000|  0%| F|  |TAMS 0x00000000a4800000| PB 0x00000000a4800000| Untracked 
|  73|0x00000000a4900000, 0x00000000a4900000, 0x00000000a4a00000|  0%| F|  |TAMS 0x00000000a4900000| PB 0x00000000a4900000| Untracked 
|  74|0x00000000a4a00000, 0x00000000a4a00000, 0x00000000a4b00000|  0%| F|  |TAMS 0x00000000a4a00000| PB 0x00000000a4a00000| Untracked 
|  75|0x00000000a4b00000, 0x00000000a4b00000, 0x00000000a4c00000|  0%| F|  |TAMS 0x00000000a4b00000| PB 0x00000000a4b00000| Untracked 
|  76|0x00000000a4c00000, 0x00000000a4c00000, 0x00000000a4d00000|  0%| F|  |TAMS 0x00000000a4c00000| PB 0x00000000a4c00000| Untracked 
|  77|0x00000000a4d00000, 0x00000000a4d00000, 0x00000000a4e00000|  0%| F|  |TAMS 0x00000000a4d00000| PB 0x00000000a4d00000| Untracked 
|  78|0x00000000a4e00000, 0x00000000a4e00000, 0x00000000a4f00000|  0%| F|  |TAMS 0x00000000a4e00000| PB 0x00000000a4e00000| Untracked 
|  79|0x00000000a4f00000, 0x00000000a4f00000, 0x00000000a5000000|  0%| F|  |TAMS 0x00000000a4f00000| PB 0x00000000a4f00000| Untracked 
|  80|0x00000000a5000000, 0x00000000a5000000, 0x00000000a5100000|  0%| F|  |TAMS 0x00000000a5000000| PB 0x00000000a5000000| Untracked 
|  81|0x00000000a5100000, 0x00000000a5100000, 0x00000000a5200000|  0%| F|  |TAMS 0x00000000a5100000| PB 0x00000000a5100000| Untracked 
| 392|0x00000000b8800000, 0x00000000b8800000, 0x00000000b8900000|  0%| F|  |TAMS 0x00000000b8800000| PB 0x00000000b8800000| Untracked 
| 393|0x00000000b8900000, 0x00000000b8900000, 0x00000000b8a00000|  0%| F|  |TAMS 0x00000000b8900000| PB 0x00000000b8900000| Untracked 
| 394|0x00000000b8a00000, 0x00000000b8a00000, 0x00000000b8b00000|  0%| F|  |TAMS 0x00000000b8a00000| PB 0x00000000b8a00000| Untracked 
| 395|0x00000000b8b00000, 0x00000000b8b00000, 0x00000000b8c00000|  0%| F|  |TAMS 0x00000000b8b00000| PB 0x00000000b8b00000| Untracked 
| 396|0x00000000b8c00000, 0x00000000b8c00000, 0x00000000b8d00000|  0%| F|  |TAMS 0x00000000b8c00000| PB 0x00000000b8c00000| Untracked 
| 397|0x00000000b8d00000, 0x00000000b8d00000, 0x00000000b8e00000|  0%| F|  |TAMS 0x00000000b8d00000| PB 0x00000000b8d00000| Untracked 
| 398|0x00000000b8e00000, 0x00000000b8e00000, 0x00000000b8f00000|  0%| F|  |TAMS 0x00000000b8e00000| PB 0x00000000b8e00000| Untracked 
| 399|0x00000000b8f00000, 0x00000000b8f00000, 0x00000000b9000000|  0%| F|  |TAMS 0x00000000b8f00000| PB 0x00000000b8f00000| Untracked 
| 400|0x00000000b9000000, 0x00000000b90b9f58, 0x00000000b9100000| 72%| E|  |TAMS 0x00000000b9000000| PB 0x00000000b9000000| Complete 
| 401|0x00000000b9100000, 0x00000000b9200000, 0x00000000b9200000|100%| E|CS|TAMS 0x00000000b9100000| PB 0x00000000b9100000| Complete 
| 402|0x00000000b9200000, 0x00000000b9300000, 0x00000000b9300000|100%| E|CS|TAMS 0x00000000b9200000| PB 0x00000000b9200000| Complete 
| 403|0x00000000b9300000, 0x00000000b9400000, 0x00000000b9400000|100%| E|CS|TAMS 0x00000000b9300000| PB 0x00000000b9300000| Complete 
| 509|0x00000000bfd00000, 0x00000000bfe00000, 0x00000000bfe00000|100%| E|CS|TAMS 0x00000000bfd00000| PB 0x00000000bfd00000| Complete 

Card table byte_map: [0x000001307e260000,0x000001307e560000] _byte_map_base: 0x000001307dd60000

Marking Bits: (CMBitMap*) 0x000001307dbb83a0
 Bits: [0x000001307e560000, 0x000001307fd60000)

Polling page: 0x000001307b9c0000

Metaspace:

Usage:
  Non-class:     30.84 MB used.
      Class:      5.21 MB used.
       Both:     36.04 MB used.

Virtual space:
  Non-class space:       64.00 MB reserved,      31.50 MB ( 49%) committed,  1 nodes.
      Class space:        1.00 GB reserved,       5.88 MB ( <1%) committed,  1 nodes.
             Both:        1.06 GB reserved,      37.38 MB (  3%) committed. 

Chunk freelists:
   Non-Class:  560.00 KB
       Class:  9.98 MB
        Both:  10.53 MB

MaxMetaspaceSize: unlimited
CompressedClassSpaceSize: 1.00 GB
Initial GC threshold: 21.00 MB
Current GC threshold: 58.88 MB
CDS: on
 - commit_granule_bytes: 65536.
 - commit_granule_words: 8192.
 - virtual_space_node_default_size: 8388608.
 - enlarge_chunks_in_place: 1.
 - use_allocation_guard: 0.


Internal statistics:

num_allocs_failed_limit: 6.
num_arena_births: 2242.
num_arena_deaths: 0.
num_vsnodes_births: 2.
num_vsnodes_deaths: 0.
num_space_committed: 598.
num_space_uncommitted: 0.
num_chunks_returned_to_freelist: 6.
num_chunks_taken_from_freelist: 3910.
num_chunk_merges: 6.
num_chunk_splits: 2515.
num_chunks_enlarged: 1546.
num_inconsistent_stats: 0.

CodeHeap 'non-profiled nmethods': size=120000Kb used=3225Kb max_used=3225Kb free=116774Kb
 bounds [0x000001300ac10000, 0x000001300af40000, 0x0000013012140000]
CodeHeap 'profiled nmethods': size=120000Kb used=9313Kb max_used=9313Kb free=110686Kb
 bounds [0x0000013003140000, 0x0000013003a60000, 0x000001300a670000]
CodeHeap 'non-nmethods': size=5760Kb used=1811Kb max_used=1884Kb free=3948Kb
 bounds [0x000001300a670000, 0x000001300a8e0000, 0x000001300ac10000]
CodeCache: size=245760Kb, used=14349Kb, max_used=14422Kb, free=231408Kb
 total_blobs=5576, nmethods=4887, adapters=593, full_count=0
Compilation: enabled, stopped_count=0, restarted_count=0

Compilation events (20 events):
Event: 5163.761 Thread 0x0000013014abb740 nmethod 5511 0x000001300af2f510 code [0x000001300af2f6a0, 0x000001300af2f778]
Event: 5263.417 Thread 0x0000013014abb740 5513   !   4       java.util.concurrent.ThreadPoolExecutor::getTask (177 bytes)
Event: 5263.564 Thread 0x0000013014abb740 nmethod 5513 0x000001300af2f810 code [0x000001300af2fba0, 0x000001300af31038]
Event: 5275.373 Thread 0x0000013014abb740 5514 %     4       sun.nio.fs.WindowsPath::compareTo @ 49 (118 bytes)
Event: 5275.407 Thread 0x0000013014abb740 nmethod 5514% 0x000001300af31f90 code [0x000001300af32180, 0x000001300af32720]
Event: 5277.409 Thread 0x0000013014abb740 5515       4       java.util.concurrent.ScheduledThreadPoolExecutor$DelayedWorkQueue::add (9 bytes)
Event: 5277.435 Thread 0x0000013014abb740 nmethod 5515 0x000001300af32c10 code [0x000001300af32e60, 0x000001300af33758]
Event: 5397.474 Thread 0x0000013014abb740 5516       4       java.util.concurrent.ScheduledThreadPoolExecutor$DelayedWorkQueue::add (9 bytes)
Event: 5397.525 Thread 0x0000013014abb740 nmethod 5516 0x000001300af33d10 code [0x000001300af33f60, 0x000001300af34908]
Event: 14846.742 Thread 0x0000013014abb740 5517       4       java.util.stream.FindOps$FindSink::accept (18 bytes)
Event: 14846.754 Thread 0x0000013014abb740 nmethod 5517 0x000001300af34e90 code [0x000001300af35020, 0x000001300af351b8]
Event: 14846.880 Thread 0x0000013014abb740 5518       4       jdk.management.jfr.internal.FlightRecorderMXBeanProvider$SingleMBeanComponent::mbeanInterfaceNames (11 bytes)
Event: 14846.895 Thread 0x0000013014abb740 nmethod 5518 0x000001300af35290 code [0x000001300af35420, 0x000001300af35560]
Event: 14848.963 Thread 0x0000013014abb740 5519       4       java.util.stream.ReferencePipeline$7::opWrapSink (10 bytes)
Event: 14848.972 Thread 0x0000013014abb740 nmethod 5519 0x000001300af35690 code [0x000001300af35820, 0x000001300af35a50]
Event: 14848.972 Thread 0x0000013014abb740 5520       4       java.util.stream.ReferencePipeline$7$1::begin (13 bytes)
Event: 14848.981 Thread 0x0000013014abb740 nmethod 5520 0x000001300af35b90 code [0x000001300af35d20, 0x000001300af35f18]
Event: 14849.021 Thread 0x0000013014abb740 5521       4       java.lang.management.MemoryUsage::<init> (170 bytes)
Event: 14849.025 Thread 0x0000013014abb740 nmethod 5521 0x000001300af36010 code [0x000001300af361a0, 0x000001300af36390]
Event: 14866.058 Thread 0x0000013014abb740 5522       4       java.util.concurrent.ScheduledThreadPoolExecutor$ScheduledFutureTask::run (57 bytes)

GC Heap History (20 events):
Event: 950.612 GC heap before
{Heap before GC invocations=9 (full 0):
 garbage-first heap   total 97280K, used 84331K [0x00000000a0000000, 0x0000000100000000)
  region size 1024K, 56 young (57344K), 4 survivors (4096K)
 Metaspace       used 36462K, committed 37760K, reserved 1114112K
  class space    used 5282K, committed 5952K, reserved 1048576K
}
Event: 950.626 GC heap after
{Heap after GC invocations=10 (full 0):
 garbage-first heap   total 97280K, used 33604K [0x00000000a0000000, 0x0000000100000000)
  region size 1024K, 7 young (7168K), 7 survivors (7168K)
 Metaspace       used 36462K, committed 37760K, reserved 1114112K
  class space    used 5282K, committed 5952K, reserved 1048576K
}
Event: 1464.991 GC heap before
{Heap before GC invocations=10 (full 0):
 garbage-first heap   total 97280K, used 84804K [0x00000000a0000000, 0x0000000100000000)
  region size 1024K, 57 young (58368K), 7 survivors (7168K)
 Metaspace       used 36486K, committed 37824K, reserved 1114112K
  class space    used 5282K, committed 5952K, reserved 1048576K
}
Event: 1465.057 GC heap after
{Heap after GC invocations=11 (full 0):
 garbage-first heap   total 97280K, used 33207K [0x00000000a0000000, 0x0000000100000000)
  region size 1024K, 3 young (3072K), 3 survivors (3072K)
 Metaspace       used 36486K, committed 37824K, reserved 1114112K
  class space    used 5282K, committed 5952K, reserved 1048576K
}
Event: 1984.977 GC heap before
{Heap before GC invocations=11 (full 0):
 garbage-first heap   total 97280K, used 86455K [0x00000000a0000000, 0x0000000100000000)
  region size 1024K, 55 young (56320K), 3 survivors (3072K)
 Metaspace       used 36549K, committed 37888K, reserved 1114112K
  class space    used 5282K, committed 5952K, reserved 1048576K
}
Event: 1985.028 GC heap after
{Heap after GC invocations=12 (full 0):
 garbage-first heap   total 97280K, used 32759K [0x00000000a0000000, 0x0000000100000000)
  region size 1024K, 3 young (3072K), 3 survivors (3072K)
 Metaspace       used 36549K, committed 37888K, reserved 1114112K
  class space    used 5282K, committed 5952K, reserved 1048576K
}
Event: 2497.108 GC heap before
{Heap before GC invocations=12 (full 0):
 garbage-first heap   total 97280K, used 86007K [0x00000000a0000000, 0x0000000100000000)
  region size 1024K, 56 young (57344K), 3 survivors (3072K)
 Metaspace       used 36580K, committed 37888K, reserved 1114112K
  class space    used 5282K, committed 5952K, reserved 1048576K
}
Event: 2497.159 GC heap after
{Heap after GC invocations=13 (full 0):
 garbage-first heap   total 97280K, used 32404K [0x00000000a0000000, 0x0000000100000000)
  region size 1024K, 3 young (3072K), 3 survivors (3072K)
 Metaspace       used 36580K, committed 37888K, reserved 1114112K
  class space    used 5282K, committed 5952K, reserved 1048576K
}
Event: 3034.898 GC heap before
{Heap before GC invocations=13 (full 0):
 garbage-first heap   total 97280K, used 87700K [0x00000000a0000000, 0x0000000100000000)
  region size 1024K, 57 young (58368K), 3 survivors (3072K)
 Metaspace       used 36600K, committed 37952K, reserved 1114112K
  class space    used 5282K, committed 5952K, reserved 1048576K
}
Event: 3034.945 GC heap after
{Heap after GC invocations=14 (full 0):
 garbage-first heap   total 97280K, used 32682K [0x00000000a0000000, 0x0000000100000000)
  region size 1024K, 3 young (3072K), 3 survivors (3072K)
 Metaspace       used 36600K, committed 37952K, reserved 1114112K
  class space    used 5282K, committed 5952K, reserved 1048576K
}
Event: 3538.133 GC heap before
{Heap before GC invocations=14 (full 0):
 garbage-first heap   total 97280K, used 87978K [0x00000000a0000000, 0x0000000100000000)
  region size 1024K, 57 young (58368K), 3 survivors (3072K)
 Metaspace       used 36874K, committed 38208K, reserved 1114112K
  class space    used 5334K, committed 6016K, reserved 1048576K
}
Event: 3538.155 GC heap after
{Heap after GC invocations=15 (full 0):
 garbage-first heap   total 97280K, used 32398K [0x00000000a0000000, 0x0000000100000000)
  region size 1024K, 3 young (3072K), 3 survivors (3072K)
 Metaspace       used 36874K, committed 38208K, reserved 1114112K
  class space    used 5334K, committed 6016K, reserved 1048576K
}
Event: 4044.997 GC heap before
{Heap before GC invocations=15 (full 0):
 garbage-first heap   total 97280K, used 87694K [0x00000000a0000000, 0x0000000100000000)
  region size 1024K, 57 young (58368K), 3 survivors (3072K)
 Metaspace       used 36875K, committed 38208K, reserved 1114112K
  class space    used 5334K, committed 6016K, reserved 1048576K
}
Event: 4045.094 GC heap after
{Heap after GC invocations=16 (full 0):
 garbage-first heap   total 97280K, used 32642K [0x00000000a0000000, 0x0000000100000000)
  region size 1024K, 3 young (3072K), 3 survivors (3072K)
 Metaspace       used 36875K, committed 38208K, reserved 1114112K
  class space    used 5334K, committed 6016K, reserved 1048576K
}
Event: 4580.440 GC heap before
{Heap before GC invocations=16 (full 0):
 garbage-first heap   total 97280K, used 87938K [0x00000000a0000000, 0x0000000100000000)
  region size 1024K, 57 young (58368K), 3 survivors (3072K)
 Metaspace       used 36899K, committed 38208K, reserved 1114112K
  class space    used 5334K, committed 6016K, reserved 1048576K
}
Event: 4580.673 GC heap after
{Heap after GC invocations=17 (full 0):
 garbage-first heap   total 97280K, used 32551K [0x00000000a0000000, 0x0000000100000000)
  region size 1024K, 3 young (3072K), 3 survivors (3072K)
 Metaspace       used 36899K, committed 38208K, reserved 1114112K
  class space    used 5334K, committed 6016K, reserved 1048576K
}
Event: 5095.208 GC heap before
{Heap before GC invocations=17 (full 0):
 garbage-first heap   total 97280K, used 87847K [0x00000000a0000000, 0x0000000100000000)
  region size 1024K, 57 young (58368K), 3 survivors (3072K)
 Metaspace       used 36908K, committed 38272K, reserved 1114112K
  class space    used 5334K, committed 6016K, reserved 1048576K
}
Event: 5095.319 GC heap after
{Heap after GC invocations=18 (full 0):
 garbage-first heap   total 97280K, used 32739K [0x00000000a0000000, 0x0000000100000000)
  region size 1024K, 3 young (3072K), 3 survivors (3072K)
 Metaspace       used 36908K, committed 38272K, reserved 1114112K
  class space    used 5334K, committed 6016K, reserved 1048576K
}
Event: 14852.227 GC heap before
{Heap before GC invocations=18 (full 0):
 garbage-first heap   total 97280K, used 87011K [0x00000000a0000000, 0x0000000100000000)
  region size 1024K, 57 young (58368K), 3 survivors (3072K)
 Metaspace       used 36909K, committed 38272K, reserved 1114112K
  class space    used 5334K, committed 6016K, reserved 1048576K
}
Event: 14852.359 GC heap after
{Heap after GC invocations=19 (full 0):
 garbage-first heap   total 97280K, used 32503K [0x00000000a0000000, 0x0000000100000000)
  region size 1024K, 3 young (3072K), 3 survivors (3072K)
 Metaspace       used 36909K, committed 38272K, reserved 1114112K
  class space    used 5334K, committed 6016K, reserved 1048576K
}

Dll operation events (20 events):
Event: 3.675 Attempting to load shared library C:\Users\Dawit.DAWITA\.vscode\extensions\redhat.java-1.56.0-win32-x64\jre\21.0.12.1-win32-x86_64\bin\nio.dll
Event: 3.677 Loaded shared library C:\Users\Dawit.DAWITA\.vscode\extensions\redhat.java-1.56.0-win32-x64\jre\21.0.12.1-win32-x86_64\bin\nio.dll
Event: 4.031 Attempting to load shared library C:\Users\Dawit.DAWITA\.vscode\extensions\redhat.java-1.56.0-win32-x64\jre\21.0.12.1-win32-x86_64\bin\zip.dll
Event: 4.031 Loaded shared library C:\Users\Dawit.DAWITA\.vscode\extensions\redhat.java-1.56.0-win32-x64\jre\21.0.12.1-win32-x86_64\bin\zip.dll
Event: 49.344 Attempting to load shared library C:\Users\Dawit.DAWITA\.vscode\extensions\redhat.java-1.56.0-win32-x64\jre\21.0.12.1-win32-x86_64\bin\jimage.dll
Event: 49.344 Loaded shared library C:\Users\Dawit.DAWITA\.vscode\extensions\redhat.java-1.56.0-win32-x64\jre\21.0.12.1-win32-x86_64\bin\jimage.dll
Event: 62.434 Attempting to load shared library C:\Users\Dawit.DAWITA\.vscode\extensions\redhat.java-1.56.0-win32-x64\jre\21.0.12.1-win32-x86_64\bin\verify.dll
Event: 62.435 Loaded shared library C:\Users\Dawit.DAWITA\.vscode\extensions\redhat.java-1.56.0-win32-x64\jre\21.0.12.1-win32-x86_64\bin\verify.dll
Event: 84.645 Attempting to load shared library C:\Users\Dawit.DAWITA\.gradle\native\c067742578af261105cb4f569cf0c3c89f3d7b1fecec35dd04571415982c5e48\windows-amd64\native-platform.dll
Event: 84.877 Loaded shared library C:\Users\Dawit.DAWITA\.gradle\native\c067742578af261105cb4f569cf0c3c89f3d7b1fecec35dd04571415982c5e48\windows-amd64\native-platform.dll
Event: 84.903 Attempting to load shared library C:\Users\Dawit.DAWITA\.gradle\native\100fb08df4bc3b14c8652ba06237920a3bd2aa13389f12d3474272988ae205f9\windows-amd64\native-platform-file-events.dll
Event: 84.909 Loaded shared library C:\Users\Dawit.DAWITA\.gradle\native\100fb08df4bc3b14c8652ba06237920a3bd2aa13389f12d3474272988ae205f9\windows-amd64\native-platform-file-events.dll
Event: 248.247 Attempting to load shared library C:\Users\Dawit.DAWITA\.vscode\extensions\redhat.java-1.56.0-win32-x64\jre\21.0.12.1-win32-x86_64\bin\management.dll
Event: 248.274 Loaded shared library C:\Users\Dawit.DAWITA\.vscode\extensions\redhat.java-1.56.0-win32-x64\jre\21.0.12.1-win32-x86_64\bin\management.dll
Event: 248.287 Attempting to load shared library C:\Users\Dawit.DAWITA\.vscode\extensions\redhat.java-1.56.0-win32-x64\jre\21.0.12.1-win32-x86_64\bin\management_ext.dll
Event: 248.293 Loaded shared library C:\Users\Dawit.DAWITA\.vscode\extensions\redhat.java-1.56.0-win32-x64\jre\21.0.12.1-win32-x86_64\bin\management_ext.dll
Event: 272.700 Attempting to load shared library C:\Users\Dawit.DAWITA\.vscode\extensions\redhat.java-1.56.0-win32-x64\jre\21.0.12.1-win32-x86_64\bin\extnet.dll
Event: 272.701 Loaded shared library C:\Users\Dawit.DAWITA\.vscode\extensions\redhat.java-1.56.0-win32-x64\jre\21.0.12.1-win32-x86_64\bin\extnet.dll
Event: 515.266 Attempting to load shared library C:\Users\Dawit.DAWITA\.vscode\extensions\redhat.java-1.56.0-win32-x64\jre\21.0.12.1-win32-x86_64\bin\sunmscapi.dll
Event: 516.043 Loaded shared library C:\Users\Dawit.DAWITA\.vscode\extensions\redhat.java-1.56.0-win32-x64\jre\21.0.12.1-win32-x86_64\bin\sunmscapi.dll

Deoptimization events (20 events):
Event: 5280.408 Thread 0x000001305b45f890 Uncommon trap: trap_request=0xffffffd6 fr.pc=0x000001300af33420 relative=0x00000000000005c0
Event: 5280.408 Thread 0x000001305b45f890 Uncommon trap: reason=array_check action=maybe_recompile pc=0x000001300af33420 method=java.util.concurrent.ScheduledThreadPoolExecutor$DelayedWorkQueue.offer(Ljava/lang/Runnable;)Z @ 65 c2
Event: 5280.408 Thread 0x000001305b45f890 DEOPT PACKING pc=0x000001300af33420 sp=0x0000001c91fff480
Event: 5280.408 Thread 0x000001305b45f890 DEOPT UNPACKING pc=0x000001300a6c4422 sp=0x0000001c91fff340 mode 2
Event: 5281.407 Thread 0x000001305b45f890 Uncommon trap: trap_request=0xffffffd6 fr.pc=0x000001300af33420 relative=0x00000000000005c0
Event: 5281.407 Thread 0x000001305b45f890 Uncommon trap: reason=array_check action=maybe_recompile pc=0x000001300af33420 method=java.util.concurrent.ScheduledThreadPoolExecutor$DelayedWorkQueue.offer(Ljava/lang/Runnable;)Z @ 65 c2
Event: 5281.407 Thread 0x000001305b45f890 DEOPT PACKING pc=0x000001300af33420 sp=0x0000001c91fff480
Event: 5281.407 Thread 0x000001305b45f890 DEOPT UNPACKING pc=0x000001300a6c4422 sp=0x0000001c91fff340 mode 2
Event: 14842.757 Thread 0x000001305b3e72d0 Uncommon trap: trap_request=0xffffff45 fr.pc=0x000001300af15824 relative=0x0000000000000164
Event: 14842.758 Thread 0x000001305b3e72d0 Uncommon trap: reason=unstable_if action=reinterpret pc=0x000001300af15824 method=org.gradle.internal.time.DefaultCountdownTimer.hasExpired()Z @ 6 c2
Event: 14842.759 Thread 0x000001305b3e72d0 DEOPT PACKING pc=0x000001300af15824 sp=0x0000001c926f95d0
Event: 14842.761 Thread 0x000001305b3e72d0 DEOPT UNPACKING pc=0x000001300a6c4422 sp=0x0000001c926f9588 mode 2
Event: 14842.763 Thread 0x000001305b3e72d0 Uncommon trap: trap_request=0xffffff45 fr.pc=0x000001300aee46e0 relative=0x0000000000004e00
Event: 14842.764 Thread 0x000001305b3e72d0 Uncommon trap: reason=unstable_if action=reinterpret pc=0x000001300aee46e0 method=org.gradle.internal.time.ExponentialBackoff.retryUntil(Lorg/gradle/internal/time/ExponentialBackoff$Query;)Ljava/lang/Object; @ 25 c2
Event: 14842.764 Thread 0x000001305b3e72d0 DEOPT PACKING pc=0x000001300aee46e0 sp=0x0000001c926f9620
Event: 14842.765 Thread 0x000001305b3e72d0 DEOPT UNPACKING pc=0x000001300a6c4422 sp=0x0000001c926f9678 mode 2
Event: 14857.687 Thread 0x000001305b3e72d0 Uncommon trap: trap_request=0xffffffde fr.pc=0x000001300add2e34 relative=0x00000000000002f4
Event: 14857.687 Thread 0x000001305b3e72d0 Uncommon trap: reason=class_check action=maybe_recompile pc=0x000001300add2e34 method=java.util.Collections$SetFromMap.remove(Ljava/lang/Object;)Z @ 5 c2
Event: 14857.695 Thread 0x000001305b3e72d0 DEOPT PACKING pc=0x000001300add2e34 sp=0x0000001c926faa50
Event: 14857.695 Thread 0x000001305b3e72d0 DEOPT UNPACKING pc=0x000001300a6c4422 sp=0x0000001c926faa38 mode 2

Classes loaded (20 events):
Event: 713.341 Loading class jdk/internal/jimage/ImageReader$Resource
Event: 713.341 Loading class jdk/internal/jimage/ImageReader$Resource done
Event: 714.690 Loading class java/util/WeakHashMap$KeyIterator
Event: 714.690 Loading class java/util/WeakHashMap$HashIterator
Event: 714.690 Loading class java/util/WeakHashMap$HashIterator done
Event: 714.690 Loading class java/util/WeakHashMap$KeyIterator done
Event: 718.369 Loading class sun/nio/fs/WindowsPath$1
Event: 718.369 Loading class sun/nio/fs/WindowsPath$1 done
Event: 718.394 Loading class sun/nio/fs/WindowsException
Event: 718.394 Loading class sun/nio/fs/WindowsException done
Event: 719.043 Loading class java/io/StringReader
Event: 719.043 Loading class java/io/StringReader done
Event: 719.549 Loading class java/math/MutableBigInteger
Event: 719.550 Loading class java/math/MutableBigInteger done
Event: 721.086 Loading class java/security/CodeSigner
Event: 721.087 Loading class java/security/CodeSigner done
Event: 721.656 Loading class java/nio/charset/CharacterCodingException
Event: 721.656 Loading class java/nio/charset/CharacterCodingException done
Event: 725.074 Loading class java/util/stream/Streams$RangeIntSpliterator
Event: 725.075 Loading class java/util/stream/Streams$RangeIntSpliterator done

Classes unloaded (0 events):
No events

Classes redefined (0 events):
No events

Internal exceptions (20 events):
Event: 704.144 Thread 0x000001305b3e72d0 Exception <a 'java/lang/ClassNotFoundException'{0x00000000a2bef2d8}: groovy/lang/ExpandoMetaClassCustomizer> (0x00000000a2bef2d8) 
thrown [s\src\hotspot\share\classfile\systemDictionary.cpp, line 313]
Event: 715.828 Thread 0x000001305b3e72d0 Exception <a 'java/lang/ClassNotFoundException'{0x00000000a459e8c8}: org/gradle/internal/extensibility/DefaultExtraPropertiesExtensionBeanInfo> (0x00000000a459e8c8) 
thrown [s\src\hotspot\share\classfile\systemDictionary.cpp, line 313]
Event: 715.829 Thread 0x000001305b3e72d0 Exception <a 'java/lang/ClassNotFoundException'{0x00000000a45a6d30}: groovy/lang/GroovyObjectSupportBeanInfo> (0x00000000a45a6d30) 
thrown [s\src\hotspot\share\classfile\systemDictionary.cpp, line 313]
Event: 715.830 Thread 0x000001305b3e72d0 Exception <a 'java/lang/ClassNotFoundException'{0x00000000a45af1a0}: groovy/lang/GroovyObjectSupportCustomizer> (0x00000000a45af1a0) 
thrown [s\src\hotspot\share\classfile\systemDictionary.cpp, line 313]
Event: 715.842 Thread 0x000001305b3e72d0 Exception <a 'java/lang/ClassNotFoundException'{0x00000000a45c9200}: org/gradle/internal/extensibility/DefaultExtraPropertiesExtensionCustomizer> (0x00000000a45c9200) 
thrown [s\src\hotspot\share\classfile\systemDictionary.cpp, line 313]
Event: 716.447 Thread 0x000001305b3e72d0 Exception <a 'java/lang/IncompatibleClassChangeError'{0x00000000a45e3cc8}: Found class java.lang.Object, but interface was expected> (0x00000000a45e3cc8) 
thrown [s\src\hotspot\share\interpreter\linkResolver.cpp, line 840]
Event: 718.394 Thread 0x000001305b3e72d0 Exception <a 'sun/nio/fs/WindowsException'{0x00000000a4357080}> (0x00000000a4357080) 
thrown [s\src\hotspot\share\prims\jni.cpp, line 520]
Event: 718.397 Thread 0x000001305b3e72d0 Exception <a 'sun/nio/fs/WindowsException'{0x00000000a43585f8}> (0x00000000a43585f8) 
thrown [s\src\hotspot\share\prims\jni.cpp, line 520]
Event: 718.398 Thread 0x000001305b3e72d0 Exception <a 'sun/nio/fs/WindowsException'{0x00000000a4359b20}> (0x00000000a4359b20) 
thrown [s\src\hotspot\share\prims\jni.cpp, line 520]
Event: 718.398 Thread 0x000001305b3e72d0 Exception <a 'sun/nio/fs/WindowsException'{0x00000000a435ac60}> (0x00000000a435ac60) 
thrown [s\src\hotspot\share\prims\jni.cpp, line 520]
Event: 720.149 Thread 0x000001305b3e72d0 Exception <a 'java/lang/IncompatibleClassChangeError'{0x00000000a429ad58}: Found class java.lang.Object, but interface was expected> (0x00000000a429ad58) 
thrown [s\src\hotspot\share\interpreter\linkResolver.cpp, line 840]
Event: 721.326 Thread 0x000001305b3e72d0 Exception <a 'java/lang/NoSuchMethodError'{0x00000000a415a1b8}: 'java.lang.Object java.lang.invoke.DirectMethodHandle$Holder.newInvokeSpecial(java.lang.Object, java.lang.Object, long)'> (0x00000000a415a1b8) 
thrown [s\src\hotspot\share\interpreter\linkResolver.cpp, line 773]
Event: 721.326 Thread 0x000001305b3e72d0 Exception <a 'java/lang/NoSuchMethodError'{0x00000000a415e7a0}: 'java.lang.Object java.lang.invoke.Invokers$Holder.linkToTargetMethod(java.lang.Object, long, java.lang.Object)'> (0x00000000a415e7a0) 
thrown [s\src\hotspot\share\interpreter\linkResolver.cpp, line 773]
Event: 721.352 Thread 0x000001305b3e6c40 Implicit null exception at 0x000001300adb2761 to 0x000001300adb2de0
Event: 721.352 Thread 0x000001305b3e6c40 Implicit null exception at 0x000001300ae85fb4 to 0x000001300ae87214
Event: 723.213 Thread 0x000001305b3e72d0 Exception <a 'java/lang/NoSuchMethodError'{0x00000000a3fdf610}: 'int java.lang.invoke.DirectMethodHandle$Holder.invokeInterface(java.lang.Object, java.lang.Object)'> (0x00000000a3fdf610) 
thrown [s\src\hotspot\share\interpreter\linkResolver.cpp, line 773]
Event: 725.071 Thread 0x000001305b3e72d0 Exception <a 'java/lang/NoSuchMethodError'{0x00000000a3e48b50}: 'java.lang.Object java.lang.invoke.DirectMethodHandle$Holder.invokeVirtual(java.lang.Object, java.lang.Object, int)'> (0x00000000a3e48b50) 
thrown [s\src\hotspot\share\interpreter\linkResolver.cpp, line 773]
Event: 3498.175 Thread 0x000001305b3e72d0 Exception <a 'java/lang/NoSuchMethodError'{0x00000000a31d9608}: 'java.lang.Object java.lang.invoke.DirectMethodHandle$Holder.newInvokeSpecial(java.lang.Object, java.lang.Object, int, java.lang.Object)'> (0x00000000a31d9608) 
thrown [s\src\hotspot\share\interpreter\linkResolver.cpp, line 773]
Event: 3499.353 Thread 0x000001305b3e72d0 Exception <a 'java/lang/NoSuchMethodError'{0x00000000a31ddc28}: 'java.lang.Object java.lang.invoke.DirectMethodHandle$Holder.invokeSpecial(java.lang.Object, java.lang.Object, java.lang.Object, int, java.lang.Object)'> (0x00000000a31ddc28) 
thrown [s\src\hotspot\share\interpreter\linkResolver.cpp, line 773]
Event: 3515.702 Thread 0x000001305b3e72d0 Exception <a 'java/lang/IncompatibleClassChangeError'{0x00000000a2ce2188}: Found class java.lang.Object, but interface was expected> (0x00000000a2ce2188) 
thrown [s\src\hotspot\share\interpreter\linkResolver.cpp, line 840]

ZGC Phase Switch (0 events):
No events

VM Operations (20 events):
Event: 4766.837 Executing safepoint VM operation: Cleanup
Event: 4766.837 Executing safepoint VM operation: Cleanup done
Event: 4923.635 Executing safepoint VM operation: Cleanup
Event: 4923.635 Executing safepoint VM operation: Cleanup done
Event: 5095.208 Executing safepoint VM operation: G1CollectForAllocation (G1 Evacuation Pause)
Event: 5095.319 Executing safepoint VM operation: G1CollectForAllocation (G1 Evacuation Pause) done
Event: 5279.361 Executing safepoint VM operation: Cleanup
Event: 5279.361 Executing safepoint VM operation: Cleanup done
Event: 5283.411 Executing safepoint VM operation: Cleanup
Event: 5283.411 Executing safepoint VM operation: Cleanup done
Event: 5398.794 Executing safepoint VM operation: Cleanup
Event: 5398.797 Executing safepoint VM operation: Cleanup done
Event: 14843.567 Executing safepoint VM operation: Cleanup
Event: 14846.664 Executing safepoint VM operation: Cleanup done
Event: 14847.695 Executing safepoint VM operation: Cleanup
Event: 14848.964 Executing safepoint VM operation: Cleanup done
Event: 14850.027 Executing safepoint VM operation: Cleanup
Event: 14850.514 Executing safepoint VM operation: Cleanup done
Event: 14850.581 Executing safepoint VM operation: G1CollectForAllocation (G1 Evacuation Pause)
Event: 14852.359 Executing safepoint VM operation: G1CollectForAllocation (G1 Evacuation Pause) done

Memory protections (0 events):
No events

Nmethod flushes (20 events):
Event: 708.304 Thread 0x00000130149aec00 flushing  nmethod 0x00000130032a8510
Event: 708.304 Thread 0x00000130149aec00 flushing  nmethod 0x00000130032a8b10
Event: 708.304 Thread 0x00000130149aec00 flushing  nmethod 0x00000130032a9810
Event: 708.304 Thread 0x00000130149aec00 flushing  nmethod 0x00000130032ad910
Event: 708.304 Thread 0x00000130149aec00 flushing  nmethod 0x00000130032ade90
Event: 708.304 Thread 0x00000130149aec00 flushing  nmethod 0x00000130032ae710
Event: 708.304 Thread 0x00000130149aec00 flushing  nmethod 0x00000130032e5290
Event: 708.304 Thread 0x00000130149aec00 flushing  nmethod 0x00000130032e5d10
Event: 708.304 Thread 0x00000130149aec00 flushing  nmethod 0x00000130032e7d10
Event: 708.304 Thread 0x00000130149aec00 flushing  nmethod 0x00000130032eeb10
Event: 708.304 Thread 0x00000130149aec00 flushing  nmethod 0x00000130032eee90
Event: 708.304 Thread 0x00000130149aec00 flushing  nmethod 0x0000013003330090
Event: 708.304 Thread 0x00000130149aec00 flushing  nmethod 0x0000013003401a10
Event: 708.304 Thread 0x00000130149aec00 flushing  nmethod 0x000001300352ea90
Event: 708.304 Thread 0x00000130149aec00 flushing  nmethod 0x000001300352f390
Event: 708.304 Thread 0x00000130149aec00 flushing  nmethod 0x0000013003559990
Event: 708.304 Thread 0x00000130149aec00 flushing  nmethod 0x000001300355c510
Event: 708.304 Thread 0x00000130149aec00 flushing  nmethod 0x0000013003576c10
Event: 708.304 Thread 0x00000130149aec00 flushing  nmethod 0x00000130036bf110
Event: 708.304 Thread 0x00000130149aec00 flushing  nmethod 0x00000130036c2490

Events (20 events):
Event: 531.592 Thread 0x000001305b3e72d0 Thread added: 0x000001305b3e7960
Event: 531.857 Thread 0x000001305b3e72d0 Thread added: 0x000001305b3e7ff0
Event: 548.870 Thread 0x000001305b3e72d0 Thread added: 0x000001305b3e6c40
Event: 549.141 Thread 0x000001305b3e72d0 Thread added: 0x000001305b3e4b70
Event: 551.702 Thread 0x000001305b3e4b70 Thread added: 0x000001305b3e5200
Event: 552.974 Thread 0x000001305b3e72d0 Thread added: 0x000001305b3e5890
Event: 606.637 Thread 0x000001305b3e72d0 Thread added: 0x000001305b6c79d0
Event: 625.618 Thread 0x000001305b3e72d0 Thread added: 0x000001305b6c7340
Event: 626.276 Thread 0x000001305b3e72d0 Thread added: 0x000001305b6c8d80
Event: 640.916 Thread 0x000001305b3e72d0 Thread added: 0x000001305b6c6620
Event: 641.142 Thread 0x000001305b3e72d0 Thread added: 0x000001305b6c8060
Event: 663.565 Thread 0x000001305b3e72d0 Thread added: 0x000001305b6c5f90
Event: 676.346 Thread 0x000001305b3e72d0 Thread added: 0x000001305b6c86f0
Event: 681.979 Thread 0x000001305b3e72d0 Thread added: 0x000001305b6c6cb0
Event: 690.045 Thread 0x0000013014ac2950 Thread added: 0x000001305bfbe380
Event: 690.427 Thread 0x000001305bfbe380 Thread exited: 0x000001305bfbe380
Event: 782.694 Thread 0x000001305b3e5200 Thread exited: 0x000001305b3e5200
Event: 3491.559 Thread 0x000001305b3e4b70 Thread added: 0x000001305b6cae50
Event: 3499.433 Thread 0x000001305b3e72d0 Thread added: 0x000001305b6cc890
Event: 3597.887 Thread 0x000001305b6cae50 Thread exited: 0x000001305b6cae50


Dynamic libraries:
0x00007ff78b490000 - 0x00007ff78b49e000 	C:\Users\Dawit.DAWITA\.vscode\extensions\redhat.java-1.56.0-win32-x64\jre\21.0.12.1-win32-x86_64\bin\java.exe
0x00007ffaf8ac0000 - 0x00007ffaf8d27000 	C:\WINDOWS\SYSTEM32\ntdll.dll
0x00007ffaf6c70000 - 0x00007ffaf6d3b000 	C:\WINDOWS\System32\KERNEL32.DLL
0x00007ffaf5e10000 - 0x00007ffaf6211000 	C:\WINDOWS\System32\KERNELBASE.dll
0x00007ffaf6680000 - 0x00007ffaf67cc000 	C:\WINDOWS\System32\ucrtbase.dll
0x00007ffa513b0000 - 0x00007ffa513c8000 	C:\Users\Dawit.DAWITA\.vscode\extensions\redhat.java-1.56.0-win32-x64\jre\21.0.12.1-win32-x86_64\bin\jli.dll
0x00007ffaf8050000 - 0x00007ffaf8227000 	C:\WINDOWS\System32\USER32.dll
0x00007ffaf62e0000 - 0x00007ffaf6307000 	C:\WINDOWS\System32\win32u.dll
0x00007ffaf74f0000 - 0x00007ffaf751b000 	C:\WINDOWS\System32\GDI32.dll
0x00007ffaf6550000 - 0x00007ffaf6678000 	C:\WINDOWS\System32\gdi32full.dll
0x00007ffaf6310000 - 0x00007ffaf63b3000 	C:\WINDOWS\System32\msvcp_win.dll
0x00007ffa51390000 - 0x00007ffa513ae000 	C:\Users\Dawit.DAWITA\.vscode\extensions\redhat.java-1.56.0-win32-x64\jre\21.0.12.1-win32-x86_64\bin\VCRUNTIME140.dll
0x00007ffada7a0000 - 0x00007ffadaa30000 	C:\WINDOWS\WinSxS\amd64_microsoft.windows.common-controls_6595b64144ccf1df_6.0.26100.9549_none_3e0a0396e3330090\COMCTL32.dll
0x00007ffaf6b70000 - 0x00007ffaf6c19000 	C:\WINDOWS\System32\msvcrt.dll
0x00007ffaf7d50000 - 0x00007ffaf7d81000 	C:\WINDOWS\System32\IMM32.DLL
0x00007ffabfdc0000 - 0x00007ffabfdcc000 	C:\Users\Dawit.DAWITA\.vscode\extensions\redhat.java-1.56.0-win32-x64\jre\21.0.12.1-win32-x86_64\bin\vcruntime140_1.dll
0x00007ffa51300000 - 0x00007ffa5138d000 	C:\Users\Dawit.DAWITA\.vscode\extensions\redhat.java-1.56.0-win32-x64\jre\21.0.12.1-win32-x86_64\bin\msvcp140.dll
0x00007ffa50490000 - 0x00007ffa51232000 	C:\Users\Dawit.DAWITA\.vscode\extensions\redhat.java-1.56.0-win32-x64\jre\21.0.12.1-win32-x86_64\bin\server\jvm.dll
0x00007ffaf8950000 - 0x00007ffaf8a0b000 	C:\WINDOWS\System32\ADVAPI32.dll
0x00007ffaf8230000 - 0x00007ffaf82d8000 	C:\WINDOWS\System32\sechost.dll
0x00007ffaf7f30000 - 0x00007ffaf8048000 	C:\WINDOWS\System32\RPCRT4.dll
0x00007ffaf8710000 - 0x00007ffaf8791000 	C:\WINDOWS\System32\WS2_32.dll
0x00007ffaf5b10000 - 0x00007ffaf5b6e000 	C:\WINDOWS\SYSTEM32\POWRPROF.dll
0x00007ffadc210000 - 0x00007ffadc247000 	C:\WINDOWS\SYSTEM32\WINMM.dll
0x00007ffae7c80000 - 0x00007ffae7c8b000 	C:\WINDOWS\SYSTEM32\VERSION.dll
0x00007ffaf5af0000 - 0x00007ffaf5b05000 	C:\WINDOWS\SYSTEM32\UMPDC.dll
0x00007ffaf4960000 - 0x00007ffaf497b000 	C:\WINDOWS\SYSTEM32\kernel.appcore.dll
0x00007ffaba930000 - 0x00007ffaba93a000 	C:\Users\Dawit.DAWITA\.vscode\extensions\redhat.java-1.56.0-win32-x64\jre\21.0.12.1-win32-x86_64\bin\jimage.dll
0x00007ffaf29d0000 - 0x00007ffaf2c1c000 	C:\WINDOWS\SYSTEM32\DBGHELP.DLL
0x00007ffaf67e0000 - 0x00007ffaf6b6a000 	C:\WINDOWS\System32\combase.dll
0x00007ffaf8450000 - 0x00007ffaf8529000 	C:\WINDOWS\System32\OLEAUT32.dll
0x00007ffad6b70000 - 0x00007ffad6bab000 	C:\WINDOWS\SYSTEM32\dbgcore.DLL
0x00007ffaf6220000 - 0x00007ffaf62cc000 	C:\WINDOWS\System32\bcryptPrimitives.dll
0x00007ffae81f0000 - 0x00007ffae81ff000 	C:\Users\Dawit.DAWITA\.vscode\extensions\redhat.java-1.56.0-win32-x64\jre\21.0.12.1-win32-x86_64\bin\instrument.dll
0x00007ffa50470000 - 0x00007ffa50490000 	C:\Users\Dawit.DAWITA\.vscode\extensions\redhat.java-1.56.0-win32-x64\jre\21.0.12.1-win32-x86_64\bin\java.dll
0x00007ffaf6d40000 - 0x00007ffaf74dc000 	C:\WINDOWS\System32\SHELL32.dll
0x00007ffaf3740000 - 0x00007ffaf3fed000 	C:\WINDOWS\SYSTEM32\windows.storage.dll
0x00007ffaf87a0000 - 0x00007ffaf8899000 	C:\WINDOWS\System32\SHCORE.dll
0x00007ffaf8a10000 - 0x00007ffaf8a76000 	C:\WINDOWS\System32\shlwapi.dll
0x00007ffaf5bd0000 - 0x00007ffaf5bf9000 	C:\WINDOWS\SYSTEM32\profapi.dll
0x00007ffa503f0000 - 0x00007ffa50408000 	C:\Users\Dawit.DAWITA\.vscode\extensions\redhat.java-1.56.0-win32-x64\jre\21.0.12.1-win32-x86_64\bin\zip.dll
0x00007ffaae710000 - 0x00007ffaae720000 	C:\Users\Dawit.DAWITA\.vscode\extensions\redhat.java-1.56.0-win32-x64\jre\21.0.12.1-win32-x86_64\bin\net.dll
0x00007ffae7750000 - 0x00007ffae787a000 	C:\WINDOWS\SYSTEM32\WINHTTP.dll
0x00007ffaf4f20000 - 0x00007ffaf4f8c000 	C:\WINDOWS\system32\mswsock.dll
0x00007ffa51860000 - 0x00007ffa51876000 	C:\Users\Dawit.DAWITA\.vscode\extensions\redhat.java-1.56.0-win32-x64\jre\21.0.12.1-win32-x86_64\bin\nio.dll
0x00007ffae81e0000 - 0x00007ffae81f0000 	C:\Users\Dawit.DAWITA\.vscode\extensions\redhat.java-1.56.0-win32-x64\jre\21.0.12.1-win32-x86_64\bin\verify.dll
0x00007ffa520f0000 - 0x00007ffa52117000 	C:\Users\Dawit.DAWITA\.gradle\native\c067742578af261105cb4f569cf0c3c89f3d7b1fecec35dd04571415982c5e48\windows-amd64\native-platform.dll
0x00007ffa71ca0000 - 0x00007ffa71de4000 	C:\Users\Dawit.DAWITA\.gradle\native\100fb08df4bc3b14c8652ba06237920a3bd2aa13389f12d3474272988ae205f9\windows-amd64\native-platform-file-events.dll
0x00007ffad7980000 - 0x00007ffad798a000 	C:\Users\Dawit.DAWITA\.vscode\extensions\redhat.java-1.56.0-win32-x64\jre\21.0.12.1-win32-x86_64\bin\management.dll
0x00007ffad7970000 - 0x00007ffad797c000 	C:\Users\Dawit.DAWITA\.vscode\extensions\redhat.java-1.56.0-win32-x64\jre\21.0.12.1-win32-x86_64\bin\management_ext.dll
0x00007ffaf88c0000 - 0x00007ffaf88c8000 	C:\WINDOWS\System32\PSAPI.DLL
0x00007ffaf5210000 - 0x00007ffaf522b000 	C:\WINDOWS\SYSTEM32\CRYPTSP.dll
0x00007ffaf48c0000 - 0x00007ffaf48f9000 	C:\WINDOWS\system32\rsaenh.dll
0x00007ffaf4fd0000 - 0x00007ffaf5004000 	C:\WINDOWS\SYSTEM32\USERENV.dll
0x00007ffaf5ba0000 - 0x00007ffaf5bca000 	C:\WINDOWS\SYSTEM32\bcrypt.dll
0x00007ffaf5230000 - 0x00007ffaf523c000 	C:\WINDOWS\SYSTEM32\CRYPTBASE.dll
0x00007ffaf43e0000 - 0x00007ffaf4413000 	C:\WINDOWS\SYSTEM32\IPHLPAPI.DLL
0x00007ffaf88b0000 - 0x00007ffaf88ba000 	C:\WINDOWS\System32\NSI.dll
0x00007ffa7d790000 - 0x00007ffa7d799000 	C:\Users\Dawit.DAWITA\.vscode\extensions\redhat.java-1.56.0-win32-x64\jre\21.0.12.1-win32-x86_64\bin\extnet.dll
0x00007ffa84180000 - 0x00007ffa8418e000 	C:\Users\Dawit.DAWITA\.vscode\extensions\redhat.java-1.56.0-win32-x64\jre\21.0.12.1-win32-x86_64\bin\sunmscapi.dll
0x00007ffaf63c0000 - 0x00007ffaf653f000 	C:\WINDOWS\System32\CRYPT32.dll
0x00007ffaf5470000 - 0x00007ffaf54a0000 	C:\WINDOWS\SYSTEM32\ncrypt.dll
0x00007ffaf5420000 - 0x00007ffaf545f000 	C:\WINDOWS\SYSTEM32\NTASN1.dll
0x00007ffac5700000 - 0x00007ffac5708000 	C:\WINDOWS\system32\wshunix.dll

JVMTI agents:
C:\Users\Dawit.DAWITA\.gradle\wrapper\dists\gradle-8.11.1-all\2qik7nd48slq1ooc2496ixf4i\gradle-8.11.1\lib\agents\gradle-instrumentation-agent-8.11.1.jar path:C:\Users\Dawit.DAWITA\.vscode\extensions\redhat.java-1.56.0-win32-x64\jre\21.0.12.1-win32-x86_64\bin\instrument.dll, loaded, initialized, instrumentlib options:none

dbghelp: loaded successfully - version: 4.0.5 - missing functions: none
symbol engine: initialized successfully - sym options: 0x614 - pdb path: .;C:\Users\Dawit.DAWITA\.vscode\extensions\redhat.java-1.56.0-win32-x64\jre\21.0.12.1-win32-x86_64\bin;C:\WINDOWS\SYSTEM32;C:\WINDOWS\WinSxS\amd64_microsoft.windows.common-controls_6595b64144ccf1df_6.0.26100.9549_none_3e0a0396e3330090;C:\Users\Dawit.DAWITA\.vscode\extensions\redhat.java-1.56.0-win32-x64\jre\21.0.12.1-win32-x86_64\bin\server;C:\Users\Dawit.DAWITA\.gradle\native\c067742578af261105cb4f569cf0c3c89f3d7b1fecec35dd04571415982c5e48\windows-amd64;C:\Users\Dawit.DAWITA\.gradle\native\100fb08df4bc3b14c8652ba06237920a3bd2aa13389f12d3474272988ae205f9\windows-amd64

VM Arguments:
jvm_args: --add-opens=java.base/java.lang=ALL-UNNAMED --add-opens=java.base/java.lang.invoke=ALL-UNNAMED --add-opens=java.base/java.util=ALL-UNNAMED --add-opens=java.prefs/java.util.prefs=ALL-UNNAMED --add-exports=jdk.compiler/com.sun.tools.javac.api=ALL-UNNAMED --add-exports=jdk.compiler/com.sun.tools.javac.util=ALL-UNNAMED --add-opens=java.base/java.util=ALL-UNNAMED --add-opens=java.prefs/java.util.prefs=ALL-UNNAMED --add-opens=java.base/java.nio.charset=ALL-UNNAMED --add-opens=java.base/java.net=ALL-UNNAMED --add-opens=java.base/java.util.concurrent.atomic=ALL-UNNAMED --add-opens=java.xml/javax.xml.namespace=ALL-UNNAMED -Xmx1536m -Dfile.encoding=UTF-8 -Duser.country=US -Duser.language=en -Duser.variant -javaagent:C:\Users\Dawit.DAWITA\.gradle\wrapper\dists\gradle-8.11.1-all\2qik7nd48slq1ooc2496ixf4i\gradle-8.11.1\lib\agents\gradle-instrumentation-agent-8.11.1.jar 
java_command: org.gradle.launcher.daemon.bootstrap.GradleDaemon 8.11.1
java_class_path (initial): C:\Users\Dawit.DAWITA\.gradle\wrapper\dists\gradle-8.11.1-all\2qik7nd48slq1ooc2496ixf4i\gradle-8.11.1\lib\gradle-daemon-main-8.11.1.jar
Launcher Type: SUN_STANDARD

[Global flags]
     intx CICompilerCount                          = 4                                         {product} {ergonomic}
     uint ConcGCThreads                            = 2                                         {product} {ergonomic}
     uint G1ConcRefinementThreads                  = 8                                         {product} {ergonomic}
   size_t G1HeapRegionSize                         = 1048576                                   {product} {ergonomic}
    uintx GCDrainStackTargetSize                   = 64                                        {product} {ergonomic}
   size_t InitialHeapSize                          = 534773760                                 {product} {ergonomic}
   size_t MarkStackSize                            = 4194304                                   {product} {ergonomic}
   size_t MaxHeapSize                              = 1610612736                                {product} {command line}
   size_t MaxNewSize                               = 965738496                                 {product} {ergonomic}
   size_t MinHeapDeltaBytes                        = 1048576                                   {product} {ergonomic}
   size_t MinHeapSize                              = 8388608                                   {product} {ergonomic}
    uintx NonNMethodCodeHeapSize                   = 5839372                                {pd product} {ergonomic}
    uintx NonProfiledCodeHeapSize                  = 122909434                              {pd product} {ergonomic}
    uintx ProfiledCodeHeapSize                     = 122909434                              {pd product} {ergonomic}
    uintx ReservedCodeCacheSize                    = 251658240                              {pd product} {ergonomic}
     bool SegmentedCodeCache                       = true                                      {product} {ergonomic}
   size_t SoftMaxHeapSize                          = 1610612736                             {manageable} {ergonomic}
     bool UseCompressedOops                        = true                           {product lp64_product} {ergonomic}
     bool UseG1GC                                  = true                                      {product} {ergonomic}
     bool UseLargePagesIndividualAllocation        = false                                  {pd product} {ergonomic}

Logging:
Log output configuration:
 #0: stdout all=warning uptime,level,tags foldmultilines=false
 #1: stderr all=off uptime,level,tags foldmultilines=false

Release file:
JAVA_VERSION="21.0.12.1" 
MODULES="java.base java.compiler java.datatransfer java.xml java.prefs java.desktop java.instrument java.logging java.management java.security.sasl java.naming java.rmi java.management.rmi java.net.http java.scripting java.security.jgss java.transaction.xa java.sql java.sql.rowset java.xml.crypto java.se java.smartcardio jdk.accessibility jdk.internal.jvmstat jdk.attach jdk.charsets jdk.internal.opt jdk.zipfs jdk.compiler jdk.crypto.ec jdk.crypto.cryptoki jdk.crypto.mscapi jdk.dynalink jdk.internal.ed jdk.editpad jdk.hotspot.agent jdk.httpserver jdk.internal.le jdk.internal.vm.ci jdk.internal.vm.compiler jdk.internal.vm.compiler.management jdk.jartool jdk.javadoc jdk.jcmd jdk.management jdk.management.agent jdk.jconsole jdk.jdeps jdk.jdwp.agent jdk.jdi jdk.jfr jdk.jshell jdk.jsobject jdk.jstatd jdk.localedata jdk.management.jfr jdk.naming.dns jdk.naming.rmi jdk.net jdk.nio.mapmode jdk.random jdk.sctp jdk.security.auth jdk.security.jgss jdk.unsupported jdk.unsupported.desktop jdk.xml.dom" 

Environment Variables:
JAVA_HOME=C:\Users\Dawit.DAWITA\AppData\Local\Java\jdk-21.0.2+13
PATH=C:\Program Files (x86)\VMware\VMware Workstation\bin\;C:\Program Files (x86)\VMware\VMware Player\bin\;C:\Program Files\Common Files\Oracle\Java\javapath;C:\Program Files\Eclipse Adoptium\jdk-17.0.17.10-hotspot\bin;C:\Program Files\Eclipse Adoptium\jdk-21.0.9.10-hotspot\bin;C:\WINDOWS\system32;C:\WINDOWS;C:\WINDOWS\System32\Wbem;C:\WINDOWS\System32\WindowsPowerShell\v1.0\;C:\WINDOWS\System32\OpenSSH\;C:\Program Files\nodejs\;C:\Program Files\PyManager\;C:\Program Files\Git\cmd;C:\Program Files\WSL\;C:\Program Files\Docker\Docker\resources\bin;C:\Users\Dawit.DAWITA\AppData\Local\Java\jdk-21.0.2+13\bin;C:\Users\Dawit.DAWITA\AppData\Local\Microsoft\WindowsApps;C:\Users\Dawit.DAWITA\AppData\Local\Programs\Microsoft VS Code\bin;C:\Program Files\JetBrains\PyCharm Community Edition 2023.1.1\bin;;%USERPROFILE%\AppData\Local\Microsoft\WindowsApps
USERNAME=Dawit
OS=Windows_NT
PROCESSOR_IDENTIFIER=Intel64 Family 6 Model 142 Stepping 12, GenuineIntel
TMP=C:\Users\DAWIT~1.DAW\AppData\Local\Temp
TEMP=C:\Users\DAWIT~1.DAW\AppData\Local\Temp




Periodic native trim disabled

---------------  S Y S T E M  ---------------

OS:
 Windows 11 , 64 bit Build 26100 (10.0.26100.9549)
OS uptime: 0 days 5:28 hours
Hyper-V role detected

CPU: total 8 (initial active 8) (4 cores per cpu, 2 threads per core) family 6 model 142 stepping 12 microcode 0xfc, cx8, cmov, fxsr, ht, mmx, 3dnowpref, sse, sse2, sse3, ssse3, sse4.1, sse4.2, popcnt, lzcnt, tsc, tscinvbit, avx, avx2, aes, erms, clmul, bmi1, bmi2, adx, fma, vzeroupper, clflush, clflushopt, hv, rdtscp, f16c
Processor Information for the first 8 processors :
  Max Mhz: 1992, Current Mhz: 1792, Mhz Limit: 1792

Memory: 4k page, system-wide physical 32615M (164M free)
TotalPageFile size 130919M (AvailPageFile size 1251M)
current process WorkingSet (physical memory assigned to process): 44M, peak: 225M
current process commit charge ("private bytes"): 263M, peak: 677M

vm_info: OpenJDK 64-Bit Server VM (21.0.12.1+1-LTS) for windows-amd64 JRE (21.0.12.1+1-LTS), built on 2026-08-18T00:00:00Z by "admin" with MS VC++ 17.12 (VS2022)

END.
