#
# There is insufficient memory for the Java Runtime Environment to continue.
# Native memory allocation (malloc) failed to allocate 1142432 bytes. Error detail: Chunk::new
# Possible reasons:
#   The system is out of physical RAM or swap space
#   This process is running with CompressedOops enabled, and the Java Heap may be blocking the growth of the native heap
# Possible solutions:
#   Reduce memory load on the system
#   Increase physical memory or swap space
#   Check if swap backing store is full
#   Decrease Java heap size (-Xmx/-Xms)
#   Decrease number of Java threads
#   Decrease Java thread stack sizes (-Xss)
#   Set larger code cache with -XX:ReservedCodeCacheSize=
#   JVM is running with Unscaled Compressed Oops mode in which the Java heap is
#     placed in the first 4GB address space. The Java Heap base address is the
#     maximum limit for the native heap growth. Please use -XX:HeapBaseMinAddress
#     to set the Java Heap base and to place the Java Heap above 4GB virtual address.
# This output file may be truncated or incomplete.
#
#  Out of Memory Error (arena.cpp:168), pid=35180, tid=60680
#
# JRE version: OpenJDK Runtime Environment Temurin-21.0.12.1+1 (21.0.12.1+1) (build 21.0.12.1+1-LTS)
# Java VM: OpenJDK 64-Bit Server VM Temurin-21.0.12.1+1 (21.0.12.1+1-LTS, mixed mode, sharing, tiered, compressed oops, compressed class ptrs, g1 gc, windows-amd64)
# No core dump will be written. Minidumps are not enabled by default on client versions of Windows
#

---------------  S U M M A R Y ------------

Command Line: --add-opens=java.base/java.lang=ALL-UNNAMED --add-opens=java.base/java.lang.invoke=ALL-UNNAMED --add-opens=java.base/java.util=ALL-UNNAMED --add-opens=java.prefs/java.util.prefs=ALL-UNNAMED --add-exports=jdk.compiler/com.sun.tools.javac.api=ALL-UNNAMED --add-exports=jdk.compiler/com.sun.tools.javac.util=ALL-UNNAMED --add-opens=java.base/java.util=ALL-UNNAMED --add-opens=java.prefs/java.util.prefs=ALL-UNNAMED --add-opens=java.base/java.nio.charset=ALL-UNNAMED --add-opens=java.base/java.net=ALL-UNNAMED --add-opens=java.base/java.util.concurrent.atomic=ALL-UNNAMED --add-opens=java.xml/javax.xml.namespace=ALL-UNNAMED -Xmx1536m -Dfile.encoding=UTF-8 -Duser.country=US -Duser.language=en -Duser.variant -javaagent:C:\Users\Dawit.DAWITA\.gradle\wrapper\dists\gradle-8.11.1-all\2qik7nd48slq1ooc2496ixf4i\gradle-8.11.1\lib\agents\gradle-instrumentation-agent-8.11.1.jar org.gradle.launcher.daemon.bootstrap.GradleDaemon 8.11.1

Host: Intel(R) Core(TM) i7-8565U CPU @ 1.80GHz, 8 cores, 31G,  Windows 11 , 64 bit Build 26100 (10.0.26100.9549)
Time: Wed Oct  7 14:16:53 2026 E. Africa Standard Time elapsed time: 6335.883582 seconds (0d 1h 45m 35s)

---------------  T H R E A D  ---------------

Current thread (0x000001c17386bd30):  JavaThread "C2 CompilerThread0" daemon [_thread_in_native, id=60680, stack(0x0000006374b00000,0x0000006374c00000) (1024K)]


Current CompileTask:
C2:6335884 8979       4       org.gradle.cache.internal.DefaultFileLockManager$DefaultFileLock$1::run (252 bytes)

Stack: [0x0000006374b00000,0x0000006374c00000]
Native frames: (J=compiled Java code, j=interpreted, Vv=VM code, C=native code)
V  [jvm.dll+0x6d83e9]
V  [jvm.dll+0x8b5736]
V  [jvm.dll+0x8b7cee]
V  [jvm.dll+0x8b83d3]
V  [jvm.dll+0x284596]
V  [jvm.dll+0xc685d]
V  [jvm.dll+0xc6da1]
V  [jvm.dll+0x3bf18b]
V  [jvm.dll+0x38b6d2]
V  [jvm.dll+0x38ab1a]
V  [jvm.dll+0x24c700]
V  [jvm.dll+0x24bce0]
V  [jvm.dll+0x1cb4ae]
V  [jvm.dll+0x25baad]
V  [jvm.dll+0x25a03a]
V  [jvm.dll+0x3f8aae]
V  [jvm.dll+0x8600cd]
V  [jvm.dll+0x6d6c1d]
C  [ucrtbase.dll+0x2cd30]
C  [KERNEL32.DLL+0x2cdf7]
C  [ntdll.dll+0x7ee4c]


---------------  P R O C E S S  ---------------

Threads class SMR info:
_java_thread_list=0x000001c179b53860, length=62, elements={
0x000001c15a8ff410, 0x000001c173864170, 0x000001c1738658f0, 0x000001c173869080,
0x000001c173869ae0, 0x000001c17386a540, 0x000001c17386afa0, 0x000001c17386bd30,
0x000001c173872f40, 0x000001c173a4bd60, 0x000001c173a940e0, 0x000001c17924d2a0,
0x000001c17809f210, 0x000001c173ac78d0, 0x000001c178b8cfe0, 0x000001c178b8d650,
0x000001c179630d40, 0x000001c173925240, 0x000001c173921dc0, 0x000001c173924bb0,
0x000001c173923e90, 0x000001c173922450, 0x000001c173922ae0, 0x000001c173923800,
0x000001c17a33ec70, 0x000001c17a3406b0, 0x000001c17a340d40, 0x000001c17a3413d0,
0x000001c17a33f990, 0x000001c17a33df50, 0x000001c17a33f300, 0x000001c17a340020,
0x000001c17a341a60, 0x000001c17a343b30, 0x000001c17a342780, 0x000001c17a3441c0,
0x000001c17a344850, 0x000001c17a344ee0, 0x000001c17a345570, 0x000001c17a9cf940,
0x000001c17a9d0cf0, 0x000001c17a9cf2b0, 0x000001c17a9cec20, 0x000001c17a9d0660,
0x000001c17a9cffd0, 0x000001c17a9d1380, 0x000001c17a9cdf00, 0x000001c17a9d1a10,
0x000001c17a9ce590, 0x000001c17a9d2dc0, 0x000001c17a9d4170, 0x000001c17a9d20a0,
0x000001c17a9d3ae0, 0x000001c17a9d4e90, 0x000001c17a9d2730, 0x000001c17a9d3450,
0x000001c179adc980, 0x000001c179adf770, 0x000001c179adfe00, 0x000001c179ae0490,
0x000001c179ae0b20, 0x000001c179add6a0
}

Java Threads: ( => current thread )
  0x000001c15a8ff410 JavaThread "main"                              [_thread_blocked, id=63744, stack(0x0000006373d00000,0x0000006373e00000) (1024K)]
  0x000001c173864170 JavaThread "Reference Handler"          daemon [_thread_blocked, id=4824, stack(0x0000006374500000,0x0000006374600000) (1024K)]
  0x000001c1738658f0 JavaThread "Finalizer"                  daemon [_thread_blocked, id=64404, stack(0x0000006374600000,0x0000006374700000) (1024K)]
  0x000001c173869080 JavaThread "Signal Dispatcher"          daemon [_thread_blocked, id=63248, stack(0x0000006374700000,0x0000006374800000) (1024K)]
  0x000001c173869ae0 JavaThread "Attach Listener"            daemon [_thread_blocked, id=61520, stack(0x0000006374800000,0x0000006374900000) (1024K)]
  0x000001c17386a540 JavaThread "Service Thread"             daemon [_thread_blocked, id=62544, stack(0x0000006374900000,0x0000006374a00000) (1024K)]
  0x000001c17386afa0 JavaThread "Monitor Deflation Thread"   daemon [_thread_blocked, id=13956, stack(0x0000006374a00000,0x0000006374b00000) (1024K)]
=>0x000001c17386bd30 JavaThread "C2 CompilerThread0"         daemon [_thread_in_native, id=60680, stack(0x0000006374b00000,0x0000006374c00000) (1024K)]
  0x000001c173872f40 JavaThread "C1 CompilerThread0"         daemon [_thread_blocked, id=64408, stack(0x0000006374c00000,0x0000006374d00000) (1024K)]
  0x000001c173a4bd60 JavaThread "Common-Cleaner"             daemon [_thread_blocked, id=64732, stack(0x0000006374d00000,0x0000006374e00000) (1024K)]
  0x000001c173a940e0 JavaThread "Notification Thread"        daemon [_thread_blocked, id=64980, stack(0x0000006374e00000,0x0000006374f00000) (1024K)]
  0x000001c17924d2a0 JavaThread "Daemon health stats"               [_thread_blocked, id=66324, stack(0x0000006375600000,0x0000006375700000) (1024K)]
  0x000001c17809f210 JavaThread "Incoming local TCP Connector on port 50863"        [_thread_in_native, id=69412, stack(0x0000006375700000,0x0000006375800000) (1024K)]
  0x000001c173ac78d0 JavaThread "Daemon periodic checks"            [_thread_blocked, id=12028, stack(0x0000006375800000,0x0000006375900000) (1024K)]
  0x000001c178b8cfe0 JavaThread "Daemon"                            [_thread_blocked, id=69748, stack(0x0000006375900000,0x0000006375a00000) (1024K)]
  0x000001c178b8d650 JavaThread "Handler for socket connection from /127.0.0.1:50863 to /127.0.0.1:50866"        [_thread_in_native, id=69776, stack(0x0000006375a00000,0x0000006375b00000) (1024K)]
  0x000001c179630d40 JavaThread "Cancel handler"                    [_thread_blocked, id=70388, stack(0x0000006375b00000,0x0000006375c00000) (1024K)]
  0x000001c173925240 JavaThread "Daemon worker"                     [_thread_blocked, id=70396, stack(0x0000006375c00000,0x0000006375d00000) (1024K)]
  0x000001c173921dc0 JavaThread "Asynchronous log dispatcher for DefaultDaemonConnection: socket connection from /127.0.0.1:50863 to /127.0.0.1:50866"        [_thread_blocked, id=70400, stack(0x0000006375d00000,0x0000006375e00000) (1024K)]
  0x000001c173924bb0 JavaThread "Stdin handler"                     [_thread_blocked, id=70404, stack(0x0000006375e00000,0x0000006375f00000) (1024K)]
  0x000001c173923e90 JavaThread "Daemon client event forwarder"        [_thread_blocked, id=70412, stack(0x0000006375f00000,0x0000006376000000) (1024K)]
  0x000001c173922450 JavaThread "Cache worker for journal cache (C:\Users\Dawit.DAWITA\.gradle\caches\journal-1)"        [_thread_blocked, id=69280, stack(0x0000006376000000,0x0000006376100000) (1024K)]
  0x000001c173922ae0 JavaThread "File lock request listener"        [_thread_in_native, id=68296, stack(0x0000006376100000,0x0000006376200000) (1024K)]
  0x000001c173923800 JavaThread "Cache worker for file hash cache (C:\Users\Dawit.DAWITA\.gradle\caches\8.11.1\fileHashes)"        [_thread_blocked, id=58732, stack(0x0000006376300000,0x0000006376400000) (1024K)]
  0x000001c17a33ec70 JavaThread "Cache worker for file content cache (C:\Users\Dawit.DAWITA\.gradle\caches\8.11.1\fileContent)"        [_thread_blocked, id=73144, stack(0x0000006376400000,0x0000006376500000) (1024K)]
  0x000001c17a3406b0 JavaThread "Cache worker for file hash cache (C:\Users\Dawit.DAWITA\Documents\AfroLife_Agency_improved\afrolife\android\.gradle\8.11.1\fileHashes)"        [_thread_blocked, id=73328, stack(0x0000006376600000,0x0000006376700000) (1024K)]
  0x000001c17a340d40 JavaThread "Cache worker for Build Output Cleanup Cache (C:\Users\Dawit.DAWITA\Documents\AfroLife_Agency_improved\afrolife\android\.gradle\buildOutputCleanup)"        [_thread_blocked, id=73636, stack(0x0000006376700000,0x0000006376800000) (1024K)]
  0x000001c17a3413d0 JavaThread "File watcher server"        daemon [_thread_in_native, id=69348, stack(0x0000006373c00000,0x0000006373d00000) (1024K)]
  0x000001c17a33f990 JavaThread "File watcher consumer"      daemon [_thread_blocked, id=62632, stack(0x0000006373b00000,0x0000006373c00000) (1024K)]
  0x000001c17a33df50 JavaThread "Cache worker for checksums cache (C:\Users\Dawit.DAWITA\Documents\AfroLife_Agency_improved\afrolife\android\.gradle\8.11.1\checksums)"        [_thread_blocked, id=73060, stack(0x0000006376800000,0x0000006376900000) (1024K)]
  0x000001c17a33f300 JavaThread "Cache worker for cache directory md-rule (C:\Users\Dawit.DAWITA\.gradle\caches\8.11.1\md-rule)"        [_thread_blocked, id=73316, stack(0x0000006376900000,0x0000006376a00000) (1024K)]
  0x000001c17a340020 JavaThread "Cache worker for cache directory md-supplier (C:\Users\Dawit.DAWITA\.gradle\caches\8.11.1\md-supplier)"        [_thread_blocked, id=70720, stack(0x0000006376a00000,0x0000006376b00000) (1024K)]
  0x000001c17a341a60 JavaThread "jar transforms"                    [_thread_blocked, id=18264, stack(0x0000006376d00000,0x0000006376e00000) (1024K)]
  0x000001c17a343b30 JavaThread "jar transforms Thread 2"           [_thread_blocked, id=54408, stack(0x0000006376b00000,0x0000006376c00000) (1024K)]
  0x000001c17a342780 JavaThread "jar transforms Thread 3"           [_thread_blocked, id=71688, stack(0x0000006376c00000,0x0000006376d00000) (1024K)]
  0x000001c17a3441c0 JavaThread "jar transforms Thread 4"           [_thread_blocked, id=72192, stack(0x0000006376200000,0x0000006376300000) (1024K)]
  0x000001c17a344850 JavaThread "jar transforms Thread 5"           [_thread_blocked, id=36148, stack(0x0000006376f00000,0x0000006377000000) (1024K)]
  0x000001c17a344ee0 JavaThread "jar transforms Thread 6"           [_thread_blocked, id=12104, stack(0x0000006376e00000,0x0000006376f00000) (1024K)]
  0x000001c17a345570 JavaThread "jar transforms Thread 7"           [_thread_blocked, id=9316, stack(0x0000006377100000,0x0000006377200000) (1024K)]
  0x000001c17a9cf940 JavaThread "Unconstrained build operations"        [_thread_blocked, id=13504, stack(0x0000006377200000,0x0000006377300000) (1024K)]
  0x000001c17a9d0cf0 JavaThread "Unconstrained build operations Thread 2"        [_thread_blocked, id=54228, stack(0x0000006377300000,0x0000006377400000) (1024K)]
  0x000001c17a9cf2b0 JavaThread "Unconstrained build operations Thread 3"        [_thread_blocked, id=66920, stack(0x0000006377400000,0x0000006377500000) (1024K)]
  0x000001c17a9cec20 JavaThread "Unconstrained build operations Thread 4"        [_thread_blocked, id=56108, stack(0x0000006377500000,0x0000006377600000) (1024K)]
  0x000001c17a9d0660 JavaThread "Unconstrained build operations Thread 5"        [_thread_blocked, id=76864, stack(0x0000006377600000,0x0000006377700000) (1024K)]
  0x000001c17a9cffd0 JavaThread "Unconstrained build operations Thread 6"        [_thread_blocked, id=71220, stack(0x0000006377700000,0x0000006377800000) (1024K)]
  0x000001c17a9d1380 JavaThread "Unconstrained build operations Thread 7"        [_thread_blocked, id=77468, stack(0x0000006377800000,0x0000006377900000) (1024K)]
  0x000001c17a9cdf00 JavaThread "Unconstrained build operations Thread 8"        [_thread_blocked, id=73812, stack(0x0000006377a00000,0x0000006377b00000) (1024K)]
  0x000001c17a9d1a10 JavaThread "Unconstrained build operations Thread 9"        [_thread_blocked, id=48648, stack(0x0000006377b00000,0x0000006377c00000) (1024K)]
  0x000001c17a9ce590 JavaThread "Unconstrained build operations Thread 10"        [_thread_blocked, id=70960, stack(0x0000006377c00000,0x0000006377d00000) (1024K)]
  0x000001c17a9d2dc0 JavaThread "Unconstrained build operations Thread 11"        [_thread_blocked, id=37760, stack(0x0000006377d00000,0x0000006377e00000) (1024K)]
  0x000001c17a9d4170 JavaThread "Unconstrained build operations Thread 12"        [_thread_blocked, id=74632, stack(0x0000006377e00000,0x0000006377f00000) (1024K)]
  0x000001c17a9d20a0 JavaThread "Unconstrained build operations Thread 13"        [_thread_blocked, id=75176, stack(0x0000006377f00000,0x0000006378000000) (1024K)]
  0x000001c17a9d3ae0 JavaThread "Unconstrained build operations Thread 14"        [_thread_blocked, id=76832, stack(0x0000006378000000,0x0000006378100000) (1024K)]
  0x000001c17a9d4e90 JavaThread "Unconstrained build operations Thread 15"        [_thread_blocked, id=72332, stack(0x0000006377900000,0x0000006377a00000) (1024K)]
  0x000001c17a9d2730 JavaThread "Unconstrained build operations Thread 16"        [_thread_blocked, id=72116, stack(0x0000006378100000,0x0000006378200000) (1024K)]
  0x000001c17a9d3450 JavaThread "Unconstrained build operations Thread 17"        [_thread_blocked, id=70356, stack(0x0000006378200000,0x0000006378300000) (1024K)]
  0x000001c179adc980 JavaThread "Unconstrained build operations Thread 18"        [_thread_blocked, id=72244, stack(0x0000006378300000,0x0000006378400000) (1024K)]
  0x000001c179adf770 JavaThread "Unconstrained build operations Thread 19"        [_thread_blocked, id=65656, stack(0x0000006378400000,0x0000006378500000) (1024K)]
  0x000001c179adfe00 JavaThread "Unconstrained build operations Thread 20"        [_thread_blocked, id=73992, stack(0x0000006378500000,0x0000006378600000) (1024K)]
  0x000001c179ae0490 JavaThread "Unconstrained build operations Thread 21"        [_thread_blocked, id=27388, stack(0x0000006378600000,0x0000006378700000) (1024K)]
  0x000001c179ae0b20 JavaThread "jar transforms Thread 8"           [_thread_blocked, id=87208, stack(0x0000006378700000,0x0000006378800000) (1024K)]
  0x000001c179add6a0 JavaThread "File lock release action executor Thread 9"        [_thread_blocked, id=53772, stack(0x0000006377000000,0x0000006377100000) (1024K)]
Total: 62

Other Threads:
  0x000001c17375eba0 VMThread "VM Thread"                           [id=31272, stack(0x0000006374400000,0x0000006374500000) (1024K)]
  0x000001c17383c0c0 WatcherThread "VM Periodic Task Thread"        [id=63932, stack(0x0000006374300000,0x0000006374400000) (1024K)]
  0x000001c15a947d80 WorkerThread "GC Thread#0"                     [id=21056, stack(0x0000006373e00000,0x0000006373f00000) (1024K)]
  0x000001c17822cd10 WorkerThread "GC Thread#1"                     [id=64652, stack(0x0000006374f00000,0x0000006375000000) (1024K)]
  0x000001c1781cb760 WorkerThread "GC Thread#2"                     [id=64648, stack(0x0000006375000000,0x0000006375100000) (1024K)]
  0x000001c17823d120 WorkerThread "GC Thread#3"                     [id=63120, stack(0x0000006375100000,0x0000006375200000) (1024K)]
  0x000001c1781cf870 WorkerThread "GC Thread#4"                     [id=21316, stack(0x0000006375200000,0x0000006375300000) (1024K)]
  0x000001c17823d4d0 WorkerThread "GC Thread#5"                     [id=64884, stack(0x0000006375300000,0x0000006375400000) (1024K)]
  0x000001c17823d880 WorkerThread "GC Thread#6"                     [id=25684, stack(0x0000006375400000,0x0000006375500000) (1024K)]
  0x000001c17823dc30 WorkerThread "GC Thread#7"                     [id=8624, stack(0x0000006375500000,0x0000006375600000) (1024K)]
  0x000001c15a954c80 ConcurrentGCThread "G1 Main Marker"            [id=63748, stack(0x0000006373f00000,0x0000006374000000) (1024K)]
  0x000001c15a9556a0 WorkerThread "G1 Conc#0"                       [id=63544, stack(0x0000006374000000,0x0000006374100000) (1024K)]
  0x000001c1788cddb0 WorkerThread "G1 Conc#1"                       [id=73280, stack(0x0000006376500000,0x0000006376600000) (1024K)]
  0x000001c173700460 ConcurrentGCThread "G1 Refine#0"               [id=57904, stack(0x0000006374100000,0x0000006374200000) (1024K)]
  0x000001c173700df0 ConcurrentGCThread "G1 Service"                [id=41552, stack(0x0000006374200000,0x0000006374300000) (1024K)]
Total: 15

Threads with active compile tasks:
C2 CompilerThread0  6335974 8979       4       org.gradle.cache.internal.DefaultFileLockManager$DefaultFileLock$1::run (252 bytes)
Total: 1

VM state: not at safepoint (normal execution)

VM Mutex/Monitor currently owned by a thread: None

Heap address: 0x00000000a0000000, size: 1536 MB, Compressed Oops mode: 32-bit

CDS archive(s) mapped at: [0x000001c100000000-0x000001c100ba0000-0x000001c100ba0000), size 12189696, SharedBaseAddress: 0x000001c100000000, ArchiveRelocationMode: 1.
Compressed class space mapped at: 0x000001c101000000-0x000001c141000000, reserved size: 1073741824
Narrow klass base: 0x000001c100000000, Narrow klass shift: 0, Narrow klass range: 0x100000000

GC Precious Log:
 CardTable entry size: 512
 Card Set container configuration: InlinePtr #cards 5 size 8 Array Of Cards #cards 12 size 40 Howl #buckets 4 coarsen threshold 1843 Howl Bitmap #cards 512 size 80 coarsen threshold 460 Card regions per heap region 1 cards per card region 2048
 CPUs: 8 total, 8 available
 Memory: 32615M
 Large Page Support: Disabled
 NUMA Support: Disabled
 Compressed Oops: Enabled (32-bit)
 Heap Region Size: 1M
 Heap Min Capacity: 8M
 Heap Initial Capacity: 510M
 Heap Max Capacity: 1536M
 Pre-touch: Disabled
 Parallel Workers: 8
 Concurrent Workers: 2
 Concurrent Refinement Workers: 8
 Periodic GC: Disabled

Heap:
 garbage-first heap   total 104448K, used 77870K [0x00000000a0000000, 0x0000000100000000)
  region size 1024K, 31 young (31744K), 7 survivors (7168K)
 Metaspace       used 48952K, committed 52032K, reserved 1114112K
  class space    used 6827K, committed 8000K, reserved 1048576K

Heap Regions: E=young(eden), S=young(survivor), O=old, HS=humongous(starts), HC=humongous(continues), CS=collection set, F=free, TAMS=top-at-mark-start, PB=parsable bottom
|   0|0x00000000a0000000, 0x00000000a0100000, 0x00000000a0100000|100%| O|  |TAMS 0x00000000a0000000| PB 0x00000000a0000000| Untracked 
|   1|0x00000000a0100000, 0x00000000a0200000, 0x00000000a0200000|100%|HS|  |TAMS 0x00000000a0100000| PB 0x00000000a0100000| Complete 
|   2|0x00000000a0200000, 0x00000000a0300000, 0x00000000a0300000|100%|HC|  |TAMS 0x00000000a0200000| PB 0x00000000a0200000| Complete 
|   3|0x00000000a0300000, 0x00000000a0400000, 0x00000000a0400000|100%|HC|  |TAMS 0x00000000a0300000| PB 0x00000000a0300000| Complete 
|   4|0x00000000a0400000, 0x00000000a0500000, 0x00000000a0500000|100%| O|  |TAMS 0x00000000a0400000| PB 0x00000000a0400000| Untracked 
|   5|0x00000000a0500000, 0x00000000a0600000, 0x00000000a0600000|100%| O|  |TAMS 0x00000000a0500000| PB 0x00000000a0500000| Untracked 
|   6|0x00000000a0600000, 0x00000000a0700000, 0x00000000a0700000|100%| O|  |TAMS 0x00000000a0600000| PB 0x00000000a0600000| Untracked 
|   7|0x00000000a0700000, 0x00000000a0800000, 0x00000000a0800000|100%|HS|  |TAMS 0x00000000a0700000| PB 0x00000000a0700000| Complete 
|   8|0x00000000a0800000, 0x00000000a0900000, 0x00000000a0900000|100%| O|  |TAMS 0x00000000a0800000| PB 0x00000000a0800000| Untracked 
|   9|0x00000000a0900000, 0x00000000a0a00000, 0x00000000a0a00000|100%| O|  |TAMS 0x00000000a0900000| PB 0x00000000a0900000| Untracked 
|  10|0x00000000a0a00000, 0x00000000a0b00000, 0x00000000a0b00000|100%| O|  |TAMS 0x00000000a0a00000| PB 0x00000000a0a00000| Untracked 
|  11|0x00000000a0b00000, 0x00000000a0c00000, 0x00000000a0c00000|100%| O|  |TAMS 0x00000000a0b00000| PB 0x00000000a0b00000| Untracked 
|  12|0x00000000a0c00000, 0x00000000a0d00000, 0x00000000a0d00000|100%| O|  |TAMS 0x00000000a0c00000| PB 0x00000000a0c00000| Untracked 
|  13|0x00000000a0d00000, 0x00000000a0e00000, 0x00000000a0e00000|100%| O|  |TAMS 0x00000000a0d00000| PB 0x00000000a0d00000| Untracked 
|  14|0x00000000a0e00000, 0x00000000a0f00000, 0x00000000a0f00000|100%| O|  |TAMS 0x00000000a0e00000| PB 0x00000000a0e00000| Untracked 
|  15|0x00000000a0f00000, 0x00000000a1000000, 0x00000000a1000000|100%| O|  |TAMS 0x00000000a0f00000| PB 0x00000000a0f00000| Untracked 
|  16|0x00000000a1000000, 0x00000000a1100000, 0x00000000a1100000|100%| O|  |TAMS 0x00000000a1000000| PB 0x00000000a1000000| Untracked 
|  17|0x00000000a1100000, 0x00000000a1200000, 0x00000000a1200000|100%| O|  |TAMS 0x00000000a1100000| PB 0x00000000a1100000| Untracked 
|  18|0x00000000a1200000, 0x00000000a1300000, 0x00000000a1300000|100%| O|  |TAMS 0x00000000a1200000| PB 0x00000000a1200000| Untracked 
|  19|0x00000000a1300000, 0x00000000a1400000, 0x00000000a1400000|100%| O|  |TAMS 0x00000000a1300000| PB 0x00000000a1300000| Untracked 
|  20|0x00000000a1400000, 0x00000000a1500000, 0x00000000a1500000|100%| O|  |TAMS 0x00000000a1400000| PB 0x00000000a1400000| Untracked 
|  21|0x00000000a1500000, 0x00000000a1600000, 0x00000000a1600000|100%| O|  |TAMS 0x00000000a1500000| PB 0x00000000a1500000| Untracked 
|  22|0x00000000a1600000, 0x00000000a1700000, 0x00000000a1700000|100%| O|  |TAMS 0x00000000a1600000| PB 0x00000000a1600000| Untracked 
|  23|0x00000000a1700000, 0x00000000a1800000, 0x00000000a1800000|100%| O|  |TAMS 0x00000000a1700000| PB 0x00000000a1700000| Untracked 
|  24|0x00000000a1800000, 0x00000000a1900000, 0x00000000a1900000|100%| O|Cm|TAMS 0x00000000a1800000| PB 0x00000000a1800000| Complete 
|  25|0x00000000a1900000, 0x00000000a1a00000, 0x00000000a1a00000|100%| O|Cm|TAMS 0x00000000a1900000| PB 0x00000000a1900000| Complete 
|  26|0x00000000a1a00000, 0x00000000a1b00000, 0x00000000a1b00000|100%| O|  |TAMS 0x00000000a1a00000| PB 0x00000000a1a00000| Untracked 
|  27|0x00000000a1b00000, 0x00000000a1c00000, 0x00000000a1c00000|100%| O|Cm|TAMS 0x00000000a1b00000| PB 0x00000000a1b00000| Complete 
|  28|0x00000000a1c00000, 0x00000000a1d00000, 0x00000000a1d00000|100%| O|  |TAMS 0x00000000a1c00000| PB 0x00000000a1c00000| Untracked 
|  29|0x00000000a1d00000, 0x00000000a1e00000, 0x00000000a1e00000|100%| O|  |TAMS 0x00000000a1d00000| PB 0x00000000a1d00000| Untracked 
|  30|0x00000000a1e00000, 0x00000000a1f00000, 0x00000000a1f00000|100%| O|  |TAMS 0x00000000a1e00000| PB 0x00000000a1e00000| Untracked 
|  31|0x00000000a1f00000, 0x00000000a2000000, 0x00000000a2000000|100%| O|  |TAMS 0x00000000a1f00000| PB 0x00000000a1f00000| Untracked 
|  32|0x00000000a2000000, 0x00000000a2100000, 0x00000000a2100000|100%| O|  |TAMS 0x00000000a2000000| PB 0x00000000a2000000| Untracked 
|  33|0x00000000a2100000, 0x00000000a2200000, 0x00000000a2200000|100%|HS|  |TAMS 0x00000000a2100000| PB 0x00000000a2100000| Complete 
|  34|0x00000000a2200000, 0x00000000a2300000, 0x00000000a2300000|100%|HS|  |TAMS 0x00000000a2200000| PB 0x00000000a2200000| Complete 
|  35|0x00000000a2300000, 0x00000000a2400000, 0x00000000a2400000|100%|HS|  |TAMS 0x00000000a2300000| PB 0x00000000a2300000| Complete 
|  36|0x00000000a2400000, 0x00000000a2500000, 0x00000000a2500000|100%|HS|  |TAMS 0x00000000a2400000| PB 0x00000000a2400000| Complete 
|  37|0x00000000a2500000, 0x00000000a2600000, 0x00000000a2600000|100%|HS|  |TAMS 0x00000000a2500000| PB 0x00000000a2500000| Complete 
|  38|0x00000000a2600000, 0x00000000a2600000, 0x00000000a2700000|  0%| F|  |TAMS 0x00000000a2600000| PB 0x00000000a2600000| Untracked 
|  39|0x00000000a2700000, 0x00000000a2700000, 0x00000000a2800000|  0%| F|  |TAMS 0x00000000a2700000| PB 0x00000000a2700000| Untracked 
|  40|0x00000000a2800000, 0x00000000a2900000, 0x00000000a2900000|100%| O|  |TAMS 0x00000000a2800000| PB 0x00000000a2800000| Untracked 
|  41|0x00000000a2900000, 0x00000000a2a00000, 0x00000000a2a00000|100%| O|  |TAMS 0x00000000a2900000| PB 0x00000000a2900000| Untracked 
|  42|0x00000000a2a00000, 0x00000000a2b00000, 0x00000000a2b00000|100%| O|  |TAMS 0x00000000a2a00000| PB 0x00000000a2a00000| Untracked 
|  43|0x00000000a2b00000, 0x00000000a2c00000, 0x00000000a2c00000|100%| O|  |TAMS 0x00000000a2b00000| PB 0x00000000a2b00000| Untracked 
|  44|0x00000000a2c00000, 0x00000000a2d00000, 0x00000000a2d00000|100%| O|  |TAMS 0x00000000a2c00000| PB 0x00000000a2c00000| Untracked 
|  45|0x00000000a2d00000, 0x00000000a2e00000, 0x00000000a2e00000|100%| O|  |TAMS 0x00000000a2d00000| PB 0x00000000a2d00000| Untracked 
|  46|0x00000000a2e00000, 0x00000000a2e1f660, 0x00000000a2f00000| 12%| O|  |TAMS 0x00000000a2e00000| PB 0x00000000a2e00000| Untracked 
|  47|0x00000000a2f00000, 0x00000000a2f00000, 0x00000000a3000000|  0%| F|  |TAMS 0x00000000a2f00000| PB 0x00000000a2f00000| Untracked 
|  48|0x00000000a3000000, 0x00000000a3000000, 0x00000000a3100000|  0%| F|  |TAMS 0x00000000a3000000| PB 0x00000000a3000000| Untracked 
|  49|0x00000000a3100000, 0x00000000a3100000, 0x00000000a3200000|  0%| F|  |TAMS 0x00000000a3100000| PB 0x00000000a3100000| Untracked 
|  50|0x00000000a3200000, 0x00000000a3200000, 0x00000000a3300000|  0%| F|  |TAMS 0x00000000a3200000| PB 0x00000000a3200000| Untracked 
|  51|0x00000000a3300000, 0x00000000a3300000, 0x00000000a3400000|  0%| F|  |TAMS 0x00000000a3300000| PB 0x00000000a3300000| Untracked 
|  52|0x00000000a3400000, 0x00000000a3400000, 0x00000000a3500000|  0%| F|  |TAMS 0x00000000a3400000| PB 0x00000000a3400000| Untracked 
|  53|0x00000000a3500000, 0x00000000a3500000, 0x00000000a3600000|  0%| F|  |TAMS 0x00000000a3500000| PB 0x00000000a3500000| Untracked 
|  54|0x00000000a3600000, 0x00000000a3600000, 0x00000000a3700000|  0%| F|  |TAMS 0x00000000a3600000| PB 0x00000000a3600000| Untracked 
|  55|0x00000000a3700000, 0x00000000a3700000, 0x00000000a3800000|  0%| F|  |TAMS 0x00000000a3700000| PB 0x00000000a3700000| Untracked 
|  56|0x00000000a3800000, 0x00000000a3800000, 0x00000000a3900000|  0%| F|  |TAMS 0x00000000a3800000| PB 0x00000000a3800000| Untracked 
|  57|0x00000000a3900000, 0x00000000a3900000, 0x00000000a3a00000|  0%| F|  |TAMS 0x00000000a3900000| PB 0x00000000a3900000| Untracked 
|  58|0x00000000a3a00000, 0x00000000a3a00000, 0x00000000a3b00000|  0%| F|  |TAMS 0x00000000a3a00000| PB 0x00000000a3a00000| Untracked 
|  59|0x00000000a3b00000, 0x00000000a3b00000, 0x00000000a3c00000|  0%| F|  |TAMS 0x00000000a3b00000| PB 0x00000000a3b00000| Untracked 
|  60|0x00000000a3c00000, 0x00000000a3c00000, 0x00000000a3d00000|  0%| F|  |TAMS 0x00000000a3c00000| PB 0x00000000a3c00000| Untracked 
|  61|0x00000000a3d00000, 0x00000000a3d00000, 0x00000000a3e00000|  0%| F|  |TAMS 0x00000000a3d00000| PB 0x00000000a3d00000| Untracked 
|  62|0x00000000a3e00000, 0x00000000a3e00000, 0x00000000a3f00000|  0%| F|  |TAMS 0x00000000a3e00000| PB 0x00000000a3e00000| Untracked 
|  63|0x00000000a3f00000, 0x00000000a3f00000, 0x00000000a4000000|  0%| F|  |TAMS 0x00000000a3f00000| PB 0x00000000a3f00000| Untracked 
|  64|0x00000000a4000000, 0x00000000a4000000, 0x00000000a4100000|  0%| F|  |TAMS 0x00000000a4000000| PB 0x00000000a4000000| Untracked 
|  65|0x00000000a4100000, 0x00000000a4100000, 0x00000000a4200000|  0%| F|  |TAMS 0x00000000a4100000| PB 0x00000000a4100000| Untracked 
|  66|0x00000000a4200000, 0x00000000a4200000, 0x00000000a4300000|  0%| F|  |TAMS 0x00000000a4200000| PB 0x00000000a4200000| Untracked 
|  67|0x00000000a4300000, 0x00000000a4300000, 0x00000000a4400000|  0%| F|  |TAMS 0x00000000a4300000| PB 0x00000000a4300000| Untracked 
|  68|0x00000000a4400000, 0x00000000a4400000, 0x00000000a4500000|  0%| F|  |TAMS 0x00000000a4400000| PB 0x00000000a4400000| Untracked 
|  69|0x00000000a4500000, 0x00000000a45d42a8, 0x00000000a4600000| 82%| E|  |TAMS 0x00000000a4500000| PB 0x00000000a4500000| Complete 
|  70|0x00000000a4600000, 0x00000000a4700000, 0x00000000a4700000|100%| E|CS|TAMS 0x00000000a4600000| PB 0x00000000a4600000| Complete 
|  71|0x00000000a4700000, 0x00000000a4800000, 0x00000000a4800000|100%| E|CS|TAMS 0x00000000a4700000| PB 0x00000000a4700000| Complete 
|  72|0x00000000a4800000, 0x00000000a4900000, 0x00000000a4900000|100%| E|CS|TAMS 0x00000000a4800000| PB 0x00000000a4800000| Complete 
|  73|0x00000000a4900000, 0x00000000a4a00000, 0x00000000a4a00000|100%| E|CS|TAMS 0x00000000a4900000| PB 0x00000000a4900000| Complete 
|  74|0x00000000a4a00000, 0x00000000a4b00000, 0x00000000a4b00000|100%| E|CS|TAMS 0x00000000a4a00000| PB 0x00000000a4a00000| Complete 
|  75|0x00000000a4b00000, 0x00000000a4c00000, 0x00000000a4c00000|100%| E|CS|TAMS 0x00000000a4b00000| PB 0x00000000a4b00000| Complete 
|  76|0x00000000a4c00000, 0x00000000a4d00000, 0x00000000a4d00000|100%| E|CS|TAMS 0x00000000a4c00000| PB 0x00000000a4c00000| Complete 
|  77|0x00000000a4d00000, 0x00000000a4e00000, 0x00000000a4e00000|100%| E|CS|TAMS 0x00000000a4d00000| PB 0x00000000a4d00000| Complete 
|  78|0x00000000a4e00000, 0x00000000a4f00000, 0x00000000a4f00000|100%| E|CS|TAMS 0x00000000a4e00000| PB 0x00000000a4e00000| Complete 
|  79|0x00000000a4f00000, 0x00000000a5000000, 0x00000000a5000000|100%| E|CS|TAMS 0x00000000a4f00000| PB 0x00000000a4f00000| Complete 
|  80|0x00000000a5000000, 0x00000000a5100000, 0x00000000a5100000|100%| E|CS|TAMS 0x00000000a5000000| PB 0x00000000a5000000| Complete 
|  81|0x00000000a5100000, 0x00000000a5200000, 0x00000000a5200000|100%| E|CS|TAMS 0x00000000a5100000| PB 0x00000000a5100000| Complete 
| 397|0x00000000b8d00000, 0x00000000b8e00000, 0x00000000b8e00000|100%| E|CS|TAMS 0x00000000b8d00000| PB 0x00000000b8d00000| Complete 
| 398|0x00000000b8e00000, 0x00000000b8f00000, 0x00000000b8f00000|100%| E|CS|TAMS 0x00000000b8e00000| PB 0x00000000b8e00000| Complete 
| 399|0x00000000b8f00000, 0x00000000b9000000, 0x00000000b9000000|100%| E|CS|TAMS 0x00000000b8f00000| PB 0x00000000b8f00000| Complete 
| 400|0x00000000b9000000, 0x00000000b90ec2f0, 0x00000000b9100000| 92%| S|CS|TAMS 0x00000000b9000000| PB 0x00000000b9000000| Complete 
| 401|0x00000000b9100000, 0x00000000b9200000, 0x00000000b9200000|100%| S|CS|TAMS 0x00000000b9100000| PB 0x00000000b9100000| Complete 
| 402|0x00000000b9200000, 0x00000000b9300000, 0x00000000b9300000|100%| S|CS|TAMS 0x00000000b9200000| PB 0x00000000b9200000| Complete 
| 403|0x00000000b9300000, 0x00000000b9400000, 0x00000000b9400000|100%| S|CS|TAMS 0x00000000b9300000| PB 0x00000000b9300000| Complete 
| 404|0x00000000b9400000, 0x00000000b9500000, 0x00000000b9500000|100%| S|CS|TAMS 0x00000000b9400000| PB 0x00000000b9400000| Complete 
| 405|0x00000000b9500000, 0x00000000b9600000, 0x00000000b9600000|100%| S|CS|TAMS 0x00000000b9500000| PB 0x00000000b9500000| Complete 
| 406|0x00000000b9600000, 0x00000000b9700000, 0x00000000b9700000|100%| S|CS|TAMS 0x00000000b9600000| PB 0x00000000b9600000| Complete 
| 407|0x00000000b9700000, 0x00000000b9800000, 0x00000000b9800000|100%| E|CS|TAMS 0x00000000b9700000| PB 0x00000000b9700000| Complete 
| 408|0x00000000b9800000, 0x00000000b9900000, 0x00000000b9900000|100%| E|CS|TAMS 0x00000000b9800000| PB 0x00000000b9800000| Complete 
| 409|0x00000000b9900000, 0x00000000b9a00000, 0x00000000b9a00000|100%| E|CS|TAMS 0x00000000b9900000| PB 0x00000000b9900000| Complete 
| 505|0x00000000bf900000, 0x00000000bfa00000, 0x00000000bfa00000|100%| E|CS|TAMS 0x00000000bf900000| PB 0x00000000bf900000| Complete 
| 506|0x00000000bfa00000, 0x00000000bfb00000, 0x00000000bfb00000|100%| E|CS|TAMS 0x00000000bfa00000| PB 0x00000000bfa00000| Complete 
| 507|0x00000000bfb00000, 0x00000000bfc00000, 0x00000000bfc00000|100%| E|CS|TAMS 0x00000000bfb00000| PB 0x00000000bfb00000| Complete 
| 508|0x00000000bfc00000, 0x00000000bfd00000, 0x00000000bfd00000|100%| E|CS|TAMS 0x00000000bfc00000| PB 0x00000000bfc00000| Complete 
| 509|0x00000000bfd00000, 0x00000000bfe00000, 0x00000000bfe00000|100%| E|CS|TAMS 0x00000000bfd00000| PB 0x00000000bfd00000| Complete 
|1534|0x00000000ffe00000, 0x00000000fff00000, 0x00000000fff00000|100%| O|  |TAMS 0x00000000ffe00000| PB 0x00000000ffe00000| Untracked 
|1535|0x00000000fff00000, 0x0000000100000000, 0x0000000100000000|100%| O|  |TAMS 0x00000000fff00000| PB 0x00000000fff00000| Untracked 

Card table byte_map: [0x000001c16f160000,0x000001c16f460000] _byte_map_base: 0x000001c16ec60000

Marking Bits: (CMBitMap*) 0x000001c15a9483a0
 Bits: [0x000001c16f460000, 0x000001c170c60000)

Polling page: 0x000001c15ad60000

Metaspace:

Usage:
  Non-class:     41.14 MB used.
      Class:      6.67 MB used.
       Both:     47.80 MB used.

Virtual space:
  Non-class space:       64.00 MB reserved,      43.00 MB ( 67%) committed,  1 nodes.
      Class space:        1.00 GB reserved,       7.81 MB ( <1%) committed,  1 nodes.
             Both:        1.06 GB reserved,      50.81 MB (  5%) committed. 

Chunk freelists:
   Non-Class:  6.47 MB
       Class:  8.84 MB
        Both:  15.31 MB

MaxMetaspaceSize: unlimited
CompressedClassSpaceSize: 1.00 GB
Initial GC threshold: 21.00 MB
Current GC threshold: 84.69 MB
CDS: on
 - commit_granule_bytes: 65536.
 - commit_granule_words: 8192.
 - virtual_space_node_default_size: 8388608.
 - enlarge_chunks_in_place: 1.
 - use_allocation_guard: 0.


Internal statistics:

num_allocs_failed_limit: 12.
num_arena_births: 3190.
num_arena_deaths: 1978.
num_vsnodes_births: 2.
num_vsnodes_deaths: 0.
num_space_committed: 813.
num_space_uncommitted: 0.
num_chunks_returned_to_freelist: 2209.
num_chunks_taken_from_freelist: 5737.
num_chunk_merges: 827.
num_chunk_splits: 3524.
num_chunks_enlarged: 2122.
num_inconsistent_stats: 0.

CodeHeap 'non-profiled nmethods': size=120000Kb used=4979Kb max_used=5029Kb free=115020Kb
 bounds [0x000001c166ec0000, 0x000001c1673b0000, 0x000001c16e3f0000]
CodeHeap 'profiled nmethods': size=120000Kb used=15109Kb max_used=15567Kb free=104890Kb
 bounds [0x000001c15f3f0000, 0x000001c160330000, 0x000001c166920000]
CodeHeap 'non-nmethods': size=5760Kb used=2600Kb max_used=2707Kb free=3160Kb
 bounds [0x000001c166920000, 0x000001c166bd0000, 0x000001c166ec0000]
CodeCache: size=245760Kb, used=22688Kb, max_used=23303Kb, free=223070Kb
 total_blobs=8980, nmethods=8112, adapters=772, full_count=0
Compilation: enabled, stopped_count=0, restarted_count=0

Compilation events (20 events):
Event: 6309.014 Thread 0x000001c173872f40 nmethod 8969 0x000001c15f51fa10 code [0x000001c15f51ff00, 0x000001c15f523018]
Event: 6309.015 Thread 0x000001c173872f40 8970       3       com.google.common.cache.LocalCache$Segment::initTable (51 bytes)
Event: 6309.015 Thread 0x000001c173872f40 nmethod 8970 0x000001c15f8a3190 code [0x000001c15f8a3360, 0x000001c15f8a36b0]
Event: 6314.232 Thread 0x000001c173872f40 8971       3       java.util.HashMap$Values::iterator (12 bytes)
Event: 6314.232 Thread 0x000001c173872f40 nmethod 8971 0x000001c15f892590 code [0x000001c15f892740, 0x000001c15f892948]
Event: 6315.419 Thread 0x000001c173872f40 8973       2       org.gradle.internal.time.ExponentialBackoff$Result$2::<init> (10 bytes)
Event: 6315.420 Thread 0x000001c17386bd30 8972       4       org.gradle.internal.time.ExponentialBackoff$Result::notSuccessful (21 bytes)
Event: 6315.420 Thread 0x000001c173872f40 nmethod 8973 0x000001c15f718990 code [0x000001c15f718b20, 0x000001c15f718c70]
Event: 6315.421 Thread 0x000001c17386bd30 nmethod 8972 0x000001c167118410 code [0x000001c1671185a0, 0x000001c167118698]
Event: 6318.686 Thread 0x000001c17386bd30 8974       4       org.gradle.internal.concurrent.CompositeStoppable::toStoppable (37 bytes)
Event: 6318.689 Thread 0x000001c17386bd30 nmethod 8974 0x000001c167117f90 code [0x000001c167118120, 0x000001c1671182e0]
Event: 6318.698 Thread 0x000001c17386bd30 8975       4       java.util.LinkedHashMap::valuesToArray (80 bytes)
Event: 6318.710 Thread 0x000001c17386bd30 nmethod 8975 0x000001c167117810 code [0x000001c1671179c0, 0x000001c167117e58]
Event: 6321.510 Thread 0x000001c17386bd30 8976       4       java.io.BufferedInputStream::<init> (68 bytes)
Event: 6321.527 Thread 0x000001c17386bd30 nmethod 8976 0x000001c167041c90 code [0x000001c167041e60, 0x000001c167042760]
Event: 6326.433 Thread 0x000001c173872f40 8977       3       org.gradle.cache.internal.DefaultFileLockManager$DefaultFileLock::access$900 (6 bytes)
Event: 6326.433 Thread 0x000001c173872f40 nmethod 8977 0x000001c15f770790 code [0x000001c15f770940, 0x000001c15f770a60]
Event: 6328.598 Thread 0x000001c17386bd30 8978       4       org.gradle.internal.logging.slf4j.BuildOperationAwareLogger::debug (19 bytes)
Event: 6328.601 Thread 0x000001c17386bd30 nmethod 8978 0x000001c167117290 code [0x000001c167117440, 0x000001c1671175c8]
Event: 6335.634 Thread 0x000001c17386bd30 8979       4       org.gradle.cache.internal.DefaultFileLockManager$DefaultFileLock$1::run (252 bytes)

GC Heap History (20 events):
Event: 2598.933 GC heap before
{Heap before GC invocations=17 (full 0):
 garbage-first heap   total 104448K, used 95288K [0x00000000a0000000, 0x0000000100000000)
  region size 1024K, 53 young (54272K), 3 survivors (3072K)
 Metaspace       used 50313K, committed 51968K, reserved 1114112K
  class space    used 7183K, committed 8000K, reserved 1048576K
}
Event: 2599.040 GC heap after
{Heap after GC invocations=18 (full 0):
 garbage-first heap   total 104448K, used 45088K [0x00000000a0000000, 0x0000000100000000)
  region size 1024K, 3 young (3072K), 3 survivors (3072K)
 Metaspace       used 50313K, committed 51968K, reserved 1114112K
  class space    used 7183K, committed 8000K, reserved 1048576K
}
Event: 3078.999 GC heap before
{Heap before GC invocations=18 (full 0):
 garbage-first heap   total 104448K, used 97312K [0x00000000a0000000, 0x0000000100000000)
  region size 1024K, 54 young (55296K), 3 survivors (3072K)
 Metaspace       used 50328K, committed 52032K, reserved 1114112K
  class space    used 7183K, committed 8000K, reserved 1048576K
}
Event: 3079.045 GC heap after
{Heap after GC invocations=19 (full 0):
 garbage-first heap   total 104448K, used 45315K [0x00000000a0000000, 0x0000000100000000)
  region size 1024K, 4 young (4096K), 4 survivors (4096K)
 Metaspace       used 50328K, committed 52032K, reserved 1114112K
  class space    used 7183K, committed 8000K, reserved 1048576K
}
Event: 3560.814 GC heap before
{Heap before GC invocations=19 (full 0):
 garbage-first heap   total 104448K, used 96515K [0x00000000a0000000, 0x0000000100000000)
  region size 1024K, 54 young (55296K), 4 survivors (4096K)
 Metaspace       used 50342K, committed 52032K, reserved 1114112K
  class space    used 7185K, committed 8000K, reserved 1048576K
}
Event: 3560.861 GC heap after
{Heap after GC invocations=20 (full 0):
 garbage-first heap   total 104448K, used 44978K [0x00000000a0000000, 0x0000000100000000)
  region size 1024K, 3 young (3072K), 3 survivors (3072K)
 Metaspace       used 50342K, committed 52032K, reserved 1114112K
  class space    used 7185K, committed 8000K, reserved 1048576K
}
Event: 3998.538 GC heap before
{Heap before GC invocations=20 (full 0):
 garbage-first heap   total 104448K, used 96178K [0x00000000a0000000, 0x0000000100000000)
  region size 1024K, 54 young (55296K), 3 survivors (3072K)
 Metaspace       used 50364K, committed 52032K, reserved 1114112K
  class space    used 7185K, committed 8000K, reserved 1048576K
}
Event: 3998.583 GC heap after
{Heap after GC invocations=21 (full 0):
 garbage-first heap   total 104448K, used 45181K [0x00000000a0000000, 0x0000000100000000)
  region size 1024K, 3 young (3072K), 3 survivors (3072K)
 Metaspace       used 50364K, committed 52032K, reserved 1114112K
  class space    used 7185K, committed 8000K, reserved 1048576K
}
Event: 4457.939 GC heap before
{Heap before GC invocations=21 (full 0):
 garbage-first heap   total 104448K, used 97405K [0x00000000a0000000, 0x0000000100000000)
  region size 1024K, 54 young (55296K), 3 survivors (3072K)
 Metaspace       used 50364K, committed 52032K, reserved 1114112K
  class space    used 7185K, committed 8000K, reserved 1048576K
}
Event: 4457.980 GC heap after
{Heap after GC invocations=22 (full 0):
 garbage-first heap   total 104448K, used 45166K [0x00000000a0000000, 0x0000000100000000)
  region size 1024K, 3 young (3072K), 3 survivors (3072K)
 Metaspace       used 50364K, committed 52032K, reserved 1114112K
  class space    used 7185K, committed 8000K, reserved 1048576K
}
Event: 4912.912 GC heap before
{Heap before GC invocations=22 (full 0):
 garbage-first heap   total 104448K, used 96366K [0x00000000a0000000, 0x0000000100000000)
  region size 1024K, 54 young (55296K), 3 survivors (3072K)
 Metaspace       used 50364K, committed 52032K, reserved 1114112K
  class space    used 7185K, committed 8000K, reserved 1048576K
}
Event: 4913.034 GC heap after
{Heap after GC invocations=23 (full 0):
 garbage-first heap   total 104448K, used 45249K [0x00000000a0000000, 0x0000000100000000)
  region size 1024K, 4 young (4096K), 4 survivors (4096K)
 Metaspace       used 50364K, committed 52032K, reserved 1114112K
  class space    used 7185K, committed 8000K, reserved 1048576K
}
Event: 5379.623 GC heap before
{Heap before GC invocations=23 (full 0):
 garbage-first heap   total 104448K, used 96449K [0x00000000a0000000, 0x0000000100000000)
  region size 1024K, 54 young (55296K), 4 survivors (4096K)
 Metaspace       used 50367K, committed 52032K, reserved 1114112K
  class space    used 7185K, committed 8000K, reserved 1048576K
}
Event: 5379.715 GC heap after
{Heap after GC invocations=24 (full 0):
 garbage-first heap   total 104448K, used 45111K [0x00000000a0000000, 0x0000000100000000)
  region size 1024K, 3 young (3072K), 3 survivors (3072K)
 Metaspace       used 50367K, committed 52032K, reserved 1114112K
  class space    used 7185K, committed 8000K, reserved 1048576K
}
Event: 5839.994 GC heap before
{Heap before GC invocations=24 (full 0):
 garbage-first heap   total 104448K, used 97335K [0x00000000a0000000, 0x0000000100000000)
  region size 1024K, 54 young (55296K), 3 survivors (3072K)
 Metaspace       used 50373K, committed 52032K, reserved 1114112K
  class space    used 7185K, committed 8000K, reserved 1048576K
}
Event: 5840.058 GC heap after
{Heap after GC invocations=25 (full 0):
 garbage-first heap   total 104448K, used 44945K [0x00000000a0000000, 0x0000000100000000)
  region size 1024K, 3 young (3072K), 3 survivors (3072K)
 Metaspace       used 50373K, committed 52032K, reserved 1114112K
  class space    used 7185K, committed 8000K, reserved 1048576K
}
Event: 6291.833 GC heap before
{Heap before GC invocations=25 (full 0):
 garbage-first heap   total 104448K, used 97169K [0x00000000a0000000, 0x0000000100000000)
  region size 1024K, 54 young (55296K), 3 survivors (3072K)
 Metaspace       used 50373K, committed 52032K, reserved 1114112K
  class space    used 7185K, committed 8000K, reserved 1048576K
}
Event: 6291.882 GC heap after
{Heap after GC invocations=26 (full 0):
 garbage-first heap   total 104448K, used 44993K [0x00000000a0000000, 0x0000000100000000)
  region size 1024K, 3 young (3072K), 3 survivors (3072K)
 Metaspace       used 50373K, committed 52032K, reserved 1114112K
  class space    used 7185K, committed 8000K, reserved 1048576K
}
Event: 6305.180 GC heap before
{Heap before GC invocations=26 (full 0):
 garbage-first heap   total 104448K, used 55233K [0x00000000a0000000, 0x0000000100000000)
  region size 1024K, 11 young (11264K), 3 survivors (3072K)
 Metaspace       used 50390K, committed 52032K, reserved 1114112K
  class space    used 7186K, committed 8000K, reserved 1048576K
}
Event: 6305.241 GC heap after
{Heap after GC invocations=27 (full 0):
 garbage-first heap   total 104448K, used 53294K [0x00000000a0000000, 0x0000000100000000)
  region size 1024K, 7 young (7168K), 7 survivors (7168K)
 Metaspace       used 50390K, committed 52032K, reserved 1114112K
  class space    used 7186K, committed 8000K, reserved 1048576K
}

Dll operation events (20 events):
Event: 9.819 Attempting to load shared library C:\Users\Dawit.DAWITA\.vscode\extensions\redhat.java-1.56.0-win32-x64\jre\21.0.12.1-win32-x86_64\bin\nio.dll
Event: 9.823 Loaded shared library C:\Users\Dawit.DAWITA\.vscode\extensions\redhat.java-1.56.0-win32-x64\jre\21.0.12.1-win32-x86_64\bin\nio.dll
Event: 9.831 Attempting to load shared library C:\Users\Dawit.DAWITA\.vscode\extensions\redhat.java-1.56.0-win32-x64\jre\21.0.12.1-win32-x86_64\bin\zip.dll
Event: 9.831 Loaded shared library C:\Users\Dawit.DAWITA\.vscode\extensions\redhat.java-1.56.0-win32-x64\jre\21.0.12.1-win32-x86_64\bin\zip.dll
Event: 13.972 Attempting to load shared library C:\Users\Dawit.DAWITA\.vscode\extensions\redhat.java-1.56.0-win32-x64\jre\21.0.12.1-win32-x86_64\bin\jimage.dll
Event: 13.972 Loaded shared library C:\Users\Dawit.DAWITA\.vscode\extensions\redhat.java-1.56.0-win32-x64\jre\21.0.12.1-win32-x86_64\bin\jimage.dll
Event: 19.299 Attempting to load shared library C:\Users\Dawit.DAWITA\.vscode\extensions\redhat.java-1.56.0-win32-x64\jre\21.0.12.1-win32-x86_64\bin\verify.dll
Event: 19.301 Loaded shared library C:\Users\Dawit.DAWITA\.vscode\extensions\redhat.java-1.56.0-win32-x64\jre\21.0.12.1-win32-x86_64\bin\verify.dll
Event: 22.116 Attempting to load shared library C:\Users\Dawit.DAWITA\.gradle\native\c067742578af261105cb4f569cf0c3c89f3d7b1fecec35dd04571415982c5e48\windows-amd64\native-platform.dll
Event: 22.363 Loaded shared library C:\Users\Dawit.DAWITA\.gradle\native\c067742578af261105cb4f569cf0c3c89f3d7b1fecec35dd04571415982c5e48\windows-amd64\native-platform.dll
Event: 22.426 Attempting to load shared library C:\Users\Dawit.DAWITA\.gradle\native\100fb08df4bc3b14c8652ba06237920a3bd2aa13389f12d3474272988ae205f9\windows-amd64\native-platform-file-events.dll
Event: 22.432 Loaded shared library C:\Users\Dawit.DAWITA\.gradle\native\100fb08df4bc3b14c8652ba06237920a3bd2aa13389f12d3474272988ae205f9\windows-amd64\native-platform-file-events.dll
Event: 41.060 Attempting to load shared library C:\Users\Dawit.DAWITA\.vscode\extensions\redhat.java-1.56.0-win32-x64\jre\21.0.12.1-win32-x86_64\bin\management.dll
Event: 41.797 Loaded shared library C:\Users\Dawit.DAWITA\.vscode\extensions\redhat.java-1.56.0-win32-x64\jre\21.0.12.1-win32-x86_64\bin\management.dll
Event: 41.805 Attempting to load shared library C:\Users\Dawit.DAWITA\.vscode\extensions\redhat.java-1.56.0-win32-x64\jre\21.0.12.1-win32-x86_64\bin\management_ext.dll
Event: 41.808 Loaded shared library C:\Users\Dawit.DAWITA\.vscode\extensions\redhat.java-1.56.0-win32-x64\jre\21.0.12.1-win32-x86_64\bin\management_ext.dll
Event: 46.398 Attempting to load shared library C:\Users\Dawit.DAWITA\.vscode\extensions\redhat.java-1.56.0-win32-x64\jre\21.0.12.1-win32-x86_64\bin\extnet.dll
Event: 51.044 Loaded shared library C:\Users\Dawit.DAWITA\.vscode\extensions\redhat.java-1.56.0-win32-x64\jre\21.0.12.1-win32-x86_64\bin\extnet.dll
Event: 69.015 Attempting to load shared library C:\Users\Dawit.DAWITA\.vscode\extensions\redhat.java-1.56.0-win32-x64\jre\21.0.12.1-win32-x86_64\bin\sunmscapi.dll
Event: 69.053 Loaded shared library C:\Users\Dawit.DAWITA\.vscode\extensions\redhat.java-1.56.0-win32-x64\jre\21.0.12.1-win32-x86_64\bin\sunmscapi.dll

Deoptimization events (20 events):
Event: 6307.676 Thread 0x000001c173925240 Uncommon trap: trap_request=0xffffff45 fr.pc=0x000001c1672fa510 relative=0x0000000000000a10
Event: 6307.676 Thread 0x000001c173925240 Uncommon trap: reason=unstable_if action=reinterpret pc=0x000001c1672fa510 method=java.util.concurrent.ConcurrentHashMap.replaceNode(Ljava/lang/Object;Ljava/lang/Object;Ljava/lang/Object;)Ljava/lang/Object; @ 17 c2
Event: 6307.676 Thread 0x000001c173925240 DEOPT PACKING pc=0x000001c1672fa510 sp=0x0000006375cf8c30
Event: 6307.676 Thread 0x000001c173925240 DEOPT UNPACKING pc=0x000001c166974422 sp=0x0000006375cf8bc0 mode 2
Event: 6308.660 Thread 0x000001c173925240 Uncommon trap: trap_request=0xffffffc6 fr.pc=0x000001c167321788 relative=0x0000000000000408
Event: 6308.660 Thread 0x000001c173925240 Uncommon trap: reason=bimorphic_or_optimized_type_check action=maybe_recompile pc=0x000001c167321788 method=com.google.common.base.Equivalence$Equals.doEquivalent(Ljava/lang/Object;Ljava/lang/Object;)Z @ 2 c2
Event: 6308.660 Thread 0x000001c173925240 DEOPT PACKING pc=0x000001c167321788 sp=0x0000006375cfa200
Event: 6308.660 Thread 0x000001c173925240 DEOPT UNPACKING pc=0x000001c166974422 sp=0x0000006375cfa0b0 mode 2
Event: 6308.664 Thread 0x000001c173921dc0 Uncommon trap: trap_request=0xffffff54 fr.pc=0x000001c16737a038 relative=0x00000000000004f8
Event: 6308.664 Thread 0x000001c173921dc0 Uncommon trap: reason=speculate_null_assert action=make_not_entrant pc=0x000001c16737a038 method=org.gradle.launcher.daemon.server.exec.LogToClient$AsynchronousLogDispatcher.run()V @ 21 c2
Event: 6308.664 Thread 0x000001c173921dc0 DEOPT PACKING pc=0x000001c16737a038 sp=0x0000006375dff0f0
Event: 6308.664 Thread 0x000001c173921dc0 DEOPT UNPACKING pc=0x000001c166974422 sp=0x0000006375dff0b0 mode 2
Event: 6308.666 Thread 0x000001c173925240 Uncommon trap: trap_request=0xffffffc6 fr.pc=0x000001c167321788 relative=0x0000000000000408
Event: 6308.666 Thread 0x000001c173925240 Uncommon trap: reason=bimorphic_or_optimized_type_check action=maybe_recompile pc=0x000001c167321788 method=com.google.common.base.Equivalence$Equals.doEquivalent(Ljava/lang/Object;Ljava/lang/Object;)Z @ 2 c2
Event: 6308.666 Thread 0x000001c173925240 DEOPT PACKING pc=0x000001c167321788 sp=0x0000006375cfa200
Event: 6308.666 Thread 0x000001c173925240 DEOPT UNPACKING pc=0x000001c166974422 sp=0x0000006375cfa0b0 mode 2
Event: 6308.666 Thread 0x000001c173925240 Uncommon trap: trap_request=0xffffffc6 fr.pc=0x000001c167321788 relative=0x0000000000000408
Event: 6308.668 Thread 0x000001c173925240 Uncommon trap: reason=bimorphic_or_optimized_type_check action=maybe_recompile pc=0x000001c167321788 method=com.google.common.base.Equivalence$Equals.doEquivalent(Ljava/lang/Object;Ljava/lang/Object;)Z @ 2 c2
Event: 6308.668 Thread 0x000001c173925240 DEOPT PACKING pc=0x000001c167321788 sp=0x0000006375cfa200
Event: 6308.668 Thread 0x000001c173925240 DEOPT UNPACKING pc=0x000001c166974422 sp=0x0000006375cfa0b0 mode 2

Classes loaded (20 events):
Event: 1534.053 Loading class java/util/stream/SortedOps$OfRef
Event: 1534.053 Loading class java/util/stream/SortedOps$OfRef done
Event: 1534.055 Loading class java/util/stream/SortedOps$SizedRefSortingSink
Event: 1534.056 Loading class java/util/stream/SortedOps$AbstractRefSortingSink
Event: 1534.056 Loading class java/util/stream/SortedOps$AbstractRefSortingSink done
Event: 1534.056 Loading class java/util/stream/SortedOps$SizedRefSortingSink done
Event: 6306.241 Loading class java/lang/ThreadDeath
Event: 6306.249 Loading class java/lang/ThreadDeath done
Event: 6306.252 Loading class sun/misc/SharedSecrets
Event: 6306.254 Loading class sun/misc/SharedSecrets done
Event: 6307.966 Loading class java/util/AbstractList$RandomAccessSubList
Event: 6307.966 Loading class java/util/AbstractList$SubList
Event: 6307.967 Loading class java/util/AbstractList$SubList done
Event: 6307.967 Loading class java/util/AbstractList$RandomAccessSubList done
Event: 6307.967 Loading class java/util/AbstractList$SubList$1
Event: 6307.967 Loading class java/util/AbstractList$SubList$1 done
Event: 6307.967 Loading class java/util/AbstractList$ListItr
Event: 6307.967 Loading class java/util/AbstractList$ListItr done
Event: 6308.313 Loading class sun/reflect/generics/tree/LongSignature
Event: 6308.314 Loading class sun/reflect/generics/tree/LongSignature done

Classes unloaded (20 events):
Event: 6305.697 Thread 0x000001c17375eba0 Unloading class 0x000001c1010b0c00 'java/lang/invoke/LambdaForm$MH+0x000001c1010b0c00'
Event: 6305.697 Thread 0x000001c17375eba0 Unloading class 0x000001c1010b0800 'java/lang/invoke/LambdaForm$MH+0x000001c1010b0800'
Event: 6305.697 Thread 0x000001c17375eba0 Unloading class 0x000001c101099c00 'java/lang/invoke/LambdaForm$MH+0x000001c101099c00'
Event: 6305.697 Thread 0x000001c17375eba0 Unloading class 0x000001c101099800 'java/lang/invoke/LambdaForm$MH+0x000001c101099800'
Event: 6305.697 Thread 0x000001c17375eba0 Unloading class 0x000001c101099000 'java/lang/invoke/LambdaForm$MH+0x000001c101099000'
Event: 6305.697 Thread 0x000001c17375eba0 Unloading class 0x000001c101098c00 'java/lang/invoke/LambdaForm$MH+0x000001c101098c00'
Event: 6305.697 Thread 0x000001c17375eba0 Unloading class 0x000001c101098000 'java/lang/invoke/LambdaForm$MH+0x000001c101098000'
Event: 6305.698 Thread 0x000001c17375eba0 Unloading class 0x000001c10103c800 'java/lang/invoke/LambdaForm$DMH+0x000001c10103c800'
Event: 6305.698 Thread 0x000001c17375eba0 Unloading class 0x000001c10102ec00 'java/lang/invoke/LambdaForm$MH+0x000001c10102ec00'
Event: 6305.698 Thread 0x000001c17375eba0 Unloading class 0x000001c10102e800 'java/lang/invoke/LambdaForm$MH+0x000001c10102e800'
Event: 6305.698 Thread 0x000001c17375eba0 Unloading class 0x000001c10102e000 'java/lang/invoke/LambdaForm$MH+0x000001c10102e000'
Event: 6305.699 Thread 0x000001c17375eba0 Unloading class 0x000001c10102dc00 'java/lang/invoke/LambdaForm$MH+0x000001c10102dc00'
Event: 6305.699 Thread 0x000001c17375eba0 Unloading class 0x000001c10102d800 'java/lang/invoke/LambdaForm$MH+0x000001c10102d800'
Event: 6305.699 Thread 0x000001c17375eba0 Unloading class 0x000001c10102c000 'java/lang/invoke/LambdaForm$MH+0x000001c10102c000'
Event: 6305.699 Thread 0x000001c17375eba0 Unloading class 0x000001c10101c400 'java/lang/invoke/LambdaForm$MH+0x000001c10101c400'
Event: 6305.699 Thread 0x000001c17375eba0 Unloading class 0x000001c101002400 'java/lang/invoke/LambdaForm$MH+0x000001c101002400'
Event: 6305.699 Thread 0x000001c17375eba0 Unloading class 0x000001c101002000 'java/lang/invoke/LambdaForm$MH+0x000001c101002000'
Event: 6305.699 Thread 0x000001c17375eba0 Unloading class 0x000001c101001c00 'java/lang/invoke/LambdaForm$MH+0x000001c101001c00'
Event: 6305.699 Thread 0x000001c17375eba0 Unloading class 0x000001c101001400 'java/lang/invoke/LambdaForm$MH+0x000001c101001400'
Event: 6305.699 Thread 0x000001c17375eba0 Unloading class 0x000001c101000400 'java/lang/invoke/LambdaForm$MH+0x000001c101000400'

Classes redefined (0 events):
No events

Internal exceptions (20 events):
Event: 6307.844 Thread 0x000001c173925240 Exception <a 'java/lang/ClassNotFoundException'{0x00000000b983e9a8}: org/gradle/api/internal/ConventionTaskBeanInfo> (0x00000000b983e9a8) 
thrown [s\src\hotspot\share\classfile\systemDictionary.cpp, line 313]
Event: 6307.849 Thread 0x000001c173925240 Exception <a 'java/lang/ClassNotFoundException'{0x00000000b98511b8}: org/gradle/api/DefaultTaskBeanInfo> (0x00000000b98511b8) 
thrown [s\src\hotspot\share\classfile\systemDictionary.cpp, line 313]
Event: 6307.852 Thread 0x000001c173925240 Exception <a 'java/lang/ClassNotFoundException'{0x00000000b9863ca8}: org/gradle/api/internal/AbstractTaskBeanInfo> (0x00000000b9863ca8) 
thrown [s\src\hotspot\share\classfile\systemDictionary.cpp, line 313]
Event: 6307.860 Thread 0x000001c173925240 Exception <a 'java/lang/ClassNotFoundException'{0x00000000b9876ab8}: org/gradle/api/internal/AbstractTaskCustomizer> (0x00000000b9876ab8) 
thrown [s\src\hotspot\share\classfile\systemDictionary.cpp, line 313]
Event: 6307.867 Thread 0x000001c173925240 Exception <a 'java/lang/ClassNotFoundException'{0x00000000b98de8f0}: org/gradle/api/DefaultTaskCustomizer> (0x00000000b98de8f0) 
thrown [s\src\hotspot\share\classfile\systemDictionary.cpp, line 313]
Event: 6307.876 Thread 0x000001c173925240 Exception <a 'java/lang/ClassNotFoundException'{0x00000000b974ebf0}: org/gradle/api/internal/ConventionTaskCustomizer> (0x00000000b974ebf0) 
thrown [s\src\hotspot\share\classfile\systemDictionary.cpp, line 313]
Event: 6307.879 Thread 0x000001c173925240 Exception <a 'java/lang/ClassNotFoundException'{0x00000000b97708f0}: org/gradle/api/tasks/DeleteCustomizer> (0x00000000b97708f0) 
thrown [s\src\hotspot\share\classfile\systemDictionary.cpp, line 313]
Event: 6307.882 Thread 0x000001c173925240 Exception <a 'java/lang/ClassNotFoundException'{0x00000000b9797c68}: org/gradle/api/tasks/Delete_DecoratedCustomizer> (0x00000000b9797c68) 
thrown [s\src\hotspot\share\classfile\systemDictionary.cpp, line 313]
Event: 6307.963 Thread 0x000001c173925240 Exception <a 'java/lang/NoSuchMethodError'{0x00000000b8f43248}: 'void java.lang.invoke.DirectMethodHandle$Holder.invokeInterface(java.lang.Object, java.lang.Object, java.lang.Object, java.lang.Object)'> (0x00000000b8f43248) 
thrown [s\src\hotspot\share\interpreter\linkResolver.cpp, line 773]
Event: 6307.993 Thread 0x000001c173925240 Exception <a 'java/lang/ClassNotFoundException'{0x00000000b8f7e840}: groovy/lang/ReferenceBeanInfo> (0x00000000b8f7e840) 
thrown [s\src\hotspot\share\classfile\systemDictionary.cpp, line 313]
Event: 6307.995 Thread 0x000001c173925240 Exception <a 'java/lang/ClassNotFoundException'{0x00000000b8f87df8}: groovy/lang/ReferenceCustomizer> (0x00000000b8f87df8) 
thrown [s\src\hotspot\share\classfile\systemDictionary.cpp, line 313]
Event: 6308.068 Thread 0x000001c173925240 Exception <a 'java/lang/ClassNotFoundException'{0x00000000a5030350}: org/gradle/api/internal/tasks/DefaultTaskContainer_DecoratedBeanInfo> (0x00000000a5030350) 
thrown [s\src\hotspot\share\classfile\systemDictionary.cpp, line 313]
Event: 6308.078 Thread 0x000001c173925240 Exception <a 'java/lang/ClassNotFoundException'{0x00000000a5039fb8}: org/gradle/api/internal/tasks/DefaultTaskContainerBeanInfo> (0x00000000a5039fb8) 
thrown [s\src\hotspot\share\classfile\systemDictionary.cpp, line 313]
Event: 6308.080 Thread 0x000001c173925240 Exception <a 'java/lang/ClassNotFoundException'{0x00000000a5044a08}: org/gradle/api/internal/tasks/DefaultTaskCollectionBeanInfo> (0x00000000a5044a08) 
thrown [s\src\hotspot\share\classfile\systemDictionary.cpp, line 313]
Event: 6308.082 Thread 0x000001c173925240 Exception <a 'java/lang/ClassNotFoundException'{0x00000000a504f448}: org/gradle/api/internal/DefaultNamedDomainObjectSetBeanInfo> (0x00000000a504f448) 
thrown [s\src\hotspot\share\classfile\systemDictionary.cpp, line 313]
Event: 6308.083 Thread 0x000001c173925240 Exception <a 'java/lang/ClassNotFoundException'{0x00000000a505a110}: org/gradle/api/internal/DefaultNamedDomainObjectSetCustomizer> (0x00000000a505a110) 
thrown [s\src\hotspot\share\classfile\systemDictionary.cpp, line 313]
Event: 6308.175 Thread 0x000001c173925240 Exception <a 'java/lang/ClassNotFoundException'{0x00000000a4fc61d0}: org/gradle/api/internal/tasks/DefaultTaskCollectionCustomizer> (0x00000000a4fc61d0) 
thrown [s\src\hotspot\share\classfile\systemDictionary.cpp, line 313]
Event: 6308.306 Thread 0x000001c173925240 Exception <a 'java/lang/ClassNotFoundException'{0x00000000a4ec3850}: org/gradle/api/internal/tasks/DefaultTaskContainerCustomizer> (0x00000000a4ec3850) 
thrown [s\src\hotspot\share\classfile\systemDictionary.cpp, line 313]
Event: 6308.412 Thread 0x000001c173925240 Exception <a 'java/lang/ClassNotFoundException'{0x00000000a4cfa910}: org/gradle/api/internal/tasks/DefaultTaskContainer_DecoratedCustomizer> (0x00000000a4cfa910) 
thrown [s\src\hotspot\share\classfile\systemDictionary.cpp, line 313]
Event: 6308.704 Thread 0x000001c173925240 Exception <a 'java/lang/NoSuchMethodError'{0x00000000a492e1a0}: 'java.lang.Object java.lang.invoke.DelegatingMethodHandle$Holder.reinvoke_L(java.lang.Object, java.lang.Object, java.lang.Object, java.lang.Object, java.lang.Object, java.lang.Object, java.lang.Object, java.lang.Object, java.lang.Object, java.lang.Object, java.lang.Object, java.lang.Object, java.lang.Object, java.lang.Object, java.lang.Object, java.lang.Object, java.lang.Object, java.lang.Object, java.lang.Object)'> (0x00000000a492e1a0) 
throw

ZGC Phase Switch (0 events):
No events

VM Operations (20 events):
Event: 6304.933 Executing non-safepoint VM operation: HandshakeAllThreads (Deoptimize)
Event: 6304.934 Executing non-safepoint VM operation: HandshakeAllThreads (Deoptimize) done
Event: 6304.934 Executing safepoint VM operation: Cleanup
Event: 6304.934 Executing safepoint VM operation: Cleanup done
Event: 6305.179 Executing safepoint VM operation: G1TryInitiateConcMark (G1 Humongous Allocation)
Event: 6305.242 Executing safepoint VM operation: G1TryInitiateConcMark (G1 Humongous Allocation) done
Event: 6305.520 Executing safepoint VM operation: G1PauseRemark
Event: 6306.106 Executing safepoint VM operation: G1PauseRemark done
Event: 6306.280 Executing safepoint VM operation: G1PauseCleanup
Event: 6306.292 Executing safepoint VM operation: G1PauseCleanup done
Event: 6307.179 Executing non-safepoint VM operation: HandshakeAllThreads (Deoptimize)
Event: 6307.181 Executing non-safepoint VM operation: HandshakeAllThreads (Deoptimize) done
Event: 6307.970 Executing non-safepoint VM operation: HandshakeAllThreads (Deoptimize)
Event: 6307.970 Executing non-safepoint VM operation: HandshakeAllThreads (Deoptimize) done
Event: 6307.970 Executing safepoint VM operation: Cleanup
Event: 6307.970 Executing safepoint VM operation: Cleanup done
Event: 6308.975 Executing safepoint VM operation: Cleanup
Event: 6308.975 Executing safepoint VM operation: Cleanup done
Event: 6309.988 Executing safepoint VM operation: Cleanup
Event: 6309.988 Executing safepoint VM operation: Cleanup done

Memory protections (0 events):
No events

Nmethod flushes (20 events):
Event: 6305.935 Thread 0x000001c17375eba0 flushing  nmethod 0x000001c15f4cb590
Event: 6305.935 Thread 0x000001c17375eba0 flushing  nmethod 0x000001c15f4ead90
Event: 6305.935 Thread 0x000001c17375eba0 flushing  nmethod 0x000001c15f4ebf10
Event: 6305.935 Thread 0x000001c17375eba0 flushing  nmethod 0x000001c15f58af10
Event: 6305.935 Thread 0x000001c17375eba0 flushing  nmethod 0x000001c15f5cea10
Event: 6305.935 Thread 0x000001c17375eba0 flushing  nmethod 0x000001c15f5d0f90
Event: 6305.935 Thread 0x000001c17375eba0 flushing  nmethod 0x000001c15f5d2b10
Event: 6305.935 Thread 0x000001c17375eba0 flushing  nmethod 0x000001c15f64e590
Event: 6305.935 Thread 0x000001c17375eba0 flushing  nmethod 0x000001c15f6ccb10
Event: 6305.935 Thread 0x000001c17375eba0 flushing  nmethod 0x000001c15f6e0d90
Event: 6305.936 Thread 0x000001c17375eba0 flushing  nmethod 0x000001c15f6ebf90
Event: 6305.936 Thread 0x000001c17375eba0 flushing  nmethod 0x000001c15f6eca10
Event: 6305.936 Thread 0x000001c17375eba0 flushing  nmethod 0x000001c15f7b3290
Event: 6305.936 Thread 0x000001c17375eba0 flushing  nmethod 0x000001c15f854390
Event: 6305.936 Thread 0x000001c17375eba0 flushing  nmethod 0x000001c15f856890
Event: 6305.936 Thread 0x000001c17375eba0 flushing  nmethod 0x000001c15f856f10
Event: 6305.936 Thread 0x000001c17375eba0 flushing  nmethod 0x000001c15fae1f90
Event: 6305.936 Thread 0x000001c17375eba0 flushing  nmethod 0x000001c15fccbf10
Event: 6305.936 Thread 0x000001c17375eba0 flushing  nmethod 0x000001c15fccc390
Event: 6305.936 Thread 0x000001c17375eba0 flushing  nmethod 0x000001c15fcd3890

Events (20 events):
Event: 1529.510 Thread 0x000001c173925240 Thread added: 0x000001c17a9d4e90
Event: 1529.512 Thread 0x000001c173925240 Thread added: 0x000001c17a9d2730
Event: 1529.513 Thread 0x000001c173925240 Thread added: 0x000001c17a9d3450
Event: 1529.514 Thread 0x000001c173925240 Thread added: 0x000001c179adc980
Event: 1529.515 Thread 0x000001c173925240 Thread added: 0x000001c179adf770
Event: 1529.516 Thread 0x000001c173925240 Thread added: 0x000001c179adfe00
Event: 1529.517 Thread 0x000001c173925240 Thread added: 0x000001c179ae0490
Event: 1529.924 Thread 0x000001c173872f40 Thread added: 0x000001c17b50b100
Event: 1530.083 Thread 0x000001c17b50b100 Thread exited: 0x000001c17b50b100
Event: 1530.989 Thread 0x000001c173872f40 Thread added: 0x000001c17bbd3140
Event: 1531.742 Thread 0x000001c17bbd3140 Thread exited: 0x000001c17bbd3140
Event: 1532.169 Thread 0x000001c173872f40 Thread added: 0x000001c17bd06820
Event: 1533.131 Thread 0x000001c17bd06820 Thread exited: 0x000001c17bd06820
Event: 1603.695 Thread 0x000001c17a342e10 Thread exited: 0x000001c17a342e10
Event: 3090.086 Thread 0x000001c173922ae0 Thread added: 0x000001c179add010
Event: 3090.729 Thread 0x000001c173925240 Thread added: 0x000001c179ae0b20
Event: 3180.856 Thread 0x000001c179add010 Thread exited: 0x000001c179add010
Event: 4470.464 Thread 0x000001c173922ae0 Thread added: 0x000001c179add010
Event: 4538.330 Thread 0x000001c179add010 Thread exited: 0x000001c179add010
Event: 6291.435 Thread 0x000001c173922ae0 Thread added: 0x000001c179add6a0


Dynamic libraries:
0x00007ff78b490000 - 0x00007ff78b49e000 	C:\Users\Dawit.DAWITA\.vscode\extensions\redhat.java-1.56.0-win32-x64\jre\21.0.12.1-win32-x86_64\bin\java.exe
0x00007ffaf8ac0000 - 0x00007ffaf8d27000 	C:\WINDOWS\SYSTEM32\ntdll.dll
0x00007ffaf6c70000 - 0x00007ffaf6d3b000 	C:\WINDOWS\System32\KERNEL32.DLL
0x00007ffaf5e10000 - 0x00007ffaf6211000 	C:\WINDOWS\System32\KERNELBASE.dll
0x00007ffaf6680000 - 0x00007ffaf67cc000 	C:\WINDOWS\System32\ucrtbase.dll
0x00007ffa513b0000 - 0x00007ffa513c8000 	C:\Users\Dawit.DAWITA\.vscode\extensions\redhat.java-1.56.0-win32-x64\jre\21.0.12.1-win32-x86_64\bin\jli.dll
0x00007ffaf8050000 - 0x00007ffaf8227000 	C:\WINDOWS\System32\USER32.dll
0x00007ffaf62e0000 - 0x00007ffaf6307000 	C:\WINDOWS\System32\win32u.dll
0x00007ffaf74f0000 - 0x00007ffaf751b000 	C:\WINDOWS\System32\GDI32.dll
0x00007ffaf6550000 - 0x00007ffaf6678000 	C:\WINDOWS\System32\gdi32full.dll
0x00007ffaf6310000 - 0x00007ffaf63b3000 	C:\WINDOWS\System32\msvcp_win.dll
0x00007ffa51390000 - 0x00007ffa513ae000 	C:\Users\Dawit.DAWITA\.vscode\extensions\redhat.java-1.56.0-win32-x64\jre\21.0.12.1-win32-x86_64\bin\VCRUNTIME140.dll
0x00007ffada7a0000 - 0x00007ffadaa30000 	C:\WINDOWS\WinSxS\amd64_microsoft.windows.common-controls_6595b64144ccf1df_6.0.26100.9549_none_3e0a0396e3330090\COMCTL32.dll
0x00007ffaf6b70000 - 0x00007ffaf6c19000 	C:\WINDOWS\System32\msvcrt.dll
0x00007ffaf7d50000 - 0x00007ffaf7d81000 	C:\WINDOWS\System32\IMM32.DLL
0x00007ffabfdc0000 - 0x00007ffabfdcc000 	C:\Users\Dawit.DAWITA\.vscode\extensions\redhat.java-1.56.0-win32-x64\jre\21.0.12.1-win32-x86_64\bin\vcruntime140_1.dll
0x00007ffa51300000 - 0x00007ffa5138d000 	C:\Users\Dawit.DAWITA\.vscode\extensions\redhat.java-1.56.0-win32-x64\jre\21.0.12.1-win32-x86_64\bin\msvcp140.dll
0x00007ffa50490000 - 0x00007ffa51232000 	C:\Users\Dawit.DAWITA\.vscode\extensions\redhat.java-1.56.0-win32-x64\jre\21.0.12.1-win32-x86_64\bin\server\jvm.dll
0x00007ffaf8950000 - 0x00007ffaf8a0b000 	C:\WINDOWS\System32\ADVAPI32.dll
0x00007ffaf8230000 - 0x00007ffaf82d8000 	C:\WINDOWS\System32\sechost.dll
0x00007ffaf7f30000 - 0x00007ffaf8048000 	C:\WINDOWS\System32\RPCRT4.dll
0x00007ffaf8710000 - 0x00007ffaf8791000 	C:\WINDOWS\System32\WS2_32.dll
0x00007ffaf5b10000 - 0x00007ffaf5b6e000 	C:\WINDOWS\SYSTEM32\POWRPROF.dll
0x00007ffadc210000 - 0x00007ffadc247000 	C:\WINDOWS\SYSTEM32\WINMM.dll
0x00007ffae7c80000 - 0x00007ffae7c8b000 	C:\WINDOWS\SYSTEM32\VERSION.dll
0x00007ffaf5af0000 - 0x00007ffaf5b05000 	C:\WINDOWS\SYSTEM32\UMPDC.dll
0x00007ffaf4960000 - 0x00007ffaf497b000 	C:\WINDOWS\SYSTEM32\kernel.appcore.dll
0x00007ffaba930000 - 0x00007ffaba93a000 	C:\Users\Dawit.DAWITA\.vscode\extensions\redhat.java-1.56.0-win32-x64\jre\21.0.12.1-win32-x86_64\bin\jimage.dll
0x00007ffaf29d0000 - 0x00007ffaf2c1c000 	C:\WINDOWS\SYSTEM32\DBGHELP.DLL
0x00007ffaf67e0000 - 0x00007ffaf6b6a000 	C:\WINDOWS\System32\combase.dll
0x00007ffaf8450000 - 0x00007ffaf8529000 	C:\WINDOWS\System32\OLEAUT32.dll
0x00007ffad6b70000 - 0x00007ffad6bab000 	C:\WINDOWS\SYSTEM32\dbgcore.DLL
0x00007ffaf6220000 - 0x00007ffaf62cc000 	C:\WINDOWS\System32\bcryptPrimitives.dll
0x00007ffae81f0000 - 0x00007ffae81ff000 	C:\Users\Dawit.DAWITA\.vscode\extensions\redhat.java-1.56.0-win32-x64\jre\21.0.12.1-win32-x86_64\bin\instrument.dll
0x00007ffa50470000 - 0x00007ffa50490000 	C:\Users\Dawit.DAWITA\.vscode\extensions\redhat.java-1.56.0-win32-x64\jre\21.0.12.1-win32-x86_64\bin\java.dll
0x00007ffaf6d40000 - 0x00007ffaf74dc000 	C:\WINDOWS\System32\SHELL32.dll
0x00007ffaf3740000 - 0x00007ffaf3fed000 	C:\WINDOWS\SYSTEM32\windows.storage.dll
0x00007ffaf87a0000 - 0x00007ffaf8899000 	C:\WINDOWS\System32\SHCORE.dll
0x00007ffaf8a10000 - 0x00007ffaf8a76000 	C:\WINDOWS\System32\shlwapi.dll
0x00007ffaf5bd0000 - 0x00007ffaf5bf9000 	C:\WINDOWS\SYSTEM32\profapi.dll
0x00007ffa503f0000 - 0x00007ffa50408000 	C:\Users\Dawit.DAWITA\.vscode\extensions\redhat.java-1.56.0-win32-x64\jre\21.0.12.1-win32-x86_64\bin\zip.dll
0x00007ffaae710000 - 0x00007ffaae720000 	C:\Users\Dawit.DAWITA\.vscode\extensions\redhat.java-1.56.0-win32-x64\jre\21.0.12.1-win32-x86_64\bin\net.dll
0x00007ffae7750000 - 0x00007ffae787a000 	C:\WINDOWS\SYSTEM32\WINHTTP.dll
0x00007ffaf4f20000 - 0x00007ffaf4f8c000 	C:\WINDOWS\system32\mswsock.dll
0x00007ffa51860000 - 0x00007ffa51876000 	C:\Users\Dawit.DAWITA\.vscode\extensions\redhat.java-1.56.0-win32-x64\jre\21.0.12.1-win32-x86_64\bin\nio.dll
0x00007ffae81e0000 - 0x00007ffae81f0000 	C:\Users\Dawit.DAWITA\.vscode\extensions\redhat.java-1.56.0-win32-x64\jre\21.0.12.1-win32-x86_64\bin\verify.dll
0x00007ffa520f0000 - 0x00007ffa52117000 	C:\Users\Dawit.DAWITA\.gradle\native\c067742578af261105cb4f569cf0c3c89f3d7b1fecec35dd04571415982c5e48\windows-amd64\native-platform.dll
0x00007ffa71ca0000 - 0x00007ffa71de4000 	C:\Users\Dawit.DAWITA\.gradle\native\100fb08df4bc3b14c8652ba06237920a3bd2aa13389f12d3474272988ae205f9\windows-amd64\native-platform-file-events.dll
0x00007ffad7980000 - 0x00007ffad798a000 	C:\Users\Dawit.DAWITA\.vscode\extensions\redhat.java-1.56.0-win32-x64\jre\21.0.12.1-win32-x86_64\bin\management.dll
0x00007ffad7970000 - 0x00007ffad797c000 	C:\Users\Dawit.DAWITA\.vscode\extensions\redhat.java-1.56.0-win32-x64\jre\21.0.12.1-win32-x86_64\bin\management_ext.dll
0x00007ffaf88c0000 - 0x00007ffaf88c8000 	C:\WINDOWS\System32\PSAPI.DLL
0x00007ffaf5210000 - 0x00007ffaf522b000 	C:\WINDOWS\SYSTEM32\CRYPTSP.dll
0x00007ffaf48c0000 - 0x00007ffaf48f9000 	C:\WINDOWS\system32\rsaenh.dll
0x00007ffaf4fd0000 - 0x00007ffaf5004000 	C:\WINDOWS\SYSTEM32\USERENV.dll
0x00007ffaf5ba0000 - 0x00007ffaf5bca000 	C:\WINDOWS\SYSTEM32\bcrypt.dll
0x00007ffaf5230000 - 0x00007ffaf523c000 	C:\WINDOWS\SYSTEM32\CRYPTBASE.dll
0x00007ffaf43e0000 - 0x00007ffaf4413000 	C:\WINDOWS\SYSTEM32\IPHLPAPI.DLL
0x00007ffaf88b0000 - 0x00007ffaf88ba000 	C:\WINDOWS\System32\NSI.dll
0x00007ffa7d790000 - 0x00007ffa7d799000 	C:\Users\Dawit.DAWITA\.vscode\extensions\redhat.java-1.56.0-win32-x64\jre\21.0.12.1-win32-x86_64\bin\extnet.dll
0x00007ffa84180000 - 0x00007ffa8418e000 	C:\Users\Dawit.DAWITA\.vscode\extensions\redhat.java-1.56.0-win32-x64\jre\21.0.12.1-win32-x86_64\bin\sunmscapi.dll
0x00007ffaf63c0000 - 0x00007ffaf653f000 	C:\WINDOWS\System32\CRYPT32.dll
0x00007ffaf5470000 - 0x00007ffaf54a0000 	C:\WINDOWS\SYSTEM32\ncrypt.dll
0x00007ffaf5420000 - 0x00007ffaf545f000 	C:\WINDOWS\SYSTEM32\NTASN1.dll
0x00007ffac5700000 - 0x00007ffac5708000 	C:\WINDOWS\system32\wshunix.dll

JVMTI agents:
C:\Users\Dawit.DAWITA\.gradle\wrapper\dists\gradle-8.11.1-all\2qik7nd48slq1ooc2496ixf4i\gradle-8.11.1\lib\agents\gradle-instrumentation-agent-8.11.1.jar path:C:\Users\Dawit.DAWITA\.vscode\extensions\redhat.java-1.56.0-win32-x64\jre\21.0.12.1-win32-x86_64\bin\instrument.dll, loaded, initialized, instrumentlib options:none

dbghelp: loaded successfully - version: 4.0.5 - missing functions: none
symbol engine: initialized successfully - sym options: 0x614 - pdb path: .;C:\Users\Dawit.DAWITA\.vscode\extensions\redhat.java-1.56.0-win32-x64\jre\21.0.12.1-win32-x86_64\bin;C:\WINDOWS\SYSTEM32;C:\WINDOWS\WinSxS\amd64_microsoft.windows.common-controls_6595b64144ccf1df_6.0.26100.9549_none_3e0a0396e3330090;C:\Users\Dawit.DAWITA\.vscode\extensions\redhat.java-1.56.0-win32-x64\jre\21.0.12.1-win32-x86_64\bin\server;C:\Users\Dawit.DAWITA\.gradle\native\c067742578af261105cb4f569cf0c3c89f3d7b1fecec35dd04571415982c5e48\windows-amd64;C:\Users\Dawit.DAWITA\.gradle\native\100fb08df4bc3b14c8652ba06237920a3bd2aa13389f12d3474272988ae205f9\windows-amd64

VM Arguments:
jvm_args: --add-opens=java.base/java.lang=ALL-UNNAMED --add-opens=java.base/java.lang.invoke=ALL-UNNAMED --add-opens=java.base/java.util=ALL-UNNAMED --add-opens=java.prefs/java.util.prefs=ALL-UNNAMED --add-exports=jdk.compiler/com.sun.tools.javac.api=ALL-UNNAMED --add-exports=jdk.compiler/com.sun.tools.javac.util=ALL-UNNAMED --add-opens=java.base/java.util=ALL-UNNAMED --add-opens=java.prefs/java.util.prefs=ALL-UNNAMED --add-opens=java.base/java.nio.charset=ALL-UNNAMED --add-opens=java.base/java.net=ALL-UNNAMED --add-opens=java.base/java.util.concurrent.atomic=ALL-UNNAMED --add-opens=java.xml/javax.xml.namespace=ALL-UNNAMED -Xmx1536m -Dfile.encoding=UTF-8 -Duser.country=US -Duser.language=en -Duser.variant -javaagent:C:\Users\Dawit.DAWITA\.gradle\wrapper\dists\gradle-8.11.1-all\2qik7nd48slq1ooc2496ixf4i\gradle-8.11.1\lib\agents\gradle-instrumentation-agent-8.11.1.jar 
java_command: org.gradle.launcher.daemon.bootstrap.GradleDaemon 8.11.1
java_class_path (initial): C:\Users\Dawit.DAWITA\.gradle\wrapper\dists\gradle-8.11.1-all\2qik7nd48slq1ooc2496ixf4i\gradle-8.11.1\lib\gradle-daemon-main-8.11.1.jar
Launcher Type: SUN_STANDARD

[Global flags]
     intx CICompilerCount                          = 4                                         {product} {ergonomic}
     uint ConcGCThreads                            = 2                                         {product} {ergonomic}
     uint G1ConcRefinementThreads                  = 8                                         {product} {ergonomic}
   size_t G1HeapRegionSize                         = 1048576                                   {product} {ergonomic}
    uintx GCDrainStackTargetSize                   = 64                                        {product} {ergonomic}
   size_t InitialHeapSize                          = 534773760                                 {product} {ergonomic}
   size_t MarkStackSize                            = 4194304                                   {product} {ergonomic}
   size_t MaxHeapSize                              = 1610612736                                {product} {command line}
   size_t MaxNewSize                               = 965738496                                 {product} {ergonomic}
   size_t MinHeapDeltaBytes                        = 1048576                                   {product} {ergonomic}
   size_t MinHeapSize                              = 8388608                                   {product} {ergonomic}
    uintx NonNMethodCodeHeapSize                   = 5839372                                {pd product} {ergonomic}
    uintx NonProfiledCodeHeapSize                  = 122909434                              {pd product} {ergonomic}
    uintx ProfiledCodeHeapSize                     = 122909434                              {pd product} {ergonomic}
    uintx ReservedCodeCacheSize                    = 251658240                              {pd product} {ergonomic}
     bool SegmentedCodeCache                       = true                                      {product} {ergonomic}
   size_t SoftMaxHeapSize                          = 1610612736                             {manageable} {ergonomic}
     bool UseCompressedOops                        = true                           {product lp64_product} {ergonomic}
     bool UseG1GC                                  = true                                      {product} {ergonomic}
     bool UseLargePagesIndividualAllocation        = false                                  {pd product} {ergonomic}

Logging:
Log output configuration:
 #0: stdout all=warning uptime,level,tags foldmultilines=false
 #1: stderr all=off uptime,level,tags foldmultilines=false

Release file:
JAVA_VERSION="21.0.12.1" 
MODULES="java.base java.compiler java.datatransfer java.xml java.prefs java.desktop java.instrument java.logging java.management java.security.sasl java.naming java.rmi java.management.rmi java.net.http java.scripting java.security.jgss java.transaction.xa java.sql java.sql.rowset java.xml.crypto java.se java.smartcardio jdk.accessibility jdk.internal.jvmstat jdk.attach jdk.charsets jdk.internal.opt jdk.zipfs jdk.compiler jdk.crypto.ec jdk.crypto.cryptoki jdk.crypto.mscapi jdk.dynalink jdk.internal.ed jdk.editpad jdk.hotspot.agent jdk.httpserver jdk.internal.le jdk.internal.vm.ci jdk.internal.vm.compiler jdk.internal.vm.compiler.management jdk.jartool jdk.javadoc jdk.jcmd jdk.management jdk.management.agent jdk.jconsole jdk.jdeps jdk.jdwp.agent jdk.jdi jdk.jfr jdk.jshell jdk.jsobject jdk.jstatd jdk.localedata jdk.management.jfr jdk.naming.dns jdk.naming.rmi jdk.net jdk.nio.mapmode jdk.random jdk.sctp jdk.security.auth jdk.security.jgss jdk.unsupported jdk.unsupported.desktop jdk.xml.dom" 

Environment Variables:
JAVA_HOME=C:\Users\Dawit.DAWITA\AppData\Local\Java\jdk-21.0.2+13
PATH=C:\Program Files (x86)\VMware\VMware Workstation\bin\;C:\Program Files (x86)\VMware\VMware Player\bin\;C:\Program Files\Common Files\Oracle\Java\javapath;C:\Program Files\Eclipse Adoptium\jdk-17.0.17.10-hotspot\bin;C:\Program Files\Eclipse Adoptium\jdk-21.0.9.10-hotspot\bin;C:\WINDOWS\system32;C:\WINDOWS;C:\WINDOWS\System32\Wbem;C:\WINDOWS\System32\WindowsPowerShell\v1.0\;C:\WINDOWS\System32\OpenSSH\;C:\Program Files\nodejs\;C:\Program Files\PyManager\;C:\Program Files\Git\cmd;C:\Program Files\WSL\;C:\Program Files\Docker\Docker\resources\bin;C:\Users\Dawit.DAWITA\AppData\Local\Java\jdk-21.0.2+13\bin;C:\Users\Dawit.DAWITA\AppData\Local\Microsoft\WindowsApps;C:\Users\Dawit.DAWITA\AppData\Local\Programs\Microsoft VS Code\bin;C:\Program Files\JetBrains\PyCharm Community Edition 2023.1.1\bin;;%USERPROFILE%\AppData\Local\Microsoft\WindowsApps
USERNAME=Dawit
OS=Windows_NT
PROCESSOR_IDENTIFIER=Intel64 Family 6 Model 142 Stepping 12, GenuineIntel
TMP=C:\Users\DAWIT~1.DAW\AppData\Local\Temp
TEMP=C:\Users\DAWIT~1.DAW\AppData\Local\Temp




Periodic native trim disabled

---------------  S Y S T E M  ---------------

OS:
 Windows 11 , 64 bit Build 26100 (10.0.26100.9549)
OS uptime: 0 days 2:52 hours
Hyper-V role detected

CPU: total 8 (initial active 8) (4 cores per cpu, 2 threads per core) family 6 model 142 stepping 12 microcode 0xfc, cx8, cmov, fxsr, ht, mmx, 3dnowpref, sse, sse2, sse3, ssse3, sse4.1, sse4.2, popcnt, lzcnt, tsc, tscinvbit, avx, avx2, aes, erms, clmul, bmi1, bmi2, adx, fma, vzeroupper, clflush, clflushopt, hv, rdtscp, f16c
Processor Information for the first 8 processors :
  Max Mhz: 1992, Current Mhz: 1792, Mhz Limit: 1792

Memory: 4k page, system-wide physical 32615M (491M free)
TotalPageFile size 130919M (AvailPageFile size 1M)
current process WorkingSet (physical memory assigned to process): 221M, peak: 226M
current process commit charge ("private bytes"): 317M, peak: 676M

vm_info: OpenJDK 64-Bit Server VM (21.0.12.1+1-LTS) for windows-amd64 JRE (21.0.12.1+1-LTS), built on 2026-08-18T00:00:00Z by "admin" with MS VC++ 17.12 (VS2022)

END.
